Info: [VCS_SAVE_RESTORE_INFO] ASLR (Address Space Layout Randomization) is detected on the machine. To enable $save functionality, ASLR will be switched off and simv re-executed.
Please use '-no_save' simv switch to avoid re-execution or '-suppress=ASLR_DETECTED_INFO' to suppress this message.
Chronologic VCS simulator copyright 1991-2025
Contains Synopsys proprietary information.
Compiler version X-2025.06-SP1_Full64; Runtime version X-2025.06-SP1_Full64;  Jun  9 18:23 2026

 VCS Coverage Metrics Release X-2025.06-SP1_Full64 Copyright (c) 1991-2025 by Synopsys Inc.
FSM_STATE CSR_IDLE       covered=732
FSM_STATE CSR_TRAP_ENTER covered=35
FSM_STATE CSR_IN_HANDLER covered=70
FSM_STATE CSR_MRET       covered=35
FSM_ARC CSR_IDLE->CSR_IDLE             covered=729
FSM_ARC CSR_IDLE->CSR_TRAP_ENTER       covered=2
FSM_ARC CSR_TRAP_ENTER->CSR_IN_HANDLER covered=35
FSM_ARC CSR_IN_HANDLER->CSR_IN_HANDLER covered=35
FSM_ARC CSR_IN_HANDLER->CSR_MRET       covered=34
FSM_ARC CSR_MRET->CSR_IDLE             covered=2
PASS: csr unit 936/936 vectors
$finish called from file "../../../../IP/cpu_m1/dv/tb/tb_csr_unit.v", line 600.
$finish at simulation time              8775000

---------------------------------------------------------------------------
VCS Coverage Metrics: during simulation line, cond, FSM, branch, tgl was monitored
---------------------------------------------------------------------------

 Coverage status: End of All Coverages ...

           V C S   S i m u l a t i o n   R e p o r t 
Time: 8775000 ps
CPU Time:      0.090 seconds;       Data structure size:   0.0Mb
Tue Jun  9 18:23:58 2026
