Warning: Design 'cpu_m1_top' has '1' unresolved references. For more detailed information, use the "link" command. (UID-341)
 
****************************************
Report : area
Design : cpu_m1_top
Version: X-2025.06-SP2
Date   : Fri Jun 12 10:13:13 2026
****************************************

Library(s) Used:

    gtech (File: /soft/synopsys/syn/X-2025.06-SP2/libraries/syn/gtech.db)

Number of ports:                        12703
Number of nets:                         41202
Number of cells:                        22391
Number of combinational cells:          14294
Number of sequential cells:              7767
Number of macros/black boxes:               0
Number of buf/inv:                       2328
Number of references:                      12

Combinational area:                  0.000000
Buf/Inv area:                        0.000000
Noncombinational area:               0.000000
Macro/Black Box area:                0.000000
Net Interconnect area:      undefined  (Wire load has zero net area)

Total cell area:                     0.000000
Total area:                 undefined

Information: This design contains unmapped logic. (RPT-7)
Information: This design contains black box (unknown) components. (RPT-8)

Hierarchical area distribution
------------------------------

                                  Global cell area          Local cell area
                                  ------------------  --------------------------- 
Hierarchical cell                 Absolute   Percent  Combi-    Noncombi-  Black-
                                  Total      Total    national  national   boxes   Design
--------------------------------  ---------  -------  --------  ---------  ------  ------------------------
cpu_m1_top                           0.0000      0.0    0.0000     0.0000  0.0000  cpu_m1_top
u_core                               0.0000      0.0    0.0000     0.0000  0.0000  core_00000000_0_0
u_core/add_1003_aco                  0.0000      0.0    0.0000     0.0000  0.0000  *ADD_UNS_OP_32_2_32
u_core/add_1003_aco/*cell*771        0.0000      0.0    0.0000     0.0000  0.0000  DW01_add_width32
u_core/add_302                       0.0000      0.0    0.0000     0.0000  0.0000  *ADD_UNS_OP_32_2_32
u_core/add_302/*cell*747             0.0000      0.0    0.0000     0.0000  0.0000  DW01_add_width32
u_core/add_302_2                     0.0000      0.0    0.0000     0.0000  0.0000  *ADD_UNS_OP_32_3_32
u_core/add_302_2/*cell*750           0.0000      0.0    0.0000     0.0000  0.0000  DW01_add_width32
u_core/add_302_3                     0.0000      0.0    0.0000     0.0000  0.0000  *ADD_UNS_OP_32_3_32
u_core/add_302_3/*cell*753           0.0000      0.0    0.0000     0.0000  0.0000  DW01_add_width32
u_core/add_630                       0.0000      0.0    0.0000     0.0000  0.0000  *ADD_UNS_OP_32_3_32
u_core/add_630/*cell*756             0.0000      0.0    0.0000     0.0000  0.0000  DW01_add_width32
u_core/add_631                       0.0000      0.0    0.0000     0.0000  0.0000  *ADD_UNS_OP_32_32_32
u_core/add_631/*cell*759             0.0000      0.0    0.0000     0.0000  0.0000  DW01_add_width32
u_core/add_782_C1338                 0.0000      0.0    0.0000     0.0000  0.0000  *ADD_UNS_OP_32_32_32
u_core/add_782_C1338/*cell*794       0.0000      0.0    0.0000     0.0000  0.0000  DW01_add_width32
u_core/add_790                       0.0000      0.0    0.0000     0.0000  0.0000  *ADD_UNS_OP_2_2_2
u_core/add_790/*cell*768             0.0000      0.0    0.0000     0.0000  0.0000  DW01_add_width2
u_core/eq_1070                       0.0000      0.0    0.0000     0.0000  0.0000  *EQ_UNS_OP_12_12_1
u_core/eq_1070/*cell*774             0.0000      0.0    0.0000     0.0000  0.0000  DW01_cmp6_width12
u_core/eq_1362                       0.0000      0.0    0.0000     0.0000  0.0000  *EQ_UNS_OP_30_30_1
u_core/eq_1362/*cell*797             0.0000      0.0    0.0000     0.0000  0.0000  DW01_cmp6_width30
u_core/eq_760                        0.0000      0.0    0.0000     0.0000  0.0000  *EQ_UNS_OP_30_30_1
u_core/eq_760/*cell*765              0.0000      0.0    0.0000     0.0000  0.0000  DW01_cmp6_width30
u_core/gt_779_C1338                  0.0000      0.0    0.0000     0.0000  0.0000  *GT_TC_OP_32_32_1
u_core/gt_779_C1338/*cell*784        0.0000      0.0    0.0000     0.0000  0.0000  DW01_cmp2_width32
u_core/gt_781_C1338                  0.0000      0.0    0.0000     0.0000  0.0000  *GT_UNS_OP_32_32_1
u_core/gt_781_C1338/*cell*791        0.0000      0.0    0.0000     0.0000  0.0000  DW01_cmp2_width32
u_core/lt_778_C1338                  0.0000      0.0    0.0000     0.0000  0.0000  *LT_TC_OP_32_32_1
u_core/lt_778_C1338/*cell*780        0.0000      0.0    0.0000     0.0000  0.0000  DW01_cmp2_width32
u_core/lt_780_C1338                  0.0000      0.0    0.0000     0.0000  0.0000  *LT_UNS_OP_32_32_1
u_core/lt_780_C1338/*cell*788        0.0000      0.0    0.0000     0.0000  0.0000  DW01_cmp2_width32
u_core/ne_1272                       0.0000      0.0    0.0000     0.0000  0.0000  *NE_UNS_OP_32_32_1
u_core/ne_1272/*cell*777             0.0000      0.0    0.0000     0.0000  0.0000  DW01_cmp6_width32
u_core/ne_638                        0.0000      0.0    0.0000     0.0000  0.0000  *NE_UNS_OP_32_32_1
u_core/ne_638/*cell*762              0.0000      0.0    0.0000     0.0000  0.0000  DW01_cmp6_width32
u_core/u_alu                         0.0000      0.0    0.0000     0.0000  0.0000  alu
u_core/u_alu/add_38                  0.0000      0.0    0.0000     0.0000  0.0000  *ADD_UNS_OP_32_32_32
u_core/u_alu/add_38/*cell*970        0.0000      0.0    0.0000     0.0000  0.0000  DW01_add_width32
u_core/u_alu/eq_42                   0.0000      0.0    0.0000     0.0000  0.0000  *EQ_UNS_OP_32_32_1
u_core/u_alu/eq_42/*cell*983         0.0000      0.0    0.0000     0.0000  0.0000  DW01_cmp6_width32
u_core/u_alu/lt_40                   0.0000      0.0    0.0000     0.0000  0.0000  *LT_TC_OP_32_32_1
u_core/u_alu/lt_40/*cell*976         0.0000      0.0    0.0000     0.0000  0.0000  DW01_cmp2_width32
u_core/u_alu/lt_41                   0.0000      0.0    0.0000     0.0000  0.0000  *LT_UNS_OP_32_32_1
u_core/u_alu/lt_41/*cell*980         0.0000      0.0    0.0000     0.0000  0.0000  DW01_cmp2_width32
u_core/u_alu/sll_49                  0.0000      0.0    0.0000     0.0000  0.0000  *ASH_UNS_UNS_OP_32_5_32
u_core/u_alu/sll_49/*cell*986        0.0000      0.0    0.0000     0.0000  0.0000  DW_leftsh
u_core/u_alu/sra_51                  0.0000      0.0    0.0000     0.0000  0.0000  *ASHR_TC_UNS_OP_32_5_32
u_core/u_alu/sra_51/*cell*991        0.0000      0.0    0.0000     0.0000  0.0000  DW_rightsh
u_core/u_alu/srl_50                  0.0000      0.0    0.0000     0.0000  0.0000  *ASHR_UNS_UNS_OP_32_5_32
u_core/u_alu/srl_50/*cell*988        0.0000      0.0    0.0000     0.0000  0.0000  DW_rightsh
u_core/u_alu/sub_39                  0.0000      0.0    0.0000     0.0000  0.0000  *SUB_UNS_OP_32_32_32
u_core/u_alu/sub_39/*cell*973        0.0000      0.0    0.0000     0.0000  0.0000  DW01_sub_width32
u_core/u_bmu                         0.0000      0.0    0.0000     0.0000  0.0000  bmu
u_core/u_bmu/add_58_I10_C86          0.0000      0.0    0.0000     0.0000  0.0000  *ADD_UNS_OP_6_1_6
u_core/u_bmu/add_58_I10_C86/*cell*900
                                     0.0000      0.0    0.0000     0.0000  0.0000  DW01_add_width6
u_core/u_bmu/add_58_I11_C86          0.0000      0.0    0.0000     0.0000  0.0000  *ADD_UNS_OP_6_1_6
u_core/u_bmu/add_58_I11_C86/*cell*903
                                     0.0000      0.0    0.0000     0.0000  0.0000  DW01_add_width6
u_core/u_bmu/add_58_I12_C86          0.0000      0.0    0.0000     0.0000  0.0000  *ADD_UNS_OP_6_1_6
u_core/u_bmu/add_58_I12_C86/*cell*906
                                     0.0000      0.0    0.0000     0.0000  0.0000  DW01_add_width6
u_core/u_bmu/add_58_I13_C86          0.0000      0.0    0.0000     0.0000  0.0000  *ADD_UNS_OP_6_1_6
u_core/u_bmu/add_58_I13_C86/*cell*909
                                     0.0000      0.0    0.0000     0.0000  0.0000  DW01_add_width6
u_core/u_bmu/add_58_I14_C86          0.0000      0.0    0.0000     0.0000  0.0000  *ADD_UNS_OP_6_1_6
u_core/u_bmu/add_58_I14_C86/*cell*912
                                     0.0000      0.0    0.0000     0.0000  0.0000  DW01_add_width6
u_core/u_bmu/add_58_I15_C86          0.0000      0.0    0.0000     0.0000  0.0000  *ADD_UNS_OP_6_1_6
u_core/u_bmu/add_58_I15_C86/*cell*915
                                     0.0000      0.0    0.0000     0.0000  0.0000  DW01_add_width6
u_core/u_bmu/add_58_I16_C86          0.0000      0.0    0.0000     0.0000  0.0000  *ADD_UNS_OP_6_1_6
u_core/u_bmu/add_58_I16_C86/*cell*918
                                     0.0000      0.0    0.0000     0.0000  0.0000  DW01_add_width6
u_core/u_bmu/add_58_I17_C86          0.0000      0.0    0.0000     0.0000  0.0000  *ADD_UNS_OP_6_1_6
u_core/u_bmu/add_58_I17_C86/*cell*921
                                     0.0000      0.0    0.0000     0.0000  0.0000  DW01_add_width6
u_core/u_bmu/add_58_I18_C86          0.0000      0.0    0.0000     0.0000  0.0000  *ADD_UNS_OP_6_1_6
u_core/u_bmu/add_58_I18_C86/*cell*924
                                     0.0000      0.0    0.0000     0.0000  0.0000  DW01_add_width6
u_core/u_bmu/add_58_I19_C86          0.0000      0.0    0.0000     0.0000  0.0000  *ADD_UNS_OP_6_1_6
u_core/u_bmu/add_58_I19_C86/*cell*927
                                     0.0000      0.0    0.0000     0.0000  0.0000  DW01_add_width6
u_core/u_bmu/add_58_I20_C86          0.0000      0.0    0.0000     0.0000  0.0000  *ADD_UNS_OP_6_1_6
u_core/u_bmu/add_58_I20_C86/*cell*930
                                     0.0000      0.0    0.0000     0.0000  0.0000  DW01_add_width6
u_core/u_bmu/add_58_I21_C86          0.0000      0.0    0.0000     0.0000  0.0000  *ADD_UNS_OP_6_1_6
u_core/u_bmu/add_58_I21_C86/*cell*933
                                     0.0000      0.0    0.0000     0.0000  0.0000  DW01_add_width6
u_core/u_bmu/add_58_I22_C86          0.0000      0.0    0.0000     0.0000  0.0000  *ADD_UNS_OP_6_1_6
u_core/u_bmu/add_58_I22_C86/*cell*936
                                     0.0000      0.0    0.0000     0.0000  0.0000  DW01_add_width6
u_core/u_bmu/add_58_I23_C86          0.0000      0.0    0.0000     0.0000  0.0000  *ADD_UNS_OP_6_1_6
u_core/u_bmu/add_58_I23_C86/*cell*939
                                     0.0000      0.0    0.0000     0.0000  0.0000  DW01_add_width6
u_core/u_bmu/add_58_I24_C86          0.0000      0.0    0.0000     0.0000  0.0000  *ADD_UNS_OP_6_1_6
u_core/u_bmu/add_58_I24_C86/*cell*942
                                     0.0000      0.0    0.0000     0.0000  0.0000  DW01_add_width6
u_core/u_bmu/add_58_I25_C86          0.0000      0.0    0.0000     0.0000  0.0000  *ADD_UNS_OP_6_1_6
u_core/u_bmu/add_58_I25_C86/*cell*945
                                     0.0000      0.0    0.0000     0.0000  0.0000  DW01_add_width6
u_core/u_bmu/add_58_I26_C86          0.0000      0.0    0.0000     0.0000  0.0000  *ADD_UNS_OP_6_1_6
u_core/u_bmu/add_58_I26_C86/*cell*948
                                     0.0000      0.0    0.0000     0.0000  0.0000  DW01_add_width6
u_core/u_bmu/add_58_I27_C86          0.0000      0.0    0.0000     0.0000  0.0000  *ADD_UNS_OP_6_1_6
u_core/u_bmu/add_58_I27_C86/*cell*951
                                     0.0000      0.0    0.0000     0.0000  0.0000  DW01_add_width6
u_core/u_bmu/add_58_I28_C86          0.0000      0.0    0.0000     0.0000  0.0000  *ADD_UNS_OP_6_1_6
u_core/u_bmu/add_58_I28_C86/*cell*954
                                     0.0000      0.0    0.0000     0.0000  0.0000  DW01_add_width6
u_core/u_bmu/add_58_I29_C86          0.0000      0.0    0.0000     0.0000  0.0000  *ADD_UNS_OP_6_1_6
u_core/u_bmu/add_58_I29_C86/*cell*957
                                     0.0000      0.0    0.0000     0.0000  0.0000  DW01_add_width6
u_core/u_bmu/add_58_I2_C86           0.0000      0.0    0.0000     0.0000  0.0000  *ADD_UNS_OP_1_1_2
u_core/u_bmu/add_58_I2_C86/*cell*876
                                     0.0000      0.0    0.0000     0.0000  0.0000  DW01_add_width2
u_core/u_bmu/add_58_I30_C86          0.0000      0.0    0.0000     0.0000  0.0000  *ADD_UNS_OP_6_1_6
u_core/u_bmu/add_58_I30_C86/*cell*960
                                     0.0000      0.0    0.0000     0.0000  0.0000  DW01_add_width6
u_core/u_bmu/add_58_I31_C86          0.0000      0.0    0.0000     0.0000  0.0000  *ADD_UNS_OP_6_1_6
u_core/u_bmu/add_58_I31_C86/*cell*963
                                     0.0000      0.0    0.0000     0.0000  0.0000  DW01_add_width6
u_core/u_bmu/add_58_I32_C86          0.0000      0.0    0.0000     0.0000  0.0000  *ADD_UNS_OP_6_1_6
u_core/u_bmu/add_58_I32_C86/*cell*966
                                     0.0000      0.0    0.0000     0.0000  0.0000  DW01_add_width6
u_core/u_bmu/add_58_I3_C86           0.0000      0.0    0.0000     0.0000  0.0000  *ADD_UNS_OP_2_1_3
u_core/u_bmu/add_58_I3_C86/*cell*879
                                     0.0000      0.0    0.0000     0.0000  0.0000  DW01_add_width3
u_core/u_bmu/add_58_I4_C86           0.0000      0.0    0.0000     0.0000  0.0000  *ADD_UNS_OP_3_1_4
u_core/u_bmu/add_58_I4_C86/*cell*882
                                     0.0000      0.0    0.0000     0.0000  0.0000  DW01_add_width4
u_core/u_bmu/add_58_I5_C86           0.0000      0.0    0.0000     0.0000  0.0000  *ADD_UNS_OP_4_1_5
u_core/u_bmu/add_58_I5_C86/*cell*885
                                     0.0000      0.0    0.0000     0.0000  0.0000  DW01_add_width5
u_core/u_bmu/add_58_I6_C86           0.0000      0.0    0.0000     0.0000  0.0000  *ADD_UNS_OP_5_1_6
u_core/u_bmu/add_58_I6_C86/*cell*888
                                     0.0000      0.0    0.0000     0.0000  0.0000  DW01_add_width6
u_core/u_bmu/add_58_I7_C86           0.0000      0.0    0.0000     0.0000  0.0000  *ADD_UNS_OP_6_1_6
u_core/u_bmu/add_58_I7_C86/*cell*891
                                     0.0000      0.0    0.0000     0.0000  0.0000  DW01_add_width6
u_core/u_bmu/add_58_I8_C86           0.0000      0.0    0.0000     0.0000  0.0000  *ADD_UNS_OP_6_1_6
u_core/u_bmu/add_58_I8_C86/*cell*894
                                     0.0000      0.0    0.0000     0.0000  0.0000  DW01_add_width6
u_core/u_bmu/add_58_I9_C86           0.0000      0.0    0.0000     0.0000  0.0000  *ADD_UNS_OP_6_1_6
u_core/u_bmu/add_58_I9_C86/*cell*897
                                     0.0000      0.0    0.0000     0.0000  0.0000  DW01_add_width6
u_core/u_bmu/add_78                  0.0000      0.0    0.0000     0.0000  0.0000  *ADD_UNS_OP_32_32_32
u_core/u_bmu/add_78/*cell*867        0.0000      0.0    0.0000     0.0000  0.0000  DW01_add_width32
u_core/u_bmu/add_79                  0.0000      0.0    0.0000     0.0000  0.0000  *ADD_UNS_OP_32_32_32
u_core/u_bmu/add_79/*cell*870        0.0000      0.0    0.0000     0.0000  0.0000  DW01_add_width32
u_core/u_bmu/add_80                  0.0000      0.0    0.0000     0.0000  0.0000  *ADD_UNS_OP_32_32_32
u_core/u_bmu/add_80/*cell*873        0.0000      0.0    0.0000     0.0000  0.0000  DW01_add_width32
u_core/u_bmu/lt_70                   0.0000      0.0    0.0000     0.0000  0.0000  *LT_TC_OP_32_32_1
u_core/u_bmu/lt_70/*cell*858         0.0000      0.0    0.0000     0.0000  0.0000  DW01_cmp2_width32
u_core/u_bmu/lt_71                   0.0000      0.0    0.0000     0.0000  0.0000  *LT_UNS_OP_32_32_1
u_core/u_bmu/lt_71/*cell*862         0.0000      0.0    0.0000     0.0000  0.0000  DW01_cmp2_width32
u_core/u_bmu/sll_63                  0.0000      0.0    0.0000     0.0000  0.0000  *ASH_UNS_UNS_OP_32_5_32
u_core/u_bmu/sll_63/*cell*845        0.0000      0.0    0.0000     0.0000  0.0000  DW_leftsh
u_core/u_bmu/sll_64                  0.0000      0.0    0.0000     0.0000  0.0000  *ASH_UNS_UNS_OP_32_6_32
u_core/u_bmu/sll_64/*cell*856        0.0000      0.0    0.0000     0.0000  0.0000  DW_leftsh
u_core/u_bmu/sll_74                  0.0000      0.0    0.0000     0.0000  0.0000  *ASH_UNS_UNS_OP_32_5_32
u_core/u_bmu/sll_74/*cell*865        0.0000      0.0    0.0000     0.0000  0.0000  DW_leftsh
u_core/u_bmu/srl_63                  0.0000      0.0    0.0000     0.0000  0.0000  *ASHR_UNS_UNS_OP_32_6_32
u_core/u_bmu/srl_63/*cell*850        0.0000      0.0    0.0000     0.0000  0.0000  DW_rightsh
u_core/u_bmu/srl_64                  0.0000      0.0    0.0000     0.0000  0.0000  *ASHR_UNS_UNS_OP_32_5_32
u_core/u_bmu/srl_64/*cell*853        0.0000      0.0    0.0000     0.0000  0.0000  DW_rightsh
u_core/u_bmu/sub_63                  0.0000      0.0    0.0000     0.0000  0.0000  *SUB_UNS_OP_6_5_6
u_core/u_bmu/sub_63/*cell*847        0.0000      0.0    0.0000     0.0000  0.0000  DW01_sub_width6
u_core/u_bp                          0.0000      0.0    0.0000     0.0000  0.0000  bp
u_core/u_bp/add_102                  0.0000      0.0    0.0000     0.0000  0.0000  *ADD_UNS_OP_2_1_2
u_core/u_bp/add_102/*cell*814        0.0000      0.0    0.0000     0.0000  0.0000  DW01_inc_width2
u_core/u_bp/eq_72                    0.0000      0.0    0.0000     0.0000  0.0000  *EQ_UNS_OP_26_26_1
u_core/u_bp/eq_72/*cell*802          0.0000      0.0    0.0000     0.0000  0.0000  DW01_cmp6_width26
u_core/u_bp/eq_73                    0.0000      0.0    0.0000     0.0000  0.0000  *EQ_UNS_OP_26_26_1
u_core/u_bp/eq_73/*cell*805          0.0000      0.0    0.0000     0.0000  0.0000  DW01_cmp6_width26
u_core/u_bp/eq_88                    0.0000      0.0    0.0000     0.0000  0.0000  *EQ_UNS_OP_26_26_1
u_core/u_bp/eq_88/*cell*808          0.0000      0.0    0.0000     0.0000  0.0000  DW01_cmp6_width26
u_core/u_bp/eq_89                    0.0000      0.0    0.0000     0.0000  0.0000  *EQ_UNS_OP_26_26_1
u_core/u_bp/eq_89/*cell*811          0.0000      0.0    0.0000     0.0000  0.0000  DW01_cmp6_width26
u_core/u_bp/sub_103                  0.0000      0.0    0.0000     0.0000  0.0000  *SUB_UNS_OP_2_1_2
u_core/u_bp/sub_103/*cell*816        0.0000      0.0    0.0000     0.0000  0.0000  DW01_dec_width2
u_core/u_cdec                        0.0000      0.0    0.0000     0.0000  0.0000  cdec
u_core/u_csr                         0.0000      0.0    0.0000     0.0000  0.0000  csr_RV32A0_PMP_ENTRIES0
u_core/u_csr/add_362                 0.0000      0.0    0.0000     0.0000  0.0000  *ADD_UNS_OP_64_1_64
u_core/u_csr/add_362/*cell*1025      0.0000      0.0    0.0000     0.0000  0.0000  DW01_inc_width64
u_core/u_csr/add_366                 0.0000      0.0    0.0000     0.0000  0.0000  *ADD_UNS_OP_64_1_64
u_core/u_csr/add_366/*cell*1027      0.0000      0.0    0.0000     0.0000  0.0000  DW01_inc_width64
u_core/u_csr/eq_272                  0.0000      0.0    0.0000     0.0000  0.0000  *EQ_UNS_OP_12_12_1
u_core/u_csr/eq_272/*cell*1022       0.0000      0.0    0.0000     0.0000  0.0000  DW01_cmp6_width12
u_core/u_div                         0.0000      0.0    0.0000     0.0000  0.0000  div
u_core/u_div/add_108                 0.0000      0.0    0.0000     0.0000  0.0000  *ADD_UNS_OP_6_1_6
u_core/u_div/add_108/*cell*1008      0.0000      0.0    0.0000     0.0000  0.0000  DW01_inc_width6
u_core/u_div/sub_122                 0.0000      0.0    0.0000     0.0000  0.0000  *SUB_UNS_OP_1_32_32
u_core/u_div/sub_122/*cell*1010      0.0000      0.0    0.0000     0.0000  0.0000  DW01_sub_width32
u_core/u_div/sub_124                 0.0000      0.0    0.0000     0.0000  0.0000  *SUB_UNS_OP_1_32_32
u_core/u_div/sub_124/*cell*1013      0.0000      0.0    0.0000     0.0000  0.0000  DW01_sub_width32
u_core/u_div/sub_59                  0.0000      0.0    0.0000     0.0000  0.0000  *SUB_UNS_OP_33_32_33
u_core/u_div/sub_59/*cell*999        0.0000      0.0    0.0000     0.0000  0.0000  DW01_sub_width33
u_core/u_div/sub_80                  0.0000      0.0    0.0000     0.0000  0.0000  *SUB_UNS_OP_1_32_32
u_core/u_div/sub_80/*cell*1002       0.0000      0.0    0.0000     0.0000  0.0000  DW01_sub_width32
u_core/u_div/sub_85                  0.0000      0.0    0.0000     0.0000  0.0000  *SUB_UNS_OP_1_32_32
u_core/u_div/sub_85/*cell*1005       0.0000      0.0    0.0000     0.0000  0.0000  DW01_sub_width32
u_core/u_forward                     0.0000      0.0    0.0000     0.0000  0.0000  forward
u_core/u_forward/eq_50               0.0000      0.0    0.0000     0.0000  0.0000  *EQ_UNS_OP_5_5_1
u_core/u_forward/eq_50/*cell*832     0.0000      0.0    0.0000     0.0000  0.0000  DW01_cmp6_width5
u_core/u_forward/eq_51               0.0000      0.0    0.0000     0.0000  0.0000  *EQ_UNS_OP_5_5_1
u_core/u_forward/eq_51/*cell*835     0.0000      0.0    0.0000     0.0000  0.0000  DW01_cmp6_width5
u_core/u_forward/eq_57               0.0000      0.0    0.0000     0.0000  0.0000  *EQ_UNS_OP_5_5_1
u_core/u_forward/eq_57/*cell*838     0.0000      0.0    0.0000     0.0000  0.0000  DW01_cmp6_width5
u_core/u_forward/eq_58               0.0000      0.0    0.0000     0.0000  0.0000  *EQ_UNS_OP_5_5_1
u_core/u_forward/eq_58/*cell*841     0.0000      0.0    0.0000     0.0000  0.0000  DW01_cmp6_width5
u_core/u_hazard                      0.0000      0.0    0.0000     0.0000  0.0000  hazard
u_core/u_hazard/eq_52                0.0000      0.0    0.0000     0.0000  0.0000  *EQ_UNS_OP_5_5_1
u_core/u_hazard/eq_52/*cell*1030     0.0000      0.0    0.0000     0.0000  0.0000  DW01_cmp6_width5
u_core/u_hazard/eq_52_2              0.0000      0.0    0.0000     0.0000  0.0000  *EQ_UNS_OP_5_5_1
u_core/u_hazard/eq_52_2/*cell*1033
                                     0.0000      0.0    0.0000     0.0000  0.0000  DW01_cmp6_width5
u_core/u_idu                         0.0000      0.0    0.0000     0.0000  0.0000  idu_RV32A0
u_core/u_ifu                         0.0000      0.0    0.0000     0.0000  0.0000  ifu_00000000
u_core/u_ifu/add_52                  0.0000      0.0    0.0000     0.0000  0.0000  *ADD_UNS_OP_32_3_32
u_core/u_ifu/add_52/*cell*826        0.0000      0.0    0.0000     0.0000  0.0000  DW01_add_width32
u_core/u_lsu_id                      0.0000      0.0    0.0000     0.0000  0.0000  lsu_1
u_core/u_lsu_id/sll_60               0.0000      0.0    0.0000     0.0000  0.0000  *ASH_UNS_UNS_OP_4_2_4
u_core/u_lsu_id/sll_60/*cell*1017    0.0000      0.0    0.0000     0.0000  0.0000  DW_leftsh
u_core/u_lsu_id/sll_64               0.0000      0.0    0.0000     0.0000  0.0000  *ASH_UNS_UNS_OP_4_2_4
u_core/u_lsu_id/sll_64/*cell*1019    0.0000      0.0    0.0000     0.0000  0.0000  DW_leftsh
u_core/u_lsu_wb                      0.0000      0.0    0.0000     0.0000  0.0000  lsu_0
u_core/u_mul                         0.0000      0.0    0.0000     0.0000  0.0000  mul
u_core/u_mul/mult_46                 0.0000      0.0    0.0000     0.0000  0.0000  *MULT_TC_OP_33_33_64
u_core/u_mul/mult_46/*cell*995       0.0000      0.0    0.0000     0.0000  0.0000  DW02_mult
u_core/u_pmp_data                    0.0000      0.0    0.0000     0.0000  0.0000  pmp_PMP_ENTRIES0_0
u_core/u_pmp_if_pc                   0.0000      0.0    0.0000     0.0000  0.0000  pmp_PMP_ENTRIES0_2
u_core/u_ras                         0.0000      0.0    0.0000     0.0000  0.0000  ras
u_core/u_ras/add_71                  0.0000      0.0    0.0000     0.0000  0.0000  *ADD_UNS_OP_3_1_3
u_core/u_ras/add_71/*cell*821        0.0000      0.0    0.0000     0.0000  0.0000  DW01_inc_width3
u_core/u_ras/sub_49                  0.0000      0.0    0.0000     0.0000  0.0000  *SUB_UNS_OP_3_1_3
u_core/u_ras/sub_49/*cell*819        0.0000      0.0    0.0000     0.0000  0.0000  DW01_dec_width3
u_core/u_ras/sub_73_S2               0.0000      0.0    0.0000     0.0000  0.0000  *SUB_UNS_OP_3_1_3
u_core/u_ras/sub_73_S2/*cell*823     0.0000      0.0    0.0000     0.0000  0.0000  DW01_dec_width3
u_core/u_rfu                         0.0000      0.0    0.0000     0.0000  0.0000  rfu
--------------------------------  ---------  -------  --------  ---------  ------  ------------------------
Total                                                   0.0000     0.0000  0.0000

1
