Information: Propagating switching activity (low effort zero delay simulation). (PWR-6)
Warning: Design has unannotated primary inputs. (PWR-414)
Warning: Design has unannotated sequential cell outputs. (PWR-415)
Warning: Design has unannotated black box outputs. (PWR-428)
 
****************************************
Report : power
        -analysis_effort low
Design : cpu_m1_top
Version: X-2025.06-SP2
Date   : Tue Jun  9 22:29:00 2026
****************************************


Library(s) Used:

    gtech (File: /soft/synopsys/syn/X-2025.06-SP2/libraries/syn/gtech.db)


Operating Conditions: ffg0p88v0p99vm40c   Library: tcbn28hpcplusbwp40p140ffg0p88v0p99vm40c
Wire Load Model Mode: segmented

Design        Wire Load Model            Library
------------------------------------------------
cpu_m1_top             ZeroWireload      tcbn28hpcplusbwp40p140ffg0p88v0p99vm40c
core_00000000          ZeroWireload      tcbn28hpcplusbwp40p140ffg0p88v0p99vm40c
cdec                   ZeroWireload      tcbn28hpcplusbwp40p140ffg0p88v0p99vm40c
bp                     ZeroWireload      tcbn28hpcplusbwp40p140ffg0p88v0p99vm40c
ras                    ZeroWireload      tcbn28hpcplusbwp40p140ffg0p88v0p99vm40c
ifu_00000000           ZeroWireload      tcbn28hpcplusbwp40p140ffg0p88v0p99vm40c
idu                    ZeroWireload      tcbn28hpcplusbwp40p140ffg0p88v0p99vm40c
rfu                    ZeroWireload      tcbn28hpcplusbwp40p140ffg0p88v0p99vm40c
forward                ZeroWireload      tcbn28hpcplusbwp40p140ffg0p88v0p99vm40c
alu                    ZeroWireload      tcbn28hpcplusbwp40p140ffg0p88v0p99vm40c
mul                    ZeroWireload      tcbn28hpcplusbwp40p140ffg0p88v0p99vm40c
div                    ZeroWireload      tcbn28hpcplusbwp40p140ffg0p88v0p99vm40c
lsu_1                  ZeroWireload      tcbn28hpcplusbwp40p140ffg0p88v0p99vm40c
csr                    ZeroWireload      tcbn28hpcplusbwp40p140ffg0p88v0p99vm40c
hazard                 ZeroWireload      tcbn28hpcplusbwp40p140ffg0p88v0p99vm40c
lsu_0                  ZeroWireload      tcbn28hpcplusbwp40p140ffg0p88v0p99vm40c
*ADD_UNS_OP_32_2_32    ZeroWireload      tcbn28hpcplusbwp40p140ffg0p88v0p99vm40c
DW01_add_width32       ZeroWireload      tcbn28hpcplusbwp40p140ffg0p88v0p99vm40c
*ADD_UNS_OP_32_3_32    ZeroWireload      tcbn28hpcplusbwp40p140ffg0p88v0p99vm40c
DW01_add_width32       ZeroWireload      tcbn28hpcplusbwp40p140ffg0p88v0p99vm40c
DW01_add_width32       ZeroWireload      tcbn28hpcplusbwp40p140ffg0p88v0p99vm40c
DW01_add_width32       ZeroWireload      tcbn28hpcplusbwp40p140ffg0p88v0p99vm40c
*ADD_UNS_OP_32_32_32   ZeroWireload      tcbn28hpcplusbwp40p140ffg0p88v0p99vm40c
DW01_add_width32       ZeroWireload      tcbn28hpcplusbwp40p140ffg0p88v0p99vm40c
*NE_UNS_OP_32_32_1     ZeroWireload      tcbn28hpcplusbwp40p140ffg0p88v0p99vm40c
DW01_cmp6_width32      ZeroWireload      tcbn28hpcplusbwp40p140ffg0p88v0p99vm40c
*ADD_UNS_OP_2_2_2      ZeroWireload      tcbn28hpcplusbwp40p140ffg0p88v0p99vm40c
DW01_add_width2        ZeroWireload      tcbn28hpcplusbwp40p140ffg0p88v0p99vm40c
*EQ_UNS_OP_12_12_1     ZeroWireload      tcbn28hpcplusbwp40p140ffg0p88v0p99vm40c
DW01_cmp6_width12      ZeroWireload      tcbn28hpcplusbwp40p140ffg0p88v0p99vm40c
DW01_cmp6_width32      ZeroWireload      tcbn28hpcplusbwp40p140ffg0p88v0p99vm40c
*EQ_UNS_OP_26_26_1     ZeroWireload      tcbn28hpcplusbwp40p140ffg0p88v0p99vm40c
DW01_cmp6_width26      ZeroWireload      tcbn28hpcplusbwp40p140ffg0p88v0p99vm40c
DW01_cmp6_width26      ZeroWireload      tcbn28hpcplusbwp40p140ffg0p88v0p99vm40c
DW01_cmp6_width26      ZeroWireload      tcbn28hpcplusbwp40p140ffg0p88v0p99vm40c
DW01_cmp6_width26      ZeroWireload      tcbn28hpcplusbwp40p140ffg0p88v0p99vm40c
*ADD_UNS_OP_2_1_2      ZeroWireload      tcbn28hpcplusbwp40p140ffg0p88v0p99vm40c
DW01_inc_width2        ZeroWireload      tcbn28hpcplusbwp40p140ffg0p88v0p99vm40c
*SUB_UNS_OP_2_1_2      ZeroWireload      tcbn28hpcplusbwp40p140ffg0p88v0p99vm40c
DW01_dec_width2        ZeroWireload      tcbn28hpcplusbwp40p140ffg0p88v0p99vm40c
*SUB_UNS_OP_3_1_3      ZeroWireload      tcbn28hpcplusbwp40p140ffg0p88v0p99vm40c
DW01_dec_width3        ZeroWireload      tcbn28hpcplusbwp40p140ffg0p88v0p99vm40c
*ADD_UNS_OP_3_1_3      ZeroWireload      tcbn28hpcplusbwp40p140ffg0p88v0p99vm40c
DW01_inc_width3        ZeroWireload      tcbn28hpcplusbwp40p140ffg0p88v0p99vm40c
DW01_dec_width3        ZeroWireload      tcbn28hpcplusbwp40p140ffg0p88v0p99vm40c
DW01_add_width32       ZeroWireload      tcbn28hpcplusbwp40p140ffg0p88v0p99vm40c
*EQ_UNS_OP_5_5_1       ZeroWireload      tcbn28hpcplusbwp40p140ffg0p88v0p99vm40c
DW01_cmp6_width5       ZeroWireload      tcbn28hpcplusbwp40p140ffg0p88v0p99vm40c
DW01_cmp6_width5       ZeroWireload      tcbn28hpcplusbwp40p140ffg0p88v0p99vm40c
DW01_cmp6_width5       ZeroWireload      tcbn28hpcplusbwp40p140ffg0p88v0p99vm40c
DW01_cmp6_width5       ZeroWireload      tcbn28hpcplusbwp40p140ffg0p88v0p99vm40c
DW01_add_width32       ZeroWireload      tcbn28hpcplusbwp40p140ffg0p88v0p99vm40c
*SUB_UNS_OP_32_32_32   ZeroWireload      tcbn28hpcplusbwp40p140ffg0p88v0p99vm40c
DW01_sub_width32       ZeroWireload      tcbn28hpcplusbwp40p140ffg0p88v0p99vm40c
*LT_TC_OP_32_32_1      ZeroWireload      tcbn28hpcplusbwp40p140ffg0p88v0p99vm40c
DW01_cmp2_width32      ZeroWireload      tcbn28hpcplusbwp40p140ffg0p88v0p99vm40c
*LT_UNS_OP_32_32_1     ZeroWireload      tcbn28hpcplusbwp40p140ffg0p88v0p99vm40c
DW01_cmp2_width32      ZeroWireload      tcbn28hpcplusbwp40p140ffg0p88v0p99vm40c
*EQ_UNS_OP_32_32_1     ZeroWireload      tcbn28hpcplusbwp40p140ffg0p88v0p99vm40c
DW01_cmp6_width32      ZeroWireload      tcbn28hpcplusbwp40p140ffg0p88v0p99vm40c
*ASH_UNS_UNS_OP_32_5_32
                       ZeroWireload      tcbn28hpcplusbwp40p140ffg0p88v0p99vm40c
DW_leftsh              ZeroWireload      tcbn28hpcplusbwp40p140ffg0p88v0p99vm40c
*ASHR_UNS_UNS_OP_32_5_32
                       ZeroWireload      tcbn28hpcplusbwp40p140ffg0p88v0p99vm40c
DW_rightsh             ZeroWireload      tcbn28hpcplusbwp40p140ffg0p88v0p99vm40c
*ASHR_TC_UNS_OP_32_5_32
                       ZeroWireload      tcbn28hpcplusbwp40p140ffg0p88v0p99vm40c
DW_rightsh             ZeroWireload      tcbn28hpcplusbwp40p140ffg0p88v0p99vm40c
*MULT_TC_OP_33_33_64   ZeroWireload      tcbn28hpcplusbwp40p140ffg0p88v0p99vm40c
DW02_mult              ZeroWireload      tcbn28hpcplusbwp40p140ffg0p88v0p99vm40c
*SUB_UNS_OP_33_32_33   ZeroWireload      tcbn28hpcplusbwp40p140ffg0p88v0p99vm40c
DW01_sub_width33       ZeroWireload      tcbn28hpcplusbwp40p140ffg0p88v0p99vm40c
*SUB_UNS_OP_1_32_32    ZeroWireload      tcbn28hpcplusbwp40p140ffg0p88v0p99vm40c
DW01_sub_width32       ZeroWireload      tcbn28hpcplusbwp40p140ffg0p88v0p99vm40c
DW01_sub_width32       ZeroWireload      tcbn28hpcplusbwp40p140ffg0p88v0p99vm40c
*ADD_UNS_OP_6_1_6      ZeroWireload      tcbn28hpcplusbwp40p140ffg0p88v0p99vm40c
DW01_inc_width6        ZeroWireload      tcbn28hpcplusbwp40p140ffg0p88v0p99vm40c
DW01_sub_width32       ZeroWireload      tcbn28hpcplusbwp40p140ffg0p88v0p99vm40c
DW01_sub_width32       ZeroWireload      tcbn28hpcplusbwp40p140ffg0p88v0p99vm40c
*ASH_UNS_UNS_OP_4_2_4  ZeroWireload      tcbn28hpcplusbwp40p140ffg0p88v0p99vm40c
DW_leftsh              ZeroWireload      tcbn28hpcplusbwp40p140ffg0p88v0p99vm40c
DW_leftsh              ZeroWireload      tcbn28hpcplusbwp40p140ffg0p88v0p99vm40c
DW01_cmp6_width12      ZeroWireload      tcbn28hpcplusbwp40p140ffg0p88v0p99vm40c
*ADD_UNS_OP_64_1_64    ZeroWireload      tcbn28hpcplusbwp40p140ffg0p88v0p99vm40c
DW01_inc_width64       ZeroWireload      tcbn28hpcplusbwp40p140ffg0p88v0p99vm40c
DW01_inc_width64       ZeroWireload      tcbn28hpcplusbwp40p140ffg0p88v0p99vm40c
DW01_cmp6_width5       ZeroWireload      tcbn28hpcplusbwp40p140ffg0p88v0p99vm40c
DW01_cmp6_width5       ZeroWireload      tcbn28hpcplusbwp40p140ffg0p88v0p99vm40c


Global Operating Voltage = 0.99 
Power-specific unit information :
    Voltage Units = 1V
    Capacitance Units = 1.000000pf
    Time Units = 1ns
    Dynamic Power Units = 1mW    (derived from V,C,T units)
    Leakage Power Units = 1nW


Attributes
----------
i - Including register clock pin internal power


  Cell Internal Power  =   0.0000 mW    (0%)
  Net Switching Power  =  18.3849 uW  (100%)
                         ---------
Total Dynamic Power    =  18.3849 uW  (100%)

Cell Leakage Power     =   0.0000 nW


                 Internal         Switching           Leakage            Total
Power Group      Power            Power               Power              Power   (   %    )  Attrs
--------------------------------------------------------------------------------------------------
io_pad             0.0000            0.0000            0.0000            0.0000  (   0.00%)
memory             0.0000            0.0000            0.0000            0.0000  (   0.00%)
black_box          0.0000            0.0000            0.0000            0.0000  (   0.00%)
clock_network      0.0000            0.0000            0.0000            0.0000  (   0.00%)  i
register           0.0000        8.6332e-03            0.0000        8.6332e-03  (  46.96%)
sequential         0.0000            0.0000            0.0000            0.0000  (   0.00%)
combinational      0.0000        9.7517e-03            0.0000        9.7517e-03  (  53.04%)
--------------------------------------------------------------------------------------------------
Total              0.0000 mW     1.8385e-02 mW         0.0000 nW     1.8385e-02 mW
1
