Warning: Design 'cpu_m1_top' has '1' unresolved references. For more detailed information, use the "link" command. (UID-341)
 
****************************************
Report : timing
        -path full
        -delay max
        -nworst 5
        -max_paths 20
Design : cpu_m1_top
Version: X-2025.06-SP2
Date   : Fri Jun 12 10:13:13 2026
****************************************

 # A fanout number of 1000 was used for high fanout net computations.

Operating Conditions: ssg0p81v0p9v0c   Library: tcbn28hpcplusbwp40p140ssg0p81v0p9v0c
Wire Load Model Mode: segmented

  Startpoint: dm_acc_regno[0]
              (input port clocked by clk)
  Endpoint: dm_acc_rdata[11]
            (output port clocked by clk)
  Path Group: clk
  Path Type: max

  Des/Clust/Port     Wire Load Model       Library
  ------------------------------------------------
  core_00000000_0_0  ZeroWireload          tcbn28hpcplusbwp40p140ssg0p81v0p9v0c
  csr_RV32A0_PMP_ENTRIES0
                     ZeroWireload          tcbn28hpcplusbwp40p140ssg0p81v0p9v0c
  rfu                ZeroWireload          tcbn28hpcplusbwp40p140ssg0p81v0p9v0c
  cpu_m1_top         ZeroWireload          tcbn28hpcplusbwp40p140ssg0p81v0p9v0c

  Point                                                   Incr       Path
  --------------------------------------------------------------------------
  clock clk (rise edge)                                   0.00       0.00
  clock network delay (ideal)                             0.00       0.00
  input external delay                                    0.10       0.10 r
  dm_acc_regno[0] (in)                                    0.00       0.10 r
  u_core/dm_acc_regno[0] (core_00000000_0_0)              0.00       0.10 r
  u_core/u_rfu/dbg_acc_idx[0] (rfu)                       0.00       0.10 r
  u_core/u_rfu/B_17/Z (GTECH_BUF)                         0.00       0.10 r
  u_core/u_rfu/C2342/Z_20 (*MUX_OP_32_5_32)               0.00       0.10 r
  u_core/u_rfu/C2336/Z_11 (*SELECT_OP_2.32_2.1_32)        0.00       0.10 r
  u_core/u_rfu/dbg_acc_rdata[11] (rfu)                    0.00       0.10 r
  u_core/C5462/Z_11 (*SELECT_OP_3.32_3.1_32)              0.00       0.10 r
  u_core/dm_acc_rdata[11] (core_00000000_0_0)             0.00       0.10 r
  dm_acc_rdata[11] (out)                                  0.00       0.10 r
  data arrival time                                                  0.10

  clock clk (rise edge)                                   1.43       1.43
  clock network delay (ideal)                             0.00       1.43
  clock uncertainty                                      -0.05       1.38
  output external delay                                  -0.10       1.28
  data required time                                                 1.28
  --------------------------------------------------------------------------
  data required time                                                 1.28
  data arrival time                                                 -0.10
  --------------------------------------------------------------------------
  slack (MET)                                                        1.18


  Startpoint: dm_acc_regno[1]
              (input port clocked by clk)
  Endpoint: dm_acc_rdata[11]
            (output port clocked by clk)
  Path Group: clk
  Path Type: max

  Des/Clust/Port     Wire Load Model       Library
  ------------------------------------------------
  core_00000000_0_0  ZeroWireload          tcbn28hpcplusbwp40p140ssg0p81v0p9v0c
  csr_RV32A0_PMP_ENTRIES0
                     ZeroWireload          tcbn28hpcplusbwp40p140ssg0p81v0p9v0c
  rfu                ZeroWireload          tcbn28hpcplusbwp40p140ssg0p81v0p9v0c
  cpu_m1_top         ZeroWireload          tcbn28hpcplusbwp40p140ssg0p81v0p9v0c

  Point                                                   Incr       Path
  --------------------------------------------------------------------------
  clock clk (rise edge)                                   0.00       0.00
  clock network delay (ideal)                             0.00       0.00
  input external delay                                    0.10       0.10 r
  dm_acc_regno[1] (in)                                    0.00       0.10 r
  u_core/dm_acc_regno[1] (core_00000000_0_0)              0.00       0.10 r
  u_core/u_rfu/dbg_acc_idx[1] (rfu)                       0.00       0.10 r
  u_core/u_rfu/B_18/Z (GTECH_BUF)                         0.00       0.10 r
  u_core/u_rfu/C2342/Z_20 (*MUX_OP_32_5_32)               0.00       0.10 r
  u_core/u_rfu/C2336/Z_11 (*SELECT_OP_2.32_2.1_32)        0.00       0.10 r
  u_core/u_rfu/dbg_acc_rdata[11] (rfu)                    0.00       0.10 r
  u_core/C5462/Z_11 (*SELECT_OP_3.32_3.1_32)              0.00       0.10 r
  u_core/dm_acc_rdata[11] (core_00000000_0_0)             0.00       0.10 r
  dm_acc_rdata[11] (out)                                  0.00       0.10 r
  data arrival time                                                  0.10

  clock clk (rise edge)                                   1.43       1.43
  clock network delay (ideal)                             0.00       1.43
  clock uncertainty                                      -0.05       1.38
  output external delay                                  -0.10       1.28
  data required time                                                 1.28
  --------------------------------------------------------------------------
  data required time                                                 1.28
  data arrival time                                                 -0.10
  --------------------------------------------------------------------------
  slack (MET)                                                        1.18


  Startpoint: dm_acc_regno[2]
              (input port clocked by clk)
  Endpoint: dm_acc_rdata[11]
            (output port clocked by clk)
  Path Group: clk
  Path Type: max

  Des/Clust/Port     Wire Load Model       Library
  ------------------------------------------------
  core_00000000_0_0  ZeroWireload          tcbn28hpcplusbwp40p140ssg0p81v0p9v0c
  csr_RV32A0_PMP_ENTRIES0
                     ZeroWireload          tcbn28hpcplusbwp40p140ssg0p81v0p9v0c
  rfu                ZeroWireload          tcbn28hpcplusbwp40p140ssg0p81v0p9v0c
  cpu_m1_top         ZeroWireload          tcbn28hpcplusbwp40p140ssg0p81v0p9v0c

  Point                                                   Incr       Path
  --------------------------------------------------------------------------
  clock clk (rise edge)                                   0.00       0.00
  clock network delay (ideal)                             0.00       0.00
  input external delay                                    0.10       0.10 r
  dm_acc_regno[2] (in)                                    0.00       0.10 r
  u_core/dm_acc_regno[2] (core_00000000_0_0)              0.00       0.10 r
  u_core/u_rfu/dbg_acc_idx[2] (rfu)                       0.00       0.10 r
  u_core/u_rfu/B_19/Z (GTECH_BUF)                         0.00       0.10 r
  u_core/u_rfu/C2342/Z_20 (*MUX_OP_32_5_32)               0.00       0.10 r
  u_core/u_rfu/C2336/Z_11 (*SELECT_OP_2.32_2.1_32)        0.00       0.10 r
  u_core/u_rfu/dbg_acc_rdata[11] (rfu)                    0.00       0.10 r
  u_core/C5462/Z_11 (*SELECT_OP_3.32_3.1_32)              0.00       0.10 r
  u_core/dm_acc_rdata[11] (core_00000000_0_0)             0.00       0.10 r
  dm_acc_rdata[11] (out)                                  0.00       0.10 r
  data arrival time                                                  0.10

  clock clk (rise edge)                                   1.43       1.43
  clock network delay (ideal)                             0.00       1.43
  clock uncertainty                                      -0.05       1.38
  output external delay                                  -0.10       1.28
  data required time                                                 1.28
  --------------------------------------------------------------------------
  data required time                                                 1.28
  data arrival time                                                 -0.10
  --------------------------------------------------------------------------
  slack (MET)                                                        1.18


  Startpoint: dm_acc_regno[3]
              (input port clocked by clk)
  Endpoint: dm_acc_rdata[11]
            (output port clocked by clk)
  Path Group: clk
  Path Type: max

  Des/Clust/Port     Wire Load Model       Library
  ------------------------------------------------
  core_00000000_0_0  ZeroWireload          tcbn28hpcplusbwp40p140ssg0p81v0p9v0c
  csr_RV32A0_PMP_ENTRIES0
                     ZeroWireload          tcbn28hpcplusbwp40p140ssg0p81v0p9v0c
  rfu                ZeroWireload          tcbn28hpcplusbwp40p140ssg0p81v0p9v0c
  cpu_m1_top         ZeroWireload          tcbn28hpcplusbwp40p140ssg0p81v0p9v0c

  Point                                                   Incr       Path
  --------------------------------------------------------------------------
  clock clk (rise edge)                                   0.00       0.00
  clock network delay (ideal)                             0.00       0.00
  input external delay                                    0.10       0.10 r
  dm_acc_regno[3] (in)                                    0.00       0.10 r
  u_core/dm_acc_regno[3] (core_00000000_0_0)              0.00       0.10 r
  u_core/u_rfu/dbg_acc_idx[3] (rfu)                       0.00       0.10 r
  u_core/u_rfu/B_20/Z (GTECH_BUF)                         0.00       0.10 r
  u_core/u_rfu/C2342/Z_20 (*MUX_OP_32_5_32)               0.00       0.10 r
  u_core/u_rfu/C2336/Z_11 (*SELECT_OP_2.32_2.1_32)        0.00       0.10 r
  u_core/u_rfu/dbg_acc_rdata[11] (rfu)                    0.00       0.10 r
  u_core/C5462/Z_11 (*SELECT_OP_3.32_3.1_32)              0.00       0.10 r
  u_core/dm_acc_rdata[11] (core_00000000_0_0)             0.00       0.10 r
  dm_acc_rdata[11] (out)                                  0.00       0.10 r
  data arrival time                                                  0.10

  clock clk (rise edge)                                   1.43       1.43
  clock network delay (ideal)                             0.00       1.43
  clock uncertainty                                      -0.05       1.38
  output external delay                                  -0.10       1.28
  data required time                                                 1.28
  --------------------------------------------------------------------------
  data required time                                                 1.28
  data arrival time                                                 -0.10
  --------------------------------------------------------------------------
  slack (MET)                                                        1.18


  Startpoint: dm_acc_regno[0]
              (input port clocked by clk)
  Endpoint: dm_acc_rdata[10]
            (output port clocked by clk)
  Path Group: clk
  Path Type: max

  Des/Clust/Port     Wire Load Model       Library
  ------------------------------------------------
  core_00000000_0_0  ZeroWireload          tcbn28hpcplusbwp40p140ssg0p81v0p9v0c
  csr_RV32A0_PMP_ENTRIES0
                     ZeroWireload          tcbn28hpcplusbwp40p140ssg0p81v0p9v0c
  rfu                ZeroWireload          tcbn28hpcplusbwp40p140ssg0p81v0p9v0c
  cpu_m1_top         ZeroWireload          tcbn28hpcplusbwp40p140ssg0p81v0p9v0c

  Point                                                   Incr       Path
  --------------------------------------------------------------------------
  clock clk (rise edge)                                   0.00       0.00
  clock network delay (ideal)                             0.00       0.00
  input external delay                                    0.10       0.10 r
  dm_acc_regno[0] (in)                                    0.00       0.10 r
  u_core/dm_acc_regno[0] (core_00000000_0_0)              0.00       0.10 r
  u_core/u_rfu/dbg_acc_idx[0] (rfu)                       0.00       0.10 r
  u_core/u_rfu/B_17/Z (GTECH_BUF)                         0.00       0.10 r
  u_core/u_rfu/C2342/Z_21 (*MUX_OP_32_5_32)               0.00       0.10 r
  u_core/u_rfu/C2336/Z_10 (*SELECT_OP_2.32_2.1_32)        0.00       0.10 r
  u_core/u_rfu/dbg_acc_rdata[10] (rfu)                    0.00       0.10 r
  u_core/C5462/Z_10 (*SELECT_OP_3.32_3.1_32)              0.00       0.10 r
  u_core/dm_acc_rdata[10] (core_00000000_0_0)             0.00       0.10 r
  dm_acc_rdata[10] (out)                                  0.00       0.10 r
  data arrival time                                                  0.10

  clock clk (rise edge)                                   1.43       1.43
  clock network delay (ideal)                             0.00       1.43
  clock uncertainty                                      -0.05       1.38
  output external delay                                  -0.10       1.28
  data required time                                                 1.28
  --------------------------------------------------------------------------
  data required time                                                 1.28
  data arrival time                                                 -0.10
  --------------------------------------------------------------------------
  slack (MET)                                                        1.18


  Startpoint: dm_acc_regno[1]
              (input port clocked by clk)
  Endpoint: dm_acc_rdata[10]
            (output port clocked by clk)
  Path Group: clk
  Path Type: max

  Des/Clust/Port     Wire Load Model       Library
  ------------------------------------------------
  core_00000000_0_0  ZeroWireload          tcbn28hpcplusbwp40p140ssg0p81v0p9v0c
  csr_RV32A0_PMP_ENTRIES0
                     ZeroWireload          tcbn28hpcplusbwp40p140ssg0p81v0p9v0c
  rfu                ZeroWireload          tcbn28hpcplusbwp40p140ssg0p81v0p9v0c
  cpu_m1_top         ZeroWireload          tcbn28hpcplusbwp40p140ssg0p81v0p9v0c

  Point                                                   Incr       Path
  --------------------------------------------------------------------------
  clock clk (rise edge)                                   0.00       0.00
  clock network delay (ideal)                             0.00       0.00
  input external delay                                    0.10       0.10 r
  dm_acc_regno[1] (in)                                    0.00       0.10 r
  u_core/dm_acc_regno[1] (core_00000000_0_0)              0.00       0.10 r
  u_core/u_rfu/dbg_acc_idx[1] (rfu)                       0.00       0.10 r
  u_core/u_rfu/B_18/Z (GTECH_BUF)                         0.00       0.10 r
  u_core/u_rfu/C2342/Z_21 (*MUX_OP_32_5_32)               0.00       0.10 r
  u_core/u_rfu/C2336/Z_10 (*SELECT_OP_2.32_2.1_32)        0.00       0.10 r
  u_core/u_rfu/dbg_acc_rdata[10] (rfu)                    0.00       0.10 r
  u_core/C5462/Z_10 (*SELECT_OP_3.32_3.1_32)              0.00       0.10 r
  u_core/dm_acc_rdata[10] (core_00000000_0_0)             0.00       0.10 r
  dm_acc_rdata[10] (out)                                  0.00       0.10 r
  data arrival time                                                  0.10

  clock clk (rise edge)                                   1.43       1.43
  clock network delay (ideal)                             0.00       1.43
  clock uncertainty                                      -0.05       1.38
  output external delay                                  -0.10       1.28
  data required time                                                 1.28
  --------------------------------------------------------------------------
  data required time                                                 1.28
  data arrival time                                                 -0.10
  --------------------------------------------------------------------------
  slack (MET)                                                        1.18


  Startpoint: dm_acc_regno[2]
              (input port clocked by clk)
  Endpoint: dm_acc_rdata[10]
            (output port clocked by clk)
  Path Group: clk
  Path Type: max

  Des/Clust/Port     Wire Load Model       Library
  ------------------------------------------------
  core_00000000_0_0  ZeroWireload          tcbn28hpcplusbwp40p140ssg0p81v0p9v0c
  csr_RV32A0_PMP_ENTRIES0
                     ZeroWireload          tcbn28hpcplusbwp40p140ssg0p81v0p9v0c
  rfu                ZeroWireload          tcbn28hpcplusbwp40p140ssg0p81v0p9v0c
  cpu_m1_top         ZeroWireload          tcbn28hpcplusbwp40p140ssg0p81v0p9v0c

  Point                                                   Incr       Path
  --------------------------------------------------------------------------
  clock clk (rise edge)                                   0.00       0.00
  clock network delay (ideal)                             0.00       0.00
  input external delay                                    0.10       0.10 r
  dm_acc_regno[2] (in)                                    0.00       0.10 r
  u_core/dm_acc_regno[2] (core_00000000_0_0)              0.00       0.10 r
  u_core/u_rfu/dbg_acc_idx[2] (rfu)                       0.00       0.10 r
  u_core/u_rfu/B_19/Z (GTECH_BUF)                         0.00       0.10 r
  u_core/u_rfu/C2342/Z_21 (*MUX_OP_32_5_32)               0.00       0.10 r
  u_core/u_rfu/C2336/Z_10 (*SELECT_OP_2.32_2.1_32)        0.00       0.10 r
  u_core/u_rfu/dbg_acc_rdata[10] (rfu)                    0.00       0.10 r
  u_core/C5462/Z_10 (*SELECT_OP_3.32_3.1_32)              0.00       0.10 r
  u_core/dm_acc_rdata[10] (core_00000000_0_0)             0.00       0.10 r
  dm_acc_rdata[10] (out)                                  0.00       0.10 r
  data arrival time                                                  0.10

  clock clk (rise edge)                                   1.43       1.43
  clock network delay (ideal)                             0.00       1.43
  clock uncertainty                                      -0.05       1.38
  output external delay                                  -0.10       1.28
  data required time                                                 1.28
  --------------------------------------------------------------------------
  data required time                                                 1.28
  data arrival time                                                 -0.10
  --------------------------------------------------------------------------
  slack (MET)                                                        1.18


  Startpoint: dm_acc_regno[3]
              (input port clocked by clk)
  Endpoint: dm_acc_rdata[10]
            (output port clocked by clk)
  Path Group: clk
  Path Type: max

  Des/Clust/Port     Wire Load Model       Library
  ------------------------------------------------
  core_00000000_0_0  ZeroWireload          tcbn28hpcplusbwp40p140ssg0p81v0p9v0c
  csr_RV32A0_PMP_ENTRIES0
                     ZeroWireload          tcbn28hpcplusbwp40p140ssg0p81v0p9v0c
  rfu                ZeroWireload          tcbn28hpcplusbwp40p140ssg0p81v0p9v0c
  cpu_m1_top         ZeroWireload          tcbn28hpcplusbwp40p140ssg0p81v0p9v0c

  Point                                                   Incr       Path
  --------------------------------------------------------------------------
  clock clk (rise edge)                                   0.00       0.00
  clock network delay (ideal)                             0.00       0.00
  input external delay                                    0.10       0.10 r
  dm_acc_regno[3] (in)                                    0.00       0.10 r
  u_core/dm_acc_regno[3] (core_00000000_0_0)              0.00       0.10 r
  u_core/u_rfu/dbg_acc_idx[3] (rfu)                       0.00       0.10 r
  u_core/u_rfu/B_20/Z (GTECH_BUF)                         0.00       0.10 r
  u_core/u_rfu/C2342/Z_21 (*MUX_OP_32_5_32)               0.00       0.10 r
  u_core/u_rfu/C2336/Z_10 (*SELECT_OP_2.32_2.1_32)        0.00       0.10 r
  u_core/u_rfu/dbg_acc_rdata[10] (rfu)                    0.00       0.10 r
  u_core/C5462/Z_10 (*SELECT_OP_3.32_3.1_32)              0.00       0.10 r
  u_core/dm_acc_rdata[10] (core_00000000_0_0)             0.00       0.10 r
  dm_acc_rdata[10] (out)                                  0.00       0.10 r
  data arrival time                                                  0.10

  clock clk (rise edge)                                   1.43       1.43
  clock network delay (ideal)                             0.00       1.43
  clock uncertainty                                      -0.05       1.38
  output external delay                                  -0.10       1.28
  data required time                                                 1.28
  --------------------------------------------------------------------------
  data required time                                                 1.28
  data arrival time                                                 -0.10
  --------------------------------------------------------------------------
  slack (MET)                                                        1.18


  Startpoint: dm_acc_regno[4]
              (input port clocked by clk)
  Endpoint: dm_acc_rdata[10]
            (output port clocked by clk)
  Path Group: clk
  Path Type: max

  Des/Clust/Port     Wire Load Model       Library
  ------------------------------------------------
  core_00000000_0_0  ZeroWireload          tcbn28hpcplusbwp40p140ssg0p81v0p9v0c
  csr_RV32A0_PMP_ENTRIES0
                     ZeroWireload          tcbn28hpcplusbwp40p140ssg0p81v0p9v0c
  rfu                ZeroWireload          tcbn28hpcplusbwp40p140ssg0p81v0p9v0c
  cpu_m1_top         ZeroWireload          tcbn28hpcplusbwp40p140ssg0p81v0p9v0c

  Point                                                   Incr       Path
  --------------------------------------------------------------------------
  clock clk (rise edge)                                   0.00       0.00
  clock network delay (ideal)                             0.00       0.00
  input external delay                                    0.10       0.10 r
  dm_acc_regno[4] (in)                                    0.00       0.10 r
  u_core/dm_acc_regno[4] (core_00000000_0_0)              0.00       0.10 r
  u_core/u_rfu/dbg_acc_idx[4] (rfu)                       0.00       0.10 r
  u_core/u_rfu/B_21/Z (GTECH_BUF)                         0.00       0.10 r
  u_core/u_rfu/C2342/Z_21 (*MUX_OP_32_5_32)               0.00       0.10 r
  u_core/u_rfu/C2336/Z_10 (*SELECT_OP_2.32_2.1_32)        0.00       0.10 r
  u_core/u_rfu/dbg_acc_rdata[10] (rfu)                    0.00       0.10 r
  u_core/C5462/Z_10 (*SELECT_OP_3.32_3.1_32)              0.00       0.10 r
  u_core/dm_acc_rdata[10] (core_00000000_0_0)             0.00       0.10 r
  dm_acc_rdata[10] (out)                                  0.00       0.10 r
  data arrival time                                                  0.10

  clock clk (rise edge)                                   1.43       1.43
  clock network delay (ideal)                             0.00       1.43
  clock uncertainty                                      -0.05       1.38
  output external delay                                  -0.10       1.28
  data required time                                                 1.28
  --------------------------------------------------------------------------
  data required time                                                 1.28
  data arrival time                                                 -0.10
  --------------------------------------------------------------------------
  slack (MET)                                                        1.18


  Startpoint: dm_acc_regno[0]
              (input port clocked by clk)
  Endpoint: dm_acc_rdata[0]
            (output port clocked by clk)
  Path Group: clk
  Path Type: max

  Des/Clust/Port     Wire Load Model       Library
  ------------------------------------------------
  core_00000000_0_0  ZeroWireload          tcbn28hpcplusbwp40p140ssg0p81v0p9v0c
  csr_RV32A0_PMP_ENTRIES0
                     ZeroWireload          tcbn28hpcplusbwp40p140ssg0p81v0p9v0c
  rfu                ZeroWireload          tcbn28hpcplusbwp40p140ssg0p81v0p9v0c
  cpu_m1_top         ZeroWireload          tcbn28hpcplusbwp40p140ssg0p81v0p9v0c

  Point                                                   Incr       Path
  --------------------------------------------------------------------------
  clock clk (rise edge)                                   0.00       0.00
  clock network delay (ideal)                             0.00       0.00
  input external delay                                    0.10       0.10 r
  dm_acc_regno[0] (in)                                    0.00       0.10 r
  u_core/dm_acc_regno[0] (core_00000000_0_0)              0.00       0.10 r
  u_core/u_rfu/dbg_acc_idx[0] (rfu)                       0.00       0.10 r
  u_core/u_rfu/B_17/Z (GTECH_BUF)                         0.00       0.10 r
  u_core/u_rfu/C2342/Z_31 (*MUX_OP_32_5_32)               0.00       0.10 r
  u_core/u_rfu/C2336/Z_0 (*SELECT_OP_2.32_2.1_32)         0.00       0.10 r
  u_core/u_rfu/dbg_acc_rdata[0] (rfu)                     0.00       0.10 r
  u_core/C5462/Z_0 (*SELECT_OP_3.32_3.1_32)               0.00       0.10 r
  u_core/dm_acc_rdata[0] (core_00000000_0_0)              0.00       0.10 r
  dm_acc_rdata[0] (out)                                   0.00       0.10 r
  data arrival time                                                  0.10

  clock clk (rise edge)                                   1.43       1.43
  clock network delay (ideal)                             0.00       1.43
  clock uncertainty                                      -0.05       1.38
  output external delay                                  -0.10       1.28
  data required time                                                 1.28
  --------------------------------------------------------------------------
  data required time                                                 1.28
  data arrival time                                                 -0.10
  --------------------------------------------------------------------------
  slack (MET)                                                        1.18


  Startpoint: dm_acc_regno[1]
              (input port clocked by clk)
  Endpoint: dm_acc_rdata[0]
            (output port clocked by clk)
  Path Group: clk
  Path Type: max

  Des/Clust/Port     Wire Load Model       Library
  ------------------------------------------------
  core_00000000_0_0  ZeroWireload          tcbn28hpcplusbwp40p140ssg0p81v0p9v0c
  csr_RV32A0_PMP_ENTRIES0
                     ZeroWireload          tcbn28hpcplusbwp40p140ssg0p81v0p9v0c
  rfu                ZeroWireload          tcbn28hpcplusbwp40p140ssg0p81v0p9v0c
  cpu_m1_top         ZeroWireload          tcbn28hpcplusbwp40p140ssg0p81v0p9v0c

  Point                                                   Incr       Path
  --------------------------------------------------------------------------
  clock clk (rise edge)                                   0.00       0.00
  clock network delay (ideal)                             0.00       0.00
  input external delay                                    0.10       0.10 r
  dm_acc_regno[1] (in)                                    0.00       0.10 r
  u_core/dm_acc_regno[1] (core_00000000_0_0)              0.00       0.10 r
  u_core/u_rfu/dbg_acc_idx[1] (rfu)                       0.00       0.10 r
  u_core/u_rfu/B_18/Z (GTECH_BUF)                         0.00       0.10 r
  u_core/u_rfu/C2342/Z_31 (*MUX_OP_32_5_32)               0.00       0.10 r
  u_core/u_rfu/C2336/Z_0 (*SELECT_OP_2.32_2.1_32)         0.00       0.10 r
  u_core/u_rfu/dbg_acc_rdata[0] (rfu)                     0.00       0.10 r
  u_core/C5462/Z_0 (*SELECT_OP_3.32_3.1_32)               0.00       0.10 r
  u_core/dm_acc_rdata[0] (core_00000000_0_0)              0.00       0.10 r
  dm_acc_rdata[0] (out)                                   0.00       0.10 r
  data arrival time                                                  0.10

  clock clk (rise edge)                                   1.43       1.43
  clock network delay (ideal)                             0.00       1.43
  clock uncertainty                                      -0.05       1.38
  output external delay                                  -0.10       1.28
  data required time                                                 1.28
  --------------------------------------------------------------------------
  data required time                                                 1.28
  data arrival time                                                 -0.10
  --------------------------------------------------------------------------
  slack (MET)                                                        1.18


  Startpoint: dm_acc_regno[2]
              (input port clocked by clk)
  Endpoint: dm_acc_rdata[0]
            (output port clocked by clk)
  Path Group: clk
  Path Type: max

  Des/Clust/Port     Wire Load Model       Library
  ------------------------------------------------
  core_00000000_0_0  ZeroWireload          tcbn28hpcplusbwp40p140ssg0p81v0p9v0c
  csr_RV32A0_PMP_ENTRIES0
                     ZeroWireload          tcbn28hpcplusbwp40p140ssg0p81v0p9v0c
  rfu                ZeroWireload          tcbn28hpcplusbwp40p140ssg0p81v0p9v0c
  cpu_m1_top         ZeroWireload          tcbn28hpcplusbwp40p140ssg0p81v0p9v0c

  Point                                                   Incr       Path
  --------------------------------------------------------------------------
  clock clk (rise edge)                                   0.00       0.00
  clock network delay (ideal)                             0.00       0.00
  input external delay                                    0.10       0.10 r
  dm_acc_regno[2] (in)                                    0.00       0.10 r
  u_core/dm_acc_regno[2] (core_00000000_0_0)              0.00       0.10 r
  u_core/u_rfu/dbg_acc_idx[2] (rfu)                       0.00       0.10 r
  u_core/u_rfu/B_19/Z (GTECH_BUF)                         0.00       0.10 r
  u_core/u_rfu/C2342/Z_31 (*MUX_OP_32_5_32)               0.00       0.10 r
  u_core/u_rfu/C2336/Z_0 (*SELECT_OP_2.32_2.1_32)         0.00       0.10 r
  u_core/u_rfu/dbg_acc_rdata[0] (rfu)                     0.00       0.10 r
  u_core/C5462/Z_0 (*SELECT_OP_3.32_3.1_32)               0.00       0.10 r
  u_core/dm_acc_rdata[0] (core_00000000_0_0)              0.00       0.10 r
  dm_acc_rdata[0] (out)                                   0.00       0.10 r
  data arrival time                                                  0.10

  clock clk (rise edge)                                   1.43       1.43
  clock network delay (ideal)                             0.00       1.43
  clock uncertainty                                      -0.05       1.38
  output external delay                                  -0.10       1.28
  data required time                                                 1.28
  --------------------------------------------------------------------------
  data required time                                                 1.28
  data arrival time                                                 -0.10
  --------------------------------------------------------------------------
  slack (MET)                                                        1.18


  Startpoint: dm_acc_regno[3]
              (input port clocked by clk)
  Endpoint: dm_acc_rdata[0]
            (output port clocked by clk)
  Path Group: clk
  Path Type: max

  Des/Clust/Port     Wire Load Model       Library
  ------------------------------------------------
  core_00000000_0_0  ZeroWireload          tcbn28hpcplusbwp40p140ssg0p81v0p9v0c
  csr_RV32A0_PMP_ENTRIES0
                     ZeroWireload          tcbn28hpcplusbwp40p140ssg0p81v0p9v0c
  rfu                ZeroWireload          tcbn28hpcplusbwp40p140ssg0p81v0p9v0c
  cpu_m1_top         ZeroWireload          tcbn28hpcplusbwp40p140ssg0p81v0p9v0c

  Point                                                   Incr       Path
  --------------------------------------------------------------------------
  clock clk (rise edge)                                   0.00       0.00
  clock network delay (ideal)                             0.00       0.00
  input external delay                                    0.10       0.10 r
  dm_acc_regno[3] (in)                                    0.00       0.10 r
  u_core/dm_acc_regno[3] (core_00000000_0_0)              0.00       0.10 r
  u_core/u_rfu/dbg_acc_idx[3] (rfu)                       0.00       0.10 r
  u_core/u_rfu/B_20/Z (GTECH_BUF)                         0.00       0.10 r
  u_core/u_rfu/C2342/Z_31 (*MUX_OP_32_5_32)               0.00       0.10 r
  u_core/u_rfu/C2336/Z_0 (*SELECT_OP_2.32_2.1_32)         0.00       0.10 r
  u_core/u_rfu/dbg_acc_rdata[0] (rfu)                     0.00       0.10 r
  u_core/C5462/Z_0 (*SELECT_OP_3.32_3.1_32)               0.00       0.10 r
  u_core/dm_acc_rdata[0] (core_00000000_0_0)              0.00       0.10 r
  dm_acc_rdata[0] (out)                                   0.00       0.10 r
  data arrival time                                                  0.10

  clock clk (rise edge)                                   1.43       1.43
  clock network delay (ideal)                             0.00       1.43
  clock uncertainty                                      -0.05       1.38
  output external delay                                  -0.10       1.28
  data required time                                                 1.28
  --------------------------------------------------------------------------
  data required time                                                 1.28
  data arrival time                                                 -0.10
  --------------------------------------------------------------------------
  slack (MET)                                                        1.18


  Startpoint: dm_acc_regno[4]
              (input port clocked by clk)
  Endpoint: dm_acc_rdata[0]
            (output port clocked by clk)
  Path Group: clk
  Path Type: max

  Des/Clust/Port     Wire Load Model       Library
  ------------------------------------------------
  core_00000000_0_0  ZeroWireload          tcbn28hpcplusbwp40p140ssg0p81v0p9v0c
  csr_RV32A0_PMP_ENTRIES0
                     ZeroWireload          tcbn28hpcplusbwp40p140ssg0p81v0p9v0c
  rfu                ZeroWireload          tcbn28hpcplusbwp40p140ssg0p81v0p9v0c
  cpu_m1_top         ZeroWireload          tcbn28hpcplusbwp40p140ssg0p81v0p9v0c

  Point                                                   Incr       Path
  --------------------------------------------------------------------------
  clock clk (rise edge)                                   0.00       0.00
  clock network delay (ideal)                             0.00       0.00
  input external delay                                    0.10       0.10 r
  dm_acc_regno[4] (in)                                    0.00       0.10 r
  u_core/dm_acc_regno[4] (core_00000000_0_0)              0.00       0.10 r
  u_core/u_rfu/dbg_acc_idx[4] (rfu)                       0.00       0.10 r
  u_core/u_rfu/B_21/Z (GTECH_BUF)                         0.00       0.10 r
  u_core/u_rfu/C2342/Z_31 (*MUX_OP_32_5_32)               0.00       0.10 r
  u_core/u_rfu/C2336/Z_0 (*SELECT_OP_2.32_2.1_32)         0.00       0.10 r
  u_core/u_rfu/dbg_acc_rdata[0] (rfu)                     0.00       0.10 r
  u_core/C5462/Z_0 (*SELECT_OP_3.32_3.1_32)               0.00       0.10 r
  u_core/dm_acc_rdata[0] (core_00000000_0_0)              0.00       0.10 r
  dm_acc_rdata[0] (out)                                   0.00       0.10 r
  data arrival time                                                  0.10

  clock clk (rise edge)                                   1.43       1.43
  clock network delay (ideal)                             0.00       1.43
  clock uncertainty                                      -0.05       1.38
  output external delay                                  -0.10       1.28
  data required time                                                 1.28
  --------------------------------------------------------------------------
  data required time                                                 1.28
  data arrival time                                                 -0.10
  --------------------------------------------------------------------------
  slack (MET)                                                        1.18


  Startpoint: dm_acc_en (input port clocked by clk)
  Endpoint: dm_acc_err (output port clocked by clk)
  Path Group: clk
  Path Type: max

  Des/Clust/Port     Wire Load Model       Library
  ------------------------------------------------
  cpu_m1_top         ZeroWireload          tcbn28hpcplusbwp40p140ssg0p81v0p9v0c
  core_00000000_0_0  ZeroWireload          tcbn28hpcplusbwp40p140ssg0p81v0p9v0c

  Point                                                   Incr       Path
  --------------------------------------------------------------------------
  clock clk (rise edge)                                   0.00       0.00
  clock network delay (ideal)                             0.00       0.00
  input external delay                                    0.10       0.10 r
  dm_acc_en (in)                                          0.00       0.10 r
  u_core/dm_acc_en (core_00000000_0_0)                    0.00       0.10 r
  u_core/C6533/Z (GTECH_AND2)                             0.00       0.10 r
  u_core/dm_acc_err (core_00000000_0_0)                   0.00       0.10 r
  dm_acc_err (out)                                        0.00       0.10 r
  data arrival time                                                  0.10

  clock clk (rise edge)                                   1.43       1.43
  clock network delay (ideal)                             0.00       1.43
  clock uncertainty                                      -0.05       1.38
  output external delay                                  -0.10       1.28
  data required time                                                 1.28
  --------------------------------------------------------------------------
  data required time                                                 1.28
  data arrival time                                                 -0.10
  --------------------------------------------------------------------------
  slack (MET)                                                        1.18


  Startpoint: meip (input port clocked by clk)
  Endpoint: dbg_state[1]
            (output port clocked by clk)
  Path Group: clk
  Path Type: max

  Des/Clust/Port     Wire Load Model       Library
  ------------------------------------------------
  csr_RV32A0_PMP_ENTRIES0
                     ZeroWireload          tcbn28hpcplusbwp40p140ssg0p81v0p9v0c
  cpu_m1_top         ZeroWireload          tcbn28hpcplusbwp40p140ssg0p81v0p9v0c
  core_00000000_0_0  ZeroWireload          tcbn28hpcplusbwp40p140ssg0p81v0p9v0c

  Point                                                   Incr       Path
  --------------------------------------------------------------------------
  clock clk (rise edge)                                   0.00       0.00
  clock network delay (ideal)                             0.00       0.00
  input external delay                                    0.10       0.10 r
  meip (in)                                               0.00       0.10 r
  u_core/meip (core_00000000_0_0)                         0.00       0.10 r
  u_core/u_csr/meip (csr_RV32A0_PMP_ENTRIES0)             0.00       0.10 r
  u_core/u_csr/C8734/Z (GTECH_OR2)                        0.00       0.10 r
  u_core/u_csr/C8733/Z (GTECH_AND2)                       0.00       0.10 r
  u_core/u_csr/C8739/Z (GTECH_OR2)                        0.00       0.10 r
  u_core/u_csr/C8738/Z (GTECH_OR2)                        0.00       0.10 r
  u_core/u_csr/C8737/Z (GTECH_AND2)                       0.00       0.10 r
  u_core/u_csr/irq_pending (csr_RV32A0_PMP_ENTRIES0)      0.00       0.10 r
  u_core/C5857/Z (GTECH_AND2)                             0.00       0.10 r
  u_core/C6336/Z (GTECH_AND2)                             0.00       0.10 r
  u_core/C6335/Z (GTECH_AND2)                             0.00       0.10 r
  u_core/C6334/Z (GTECH_AND2)                             0.00       0.10 r
  u_core/C6333/Z (GTECH_AND2)                             0.00       0.10 r
  u_core/C6332/Z (GTECH_AND2)                             0.00       0.10 r
  u_core/C6331/Z (GTECH_AND2)                             0.00       0.10 r
  u_core/C6330/Z (GTECH_AND2)                             0.00       0.10 r
  u_core/dbg_state[1] (core_00000000_0_0)                 0.00       0.10 r
  dbg_state[1] (out)                                      0.00       0.10 r
  data arrival time                                                  0.10

  clock clk (rise edge)                                   1.43       1.43
  clock network delay (ideal)                             0.00       1.43
  clock uncertainty                                      -0.05       1.38
  output external delay                                  -0.10       1.28
  data required time                                                 1.28
  --------------------------------------------------------------------------
  data required time                                                 1.28
  data arrival time                                                 -0.10
  --------------------------------------------------------------------------
  slack (MET)                                                        1.18


  Startpoint: msip (input port clocked by clk)
  Endpoint: dbg_state[1]
            (output port clocked by clk)
  Path Group: clk
  Path Type: max

  Des/Clust/Port     Wire Load Model       Library
  ------------------------------------------------
  csr_RV32A0_PMP_ENTRIES0
                     ZeroWireload          tcbn28hpcplusbwp40p140ssg0p81v0p9v0c
  cpu_m1_top         ZeroWireload          tcbn28hpcplusbwp40p140ssg0p81v0p9v0c
  core_00000000_0_0  ZeroWireload          tcbn28hpcplusbwp40p140ssg0p81v0p9v0c

  Point                                                   Incr       Path
  --------------------------------------------------------------------------
  clock clk (rise edge)                                   0.00       0.00
  clock network delay (ideal)                             0.00       0.00
  input external delay                                    0.10       0.10 r
  msip (in)                                               0.00       0.10 r
  u_core/msip (core_00000000_0_0)                         0.00       0.10 r
  u_core/u_csr/msip (csr_RV32A0_PMP_ENTRIES0)             0.00       0.10 r
  u_core/u_csr/C8735/Z (GTECH_AND2)                       0.00       0.10 r
  u_core/u_csr/C8739/Z (GTECH_OR2)                        0.00       0.10 r
  u_core/u_csr/C8738/Z (GTECH_OR2)                        0.00       0.10 r
  u_core/u_csr/C8737/Z (GTECH_AND2)                       0.00       0.10 r
  u_core/u_csr/irq_pending (csr_RV32A0_PMP_ENTRIES0)      0.00       0.10 r
  u_core/C5857/Z (GTECH_AND2)                             0.00       0.10 r
  u_core/C6336/Z (GTECH_AND2)                             0.00       0.10 r
  u_core/C6335/Z (GTECH_AND2)                             0.00       0.10 r
  u_core/C6334/Z (GTECH_AND2)                             0.00       0.10 r
  u_core/C6333/Z (GTECH_AND2)                             0.00       0.10 r
  u_core/C6332/Z (GTECH_AND2)                             0.00       0.10 r
  u_core/C6331/Z (GTECH_AND2)                             0.00       0.10 r
  u_core/C6330/Z (GTECH_AND2)                             0.00       0.10 r
  u_core/dbg_state[1] (core_00000000_0_0)                 0.00       0.10 r
  dbg_state[1] (out)                                      0.00       0.10 r
  data arrival time                                                  0.10

  clock clk (rise edge)                                   1.43       1.43
  clock network delay (ideal)                             0.00       1.43
  clock uncertainty                                      -0.05       1.38
  output external delay                                  -0.10       1.28
  data required time                                                 1.28
  --------------------------------------------------------------------------
  data required time                                                 1.28
  data arrival time                                                 -0.10
  --------------------------------------------------------------------------
  slack (MET)                                                        1.18


  Startpoint: mtip (input port clocked by clk)
  Endpoint: dbg_state[1]
            (output port clocked by clk)
  Path Group: clk
  Path Type: max

  Des/Clust/Port     Wire Load Model       Library
  ------------------------------------------------
  csr_RV32A0_PMP_ENTRIES0
                     ZeroWireload          tcbn28hpcplusbwp40p140ssg0p81v0p9v0c
  cpu_m1_top         ZeroWireload          tcbn28hpcplusbwp40p140ssg0p81v0p9v0c
  core_00000000_0_0  ZeroWireload          tcbn28hpcplusbwp40p140ssg0p81v0p9v0c

  Point                                                   Incr       Path
  --------------------------------------------------------------------------
  clock clk (rise edge)                                   0.00       0.00
  clock network delay (ideal)                             0.00       0.00
  input external delay                                    0.10       0.10 r
  mtip (in)                                               0.00       0.10 r
  u_core/mtip (core_00000000_0_0)                         0.00       0.10 r
  u_core/u_csr/mtip (csr_RV32A0_PMP_ENTRIES0)             0.00       0.10 r
  u_core/u_csr/C8736/Z (GTECH_AND2)                       0.00       0.10 r
  u_core/u_csr/C8738/Z (GTECH_OR2)                        0.00       0.10 r
  u_core/u_csr/C8737/Z (GTECH_AND2)                       0.00       0.10 r
  u_core/u_csr/irq_pending (csr_RV32A0_PMP_ENTRIES0)      0.00       0.10 r
  u_core/C5857/Z (GTECH_AND2)                             0.00       0.10 r
  u_core/C6336/Z (GTECH_AND2)                             0.00       0.10 r
  u_core/C6335/Z (GTECH_AND2)                             0.00       0.10 r
  u_core/C6334/Z (GTECH_AND2)                             0.00       0.10 r
  u_core/C6333/Z (GTECH_AND2)                             0.00       0.10 r
  u_core/C6332/Z (GTECH_AND2)                             0.00       0.10 r
  u_core/C6331/Z (GTECH_AND2)                             0.00       0.10 r
  u_core/C6330/Z (GTECH_AND2)                             0.00       0.10 r
  u_core/dbg_state[1] (core_00000000_0_0)                 0.00       0.10 r
  dbg_state[1] (out)                                      0.00       0.10 r
  data arrival time                                                  0.10

  clock clk (rise edge)                                   1.43       1.43
  clock network delay (ideal)                             0.00       1.43
  clock uncertainty                                      -0.05       1.38
  output external delay                                  -0.10       1.28
  data required time                                                 1.28
  --------------------------------------------------------------------------
  data required time                                                 1.28
  data arrival time                                                 -0.10
  --------------------------------------------------------------------------
  slack (MET)                                                        1.18


  Startpoint: resetn (input port clocked by clk)
  Endpoint: dbg_state[1]
            (output port clocked by clk)
  Path Group: clk
  Path Type: max

  Des/Clust/Port     Wire Load Model       Library
  ------------------------------------------------
  csr_RV32A0_PMP_ENTRIES0
                     ZeroWireload          tcbn28hpcplusbwp40p140ssg0p81v0p9v0c
  div                ZeroWireload          tcbn28hpcplusbwp40p140ssg0p81v0p9v0c
  mul                ZeroWireload          tcbn28hpcplusbwp40p140ssg0p81v0p9v0c
  rfu                ZeroWireload          tcbn28hpcplusbwp40p140ssg0p81v0p9v0c
  ifu_00000000       ZeroWireload          tcbn28hpcplusbwp40p140ssg0p81v0p9v0c
  ras                ZeroWireload          tcbn28hpcplusbwp40p140ssg0p81v0p9v0c
  bp                 ZeroWireload          tcbn28hpcplusbwp40p140ssg0p81v0p9v0c
  cpu_m1_top         ZeroWireload          tcbn28hpcplusbwp40p140ssg0p81v0p9v0c
  core_00000000_0_0  ZeroWireload          tcbn28hpcplusbwp40p140ssg0p81v0p9v0c

  Point                                                   Incr       Path
  --------------------------------------------------------------------------
  clock clk (rise edge)                                   0.00       0.00
  clock network delay (ideal)                             0.00       0.00
  input external delay                                    0.10       0.10 r
  resetn (in)                                             0.00       0.10 r
  C553/Z (GTECH_AND2)                                     0.00       0.10 r
  u_core/mem_stall (core_00000000_0_0)                    0.00       0.10 r
  u_core/C5469/Z (GTECH_OR2)                              0.00       0.10 r
  u_core/I_62/Z (GTECH_NOT)                               0.00       0.10 f
  u_core/C6018/Z (GTECH_AND2)                             0.00       0.10 f
  u_core/I_239/Z (GTECH_NOT)                              0.00       0.10 r
  u_core/C6331/Z (GTECH_AND2)                             0.00       0.10 r
  u_core/C6330/Z (GTECH_AND2)                             0.00       0.10 r
  u_core/dbg_state[1] (core_00000000_0_0)                 0.00       0.10 r
  dbg_state[1] (out)                                      0.00       0.10 r
  data arrival time                                                  0.10

  clock clk (rise edge)                                   1.43       1.43
  clock network delay (ideal)                             0.00       1.43
  clock uncertainty                                      -0.05       1.38
  output external delay                                  -0.10       1.28
  data required time                                                 1.28
  --------------------------------------------------------------------------
  data required time                                                 1.28
  data arrival time                                                 -0.10
  --------------------------------------------------------------------------
  slack (MET)                                                        1.18


  Startpoint: resetn (input port clocked by clk)
  Endpoint: dbg_state[1]
            (output port clocked by clk)
  Path Group: clk
  Path Type: max

  Des/Clust/Port     Wire Load Model       Library
  ------------------------------------------------
  csr_RV32A0_PMP_ENTRIES0
                     ZeroWireload          tcbn28hpcplusbwp40p140ssg0p81v0p9v0c
  div                ZeroWireload          tcbn28hpcplusbwp40p140ssg0p81v0p9v0c
  mul                ZeroWireload          tcbn28hpcplusbwp40p140ssg0p81v0p9v0c
  rfu                ZeroWireload          tcbn28hpcplusbwp40p140ssg0p81v0p9v0c
  ifu_00000000       ZeroWireload          tcbn28hpcplusbwp40p140ssg0p81v0p9v0c
  ras                ZeroWireload          tcbn28hpcplusbwp40p140ssg0p81v0p9v0c
  bp                 ZeroWireload          tcbn28hpcplusbwp40p140ssg0p81v0p9v0c
  cpu_m1_top         ZeroWireload          tcbn28hpcplusbwp40p140ssg0p81v0p9v0c
  core_00000000_0_0  ZeroWireload          tcbn28hpcplusbwp40p140ssg0p81v0p9v0c

  Point                                                   Incr       Path
  --------------------------------------------------------------------------
  clock clk (rise edge)                                   0.00       0.00
  clock network delay (ideal)                             0.00       0.00
  input external delay                                    0.10       0.10 f
  resetn (in)                                             0.00       0.10 f
  C553/Z (GTECH_AND2)                                     0.00       0.10 f
  u_core/mem_stall (core_00000000_0_0)                    0.00       0.10 f
  u_core/C5469/Z (GTECH_OR2)                              0.00       0.10 f
  u_core/I_62/Z (GTECH_NOT)                               0.00       0.10 r
  u_core/C6330/Z (GTECH_AND2)                             0.00       0.10 r
  u_core/dbg_state[1] (core_00000000_0_0)                 0.00       0.10 r
  dbg_state[1] (out)                                      0.00       0.10 r
  data arrival time                                                  0.10

  clock clk (rise edge)                                   1.43       1.43
  clock network delay (ideal)                             0.00       1.43
  clock uncertainty                                      -0.05       1.38
  output external delay                                  -0.10       1.28
  data required time                                                 1.28
  --------------------------------------------------------------------------
  data required time                                                 1.28
  data arrival time                                                 -0.10
  --------------------------------------------------------------------------
  slack (MET)                                                        1.18


1
