Info: [VCS_SAVE_RESTORE_INFO] ASLR (Address Space Layout Randomization) is detected on the machine. To enable $save functionality, ASLR will be switched off and simv re-executed.
Please use '-no_save' simv switch to avoid this.

                           Design Compiler Graphical 
                                 DC Ultra (TM)
                                  DFTMAX (TM)
                              Power Compiler (TM)
                                 DesignWare (R)
                                 DC Expert (TM)
                               Design Vision (TM)
                               HDL Compiler (TM)
                               VHDL Compiler (TM)
                                  DFT Compiler
                               Design Compiler(R)

               Version X-2025.06-SP2 for linux64 - Aug 27, 2025 

                    Copyright (c) 1988 - 2025 Synopsys, Inc.
   This software and the associated documentation are proprietary to Synopsys,
 Inc. This software may only be used in accordance with the terms and conditions
 of a written license agreement with Synopsys, Inc. All other use, reproduction,
   or distribution of this software is strictly prohibited.  Licensed Products
     communicate with Synopsys servers for the purpose of providing software
    updates, detecting software piracy and verifying that customers are using
    Licensed Products in conformity with the applicable License Key for such
  Licensed Products. Synopsys will use information gathered in connection with
    this process to deliver software updates and pursue software pirates and
                                   infringers.

 Inclusivity & Diversity - Visit SolvNetPlus to read the "Synopsys Statement on
            Inclusivity and Diversity" (Refer to article 000036315 at
                        https://solvnetplus.synopsys.com)
Initializing...
Initializing gui preferences from file  /home/edauser/.synopsys_dc_gui/preferences.tcl
Current time:       Fri Jun 12 10:13:08 2026
Hostname:           eda
CPU Model:          AMD RYZEN AI MAX+ 395 w/ Radeon 8060S
CPU Details:        Cores = 24 : Sockets = 1 : Cache Size = 1024 KB : Freq = 2.99 GHz
OS:                 Linux 6.6.114.1-microsoft-standard-WSL2
RAM:                 94 GB (Free  86 GB)
Swap:                24 GB (Free  22 GB)
Work Filesystem:    / mounted to /dev/sdd
Tmp Filesystem:     / mounted to /dev/sdd
Work Disk:          1006 GB (Free 666 GB)
Tmp Disk:           1006 GB (Free 666 GB)

CPU Load: 10%, Ram Free: 86 GB, Swap Free: 22 GB, Work Disk Free: 666 GB, Tmp Disk Free: 666 GB
set top_name cpu_m1_top
cpu_m1_top
set target_period_ns 1.43
1.43
set target_library_path "/home/edauser/project/PDK/TSMC28/logic/tcbn28hpcplusbwp40p140_180b/AN61001_20180509/TSMCHOME/digital/Front_End/timing_power_noise/NLDM/tcbn28hpcplusbwp40p140_180a/tcbn28hpcplusbwp40p140ssg0p81v0p9v0c.db"
/home/edauser/project/PDK/TSMC28/logic/tcbn28hpcplusbwp40p140_180b/AN61001_20180509/TSMCHOME/digital/Front_End/timing_power_noise/NLDM/tcbn28hpcplusbwp40p140_180a/tcbn28hpcplusbwp40p140ssg0p81v0p9v0c.db
set_app_var search_path [list . ../../../IP/cpu_m1/rtl/pipeline_v2/ch2_lab08e [file dirname $target_library_path]]
. ../../../IP/cpu_m1/rtl/pipeline_v2/ch2_lab08e /home/edauser/project/PDK/TSMC28/logic/tcbn28hpcplusbwp40p140_180b/AN61001_20180509/TSMCHOME/digital/Front_End/timing_power_noise/NLDM/tcbn28hpcplusbwp40p140_180a
set_app_var target_library [list $target_library_path]
/home/edauser/project/PDK/TSMC28/logic/tcbn28hpcplusbwp40p140_180b/AN61001_20180509/TSMCHOME/digital/Front_End/timing_power_noise/NLDM/tcbn28hpcplusbwp40p140_180a/tcbn28hpcplusbwp40p140ssg0p81v0p9v0c.db
set_app_var link_library [concat "*" [list $target_library_path] [list dw_foundation.sldb]]
* /home/edauser/project/PDK/TSMC28/logic/tcbn28hpcplusbwp40p140_180b/AN61001_20180509/TSMCHOME/digital/Front_End/timing_power_noise/NLDM/tcbn28hpcplusbwp40p140_180a/tcbn28hpcplusbwp40p140ssg0p81v0p9v0c.db dw_foundation.sldb
set_app_var synthetic_library [list dw_foundation.sldb]
dw_foundation.sldb
set_app_var hdlin_enable_vpp true
Information: Variable 'hdlin_enable_vpp' is obsolete and is being ignored. (INFO-100)
true
set_app_var hdlin_infer_multibit default_all
default_all
file mkdir reports db work logs
define_design_lib WORK -path work
1
analyze -format verilog -vcs "-f files.f"
Running PRESTO HDLC
Compiling source file ../../../IP/cpu_m1/rtl/rfu.v
Opening include file ../../../IP/cpu_m1/rtl/def.vh
Compiling source file ../../../IP/cpu_m1/rtl/alu.v
Opening include file ../../../IP/cpu_m1/rtl/def.vh
Compiling source file ../../../IP/cpu_m1/rtl/bmu.v
Opening include file ../../../IP/cpu_m1/rtl/def.vh
Compiling source file ../../../IP/cpu_m1/rtl/idu.v
Opening include file ../../../IP/cpu_m1/rtl/def.vh
Compiling source file ../../../IP/cpu_m1/rtl/ifu.v
Opening include file ../../../IP/cpu_m1/rtl/def.vh
Compiling source file ../../../IP/cpu_m1/rtl/lsu.v
Opening include file ../../../IP/cpu_m1/rtl/def.vh
Compiling source file ../../../IP/cpu_m1/rtl/csr.v
Opening include file ../../../IP/cpu_m1/rtl/def.vh
Compiling source file ../../../IP/cpu_m1/rtl/mul.v
Opening include file ../../../IP/cpu_m1/rtl/def.vh
Compiling source file ../../../IP/cpu_m1/rtl/div.v
Opening include file ../../../IP/cpu_m1/rtl/def.vh
Compiling source file ../../../IP/cpu_m1/rtl/forward.v
Opening include file ../../../IP/cpu_m1/rtl/def.vh
Compiling source file ../../../IP/cpu_m1/rtl/hazard.v
Opening include file ../../../IP/cpu_m1/rtl/def.vh
Compiling source file ../../../IP/cpu_m1/rtl/bp.v
Opening include file ../../../IP/cpu_m1/rtl/def.vh
Compiling source file ../../../IP/cpu_m1/rtl/ras.v
Opening include file ../../../IP/cpu_m1/rtl/def.vh
Compiling source file ../../../IP/cpu_m1/rtl/cdec.v
Opening include file ../../../IP/cpu_m1/rtl/def.vh
Compiling source file ../../../IP/cpu_m1/rtl/core.v
Opening include file ../../../IP/cpu_m1/rtl/def.vh
Opening include file ../../../IP/cpu_m1/rtl/pmp.v
Compiling source file ../../../IP/cpu_m1/rtl/cpu_m1_top.v
Presto compilation completed successfully.
Loading db file '/home/edauser/project/PDK/TSMC28/logic/tcbn28hpcplusbwp40p140_180b/AN61001_20180509/TSMCHOME/digital/Front_End/timing_power_noise/NLDM/tcbn28hpcplusbwp40p140_180a/tcbn28hpcplusbwp40p140ssg0p81v0p9v0c.db'
Loading db file '/soft/synopsys/syn/X-2025.06-SP2/libraries/syn/dw_foundation.sldb'
1
elaborate $top_name
Loading db file '/soft/synopsys/syn/X-2025.06-SP2/libraries/syn/gtech.db'
Loading db file '/soft/synopsys/syn/X-2025.06-SP2/libraries/syn/standard.sldb'
  Loading link library 'tcbn28hpcplusbwp40p140ssg0p81v0p9v0c'
  Loading link library 'gtech'
Running PRESTO HDLC

Inferred memory devices in process in routine 'cpu_m1_top' in file
	 ../../../IP/cpu_m1/rtl/cpu_m1_top.v'.
==================================================================================
|    Register Name    |   Type    | Width | Bus | MB |  Set  | Reset | ST | Line |
==================================================================================
|    i_addr_q_reg     | Flip-flop |  32   |  Y  | Y  | None  | None  | N  | 115  |
|    i_rdata_q_reg    | Flip-flop |  32   |  Y  | Y  | None  | None  | N  | 115  |
|     primed_reg      | Flip-flop |   1   |  N  | N  | None  | None  | N  | 115  |
|     i_busy_reg      | Flip-flop |   1   |  N  | N  | None  | None  | N  | 115  |
|    d_rdata_q_reg    | Flip-flop |  32   |  Y  | Y  | None  | None  | N  | 142  |
|    d_wdata_q_reg    | Flip-flop |  32   |  Y  | Y  | None  | None  | N  | 142  |
|    d_wstrb_q_reg    | Flip-flop |   4   |  Y  | Y  | None  | None  | N  | 142  |
|     d_busy_reg      | Flip-flop |   1   |  N  | N  | None  | None  | N  | 142  |
|    d_addr_q_reg     | Flip-flop |  32   |  Y  | Y  | None  | None  | N  | 142  |
==================================================================================
Presto compilation completed successfully. (cpu_m1_top)
Module: cpu_m1_top, Ports: 330, Input: 124, Output: 206, Inout: 0
Module: cpu_m1_top, Registers: 167, Async set/reset: 0, Sync set/reset: 0
Information: Module cpu_m1_top report end. (ELAB-965)
Elaborated 1 design.
Current design is now 'cpu_m1_top'.
Information: Building the design 'core' instantiated from design 'cpu_m1_top' with
	the parameters "RESET_PC=32'h00000000,RV32A=0,PMP_ENTRIES=0". (HDL-193)

Statistics for case statements in always block in file
	'../../../IP/cpu_m1/rtl/core.v'
=============================================================
|    Line    |  full/ parallel  |       block location      |
=============================================================
|    564     |    auto/auto     | always block at line 563  |
|    1071    |    auto/auto     | always block at line 1068 |
|    1326    |    auto/auto     | always block at line 1305 |
|    773     |    auto/auto     | always block at line 1305 |
|    1551    |    auto/auto     | always block at line 1547 |
=============================================================

Inferred memory devices in process in routine 'core_00000000_0_0' in file
	 ../../../IP/cpu_m1/rtl/core.v'.
===============================================================================================
|          Register Name           |   Type    | Width | Bus | MB |  Set  | Reset | ST | Line |
===============================================================================================
|            warmup_reg            | Flip-flop |   1   |  N  | N  | None  | None  | N  |  69  |
|       redirect_warmup_reg        | Flip-flop |   1   |  N  | N  | None  | None  | N  | 150  |
|        cross_assemble_reg        | Flip-flop |   1   |  N  | N  | None  | None  | N  | 313  |
|           residue_reg            | Flip-flop |  16   |  Y  | Y  | None  | None  | N  | 313  |
|       if_ex_pmp_fault_reg        | Flip-flop |   1   |  N  | N  | None  | None  | N  | 349  |
|        if_ex_is_16bit_reg        | Flip-flop |   1   |  N  | N  | None  | None  | N  | 349  |
|       if_ex_pmp_mtval_reg        | Flip-flop |  32   |  Y  | Y  | None  | None  | N  | 349  |
|         if_ex_instr_reg          | Flip-flop |  32   |  Y  | Y  | None  | None  | N  | 349  |
|           if_ex_pc_reg           | Flip-flop |  32   |  Y  | Y  | None  | None  | N  | 349  |
|         if_ex_valid_reg          | Flip-flop |   1   |  N  | N  | None  | None  | N  | 349  |
|       if_ex_pred_taken_reg       | Flip-flop |   1   |  N  | N  | None  | None  | N  | 349  |
|        if_ex_pred_ras_reg        | Flip-flop |   1   |  N  | N  | None  | None  | N  | 349  |
|      if_ex_pred_target_reg       | Flip-flop |  32   |  Y  | Y  | None  | None  | N  | 349  |
|    if_ex_pred_ras_target_reg     | Flip-flop |  32   |  Y  | Y  | None  | None  | N  | 349  |
|         md_result_q_reg          | Flip-flop |  32   |  Y  | Y  | None  | None  | N  | 695  |
|          md_started_reg          | Flip-flop |   1   |  N  | N  | None  | None  | N  | 695  |
|       md_result_valid_reg        | Flip-flop |   1   |  N  | N  | None  | None  | N  | 695  |
|    ex_mem_bp_upd_target_r_reg    | Flip-flop |  32   |  Y  | Y  | None  | None  | N  | 1122 |
|      ex_mem_csr_wdata_r_reg      | Flip-flop |  32   |  Y  | Y  | None  | None  | N  | 1122 |
|      ex_mem_bp_upd_pc_r_reg      | Flip-flop |  32   |  Y  | Y  | None  | None  | N  | 1122 |
|    ex_mem_bp_upd_taken_r_reg     | Flip-flop |   1   |  N  | N  | None  | None  | N  | 1122 |
|       ex_mem_csr_op_r_reg        | Flip-flop |   2   |  Y  | Y  | None  | None  | N  | 1122 |
|   ex_mem_pred_ras_target_r_reg   | Flip-flop |  32   |  Y  | Y  | None  | None  | N  | 1122 |
|        ex_mem_valid_r_reg        | Flip-flop |   1   |  N  | N  | None  | None  | N  | 1122 |
|        ex_mem_rd_we_r_reg        | Flip-flop |   1   |  N  | N  | None  | None  | N  | 1122 |
|       ex_mem_is_load_r_reg       | Flip-flop |   1   |  N  | N  | None  | None  | N  | 1122 |
|       ex_mem_is_mul_r_reg        | Flip-flop |   1   |  N  | N  | None  | None  | N  | 1122 |
|      ex_mem_is_store_r_reg       | Flip-flop |   1   |  N  | N  | None  | None  | N  | 1122 |
|       ex_mem_is_amo_r_reg        | Flip-flop |   1   |  N  | N  | None  | None  | N  | 1122 |
|      ex_mem_amo_is_lr_r_reg      | Flip-flop |   1   |  N  | N  | None  | None  | N  | 1122 |
|      ex_mem_amo_is_sc_r_reg      | Flip-flop |   1   |  N  | N  | None  | None  | N  | 1122 |
|       ex_mem_amo_op_r_reg        | Flip-flop |   4   |  Y  | Y  | None  | None  | N  | 1122 |
|     ex_mem_store_wstrb_r_reg     | Flip-flop |   4   |  Y  | Y  | None  | None  | N  | 1122 |
|       ex_mem_is_mret_r_reg       | Flip-flop |   1   |  N  | N  | None  | None  | N  | 1122 |
|       ex_mem_is_dret_r_reg       | Flip-flop |   1   |  N  | N  | None  | None  | N  | 1122 |
|    ex_mem_is_misaligned_r_reg    | Flip-flop |   1   |  N  | N  | None  | None  | N  | 1122 |
| ex_mem_is_misaligned_store_r_reg | Flip-flop |   1   |  N  | N  | None  | None  | N  | 1122 |
|       ex_mem_csr_we_r_reg        | Flip-flop |   1   |  N  | N  | None  | None  | N  | 1122 |
|   ex_mem_is_branch_taken_r_reg   | Flip-flop |   1   |  N  | N  | None  | None  | N  | 1122 |
|       ex_mem_is_jal_r_reg        | Flip-flop |   1   |  N  | N  | None  | None  | N  | 1122 |
|       ex_mem_is_jalr_r_reg       | Flip-flop |   1   |  N  | N  | None  | None  | N  | 1122 |
|       ex_mem_illegal_r_reg       | Flip-flop |   1   |  N  | N  | None  | None  | N  | 1122 |
|      ex_mem_is_ecall_r_reg       | Flip-flop |   1   |  N  | N  | None  | None  | N  | 1122 |
|      ex_mem_is_ebreak_r_reg      | Flip-flop |   1   |  N  | N  | None  | None  | N  | 1122 |
|        ex_mem_instr_r_reg        | Flip-flop |  32   |  Y  | Y  | None  | None  | N  | 1122 |
|     ex_mem_mispredict_r_reg      | Flip-flop |   1   |  N  | N  | None  | None  | N  | 1122 |
|    ex_mem_bp_upd_valid_r_reg     | Flip-flop |   1   |  N  | N  | None  | None  | N  | 1122 |
|      ex_mem_pred_ras_r_reg       | Flip-flop |   1   |  N  | N  | None  | None  | N  | 1122 |
|     ex_mem_trigger_hit_r_reg     | Flip-flop |   1   |  N  | N  | None  | None  | N  | 1122 |
|     ex_mem_trigger_idx_r_reg     | Flip-flop |   2   |  Y  | Y  | None  | None  | N  | 1122 |
|    ex_mem_pmp_if_fault_r_reg     | Flip-flop |   1   |  N  | N  | None  | None  | N  | 1122 |
|    ex_mem_pmp_if_mtval_r_reg     | Flip-flop |  32   |  Y  | Y  | None  | None  | N  | 1122 |
|         ex_mem_pc_r_reg          | Flip-flop |  32   |  Y  | Y  | None  | None  | N  | 1122 |
|     ex_mem_alu_result_r_reg      | Flip-flop |  32   |  Y  | Y  | None  | None  | N  | 1122 |
|      ex_mem_md_result_r_reg      | Flip-flop |  32   |  Y  | Y  | None  | None  | N  | 1122 |
|      ex_mem_pc_plus_4_r_reg      | Flip-flop |  32   |  Y  | Y  | None  | None  | N  | 1122 |
|     ex_mem_pc_plus_imm_r_reg     | Flip-flop |  32   |  Y  | Y  | None  | None  | N  | 1122 |
|      ex_mem_csr_rdata_r_reg      | Flip-flop |  32   |  Y  | Y  | None  | None  | N  | 1122 |
|       ex_mem_rd_idx_r_reg        | Flip-flop |   5   |  Y  | Y  | None  | None  | N  | 1122 |
|       ex_mem_wb_sel_r_reg        | Flip-flop |   3   |  Y  | Y  | None  | None  | N  | 1122 |
|      ex_mem_ls_funct3_r_reg      | Flip-flop |   3   |  Y  | Y  | None  | None  | N  | 1122 |
|       ex_mem_addr_lo_r_reg       | Flip-flop |   2   |  Y  | Y  | None  | None  | N  | 1122 |
|     ex_mem_store_wdata_r_reg     | Flip-flop |  32   |  Y  | Y  | None  | None  | N  | 1122 |
|      ex_mem_csr_addr_r_reg       | Flip-flop |  12   |  Y  | Y  | None  | None  | N  | 1122 |
|         amo_result_r_reg         | Flip-flop |  32   |  Y  | Y  | None  | None  | N  | 1305 |
|         amo_res_addr_reg         | Flip-flop |  30   |  Y  | Y  | None  | None  | N  | 1305 |
|          amo_state_reg           | Flip-flop |   2   |  Y  | Y  | None  | None  | N  | 1305 |
|         amo_wdata_r_reg          | Flip-flop |  32   |  Y  | Y  | None  | None  | N  | 1305 |
|        amo_res_valid_reg         | Flip-flop |   1   |  N  | N  | None  | None  | N  | 1305 |
|    ex_wb_pmp_data_fault_r_reg    | Flip-flop |   1   |  N  | N  | None  | None  | N  | 1370 |
|     ex_wb_pmp_if_fault_r_reg     | Flip-flop |   1   |  N  | N  | None  | None  | N  | 1370 |
|     ex_wb_pmp_if_mtval_r_reg     | Flip-flop |  32   |  Y  | Y  | None  | None  | N  | 1370 |
|    ex_wb_pmp_data_store_r_reg    | Flip-flop |   1   |  N  | N  | None  | None  | N  | 1370 |
|        ex_wb_valid_r_reg         | Flip-flop |   1   |  N  | N  | None  | None  | N  | 1370 |
|          ex_wb_pc_r_reg          | Flip-flop |  32   |  Y  | Y  | None  | None  | N  | 1370 |
|      ex_wb_alu_result_r_reg      | Flip-flop |  32   |  Y  | Y  | None  | None  | N  | 1370 |
|      ex_wb_md_result_r_reg       | Flip-flop |  32   |  Y  | Y  | None  | None  | N  | 1370 |
|      ex_wb_pc_plus_4_r_reg       | Flip-flop |  32   |  Y  | Y  | None  | None  | N  | 1370 |
|     ex_wb_pc_plus_imm_r_reg      | Flip-flop |  32   |  Y  | Y  | None  | None  | N  | 1370 |
|      ex_wb_csr_rdata_r_reg       | Flip-flop |  32   |  Y  | Y  | None  | None  | N  | 1370 |
|        ex_wb_rd_idx_r_reg        | Flip-flop |   5   |  Y  | Y  | None  | None  | N  | 1370 |
|        ex_wb_rd_we_r_reg         | Flip-flop |   1   |  N  | N  | None  | None  | N  | 1370 |
|        ex_wb_wb_sel_r_reg        | Flip-flop |   3   |  Y  | Y  | None  | None  | N  | 1370 |
|       ex_wb_is_load_r_reg        | Flip-flop |   1   |  N  | N  | None  | None  | N  | 1370 |
|        ex_wb_is_amo_r_reg        | Flip-flop |   1   |  N  | N  | None  | None  | N  | 1370 |
|    ex_wb_is_misaligned_r_reg     | Flip-flop |   1   |  N  | N  | None  | None  | N  | 1370 |
| ex_wb_is_misaligned_store_r_reg  | Flip-flop |   1   |  N  | N  | None  | None  | N  | 1370 |
|      ex_wb_ls_funct3_r_reg       | Flip-flop |   3   |  Y  | Y  | None  | None  | N  | 1370 |
|       ex_wb_addr_lo_r_reg        | Flip-flop |   2   |  Y  | Y  | None  | None  | N  | 1370 |
|       ex_wb_is_mret_r_reg        | Flip-flop |   1   |  N  | N  | None  | None  | N  | 1370 |
|       ex_wb_is_dret_r_reg        | Flip-flop |   1   |  N  | N  | None  | None  | N  | 1370 |
|        ex_wb_csr_we_r_reg        | Flip-flop |   1   |  N  | N  | None  | None  | N  | 1370 |
|       ex_wb_csr_addr_r_reg       | Flip-flop |  12   |  Y  | Y  | None  | None  | N  | 1370 |
|        ex_wb_csr_op_r_reg        | Flip-flop |   2   |  Y  | Y  | None  | None  | N  | 1370 |
|      ex_wb_csr_wdata_r_reg       | Flip-flop |  32   |  Y  | Y  | None  | None  | N  | 1370 |
|   ex_wb_is_branch_taken_r_reg    | Flip-flop |   1   |  N  | N  | None  | None  | N  | 1370 |
|        ex_wb_is_jal_r_reg        | Flip-flop |   1   |  N  | N  | None  | None  | N  | 1370 |
|       ex_wb_is_jalr_r_reg        | Flip-flop |   1   |  N  | N  | None  | None  | N  | 1370 |
|       ex_wb_illegal_r_reg        | Flip-flop |   1   |  N  | N  | None  | None  | N  | 1370 |
|       ex_wb_is_ecall_r_reg       | Flip-flop |   1   |  N  | N  | None  | None  | N  | 1370 |
|      ex_wb_is_ebreak_r_reg       | Flip-flop |   1   |  N  | N  | None  | None  | N  | 1370 |
|        ex_wb_instr_r_reg         | Flip-flop |  32   |  Y  | Y  | None  | None  | N  | 1370 |
|     ex_wb_trigger_hit_r_reg      | Flip-flop |   1   |  N  | N  | None  | None  | N  | 1370 |
|     ex_wb_trigger_idx_r_reg      | Flip-flop |   2   |  Y  | Y  | None  | None  | N  | 1370 |
|          debug_mode_reg          | Flip-flop |   1   |  N  | N  | None  | None  | N  | 1675 |
|      debug_halt_pending_reg      | Flip-flop |   1   |  N  | N  | None  | None  | N  | 1675 |
|      debug_step_pending_reg      | Flip-flop |   1   |  N  | N  | None  | None  | N  | 1675 |
|         trap_latched_reg         | Flip-flop |   1   |  N  | N  | None  | None  | N  | 1707 |
===============================================================================================
Presto compilation completed successfully. (core_00000000_0_0)
Module: core_00000000_0_0, Ports: 328, Input: 123, Output: 205, Inout: 0
Module: core_00000000_0_0, Registers: 1133, Async set/reset: 0, Sync set/reset: 0
Information: Module core_00000000_0_0 report end. (ELAB-965)
Information: Building the design 'cdec'. (HDL-193)

Statistics for case statements in always block in file
	'../../../IP/cpu_m1/rtl/cdec.v'
===========================================================
|    Line    |  full/ parallel  |      block location     |
===========================================================
|     95     |    auto/auto     | always block at line 91 |
|     99     |    auto/auto     | always block at line 91 |
|    119     |    auto/auto     | always block at line 91 |
|    146     |    auto/auto     | always block at line 91 |
|    163     |    auto/auto     | always block at line 91 |
|    192     |    auto/auto     | always block at line 91 |
===========================================================
Presto compilation completed successfully. (cdec)
Module: cdec, Ports: 49, Input: 16, Output: 33, Inout: 0
Module: cdec, Registers: 0, Async set/reset: 0, Sync set/reset: 0
Information: Module cdec report end. (ELAB-965)
Information: Building the design 'bp'. (HDL-193)

Inferred memory devices in process in routine 'bp' in file
	 ../../../IP/cpu_m1/rtl/bp.v'.
==================================================================================
|    Register Name    |   Type    | Width | Bus | MB |  Set  | Reset | ST | Line |
==================================================================================
|      tag1_reg       | Flip-flop |  832  |  Y  | Y  | None  | None  | N  | 111  |
|      tag0_reg       | Flip-flop |  832  |  Y  | Y  | None  | None  | N  | 111  |
|     valid0_reg      | Flip-flop |  32   |  Y  | Y  | None  | None  | N  | 111  |
|       lru_reg       | Flip-flop |  32   |  Y  | Y  | None  | None  | N  | 111  |
|     valid1_reg      | Flip-flop |  32   |  Y  | Y  | None  | None  | N  | 111  |
|     target0_reg     | Flip-flop | 1024  |  Y  | Y  | None  | None  | N  | 111  |
|    counter0_reg     | Flip-flop |  64   |  Y  | Y  | None  | None  | N  | 111  |
|     target1_reg     | Flip-flop | 1024  |  Y  | Y  | None  | None  | N  | 111  |
|    counter1_reg     | Flip-flop |  64   |  Y  | Y  | None  | None  | N  | 111  |
==================================================================================
Statistics for MUX_OPs
======================================================
| block name/line  | Inputs | Outputs | # sel inputs |
======================================================
|      bp/72       |   32   |    4    |      5       |
|      bp/72       |   32   |   52    |      5       |
|      bp/80       |   32   |   64    |      5       |
|      bp/88       |   32   |    3    |      5       |
|      bp/88       |   32   |   52    |      5       |
|      bp/101      |   32   |    4    |      5       |
======================================================
Presto compilation completed successfully. (bp)
Module: bp, Ports: 133, Input: 100, Output: 33, Inout: 0
Module: bp, Registers: 3936, Async set/reset: 0, Sync set/reset: 0
Information: Module bp report end. (ELAB-965)
Information: Building the design 'ras'. (HDL-193)

Inferred memory devices in process in routine 'ras' in file
	 ../../../IP/cpu_m1/rtl/ras.v'.
==================================================================================
|    Register Name    |   Type    | Width | Bus | MB |  Set  | Reset | ST | Line |
==================================================================================
|      stack_reg      | Flip-flop |  256  |  Y  | Y  | None  | None  | N  |  53  |
|       ptr_reg       | Flip-flop |   3   |  Y  | Y  | None  | None  | N  |  53  |
==================================================================================
Statistics for MUX_OPs
======================================================
| block name/line  | Inputs | Outputs | # sel inputs |
======================================================
|      ras/50      |   8    |   32    |      3       |
======================================================
Presto compilation completed successfully. (ras)
Module: ras, Ports: 68, Input: 36, Output: 32, Inout: 0
Module: ras, Registers: 259, Async set/reset: 0, Sync set/reset: 0
Information: Module ras report end. (ELAB-965)
Information: Building the design 'ifu' instantiated from design 'core_00000000_0_0' with
	the parameters "RESET_PC=32'h00000000". (HDL-193)

Inferred memory devices in process in routine 'ifu_00000000' in file
	 ../../../IP/cpu_m1/rtl/ifu.v'.
==================================================================================
|    Register Name    |   Type    | Width | Bus | MB |  Set  | Reset | ST | Line |
==================================================================================
|     pc_reg_reg      | Flip-flop |  32   |  Y  | Y  | None  | None  | N  |  58  |
==================================================================================
Presto compilation completed successfully. (ifu_00000000)
Module: ifu_00000000, Ports: 167, Input: 103, Output: 64, Inout: 0
Module: ifu_00000000, Registers: 32, Async set/reset: 0, Sync set/reset: 0
Information: Module ifu_00000000 report end. (ELAB-965)
Information: Building the design 'idu' instantiated from design 'core_00000000_0_0' with
	the parameters "RV32A=0". (HDL-193)
Warning:  ../../../IP/cpu_m1/rtl/idu.v:212: DEFAULT branch of CASE statement cannot be reached. (ELAB-311)
Warning:  ../../../IP/cpu_m1/rtl/idu.v:224: DEFAULT branch of CASE statement cannot be reached. (ELAB-311)

Statistics for case statements in always block in file
	'../../../IP/cpu_m1/rtl/idu.v'
============================================================
|    Line    |  full/ parallel  |      block location      |
============================================================
|    177     |     auto/no      | always block at line 176 |
|    203     |    auto/auto     | always block at line 199 |
|    215     |    auto/auto     | always block at line 199 |
|    227     |    auto/auto     | always block at line 199 |
|    254     |    auto/auto     | always block at line 249 |
|    257     |    auto/auto     | always block at line 249 |
|    266     |    auto/auto     | always block at line 249 |
|    274     |    auto/auto     | always block at line 249 |
|    283     |    auto/auto     | always block at line 249 |
|    290     |    auto/auto     | always block at line 249 |
|    307     |    auto/auto     | always block at line 249 |
|    316     |    auto/auto     | always block at line 249 |
|    320     |    auto/auto     | always block at line 249 |
|    335     |    auto/auto     | always block at line 249 |
|    366     |     auto/no      | always block at line 365 |
============================================================
Presto compilation completed successfully. (idu_RV32A0)
Module: idu_RV32A0, Ports: 168, Input: 32, Output: 136, Inout: 0
Module: idu_RV32A0, Registers: 0, Async set/reset: 0, Sync set/reset: 0
Information: Module idu_RV32A0 report end. (ELAB-965)
Information: Building the design 'rfu'. (HDL-193)
Warning:  ../../../IP/cpu_m1/rtl/rfu.v:46: The statements in initial blocks are ignored. (VER-281)

Inferred memory devices in process in routine 'rfu' in file
	 ../../../IP/cpu_m1/rtl/rfu.v'.
==================================================================================
|    Register Name    |   Type    | Width | Bus | MB |  Set  | Reset | ST | Line |
==================================================================================
|      regs_reg       | Flip-flop | 1024  |  Y  | Y  | None  | None  | N  |  55  |
==================================================================================
Statistics for MUX_OPs
======================================================
| block name/line  | Inputs | Outputs | # sel inputs |
======================================================
|      rfu/50      |   32   |   32    |      5       |
|      rfu/51      |   32   |   32    |      5       |
|      rfu/52      |   32   |   32    |      5       |
======================================================
Presto compilation completed successfully. (rfu)
Module: rfu, Ports: 185, Input: 89, Output: 96, Inout: 0
Module: rfu, Registers: 1024, Async set/reset: 0, Sync set/reset: 0
Information: Module rfu report end. (ELAB-965)
Information: Building the design 'forward'. (HDL-193)
Presto compilation completed successfully. (forward)
Module: forward, Ports: 218, Input: 154, Output: 64, Inout: 0
Module: forward, Registers: 0, Async set/reset: 0, Sync set/reset: 0
Information: Module forward report end. (ELAB-965)
Information: Building the design 'bmu'. (HDL-193)

Statistics for case statements in always block in file
	'../../../IP/cpu_m1/rtl/bmu.v'
===========================================================
|    Line    |  full/ parallel  |      block location     |
===========================================================
|     77     |    auto/auto     | always block at line 76 |
===========================================================
Statistics for MUX_OPs
======================================================
| block name/line  | Inputs | Outputs | # sel inputs |
======================================================
|      bmu/99      |   32   |    1    |      5       |
======================================================
Presto compilation completed successfully. (bmu)
Module: bmu, Ports: 101, Input: 69, Output: 32, Inout: 0
Module: bmu, Registers: 0, Async set/reset: 0, Sync set/reset: 0
Information: Module bmu report end. (ELAB-965)
Information: Building the design 'alu'. (HDL-193)
Warning:  ../../../IP/cpu_m1/rtl/alu.v:51: signed to unsigned assignment occurs. (VER-318)

Statistics for case statements in always block in file
	'../../../IP/cpu_m1/rtl/alu.v'
===========================================================
|    Line    |  full/ parallel  |      block location     |
===========================================================
|     54     |    auto/auto     | always block at line 53 |
===========================================================
Presto compilation completed successfully. (alu)
Module: alu, Ports: 103, Input: 68, Output: 35, Inout: 0
Module: alu, Registers: 0, Async set/reset: 0, Sync set/reset: 0
Information: Module alu report end. (ELAB-965)
Information: Building the design 'mul'. (HDL-193)
Warning:  ../../../IP/cpu_m1/rtl/mul.v:56: unsigned to signed assignment occurs. (VER-318)
Warning:  ../../../IP/cpu_m1/rtl/mul.v:57: unsigned to signed assignment occurs. (VER-318)
Warning:  ../../../IP/cpu_m1/rtl/mul.v:73: signed to unsigned part selection occurs. (VER-318)

Inferred memory devices in process in routine 'mul' in file
	 ../../../IP/cpu_m1/rtl/mul.v'.
==================================================================================
|    Register Name    |   Type    | Width | Bus | MB |  Set  | Reset | ST | Line |
==================================================================================
|    high_out_reg     | Flip-flop |   1   |  N  | N  | None  | None  | N  |  59  |
|      opa_r_reg      | Flip-flop |  33   |  Y  | Y  | None  | None  | N  |  59  |
|      opb_r_reg      | Flip-flop |  33   |  Y  | Y  | None  | None  | N  |  59  |
==================================================================================
Presto compilation completed successfully. (mul)
Module: mul, Ports: 102, Input: 70, Output: 32, Inout: 0
Module: mul, Registers: 67, Async set/reset: 0, Sync set/reset: 0
Information: Module mul report end. (ELAB-965)
Information: Building the design 'div'. (HDL-193)
Warning:  ../../../IP/cpu_m1/rtl/div.v:134: DEFAULT branch of CASE statement cannot be reached. (ELAB-311)

Statistics for case statements in always block in file
	'../../../IP/cpu_m1/rtl/div.v'
===========================================================
|    Line    |  full/ parallel  |      block location     |
===========================================================
|     69     |    auto/auto     | always block at line 62 |
===========================================================

Inferred memory devices in process in routine 'div' in file
	 ../../../IP/cpu_m1/rtl/div.v'.
==================================================================================
|    Register Name    |   Type    | Width | Bus | MB |  Set  | Reset | ST | Line |
==================================================================================
|      state_reg      | Flip-flop |   2   |  Y  | Y  | None  | None  | N  |  62  |
|    sign_rem_reg     | Flip-flop |   1   |  N  | N  | None  | None  | N  |  62  |
|    overflow_reg     | Flip-flop |   1   |  N  | N  | None  | None  | N  |  62  |
|     divisor_reg     | Flip-flop |  32   |  Y  | Y  | None  | None  | N  |  62  |
|    dividend_reg     | Flip-flop |  32   |  Y  | Y  | None  | None  | N  |  62  |
|    sign_quot_reg    | Flip-flop |   1   |  N  | N  | None  | None  | N  |  62  |
|   div_by_zero_reg   | Flip-flop |   1   |  N  | N  | None  | None  | N  |  62  |
|    quotient_reg     | Flip-flop |  32   |  Y  | Y  | None  | None  | N  |  62  |
|    remainder_reg    | Flip-flop |  32   |  Y  | Y  | None  | None  | N  |  62  |
|     ret_rem_reg     | Flip-flop |   1   |  N  | N  | None  | None  | N  |  62  |
|     orig_a_reg      | Flip-flop |  32   |  Y  | Y  | None  | None  | N  |  62  |
|     result_reg      | Flip-flop |  32   |  Y  | Y  | None  | None  | N  |  62  |
|      iter_reg       | Flip-flop |   6   |  Y  | Y  | None  | None  | N  |  62  |
|      done_reg       | Flip-flop |   1   |  N  | N  | None  | None  | N  |  62  |
==================================================================================
Presto compilation completed successfully. (div)
Module: div, Ports: 103, Input: 70, Output: 33, Inout: 0
Module: div, Registers: 206, Async set/reset: 0, Sync set/reset: 0
Information: Module div report end. (ELAB-965)
Information: Building the design 'lsu'. (HDL-193)

Statistics for case statements in always block in file
	'../../../IP/cpu_m1/rtl/lsu.v'
===========================================================
|    Line    |  full/ parallel  |      block location     |
===========================================================
|     57     |    auto/auto     | always block at line 56 |
|     87     |    auto/auto     | always block at line 86 |
|    100     |    auto/auto     | always block at line 99 |
===========================================================
Presto compilation completed successfully. (lsu)
Module: lsu, Ports: 138, Input: 70, Output: 68, Inout: 0
Module: lsu, Registers: 0, Async set/reset: 0, Sync set/reset: 0
Information: Module lsu report end. (ELAB-965)
Information: Building the design 'trigger'. (HDL-193)
Warning: Cannot find the design 'trigger' in the library 'WORK'. (LBR-1)
Information: Building the design 'pmp' instantiated from design 'core_00000000_0_0' with
	the parameters "PMP_ENTRIES=0". (HDL-193)
Warning:  ../../../IP/cpu_m1/rtl/pmp.v:86: DEFAULT branch of CASE statement cannot be reached. (ELAB-311)
Presto compilation completed successfully. (pmp_PMP_ENTRIES0)
Module: pmp_PMP_ENTRIES0, Ports: 356, Input: 355, Output: 1, Inout: 0
Module: pmp_PMP_ENTRIES0, Registers: 0, Async set/reset: 0, Sync set/reset: 0
Information: Module pmp_PMP_ENTRIES0 report end. (ELAB-965)
Information: Building the design 'csr' instantiated from design 'core_00000000_0_0' with
	the parameters "RV32A=0,PMP_ENTRIES=0". (HDL-193)
Warning:  ../../../IP/cpu_m1/rtl/csr.v:389: Statement unreachable (Branch condition impossible to meet).  (VER-61)
Warning:  ../../../IP/cpu_m1/rtl/csr.v:394: Statement unreachable (Branch condition impossible to meet).  (VER-61)
Warning:  ../../../IP/cpu_m1/rtl/csr.v:438: Statement unreachable (Branch condition impossible to meet).  (VER-61)
Warning:  ../../../IP/cpu_m1/rtl/csr.v:443: Statement unreachable (Branch condition impossible to meet).  (VER-61)
Warning:  ../../../IP/cpu_m1/rtl/csr.v:300: Statement unreachable (Branch condition impossible to meet).  (VER-61)
Warning:  ../../../IP/cpu_m1/rtl/csr.v:302: Statement unreachable (Branch condition impossible to meet).  (VER-61)

Statistics for case statements in always block in file
	'../../../IP/cpu_m1/rtl/csr.v'
============================================================
|    Line    |  full/ parallel  |      block location      |
============================================================
|    238     |    auto/auto     | always block at line 237 |
|    273     |    auto/auto     | always block at line 237 |
|    318     |    auto/auto     | always block at line 317 |
|    371     |    auto/auto     | always block at line 336 |
|    421     |    auto/auto     | always block at line 336 |
|    200     |    auto/auto     | always block at line 508 |
============================================================

Inferred memory devices in process in routine 'csr_RV32A0_PMP_ENTRIES0' in file
	 ../../../IP/cpu_m1/rtl/csr.v'.
===================================================================================
|    Register Name     |   Type    | Width | Bus | MB |  Set  | Reset | ST | Line |
===================================================================================
|   mstatus_mpie_reg   | Flip-flop |   1   |  N  | N  | None  | None  | N  | 336  |
|  dcsr_cause_reg_reg  | Flip-flop |   3   |  Y  | Y  | None  | None  | N  | 336  |
|     dpc_reg_reg      | Flip-flop |  32   |  Y  | Y  | None  | None  | N  | 336  |
|    mtval_reg_reg     | Flip-flop |  32   |  Y  | Y  | None  | None  | N  | 336  |
|   ext_pending_reg    | Flip-flop |   1   |  N  | N  | None  | None  | N  | 336  |
|  dcsr_step_reg_reg   | Flip-flop |   1   |  N  | N  | None  | None  | N  | 336  |
| dcsr_ebreakm_reg_reg | Flip-flop |   1   |  N  | N  | None  | None  | N  | 336  |
|  dscratch0_reg_reg   | Flip-flop |  32   |  Y  | Y  | None  | None  | N  | 336  |
|    mcause_reg_reg    | Flip-flop |  32   |  Y  | Y  | None  | None  | N  | 336  |
|     mie_msie_reg     | Flip-flop |   1   |  N  | N  | None  | None  | N  | 336  |
|     mie_meie_reg     | Flip-flop |   1   |  N  | N  | None  | None  | N  | 336  |
|     mie_mtie_reg     | Flip-flop |   1   |  N  | N  | None  | None  | N  | 336  |
|     mscratch_reg     | Flip-flop |  32   |  Y  | Y  | None  | None  | N  | 336  |
|     mepc_reg_reg     | Flip-flop |  32   |  Y  | Y  | None  | None  | N  | 336  |
|    mtvec_base_reg    | Flip-flop |  30   |  Y  | Y  | None  | None  | N  | 336  |
|   mstatus_mie_reg    | Flip-flop |   1   |  N  | N  | None  | None  | N  | 336  |
|   instret_cnt_reg    | Flip-flop |  64   |  Y  | Y  | None  | None  | N  | 336  |
|    cycle_cnt_reg     | Flip-flop |  64   |  Y  | Y  | None  | None  | N  | 336  |
===================================================================================
Presto compilation completed successfully. (csr_RV32A0_PMP_ENTRIES0)
Module: csr_RV32A0_PMP_ENTRIES0, Ports: 946, Input: 341, Output: 605, Inout: 0
Module: csr_RV32A0_PMP_ENTRIES0, Registers: 361, Async set/reset: 0, Sync set/reset: 0
Information: Module csr_RV32A0_PMP_ENTRIES0 report end. (ELAB-965)
Information: Building the design 'hazard'. (HDL-193)
Presto compilation completed successfully. (hazard)
Module: hazard, Ports: 31, Input: 29, Output: 2, Inout: 0
Module: hazard, Registers: 0, Async set/reset: 0, Sync set/reset: 0
Information: Module hazard report end. (ELAB-965)
Information: Search path: '. ../../../IP/cpu_m1/rtl/pipeline_v2/ch2_lab08e /home/edauser/project/PDK/TSMC28/logic/tcbn28hpcplusbwp40p140_180b/AN61001_20180509/TSMCHOME/digital/Front_End/timing_power_noise/NLDM/tcbn28hpcplusbwp40p140_180a'. (LINK-1801)
Information: List of linked libraries: '* /home/edauser/project/PDK/TSMC28/logic/tcbn28hpcplusbwp40p140_180b/AN61001_20180509/TSMCHOME/digital/Front_End/timing_power_noise/NLDM/tcbn28hpcplusbwp40p140_180a/tcbn28hpcplusbwp40p140ssg0p81v0p9v0c.db dw_foundation.sldb /soft/synopsys/syn/X-2025.06-SP2/libraries/syn/gtech.db /soft/synopsys/syn/X-2025.06-SP2/libraries/syn/standard.sldb'. (LINK-1802)
Warning: Design 'cpu_m1_top' has '1' unresolved references. For more detailed information, use the "link" command. (UID-341)
1
current_design $top_name
Current design is 'cpu_m1_top'.
{cpu_m1_top}
link

  Linking design 'cpu_m1_top'
  Using the following designs and libraries:
  --------------------------------------------------------------------------
  * (17 designs)              /home/edauser/project/SOC/Magpie_M1A/flow/v2_pipeline/phase_p_multicorner_dc/cpu_m1_top.db, etc
  tcbn28hpcplusbwp40p140ssg0p81v0p9v0c (library) /home/edauser/project/PDK/TSMC28/logic/tcbn28hpcplusbwp40p140_180b/AN61001_20180509/TSMCHOME/digital/Front_End/timing_power_noise/NLDM/tcbn28hpcplusbwp40p140_180a/tcbn28hpcplusbwp40p140ssg0p81v0p9v0c.db
  dw_foundation.sldb (library) /soft/synopsys/syn/X-2025.06-SP2/libraries/syn/dw_foundation.sldb

Information: Building the design 'trigger'. (HDL-193)
Warning: Cannot find the design 'trigger' in the library 'WORK'. (LBR-1)
Warning: Unable to resolve reference 'trigger' in 'core_00000000_0_0'. (LINK-5)
Information: Search path: '. ../../../IP/cpu_m1/rtl/pipeline_v2/ch2_lab08e /home/edauser/project/PDK/TSMC28/logic/tcbn28hpcplusbwp40p140_180b/AN61001_20180509/TSMCHOME/digital/Front_End/timing_power_noise/NLDM/tcbn28hpcplusbwp40p140_180a'. (LINK-1801)
Information: List of linked libraries: '* /home/edauser/project/PDK/TSMC28/logic/tcbn28hpcplusbwp40p140_180b/AN61001_20180509/TSMCHOME/digital/Front_End/timing_power_noise/NLDM/tcbn28hpcplusbwp40p140_180a/tcbn28hpcplusbwp40p140ssg0p81v0p9v0c.db dw_foundation.sldb /soft/synopsys/syn/X-2025.06-SP2/libraries/syn/gtech.db /soft/synopsys/syn/X-2025.06-SP2/libraries/syn/standard.sldb'. (LINK-1802)
Information: Summary of messages issued during linking: (LINK-1806)
5 unique message tags found.
---------------------------------------------------------------------------------------------------------------------------------------
 Times printed |  Message Tag  |   Tag Level   |                             Last printed message
---------------------------------------------------------------------------------------------------------------------------------------
       1       |    HDL-193    |  Information  | Building the design 'trigger'. 
---------------------------------------------------------------------------------------------------------------------------------------
       1       |     LBR-1     |    Warning    | Cannot find the design 'trigger' in the library 'WORK'. 
---------------------------------------------------------------------------------------------------------------------------------------
       1       |    LINK-5     |    Warning    | Unable to resolve reference 'trigger' in 'core_00000000_0_0'. 
---------------------------------------------------------------------------------------------------------------------------------------
       1       |   LINK-1801   |  Information  | Search path: '. ../../../IP/cpu_m1/rtl/pipeline_v2/ch2_lab08e /home/edauser/project...
---------------------------------------------------------------------------------------------------------------------------------------
       1       |   LINK-1802   |  Information  | List of linked libraries: '* /home/edauser/project/PDK/TSMC28/logic/tcbn28hpcplusbw...
---------------------------------------------------------------------------------------------------------------------------------------
Summary: 5 messages issued during linking.
0
check_design > reports/check_design.rpt
create_clock -name clk -period $target_period_ns [get_ports clk]
Warning: Design 'cpu_m1_top' has '1' unresolved references. For more detailed information, use the "link" command. (UID-341)
1
set_clock_uncertainty 0.05 [get_clocks clk]
Warning: Design 'cpu_m1_top' has '1' unresolved references. For more detailed information, use the "link" command. (UID-341)
Warning: Design 'cpu_m1_top' has '1' unresolved references. For more detailed information, use the "link" command. (UID-341)
1
set_input_delay 0.10 -clock clk [remove_from_collection [all_inputs] [get_ports clk]]
Warning: Design 'cpu_m1_top' has '1' unresolved references. For more detailed information, use the "link" command. (UID-341)
1
set_output_delay 0.10 -clock clk [all_outputs]
Warning: Design 'cpu_m1_top' has '1' unresolved references. For more detailed information, use the "link" command. (UID-341)
1
set_driving_cell -lib_cell BUFFD1BWP40P140 [remove_from_collection [all_inputs] [get_ports clk]]
Warning: Design 'cpu_m1_top' has '1' unresolved references. For more detailed information, use the "link" command. (UID-341)
Error: Cannot find the specified driving cell in memory.   (UID-993)
0
set_load 0.01 [all_outputs]
1
compile_ultra
Warning: Design 'cpu_m1_top' has '1' unresolved references. For more detailed information, use the "link" command. (UID-341)
Information: Performing leakage power optimization. (PWR-850)
CPU Load: 10%, Ram Free: 86 GB, Swap Free: 22 GB, Work Disk Free: 666 GB, Tmp Disk Free: 666 GB
Analyzing: "/home/edauser/project/PDK/TSMC28/logic/tcbn28hpcplusbwp40p140_180b/AN61001_20180509/TSMCHOME/digital/Front_End/timing_power_noise/NLDM/tcbn28hpcplusbwp40p140_180a/tcbn28hpcplusbwp40p140ssg0p81v0p9v0c.db"
Library analysis succeeded.
Information: Evaluating DesignWare library utilization. (UISN-27)

============================================================================
| DesignWare Building Block Library  |         Version         | Available |
============================================================================
| Basic DW Building Blocks           | X-2025.06-DWBB_202506.2 |     *     |
| Licensed DW Building Blocks        | X-2025.06-DWBB_202506.2 |     *     |
============================================================================

====================================================================================================
| Flow Information                                                                                 |
----------------------------------------------------------------------------------------------------
| Flow         | Design Compiler WLM                                                               |
| Command Line | compile_ultra                                                                     |
====================================================================================================
| Design Information                                      | Value                                  |
====================================================================================================
| Number of Scenarios                                     | 0                                      |
| Leaf Cell Count                                         | 13808                                  |
| Number of User Hierarchies                              | 19                                     |
| Sequential Cell Count                                   | 7185                                   |
| Macro Count                                             | 0                                      |
| Pad Count                                               | 0                                      |
| Number of Power Domains                                 | 0                                      |
| Number of Path Groups                                   | 2                                      |
| Number of VT Class                                      | 0                                      |
| Number of Clocks                                        | 1                                      |
| Number of Dont Touch Cells                              | 1473                                   |
| Number of Dont Touch Nets                               | 0                                      |
| Number of Size Only Cells                               | 22                                     |
| Design with Target Library Subset (with clock_path)     | false  (false )                        |
| Design with UPF Data                                    | false                                  |
====================================================================================================
Information: Sequential output inversion is enabled.  SVF file must be used for formal verification. (OPT-1208)

Information: There are 1500 potential problems in your design. Please run 'check_design' for more information. (LINT-99)

Information: Uniquified 2 instances of design 'lsu'. (OPT-1056)
Information: Uniquified 3 instances of design 'pmp_PMP_ENTRIES0'. (OPT-1056)

Error: The target library does not contain an inverter.
	An inverter is required for mapping. (OPT-101)
CPU Load: 10%, Ram Free: 86 GB, Swap Free: 22 GB, Work Disk Free: 666 GB, Tmp Disk Free: 666 GB
CPU Load: 10%, Ram Free: 86 GB, Swap Free: 22 GB, Work Disk Free: 666 GB, Tmp Disk Free: 666 GB
CPU Load: 10%, Ram Free: 86 GB, Swap Free: 22 GB, Work Disk Free: 666 GB, Tmp Disk Free: 666 GB
Information: The register 'u_core/ex_wb_is_load_r_reg' will be removed. (OPT-1207)
Information: The register 'u_core/ex_mem_bp_upd_pc_r_reg[0]' will be removed. (OPT-1207)
Information: Removing unused design 'pmp_PMP_ENTRIES0_1'. (OPT-1055)
CPU Load: 10%, Ram Free: 86 GB, Swap Free: 22 GB, Work Disk Free: 666 GB, Tmp Disk Free: 666 GB
Information: Total number of MV cells in the design.
----------------------------------------------------------------------------------------------------
 MV Cells                                           Total Number                                   
----------------------------------------------------------------------------------------------------
 Level Shifter:                                     0                                             
 Enable Level Shifter:                              0                                             
 Isolation Cell:                                    0                                             
 Retention Cell:                                    0                                             
 Retention Clamp Cell:                              0                                             
 Switch Cell:                                       0                                             
 Always-On Cell:                                    0                                             
 Repeater Cell:                                     0                                             

----------------------------------------------------------------------------------------------------
Unmapped MV Cells 
----------------------------------------------------------------------------------------------------
0 Isolation Cells are unmapped 
0 Retention Clamp Cells are unmapped 
----------------------------------------------------------------------------------------------------
0
report_qor > reports/qor.rpt
report_area -hierarchy > reports/area.rpt
report_timing -delay_type max -max_paths 20 -nworst 5 > reports/timing.rpt
report_power -analysis_effort low > reports/power.rpt
report_constraint -all_violators > reports/constraints.rpt
write -format ddc -hierarchy -output db/${top_name}.ddc
Warning: Design 'cpu_m1_top' has '1' unresolved references. For more detailed information, use the "link" command. (UID-341)
Writing ddc file 'db/cpu_m1_top.ddc'.
1
write -format verilog -hierarchy -output db/${top_name}.mapped.v
Warning: Design 'cpu_m1_top' has '1' unresolved references. For more detailed information, use the "link" command. (UID-341)
Writing verilog file '/home/edauser/project/SOC/Magpie_M1A/flow/v2_pipeline/phase_p_multicorner_dc/db/cpu_m1_top.mapped.v'.
Warning: Module cdec contains unmapped components.  The output netlist might not be read back into the system. (VO-12)
Warning: Module bp contains unmapped components.  The output netlist might not be read back into the system. (VO-12)
Warning: Module ras contains unmapped components.  The output netlist might not be read back into the system. (VO-12)
Warning: Module ifu_00000000 contains unmapped components.  The output netlist might not be read back into the system. (VO-12)
Warning: Verilog 'assign' or 'tran' statements are written out. (VO-4)
Warning: Module idu_RV32A0 contains unmapped components.  The output netlist might not be read back into the system. (VO-12)
Warning: Module rfu contains unmapped components.  The output netlist might not be read back into the system. (VO-12)
Warning: Module forward contains unmapped components.  The output netlist might not be read back into the system. (VO-12)
Warning: Module bmu contains unmapped components.  The output netlist might not be read back into the system. (VO-12)
Warning: Module alu contains unmapped components.  The output netlist might not be read back into the system. (VO-12)
Warning: Module mul contains unmapped components.  The output netlist might not be read back into the system. (VO-12)
Warning: Module div contains unmapped components.  The output netlist might not be read back into the system. (VO-12)
Warning: Module lsu_1 contains unmapped components.  The output netlist might not be read back into the system. (VO-12)
Warning: Module csr_RV32A0_PMP_ENTRIES0 contains unmapped components.  The output netlist might not be read back into the system. (VO-12)
Warning: Module lsu_0 contains unmapped components.  The output netlist might not be read back into the system. (VO-12)
Warning: Module core_00000000_0_0 contains unmapped components.  The output netlist might not be read back into the system. (VO-12)
Warning: Module cpu_m1_top contains unmapped components.  The output netlist might not be read back into the system. (VO-12)
1
quit

Memory usage for this session 251 Mbytes.
Memory usage for this session including child processes 251 Mbytes.
CPU usage for this session 8 seconds ( 0.00 hours ).
Elapsed time for this session 8 seconds ( 0.00 hours ).

Thank you...
