core   0: >>>>  
core   0: 0x80000000 (0x00003137) lui     sp, 0x3
core   0: 3 0x80000000 (0x00003137) x2  0x00003000
core   0: 0x80000004 (0x0000441d) c.li    s0, 7
core   0: 3 0x80000004 (0x441d) x8  0x00000007
core   0: 0x80000006 (0x000054cd) c.li    s1, -13
core   0: 3 0x80000006 (0x54cd) x9  0xfffffff3
core   0: 0x80000008 (0x80000937) lui     s2, 0x80000
core   0: 3 0x80000008 (0x80000937) x18 0x80000000
core   0: 0x8000000c (0x0000197d) c.addi  s2, -1
core   0: 3 0x8000000c (0x197d) x18 0x7fffffff
core   0: 0x8000000e (0x800009b7) lui     s3, 0x80000
core   0: 3 0x8000000e (0x800009b7) x19 0x80000000
core   0: 0x80000012 (0x06400a13) li      s4, 100
core   0: 3 0x80000012 (0x06400a13) x20 0x00000064
core   0: 0x80000016 (0x02940533) mul     a0, s0, s1
core   0: 3 0x80000016 (0x02940533) x10 0xffffffa5
core   0: 0x8000001a (0x032485b3) mul     a1, s1, s2
core   0: 3 0x8000001a (0x032485b3) x11 0x8000000d
core   0: 0x8000001e (0x03390633) mul     a2, s2, s3
core   0: 3 0x8000001e (0x03390633) x12 0x80000000
core   0: 0x80000022 (0x028986b3) mul     a3, s3, s0
core   0: 3 0x80000022 (0x028986b3) x13 0x80000000
core   0: 0x80000026 (0x03440733) mul     a4, s0, s4
core   0: 3 0x80000026 (0x03440733) x14 0x000002bc
core   0: 0x8000002a (0x029a07b3) mul     a5, s4, s1
core   0: 3 0x8000002a (0x029a07b3) x15 0xfffffaec
core   0: 0x8000002e (0x034402b3) mul     t0, s0, s4
core   0: 3 0x8000002e (0x034402b3) x5  0x000002bc
core   0: 0x80000032 (0x00828333) add     t1, t0, s0
core   0: 3 0x80000032 (0x00828333) x6  0x000002c3
core   0: 0x80000036 (0x034483b3) mul     t2, s1, s4
core   0: 3 0x80000036 (0x034483b3) x7  0xfffffaec
core   0: 0x8000003a (0x00000001) c.nop
core   0: 3 0x8000003a (0x0001)
core   0: 0x8000003c (0x00938e33) add     t3, t2, s1
core   0: 3 0x8000003c (0x00938e33) x28 0xfffffadf
core   0: 0x80000040 (0x02940eb3) mul     t4, s0, s1
core   0: 3 0x80000040 (0x02940eb3) x29 0xffffffa5
core   0: 0x80000044 (0x028e8f33) mul     t5, t4, s0
core   0: 3 0x80000044 (0x028e8f33) x30 0xfffffd83
core   0: 0x80000048 (0x03ef0fb3) mul     t6, t5, t5
core   0: 3 0x80000048 (0x03ef0fb3) x31 0x00063109
core   0: 0x8000004c (0x02949833) mulh    a6, s1, s1
core   0: 3 0x8000004c (0x02949833) x16 0x00000000
core   0: 0x80000050 (0x032918b3) mulh    a7, s2, s2
core   0: 3 0x80000050 (0x032918b3) x17 0x3fffffff
core   0: 0x80000054 (0x0344a2b3) mulhsu  t0, s1, s4
core   0: 3 0x80000054 (0x0344a2b3) x5  0xffffffff
core   0: 0x80000058 (0x0339a333) mulhsu  t1, s3, s3
core   0: 3 0x80000058 (0x0339a333) x6  0xc0000000
core   0: 0x8000005c (0x0339b3b3) mulhu   t2, s3, s3
core   0: 3 0x8000005c (0x0339b3b3) x7  0x40000000
core   0: 0x80000060 (0x0294be33) mulhu   t3, s1, s1
core   0: 3 0x80000060 (0x0294be33) x28 0xffffffe6
core   0: 0x80000064 (0x03398eb3) mul     t4, s3, s3
core   0: 3 0x80000064 (0x03398eb3) x29 0x00000000
core   0: 0x80000068 (0x00000f17) auipc   t5, 0x0
core   0: 3 0x80000068 (0x00000f17) x30 0x80000068
core   0: 0x8000006c (0x088f0f13) addi    t5, t5, 136
core   0: 3 0x8000006c (0x088f0f13) x30 0x800000f0
core   0: 0x80000070 (0x008f2023) sw      s0, 0(t5)
core   0: 3 0x80000070 (0x008f2023) mem 0x800000f0 0x00000007
core   0: 0x80000074 (0x000f2f83) lw      t6, 0(t5)
core   0: 3 0x80000074 (0x000f2f83) x31 0x00000007 mem 0x800000f0
core   0: 0x80000078 (0x028f8533) mul     a0, t6, s0
core   0: 3 0x80000078 (0x028f8533) x10 0x00000031
core   0: 0x8000007c (0x000f2f83) lw      t6, 0(t5)
core   0: 3 0x8000007c (0x000f2f83) x31 0x00000007 mem 0x800000f0
core   0: 0x80000080 (0x029405b3) mul     a1, s0, s1
core   0: 3 0x80000080 (0x029405b3) x11 0xffffffa5
core   0: 0x80000084 (0x01f58633) add     a2, a1, t6
core   0: 3 0x80000084 (0x01f58633) x12 0xffffffac
core   0: 0x80000088 (0x00004285) c.li    t0, 1
core   0: 3 0x80000088 (0x4285) x5  0x00000001
core   0: 0x8000008a (0x00029663) bnez    t0, pc + 12
core   0: 3 0x8000008a (0x00029663)
core   0: 0x80000096 (0x028407b3) mul     a5, s0, s0
core   0: 3 0x80000096 (0x028407b3) x15 0x00000031
core   0: 0x8000009a (0x028a4333) div     t1, s4, s0
core   0: 3 0x8000009a (0x028a4333) x6  0x0000000e
core   0: 0x8000009e (0x028303b3) mul     t2, t1, s0
core   0: 3 0x8000009e (0x028303b3) x7  0x00000062
core   0: 0x800000a2 (0x034a0e33) mul     t3, s4, s4
core   0: 3 0x800000a2 (0x034a0e33) x28 0x00002710
core   0: 0x800000a6 (0x028e5eb3) divu    t4, t3, s0
core   0: 3 0x800000a6 (0x028e5eb3) x29 0x00000594
core   0: 0x800000aa (0x029a6f33) rem     t5, s4, s1
core   0: 3 0x800000aa (0x029a6f33) x30 0x00000009
core   0: 0x800000ae (0x03ef0fb3) mul     t6, t5, t5
core   0: 3 0x800000ae (0x03ef0fb3) x31 0x00000051
core   0: 0x800000b2 (0x00000f17) auipc   t5, 0x0
core   0: 3 0x800000b2 (0x00000f17) x30 0x800000b2
core   0: 0x800000b6 (0x03ef0f13) addi    t5, t5, 62
core   0: 3 0x800000b6 (0x03ef0f13) x30 0x800000f0
core   0: 0x800000ba (0x014f2023) sw      s4, 0(t5)
core   0: 3 0x800000ba (0x014f2023) mem 0x800000f0 0x00000064
core   0: 0x800000be (0x000f2283) lw      t0, 0(t5)
core   0: 3 0x800000be (0x000f2283) x5  0x00000064 mem 0x800000f0
core   0: 0x800000c2 (0x0282c333) div     t1, t0, s0
core   0: 3 0x800000c2 (0x0282c333) x6  0x0000000e
core   0: 0x800000c6 (0x000f2383) lw      t2, 0(t5)
core   0: 3 0x800000c6 (0x000f2383) x7  0x00000064 mem 0x800000f0
core   0: 0x800000ca (0x0283de33) divu    t3, t2, s0
core   0: 3 0x800000ca (0x0283de33) x28 0x0000000e
core   0: 0x800000ce (0x000f2e83) lw      t4, 0(t5)
core   0: 3 0x800000ce (0x000f2e83) x29 0x00000064 mem 0x800000f0
core   0: 0x800000d2 (0x028eefb3) rem     t6, t4, s0
core   0: 3 0x800000d2 (0x028eefb3) x31 0x00000002
core   0: 0x800000d6 (0x01c30533) add     a0, t1, t3
core   0: 3 0x800000d6 (0x01c30533) x10 0x0000001c
core   0: 0x800000da (0x0000957e) c.add   a0, t6
core   0: 3 0x800000da (0x957e) x10 0x0000001e
core   0: 0x800000dc (0x03448833) mul     a6, s1, s4
core   0: 3 0x800000dc (0x03448833) x16 0xfffffaec
core   0: 0x800000e0 (0x028808b3) mul     a7, a6, s0
core   0: 3 0x800000e0 (0x028808b3) x17 0xffffdc74
core   0: 0x800000e4 (0x0000952e) c.add   a0, a1
core   0: 3 0x800000e4 (0x952e) x10 0xffffffc3
core   0: 0x800000e6 (0x00009532) c.add   a0, a2
core   0: 3 0x800000e6 (0x9532) x10 0xffffff6f
core   0: 0x800000e8 (0x0000953e) c.add   a0, a5
core   0: 3 0x800000e8 (0x953e) x10 0xffffffa0
core   0: 0x800000ea (0x00009546) c.add   a0, a7
core   0: 3 0x800000ea (0x9546) x10 0xffffdc14
core   0: 0x800000ec (0x00009002) c.ebreak
core   0: exception trap_breakpoint, epc 0x800000ec
core   0:           tval 0x800000ec
