(2026-06-10 00:06:48),0.000157419,0,start,840.078,7,RegisterApps : 
(2026-06-10 00:06:49),0.0126175,0,start,1263.16,430,LicenseMgr Init : 
(2026-06-10 00:06:49),0.0189192,0,end,1268.43,431,LicenseMgr Init : 
(2026-06-10 00:06:49),0.0190793,0,end,1339.15,432,RegisterApps : 
(2026-06-10 00:06:50),0.024915,0,start,1388.16,478,VCS Read Task : 
(2026-06-10 00:06:51),0.0408709,0,end,1388.16,479,VCS Read Task : 
(2026-06-10 00:06:51),0.0410949,0,start,1388.16,479,Load VCS Message: 
(2026-06-10 00:06:51),0.0415977,0,end,1390.05,481,Load VCS Message: 
(2026-06-10 00:06:51),0.0415985,0,start,1390.05,481,NLDM Creation : 
(2026-06-10 00:06:51),0.0415991,0,start,1390.05,481,LoadCircuitModel : 
(2026-06-10 00:06:51),0.0416226,0,start,1390.3,482,VsiLib_Restore : 
(2026-06-10 00:06:51),0.0416233,0,end,1390.3,482,VsiLib_Restore : 
(2026-06-10 00:06:51),0.0416236,0,end,1390.3,482,LoadCircuitModel : 
(2026-06-10 00:06:51),0.0416243,0,start,1390.3,482,BuildNetlist : 
(2026-06-10 00:06:51),0.0416251,0,start,1390.3,482,NLDM Build : 
(2026-06-10 00:06:51),0.0417374,0,start,1412.46,504,XMR_Resolution : Total:0 : 
(2026-06-10 00:06:51),0.0417379,0,end,1412.46,504,XMR_Resolution : Success:0 : 
(2026-06-10 00:06:51),0.04174,0,end,1412.46,504,NLDM Build : 
(2026-06-10 00:06:51),0.0417417,1,start,1412.46,504,Cell properties : 
(2026-06-10 00:06:51),0.0417432,1,end,1412.46,504,Cell properties : 
(2026-06-10 00:06:51),0.0417436,0,end,1412.46,504,BuildNetlist : 
(2026-06-10 00:06:51),0.0417445,0,end,1412.46,504,NLDM Creation : 
(2026-06-10 00:06:51),0.0420389,0,start,1412.46,504,createWordSplitBaseNetCacheUtil
(2026-06-10 00:06:51),0.0420408,0,end,1412.46,504,createWordSplitBaseNetCacheUtil
(2026-06-10 00:06:51),0.0420411,0,start,1412.46,504,populate SSF data: 
(2026-06-10 00:06:51),0.0420414,0,end,1412.46,504,populate SSF data: 
(2026-06-10 00:06:51),0.0420417,0,start,1412.46,504,DumpGateCountStats : 
(2026-06-10 00:06:51),0.0420468,0,end,1412.46,504,DumpGateCountStats : 
(2026-06-10 00:06:51),0.0420472,0,start,1412.46,504,DataModelStats : 
(2026-06-10 00:06:51),0.0420485,0,end,1412.46,504,DataModelStats : 
(2026-06-10 00:06:51),0.0420821,1,start,1421.61,513,ModuleDesignPropagation : 
(2026-06-10 00:06:51),0.0420826,1,end,1421.61,513,ModuleDesignPropagation : 
(2026-06-10 00:06:51),0.0421021,0,start,1421.61,513,PropertyLoad: Formal Property : 
(2026-06-10 00:06:51),0.0421292,0,end,1421.73,513,PropertyLoad: Formal Property : 
(2026-06-10 00:06:51),0.0421297,0,start,1421.73,513,PropertyLoad: Formal Property : 
(2026-06-10 00:06:51),0.04213,0,end,1421.73,513,PropertyLoad: Formal Property : 
(2026-06-10 00:06:51),0.0421304,0,start,1421.73,513,PropertyLoad: Formal Property : 
(2026-06-10 00:06:51),0.0421307,0,end,1421.73,513,PropertyLoad: Formal Property : 
(2026-06-10 00:06:51),0.0421447,0,start,1421.73,513,StaticCheck: StaticCheckProcess : 
(2026-06-10 00:06:51),0.0421466,0,start,1421.73,513,StaticCheck: NldfgFlatDesign : 
(2026-06-10 00:06:51),0.042147,0,start,1421.73,513,StaticCheck: createFlatDesign : 
(2026-06-10 00:06:51),0.042177,0,end,1430.76,522,StaticCheck: createFlatDesign : 
(2026-06-10 00:06:51),0.0421774,0,start,1430.76,522,StaticCheck: legalize : 
(2026-06-10 00:06:51),0.0421794,0,end,1430.76,522,StaticCheck: legalize : 
(2026-06-10 00:06:51),0.0421797,0,start,1430.76,522,StaticCheck: reduceBidirectionals : 
(2026-06-10 00:06:51),0.0421802,0,end,1430.76,522,StaticCheck: reduceBidirectionals : 
(2026-06-10 00:06:51),0.0421804,0,start,1430.76,522,StaticCheck: computeNetEquivalences : 
(2026-06-10 00:06:51),0.0421809,0,end,1430.76,522,StaticCheck: computeNetEquivalences : 
(2026-06-10 00:06:51),0.0421812,0,start,1430.76,522,StaticCheck: eliminateBidirectionals : 
(2026-06-10 00:06:51),0.0421815,0,end,1430.76,522,StaticCheck: eliminateBidirectionals : 
(2026-06-10 00:06:51),0.042182,0,end,1430.76,522,StaticCheck: NldfgFlatDesign : 
(2026-06-10 00:06:51),0.0421823,0,start,1430.76,522,StaticCheck: CombLoopCheck  : 
(2026-06-10 00:06:51),0.0421826,0,start,1430.76,522,CombLoop : Topo Order 
(2026-06-10 00:06:51),0.0421875,0,end,1430.76,522,CombLoop : Topo Order 
(2026-06-10 00:06:51),0.0421878,0,start,1430.76,522,CombLoop : Compute Segments 
(2026-06-10 00:06:51),0.0421881,0,end,1430.76,522,CombLoop : Compute Segments 
(2026-06-10 00:06:51),0.0421884,0,end,1430.76,522,StaticCheck: CombLoopCheck  : 
(2026-06-10 00:06:51),0.0421887,0,start,1430.76,522,StaticCheck: MultiDriverCheck  : 
(2026-06-10 00:06:51),0.04219,0,end,1430.76,522,StaticCheck: MultiDriverCheck  : 
(2026-06-10 00:06:51),0.0421906,0,end,1430.76,513,StaticCheck: StaticCheckProcess : 
(2026-06-10 00:06:51),0.0440241,0,start,1430.76,516,Check: check_fv_setup : 
(2026-06-10 00:06:51),0.0440811,0,start,1430.76,516,Check: BuildFormal : 
(2026-06-10 00:06:51),0.0440816,0,start,1430.76,516,Check: Init : 
(2026-06-10 00:06:51),0.0440819,0,end,1430.76,516,Check: Init : 
(2026-06-10 00:06:51),0.0440822,0,start,1430.76,516,Check: ResetSetup : 
(2026-06-10 00:06:51),0.0440825,0,start,1430.76,516,Check: EnvInstrumentation : 
(2026-06-10 00:06:51),0.0441003,0,start,1430.76,516,XMR_Resolution : Total:1 : 
(2026-06-10 00:06:51),0.0441017,0,end,1430.76,516,XMR_Resolution : Success:1 : 
(2026-06-10 00:06:51),0.0441025,0,end,1430.76,516,Check: EnvInstrumentation : 
(2026-06-10 00:06:51),0.0441305,0,start,1432.55,523,sim build substep: 
(2026-06-10 00:06:51),0.0441644,0,end,1432.55,524,sim build substep: 
(2026-06-10 00:06:51),0.0441648,0,start,1432.55,524,sim run substep: 
(2026-06-10 00:06:51),0.0443588,0,end,1439.36,531,sim run substep: 
(2026-06-10 00:06:51),0.04438,0,start,1439.36,531,sim_save_reset : 
(2026-06-10 00:06:51),0.0447651,0,end,1449.12,517,sim_save_reset : 
(2026-06-10 00:06:51),0.0447657,0,end,1449.12,517,Check: ResetSetup : 
(2026-06-10 00:06:51),0.0447661,0,start,1449.12,517,Check: BotEotInstr : 
(2026-06-10 00:06:51),0.0447674,0,end,1449.12,517,Check: BotEotInstr : 
(2026-06-10 00:06:51),0.0447677,0,start,1449.12,517,Check: VPSetup : 
(2026-06-10 00:06:51),0.0447699,0,end,1449.12,517,Check: VPSetup : 
(2026-06-10 00:06:51),0.0447701,0,start,1449.12,517,Check: VPReset : 
(2026-06-10 00:06:51),0.0447714,0,end,1449.12,517,Check: VPReset : 
(2026-06-10 00:06:51),0.0447717,0,start,1449.12,517,Check: InitApp : 
(2026-06-10 00:06:51),0.0447824,0,end,1449.12,517,Check: InitApp : 
(2026-06-10 00:06:51),0.0447828,0,start,1449.12,517,Check: FormalModel : 
(2026-06-10 00:06:51),0.0447831,0,start,1449.12,517,DfgBuild: Setup : 
(2026-06-10 00:06:51),0.0447834,0,start,1449.12,517,DfgBuild: ValidateNLDMOperators : 
(2026-06-10 00:06:51),0.0447851,0,end,1449.12,517,DfgBuild: ValidateNLDMOperators : 
(2026-06-10 00:06:51),0.0447855,0,end,1449.12,517,DfgBuild: Setup : 
(2026-06-10 00:06:51),0.0447857,0,start,1449.12,517,DfgBuild: ReuseCheck : 
(2026-06-10 00:06:51),0.0447861,0,end,1449.12,517,DfgBuild: ReuseCheck : 
(2026-06-10 00:06:51),0.0447865,0,start,1449.12,517,DfgBuild: Flatten : 
(2026-06-10 00:06:51),0.0448399,0,end,1449.12,526,DfgBuild: Flatten : 
(2026-06-10 00:06:51),0.0448402,0,start,1449.12,526,DfgBuild: ClockSetup : 
(2026-06-10 00:06:51),0.0448408,0,end,1449.12,526,DfgBuild: ClockSetup : 
(2026-06-10 00:06:51),0.0448411,0,start,1449.12,526,DfgBuild: Modeling : 
(2026-06-10 00:06:51),0.0448425,0,end,1449.12,526,DfgBuild: Modeling : 
(2026-06-10 00:06:51),0.0448428,0,start,1449.12,526,DfgBuild: FlatRemodel : 
(2026-06-10 00:06:51),0.0448456,0,end,1449.12,526,DfgBuild: FlatRemodel : 
(2026-06-10 00:06:51),0.0448459,0,start,1449.12,526,DfgBuild: NldfgBuild : 
(2026-06-10 00:06:51),0.0448478,0,start,1449.12,526,NldfgBuild : Print statistics 
(2026-06-10 00:06:51),0.0448482,0,end,1449.12,526,NldfgBuild : Print statistics 
(2026-06-10 00:06:51),0.0448485,0,start,1449.12,526,NldfgBuild : Reduce bidirectionals 
(2026-06-10 00:06:51),0.0448489,0,end,1449.12,526,NldfgBuild : Reduce bidirectionals 
(2026-06-10 00:06:51),0.0448492,0,start,1449.12,526,NldfgBuild : Cutpoint Insertion 
(2026-06-10 00:06:51),0.0448538,0,end,1449.12,526,NldfgBuild : Cutpoint Insertion 
(2026-06-10 00:06:51),0.044854,0,start,1449.12,526,NldfgBuild : Compute net equivalences 
(2026-06-10 00:06:51),0.0448545,0,end,1449.12,526,NldfgBuild : Compute net equivalences 
(2026-06-10 00:06:51),0.0448548,0,start,1449.12,526,NldfgBuild : Eliminate bidirectionals 
(2026-06-10 00:06:51),0.0448551,0,end,1449.12,526,NldfgBuild : Eliminate bidirectionals 
(2026-06-10 00:06:51),0.0448553,0,start,1449.12,526,NldfgBuild : Remove false combo loops 
(2026-06-10 00:06:51),0.0448601,0,end,1449.12,526,NldfgBuild : Remove false combo loops 
(2026-06-10 00:06:51),0.044871,0,start,1449.12,526,NldfgBuild : Create dfg 
(2026-06-10 00:06:51),0.0448714,0,start,1449.12,526,NldfgBuild : Create graph function 
(2026-06-10 00:06:51),0.0448783,0,end,1449.12,526,NldfgBuild : Create graph function 
(2026-06-10 00:06:51),0.0448786,0,start,1449.12,526,NldfgBuild : Create scopes 
(2026-06-10 00:06:51),0.0448798,0,end,1449.12,526,NldfgBuild : Create scopes 
(2026-06-10 00:06:51),0.0448801,0,start,1449.12,526,NldfgBuild : Initial setup 
(2026-06-10 00:06:51),0.0448805,0,end,1449.12,526,NldfgBuild : Initial setup 
(2026-06-10 00:06:51),0.0448809,0,start,1449.12,526,NldfgBuild : Create graph 
(2026-06-10 00:06:51),0.0448878,0,end,1449.12,526,NldfgBuild : Create graph 
(2026-06-10 00:06:51),0.0448881,0,start,1449.12,526,NldfgBuild : Create terminal sinks and sources 
(2026-06-10 00:06:51),0.0449038,0,end,1449.12,527,NldfgBuild : Create terminal sinks and sources 
(2026-06-10 00:06:51),0.0449042,0,start,1449.12,527,NldfgBuild : Compute dependencies 
(2026-06-10 00:06:51),0.0449062,0,end,1449.12,527,NldfgBuild : Compute dependencies 
(2026-06-10 00:06:51),0.0449066,0,start,1449.12,527,NldfgBuild : Compute combinational SCCs 
(2026-06-10 00:06:51),0.0449088,0,end,1449.12,527,NldfgBuild : Compute combinational SCCs 
(2026-06-10 00:06:51),0.0449091,0,start,1449.12,527,NldfgBuild : Compute templates 
(2026-06-10 00:06:51),0.0449482,0,end,1449.12,527,NldfgBuild : Compute templates 
(2026-06-10 00:06:51),0.0449489,0,start,1449.12,527,NldfgBuild : Eliminate combinational SCCs 
(2026-06-10 00:06:51),0.0449495,0,end,1449.12,527,NldfgBuild : Eliminate combinational SCCs 
(2026-06-10 00:06:51),0.0449497,0,start,1449.12,527,NldfgBuild : Computing sequential SCCs 
(2026-06-10 00:06:51),0.044951,0,end,1449.12,527,NldfgBuild : Computing sequential SCCs 
(2026-06-10 00:06:51),0.0449524,0,start,1449.12,527,NldfgBuild : Create simulator clocks, changeAts and Triggers 
(2026-06-10 00:06:51),0.0449528,0,end,1449.12,527,NldfgBuild : Create simulator clocks, changeAts and Triggers 
(2026-06-10 00:06:51),0.044953,0,start,1449.12,527,NldfgBuild : SymSimulator Analysis and computation 
(2026-06-10 00:06:51),0.0450292,0,end,1449.12,527,NldfgBuild : SymSimulator Analysis and computation 
(2026-06-10 00:06:51),0.0450296,0,start,1449.12,527,NldfgBuild : Collect Aeps 
(2026-06-10 00:06:51),0.0450311,0,end,1449.12,527,NldfgBuild : Collect Aeps 
(2026-06-10 00:06:51),0.0450314,0,start,1449.12,527,NldfgBuild : Cleanup Simulator 
(2026-06-10 00:06:51),0.0450335,0,end,1449.12,527,NldfgBuild : Cleanup Simulator 
(2026-06-10 00:06:51),0.0450338,0,start,1449.12,527,NldfgBuild : Cleanup Samplers 
(2026-06-10 00:06:51),0.0450379,0,end,1449.12,527,NldfgBuild : Cleanup Samplers 
(2026-06-10 00:06:51),0.0450382,0,end,1449.12,527,NldfgBuild : Create dfg 
(2026-06-10 00:06:51),0.0450391,0,end,1449.12,527,DfgBuild: NldfgBuild : 
(2026-06-10 00:06:51),0.0450395,0,start,1449.12,527,StaticCheck: StaticCheckProcess : 
(2026-06-10 00:06:51),0.0450407,0,start,1449.12,527,StaticCheck: NldfgFlatDesign : 
(2026-06-10 00:06:51),0.045041,0,end,1449.12,527,StaticCheck: NldfgFlatDesign : 
(2026-06-10 00:06:51),0.0450413,0,start,1449.12,527,StaticCheck: CombLoopCheck  : 
(2026-06-10 00:06:51),0.0450417,0,start,1449.12,527,CombLoop : Topo Order 
(2026-06-10 00:06:51),0.0450468,0,end,1449.12,527,CombLoop : Topo Order 
(2026-06-10 00:06:51),0.0450471,0,start,1449.12,527,CombLoop : Compute Segments 
(2026-06-10 00:06:51),0.0450473,0,end,1449.12,527,CombLoop : Compute Segments 
(2026-06-10 00:06:51),0.0450477,0,end,1449.12,527,StaticCheck: CombLoopCheck  : 
(2026-06-10 00:06:51),0.0450479,0,start,1449.12,527,StaticCheck: MultiDriverCheck  : 
(2026-06-10 00:06:51),0.0450493,0,end,1449.12,527,StaticCheck: MultiDriverCheck  : 
(2026-06-10 00:06:51),0.0450497,0,end,1449.12,527,StaticCheck: StaticCheckProcess : 
(2026-06-10 00:06:51),0.0450499,0,start,1449.12,527,DfgBuild: DfgRemodel : 
(2026-06-10 00:06:51),0.0451776,0,end,1449.12,526,DfgBuild: DfgRemodel : 
(2026-06-10 00:06:51),0.0451786,0,end,1449.12,517,Check: FormalModel : 
(2026-06-10 00:06:51),0.045179,0,end,1449.12,517,Check: BuildFormal : 
(2026-06-10 00:06:51),0.0451931,0,start,1449.12,517,Check: Tanglewood : 
(2026-06-10 00:06:51),0.0453255,0,end,1449.12,517,Check: Tanglewood : 
(2026-06-10 00:06:51),0.0453259,0,end,1449.12,517,Check: check_fv_setup : 
(2026-06-10 00:06:52),0.0601085,0,start,1449.12,517,Check: check_fv : 
(2026-06-10 00:06:52),0.0601118,0,start,1449.12,517,Check: BuildFormal : 
(2026-06-10 00:06:52),0.0601121,0,start,1449.12,517,Check: Init : 
(2026-06-10 00:06:52),0.0601124,0,end,1449.12,517,Check: Init : 
(2026-06-10 00:06:52),0.0601127,0,start,1449.12,517,Check: ResetSetup : 
(2026-06-10 00:06:52),0.060113,0,start,1449.12,517,Check: EnvInstrumentation : 
(2026-06-10 00:06:52),0.0601133,0,end,1449.12,517,Check: EnvInstrumentation : 
(2026-06-10 00:06:52),0.0601147,0,end,1449.12,517,Check: ResetSetup : 
(2026-06-10 00:06:52),0.0601149,0,start,1449.12,517,Check: BotEotInstr : 
(2026-06-10 00:06:52),0.0601153,0,end,1449.12,517,Check: BotEotInstr : 
(2026-06-10 00:06:52),0.0601156,0,start,1449.12,517,Check: VPSetup : 
(2026-06-10 00:06:52),0.0601161,0,end,1449.12,517,Check: VPSetup : 
(2026-06-10 00:06:52),0.0601164,0,start,1449.12,517,Check: VPReset : 
(2026-06-10 00:06:52),0.0601184,0,end,1449.12,517,Check: VPReset : 
(2026-06-10 00:06:52),0.0601187,0,start,1449.12,517,Check: InitApp : 
(2026-06-10 00:06:52),0.0601283,0,end,1449.12,517,Check: InitApp : 
(2026-06-10 00:06:52),0.0601287,0,start,1449.12,517,Check: FormalModel : 
(2026-06-10 00:06:52),0.060129,0,start,1449.12,517,DfgBuild: Setup : 
(2026-06-10 00:06:52),0.0601293,0,start,1449.12,517,DfgBuild: ValidateNLDMOperators : 
(2026-06-10 00:06:52),0.060131,0,end,1449.12,517,DfgBuild: ValidateNLDMOperators : 
(2026-06-10 00:06:52),0.0601313,0,end,1449.12,517,DfgBuild: Setup : 
(2026-06-10 00:06:52),0.0601316,0,start,1449.12,517,DfgBuild: ReuseCheck : 
(2026-06-10 00:06:52),0.060132,0,end,1449.12,517,Check: FormalModel : 
(2026-06-10 00:06:52),0.0601323,0,end,1449.12,517,Check: BuildFormal : 
(2026-06-10 00:06:52),0.0601326,0,start,1449.12,517,Check: GCDB : 
(2026-06-10 00:06:52),0.0601415,0,end,1449.12,517,Check: GCDB : 
(2026-06-10 00:06:52),0.060152,0,start,1449.12,517,Check: Tanglewood : 
(2026-06-10 00:06:52),0.0602953,0,start,1449.12,517,perf_diagnostics_alerts: report_fv : 
(2026-06-10 00:06:52),0.0603645,0,end,1449.12,520,perf_diagnostics_alerts: report_fv : 
(2026-06-10 00:06:52),0.0603776,0,start,1449.12,520,orc_perf_debug diagnostics: orc_perf_debug -mode lite : 
(2026-06-10 00:06:52),0.0603819,0,end,1449.12,520,orc_perf_debug diagnostics: orc_perf_debug -mode lite : 
(2026-06-10 00:06:52),0.0603841,0,end,1449.12,520,Check: Tanglewood : 
(2026-06-10 00:06:52),0.0603845,0,end,1449.12,520,Check: check_fv : 
(2026-06-10 00:06:55),0.116561,0,start,1449.12,520,perf_diagnostics_alerts: report_fv : 
(2026-06-10 00:06:55),0.116626,0,end,1449.12,520,perf_diagnostics_alerts: report_fv : 
(2026-06-10 00:06:55),0.116626,0,start,1449.12,520,orc_perf_debug diagnostics: orc_perf_debug -mode lite : 
(2026-06-10 00:06:55),0.116653,0,end,1449.12,520,orc_perf_debug diagnostics: orc_perf_debug -mode lite : 
