Command: vcs -full64 -sverilog -timescale=1ns/1ns -debug_access+all -cm line+tgl+cond+fsm+branch+assert \
-cm_dir coverage/compile.vdb +vcs+lic+wait +lint=TFIPC-L -l vcs_compile.log +incdir+../../../IP/cpu_m1/rtl \
../../../IP/cpu_m1/rtl/rfu.v ../../../IP/cpu_m1/rtl/alu.v ../../../IP/cpu_m1/rtl/idu.v \
../../../IP/cpu_m1/rtl/ifu.v ../../../IP/cpu_m1/rtl/lsu.v ../../../IP/cpu_m1/rtl/csr.v \
../../../IP/cpu_m1/rtl/mul.v ../../../IP/cpu_m1/rtl/div.v ../../../IP/cpu_m1/rtl/forward.v \
../../../IP/cpu_m1/rtl/hazard.v ../../../IP/cpu_m1/rtl/bp.v ../../../IP/cpu_m1/rtl/ras.v \
../../../IP/cpu_m1/rtl/cdec.v ../../../IP/cpu_m1/rtl/core.v ../../../IP/cpu_m1/rtl/cpu_m1_top.v \
tb_wrapper_func_cov.sv cpu_m1_func_cov_bind.sv -top tb_wrapper_func_cov -o simv_wrapper \

                         Chronologic VCS (TM)
       Version X-2025.06-SP1_Full64 -- Tue Jun  9 23:13:49 2026

                    Copyright (c) 1991 - 2025 Synopsys, Inc.
   This software and the associated documentation are proprietary to Synopsys,
 Inc. This software may only be used in accordance with the terms and conditions
 of a written license agreement with Synopsys, Inc. All other use, reproduction,
   or distribution of this software is strictly prohibited.  Licensed Products
     communicate with Synopsys servers for the purpose of providing software
    updates, detecting software piracy and verifying that customers are using
    Licensed Products in conformity with the applicable License Key for such
  Licensed Products. Synopsys will use information gathered in connection with
    this process to deliver software updates and pursue software pirates and
                                   infringers.

 Inclusivity & Diversity - Visit SolvNetPlus to read the "Synopsys Statement on
            Inclusivity and Diversity" (Refer to article 000036315 at
                        https://solvnetplus.synopsys.com)

Parsing design file '../../../IP/cpu_m1/rtl/rfu.v'
Parsing included file '../../../IP/cpu_m1/rtl/def.vh'.
Back to file '../../../IP/cpu_m1/rtl/rfu.v'.
Parsing design file '../../../IP/cpu_m1/rtl/alu.v'
Parsing included file '../../../IP/cpu_m1/rtl/def.vh'.
Back to file '../../../IP/cpu_m1/rtl/alu.v'.
Parsing design file '../../../IP/cpu_m1/rtl/idu.v'
Parsing included file '../../../IP/cpu_m1/rtl/def.vh'.
Back to file '../../../IP/cpu_m1/rtl/idu.v'.
Parsing design file '../../../IP/cpu_m1/rtl/ifu.v'
Parsing included file '../../../IP/cpu_m1/rtl/def.vh'.
Back to file '../../../IP/cpu_m1/rtl/ifu.v'.
Parsing design file '../../../IP/cpu_m1/rtl/lsu.v'
Parsing included file '../../../IP/cpu_m1/rtl/def.vh'.
Back to file '../../../IP/cpu_m1/rtl/lsu.v'.
Parsing design file '../../../IP/cpu_m1/rtl/csr.v'
Parsing included file '../../../IP/cpu_m1/rtl/def.vh'.
Back to file '../../../IP/cpu_m1/rtl/csr.v'.
Parsing design file '../../../IP/cpu_m1/rtl/mul.v'
Parsing included file '../../../IP/cpu_m1/rtl/def.vh'.
Back to file '../../../IP/cpu_m1/rtl/mul.v'.
Parsing design file '../../../IP/cpu_m1/rtl/div.v'
Parsing included file '../../../IP/cpu_m1/rtl/def.vh'.
Back to file '../../../IP/cpu_m1/rtl/div.v'.
Parsing design file '../../../IP/cpu_m1/rtl/forward.v'
Parsing included file '../../../IP/cpu_m1/rtl/def.vh'.
Back to file '../../../IP/cpu_m1/rtl/forward.v'.
Parsing design file '../../../IP/cpu_m1/rtl/hazard.v'
Parsing included file '../../../IP/cpu_m1/rtl/def.vh'.
Back to file '../../../IP/cpu_m1/rtl/hazard.v'.
Parsing design file '../../../IP/cpu_m1/rtl/bp.v'
Parsing included file '../../../IP/cpu_m1/rtl/def.vh'.
Back to file '../../../IP/cpu_m1/rtl/bp.v'.
Parsing design file '../../../IP/cpu_m1/rtl/ras.v'
Parsing included file '../../../IP/cpu_m1/rtl/def.vh'.
Back to file '../../../IP/cpu_m1/rtl/ras.v'.
Parsing design file '../../../IP/cpu_m1/rtl/cdec.v'
Parsing included file '../../../IP/cpu_m1/rtl/def.vh'.
Back to file '../../../IP/cpu_m1/rtl/cdec.v'.
Parsing design file '../../../IP/cpu_m1/rtl/core.v'
Parsing included file '../../../IP/cpu_m1/rtl/def.vh'.
Back to file '../../../IP/cpu_m1/rtl/core.v'.
Parsing design file '../../../IP/cpu_m1/rtl/cpu_m1_top.v'
Parsing design file 'tb_wrapper_func_cov.sv'
Parsing design file 'cpu_m1_func_cov_bind.sv'
Parsing included file '../../../IP/cpu_m1/rtl/def.vh'.
Back to file 'cpu_m1_func_cov_bind.sv'.
Top Level Modules:
       tb_wrapper_func_cov
TimeScale is 1 ns / 1 ns
VCS Coverage Metrics Release X-2025.06-SP1_Full64 Copyright (c) 1991-2025 by Synopsys Inc.
Starting vcs inline pass...
15 modules and 0 UDP read.
recompiling module tb_wrapper_func_cov
recompiling module cpu_m1_func_cov_observer
Both modules done.
	However, due to incremental compilation, only 2 modules need to be compiled. 
make[1]: Entering directory '/home/edauser/project/SOC/Magpie_M1/flow/v2_pipeline/phase_04_08_functional_coverage/csrc' \

rm -f _cuarc*.so _csrc*.so pre_vcsobj_*.so share_vcsobj_*.so
if [ -x ../simv_wrapper ]; then chmod a-x ../simv_wrapper; fi
g++  -o ../simv_wrapper      -rdynamic  -Wl,-rpath='$ORIGIN'/simv_wrapper.daidir \
-Wl,-rpath=./simv_wrapper.daidir -Wl,-rpath=/soft/synopsys/vcs/X-2025.06-SP1/linux64/lib \
-L/soft/synopsys/vcs/X-2025.06-SP1/linux64/lib  -Wl,-rpath-link=./  /usr/lib64/libnuma.so.1 \
objs/amcQw_d.o  _249296_archive_1.so _prev_archive_1.so  SIM_l.o      rmapats_mop.o \
rmapats.o rmar.o rmar_nd.o  rmar_llvm_0_1.o rmar_llvm_0_0.o            -lvirsim -lerrorinf \
-lsnpsmalloc -lvfs      -lvcsnew -ldistsimclient -lsimprofile -lreader_common /soft/synopsys/vcs/X-2025.06-SP1/linux64/lib/libBA.a \
-luclinative /soft/synopsys/vcs/X-2025.06-SP1/linux64/lib/vcs_tls.o   -Wl,-whole-archive \
-lvcsucli    -Wl,-no-whole-archive       _vcs_pli_stub_.o   /soft/synopsys/vcs/X-2025.06-SP1/linux64/lib/vcs_save_restore_new.o \
/soft/synopsys/verdi/X-2025.06-SP1-1/share/PLI/VCS/LINUX64/pli.a -ldl  -lc -lm -lpthread \
-ldl 
../simv_wrapper up to date
make[1]: Leaving directory '/home/edauser/project/SOC/Magpie_M1/flow/v2_pipeline/phase_04_08_functional_coverage/csrc' \

CPU time: .496 seconds to compile + .150 seconds to elab + .135 seconds to link
