
                                   VC Static 

               Version X-2025.06-SP1 for linux64 - Sep 02, 2025 

                    Copyright (c) 2010 - 2025 Synopsys, Inc.
   This software and the associated documentation are proprietary to Synopsys,
 Inc. This software may only be used in accordance with the terms and conditions
 of a written license agreement with Synopsys, Inc. All other use, reproduction,
   or distribution of this software is strictly prohibited.  Licensed Products
     communicate with Synopsys servers for the purpose of providing software
    updates, detecting software piracy and verifying that customers are using
    Licensed Products in conformity with the applicable License Key for such
  Licensed Products. Synopsys will use information gathered in connection with
    this process to deliver software updates and pursue software pirates and
                                   infringers.

 Inclusivity & Diversity - Visit SolvNetPlus to read the "Synopsys Statement on
            Inclusivity and Diversity" (Refer to article 000036315 at
                        https://solvnetplus.synopsys.com)
restore_session -level default
set_fml_appmode FPV
1
read_file -top axil_bridge_formal -format sverilog -sva {
  ../../../IP/cpu_m1/rtl/axil_bridge.v
  axil_bridge_formal.sv
}
Info: Invoking New SVA Compiler Instrument...
Info: SVAC-NC Start
Info: SVAC-NC Finished
Info: Invoking Simon...
Info: Simon VCS Start

Warning-[SM_IGN_IAD] Initial Assignment at Declaration
axil_bridge_formal.sv, 94
  Initial Assignment at Declaration for "f_past_valid" is ignored by synthesis

=======================================================
VCS CPU Time(s)     :0.09
SIMON CPU Time(s)   :0.09
SIMON Total Time(s) :0.04
Peak Memory(MB)     :415
=======================================================
Info: Simon VCS Finished
Info: Simon call complete 
Info: Exiting after Simon Analysis 
Verdi KDB elaboration done and the database successfully generated: 0 error(s), 0 warning(s)
[Info] DB_COPT045: Vcs analyzer task has finished.
# Gate Counts 
Number of Flat Instances = 1476
Number of Operator = 1476
Number of Libcells = 0
Number of Black-Box Instances = 0
Number of FlipFlop BitWise = 330
Number of Latch Bitwise = 0
Number of Nand BitWise = 72
Number of Comb logic = 548

[Info] PROP_I_COLLECT: Collecting Source Properties from the view:axil_bridge_formal.
1
create_clock clk -period 10
1
create_reset resetn -sense low
1
check_fv_setup
[Info] CLOCK_PERIOD_ADJUSTMENT: The clock period for formal clock generation is multiplied by 10 to prevent round-off and preserve the relative frequencies of the clocks.
	Users can adjust the time unit in the Verdi waveform to display the original periods. Use adjustment: 1ns/100ps.
[Info] AUTO_SIM_RUN: Running the reset simulation.
	Either the command 'sim_run' has not been run or the reset simulation needs to be rerun to keep the consistency of the signal reset values.
[Info] SIM_I_CREATE: Create Simulation Model.
[Info] AUTO_SIM_SAVE_RESET: Saving the reset states.
	Either the command 'sim_save_reset' has not been run or the reset states need to be saved again.
[Info] AUTO_SIM_NEW_RESET_GENERATED: The Auto Reset has resulted in a new initial state being generated for the current task: 'FPV'.
	Any subsequent simulation commands applied to this task will not affect the already generated initial state of the other tasks.
[Info] FORMAL_I_CREATE: Create Formal Model:axil_bridge_formal.
[Info] FORMAL_I_RUN: Starting formal verification for check_fv_setup
	  Id: 0  Goals: 0  Constraints: 0  Block Mode: true
[Info] APP_LIC_CHKOUT: Checkout 1 app license(s).
[Info] FDC_FVS: No setup issues found.
	The results can be viewed again by using the report_fv_setup command.
1
check_fv -block
[Info] FORMAL_I_REUSE: Reuse Formal Model:axil_bridge_formal.
[Info] FORMAL_I_RUN: Starting formal verification for check_fv
	  Id: 1  Goals: 36  Constraints: 2  Block Mode: true
[Info] APP_LIC_CHKOUT: Checkout 1 app license(s).
[Info] PERF_DIAGNOSTICS_ALERTS_START
Run configuration:
[Info] FV_RUN_CONFIG_INFO:  Task : FPV, cmd : check_fv
[Info] Configuration Details
[Info] Orchestration/Effort : default
[Info] Run time limit : 12H
[Info] Memory limit : 8GB
[Info] Number of workers requested : 4
[Info] FPV flow ver : v7 
[Info] PERF_DIAGNOSTICS_ALERTS_END
[Info] BITLEVEL_MODEL_STATS: Generated model with 1594 gates, 110 inputs, 298 registers, 0 initial constraints, 2 constraints.
[Info] BITLEVEL_MODEL_STATS: Generated model with 929 gates, 110 inputs, 271 registers, 0 initial constraints, 2 constraints.
[Info] PROP_I_RESULT: FPV  axil_bridge_formal.unnamed$$_14  s1  non_vacuous:2  vacuity  00:00:01
[Info] PROP_I_RESULT: FPV  axil_bridge_formal.unnamed$$_15  s1  non_vacuous:2  vacuity  00:00:01
[Info] PROP_I_RESULT: FPV  axil_bridge_formal.unnamed$$_20  s1  non_vacuous:2  vacuity  00:00:01
[Info] PROP_I_RESULT: FPV  axil_bridge_formal.unnamed$$_3  s1  non_vacuous:2  vacuity  00:00:01
[Info] PROP_I_RESULT: FPV  axil_bridge_formal.unnamed$$_4  s1  non_vacuous:2  vacuity  00:00:01
[Info] PROP_I_RESULT: FPV  axil_bridge_formal.unnamed$$_13  s1  non_vacuous:2  vacuity  00:00:01
[Info] PROP_I_RESULT: FPV  axil_bridge_formal.unnamed$$_18  s1  non_vacuous:2  vacuity  00:00:01
[Info] PROP_I_RESULT: FPV  axil_bridge_formal.unnamed$$_19  s1  non_vacuous:2  vacuity  00:00:01
[Info] PROP_I_RESULT: FPV  axil_bridge_formal.unnamed$$_7  s1  non_vacuous:2  vacuity  00:00:01
[Info] PROP_I_RESULT: FPV  axil_bridge_formal.unnamed$$_8  s1  non_vacuous:2  vacuity  00:00:01
[Info] PROP_I_RESULT: FPV  axil_bridge_formal.unnamed$$_10  s1  non_vacuous:2  vacuity  00:00:01
[Info] PROP_I_RESULT: FPV  axil_bridge_formal.unnamed$$_9  s1  non_vacuous:2  vacuity  00:00:01
[Info] PROP_I_RESULT: FPV  axil_bridge_formal.unnamed$$_5  s1  non_vacuous:2  vacuity  00:00:01
[Info] PROP_I_RESULT: FPV  axil_bridge_formal.unnamed$$_6  s1  non_vacuous:2  vacuity  00:00:01
[Info] PROP_I_RESULT: FPV  axil_bridge_formal.unnamed$$_17  s1  non_vacuous:3  vacuity  00:00:01
[Info] PROP_I_RESULT: FPV  axil_bridge_formal.unnamed$$_12  s1  non_vacuous:3  vacuity  00:00:01
[Info] PROP_I_RESULT: FPV  axil_bridge_formal.unnamed$$_16  s1  non_vacuous:3  vacuity  00:00:01
[Info] PROP_I_RESULT: FPV  axil_bridge_formal.unnamed$$_11  s1  non_vacuous:3  vacuity  00:00:01
[Info] PROP_I_RESULT: FPV  axil_bridge_formal.unnamed$$_10  checking  property  00:00:01
[Info] PROP_I_RESULT: FPV  axil_bridge_formal.unnamed$$_11  checking  property  00:00:01
[Info] PROP_I_RESULT: FPV  axil_bridge_formal.unnamed$$_12  checking  property  00:00:01
[Info] PROP_I_RESULT: FPV  axil_bridge_formal.unnamed$$_13  checking  property  00:00:01
[Info] PROP_I_RESULT: FPV  axil_bridge_formal.unnamed$$_14  checking  property  00:00:01
[Info] PROP_I_RESULT: FPV  axil_bridge_formal.unnamed$$_15  checking  property  00:00:01
[Info] PROP_I_RESULT: FPV  axil_bridge_formal.unnamed$$_16  checking  property  00:00:01
[Info] PROP_I_RESULT: FPV  axil_bridge_formal.unnamed$$_17  checking  property  00:00:01
[Info] PROP_I_RESULT: FPV  axil_bridge_formal.unnamed$$_18  checking  property  00:00:01
[Info] PROP_I_RESULT: FPV  axil_bridge_formal.unnamed$$_19  checking  property  00:00:01
[Info] PROP_I_RESULT: FPV  axil_bridge_formal.unnamed$$_20  checking  property  00:00:01
[Info] PROP_I_RESULT: FPV  axil_bridge_formal.unnamed$$_3  checking  property  00:00:01
[Info] PROP_I_RESULT: FPV  axil_bridge_formal.unnamed$$_4  checking  property  00:00:01
[Info] PROP_I_RESULT: FPV  axil_bridge_formal.unnamed$$_5  checking  property  00:00:01
[Info] PROP_I_RESULT: FPV  axil_bridge_formal.unnamed$$_6  checking  property  00:00:01
[Info] PROP_I_RESULT: FPV  axil_bridge_formal.unnamed$$_7  checking  property  00:00:01
[Info] PROP_I_RESULT: FPV  axil_bridge_formal.unnamed$$_8  checking  property  00:00:01
[Info] PROP_I_RESULT: FPV  axil_bridge_formal.unnamed$$_9  checking  property  00:00:01
[Info] PROP_I_RESULT: FPV  axil_bridge_formal.unnamed$$_14  e2  proven  property  00:00:01
[Info] PROP_I_RESULT: FPV  axil_bridge_formal.unnamed$$_15  e2  proven  property  00:00:01
[Info] PROP_I_RESULT: FPV  axil_bridge_formal.unnamed$$_16  e2  proven  property  00:00:01
[Info] PROP_I_RESULT: FPV  axil_bridge_formal.unnamed$$_17  e2  proven  property  00:00:01
[Info] PROP_I_RESULT: FPV  axil_bridge_formal.unnamed$$_18  e2  proven  property  00:00:01
[Info] PROP_I_RESULT: FPV  axil_bridge_formal.unnamed$$_19  e2  proven  property  00:00:01
[Info] PROP_I_RESULT: FPV  axil_bridge_formal.unnamed$$_20  e2  proven  property  00:00:01
[Info] PROP_I_RESULT: FPV  axil_bridge_formal.unnamed$$_10  e2  proven  property  00:00:01
[Info] PROP_I_RESULT: FPV  axil_bridge_formal.unnamed$$_11  e2  proven  property  00:00:01
[Info] PROP_I_RESULT: FPV  axil_bridge_formal.unnamed$$_12  e2  proven  property  00:00:01
[Info] PROP_I_RESULT: FPV  axil_bridge_formal.unnamed$$_13  e2  proven  property  00:00:01
[Info] PROP_I_RESULT: FPV  axil_bridge_formal.unnamed$$_3  e2  proven  property  00:00:01
[Info] PROP_I_RESULT: FPV  axil_bridge_formal.unnamed$$_4  e2  proven  property  00:00:01
[Info] PROP_I_RESULT: FPV  axil_bridge_formal.unnamed$$_5  e2  proven  property  00:00:01
[Info] PROP_I_RESULT: FPV  axil_bridge_formal.unnamed$$_6  e2  proven  property  00:00:01
[Info] PROP_I_RESULT: FPV  axil_bridge_formal.unnamed$$_7  e2  proven  property  00:00:01
[Info] PROP_I_RESULT: FPV  axil_bridge_formal.unnamed$$_8  e2  proven  property  00:00:01
[Info] PROP_I_RESULT: FPV  axil_bridge_formal.unnamed$$_9  e2  proven  property  00:00:01
[Info] PERF_DIAGNOSTICS_ALERTS_START

  Summary Results
   Property Summary: FPV
   -----------------
   > Assertion
     - # found        : 18
     - # proven       : 18

   > Vacuity
     - # found        : 18
     - # non_vacuous  : 18

   > Constraint
     - # found        : 3

Solver jobs summary for verification task FPV (11 solver jobs)
    #scheduled     :     0 
    #running       :     0 
    #completed     :    11 
        #normal        :     8 
        #timeout       :     0 
        #memout        :     0 
        #orc_killed    :     3 
        #sig_killed    :     0 
        #crash         :     0 
        #start_fail    :     0 
        #misc_error    :     0 
[Info] PERF_DIAGNOSTICS_ALERTS_END
1
report_fv -list > formal_results.txt
report_fv > formal_summary.txt
exit
=======================================================
Total Time(S)  :6.09
CPU Time(S)    :2.73
Peak Memory(MB):2223
========================Formal=========================
Engine Wall Time(S)    :2.91
Engine Peak Memory(MB) :153
=======================================================
Session exit code is 3 (Abnormal termination - termination trapped by software)


Capturing stack trace for signal [ SIGABRT (Abort) ] for pid : 588843 ..


--- pstack for process 588843 is dumped to 

#/lib64/libpthread.so.0 : ()+0x1298f
#/lib64/libc.so.6 : gsignal()+0x10f
#/lib64/libc.so.6 : abort()+0x126
#/soft/synopsys/vcs/X-2025.06-SP1/vcfca/linux64/vcst/bin/svi() [0xd3f73ff]
#/soft/synopsys/vcs/X-2025.06-SP1/vcfca/linux64/vcst/bin/svi : __cxxabiv1::__terminate(void (*)())()+0x9
#/soft/synopsys/vcs/X-2025.06-SP1/vcfca/linux64/vcst/bin/svi : std::terminate()()+0x14
#/soft/synopsys/vcs/X-2025.06-SP1/vcfca/linux64/vcst/bin/svi : Monet::ClientMgr::stopProcessMonitor()()+0xa4
#/soft/synopsys/vcs/X-2025.06-SP1/vcfca/linux64/vcst/bin/svi : Monet::ClientMgr::exit(int, std::__cxx11::basic_string<char, std::char_traits<char>, std::allocator<char> > const&)()+0x637
#/soft/synopsys/vcs/X-2025.06-SP1/vcfca/linux64/vcst/bin/svi : Monet::QuitMonet::exec(CciCommand::OptionValues const&)()+0x840
#/soft/synopsys/vcs/X-2025.06-SP1/vcfca/linux64/vcst/bin/svi : Monet::MCciCommand::execCommand(CciCommand::OptionValues const&, std::__cxx11::basic_string<char, std::char_traits<char>, std::allocator<char> > const&, bool&, bool)()+0xa23
#/soft/synopsys/vcs/X-2025.06-SP1/vcfca/linux64/vcst/bin/svi : Monet::MCciCommand::run(CciCommand::OptionValues const&)()+0x634
#/soft/synopsys/vcs/X-2025.06-SP1/vcfca/linux64/vcst/bin/svi : CciCommand::run_proc(void*, cci_interp_s*, CciIter<cci_option_cb_s>)()+0x6ca
#/soft/synopsys/vcs/X-2025.06-SP1/vcfca/linux64/vcst/bin/svi : cci_check_command()+0xce6
#/soft/synopsys/vcs/X-2025.06-SP1/vcfca/linux64/vcst/bin/svi : TclInvokeStringCommand()+0x85
#/soft/synopsys/vcs/X-2025.06-SP1/vcfca/linux64/vcst/bin/svi : TclNRRunCallbacks()+0x70
#/soft/synopsys/vcs/X-2025.06-SP1/vcfca/linux64/vcst/bin/svi() [0xf96d972]
#/soft/synopsys/vcs/X-2025.06-SP1/vcfca/linux64/vcst/bin/svi : cci_unknown_cmd()+0x176
#/soft/synopsys/vcs/X-2025.06-SP1/vcfca/linux64/vcst/bin/svi : TclInvokeStringCommand()+0x85
#/soft/synopsys/vcs/X-2025.06-SP1/vcfca/linux64/vcst/bin/svi : TclNRRunCallbacks()+0x70
#/soft/synopsys/vcs/X-2025.06-SP1/vcfca/linux64/vcst/bin/svi() [0xd2b3b23]
#/soft/synopsys/vcs/X-2025.06-SP1/vcfca/linux64/vcst/bin/svi : cci_EvalEx(cci_interp_s*, char const*, int)()+0x145
#/soft/synopsys/vcs/X-2025.06-SP1/vcfca/linux64/vcst/bin/svi : cci_interact()+0x3ad
#/soft/synopsys/vcs/X-2025.06-SP1/vcfca/linux64/vcst/bin/svi() [0xf95ef70]
#/soft/synopsys/vcs/X-2025.06-SP1/vcfca/linux64/vcst/bin/svi : cci_check_command()+0xce6
#/soft/synopsys/vcs/X-2025.06-SP1/vcfca/linux64/vcst/bin/svi : TclInvokeStringCommand()+0x85
#/soft/synopsys/vcs/X-2025.06-SP1/vcfca/linux64/vcst/bin/svi : TclNRRunCallbacks()+0x70
#/soft/synopsys/vcs/X-2025.06-SP1/vcfca/linux64/vcst/bin/svi() [0xf96d972]
#/soft/synopsys/vcs/X-2025.06-SP1/vcfca/linux64/vcst/bin/svi : Monet::CmdInterp::evalScriptFile(std::__cxx11::basic_string<char, std::char_traits<char>, std::allocator<char> > const&)()+0x510
#/soft/synopsys/vcs/X-2025.06-SP1/vcfca/linux64/vcst/bin/svi : snps_boost_1_85_0::asio::detail::completion_handler<snps_boost_1_85_0::_bi::bind_t<snps_boost_1_85_0::_bi::unspecified, snps_boost_1_85_0::_mfi::mf<void (Monet::CmdInterp::*)(std::__cxx11::basic_string<char, std::char_traits<char>, std::allocator<char> > const&), void, Monet::CmdInterp, std::__cxx11::basic_string<char, std::char_traits<char>, std::allocator<char> > const&>, snps_boost_1_85_0::_bi::list<snps_boost_1_85_0::_bi::value<Monet::CmdInterp*>, snps_boost_1_85_0::_bi::value<std::__cxx11::basic_string<char, std::char_traits<char>, std::allocator<char> > > > >, snps_boost_1_85_0::asio::io_context::basic_executor_type<std::allocator<void>, 0ul> >::do_complete(void*, snps_boost_1_85_0::asio::detail::scheduler_operation*, snps_boost_1_85_0::system::error_code const&, unsigned long)()+0xc8
#/soft/synopsys/vcs/X-2025.06-SP1/vcfca/linux64/vcst/bin/svi : snps_boost_1_85_0::asio::detail::strand_service::do_complete(void*, snps_boost_1_85_0::asio::detail::scheduler_operation*, snps_boost_1_85_0::system::error_code const&, unsigned long)()+0x80
#/soft/synopsys/vcs/X-2025.06-SP1/vcfca/linux64/vcst/bin/svi : snps_boost_1_85_0::asio::detail::scheduler::do_run_one(snps_boost_1_85_0::asio::detail::conditionally_enabled_mutex::scoped_lock&, snps_boost_1_85_0::asio::detail::scheduler_thread_info&, snps_boost_1_85_0::system::error_code const&)()+0x287
#/soft/synopsys/vcs/X-2025.06-SP1/vcfca/linux64/vcst/bin/svi : snps_boost_1_85_0::asio::detail::scheduler::run(snps_boost_1_85_0::system::error_code&)()+0x24f
#/soft/synopsys/vcs/X-2025.06-SP1/vcfca/linux64/vcst/bin/svi : Monet::ClientMgr::ioServiceRun()()+0x30
#/soft/synopsys/vcs/X-2025.06-SP1/vcfca/linux64/vcst/bin/svi : Monet::ClientMgr::pExec()()+0xa2
#/soft/synopsys/vcs/X-2025.06-SP1/vcfca/linux64/vcst/bin/svi : main()+0x530
#/lib64/libc.so.6 : __libc_start_main()+0xe4
#/soft/synopsys/vcs/X-2025.06-SP1/vcfca/linux64/vcst/bin/svi() [0x7f77028]=======================================================
Total Time(S)  :6.2
CPU Time(S)    :2.8
Peak Memory(MB):1449
Current RSS(MB):998
=======================================================
