Note: Bumping stack limit from 12500 to unlimited Kbytes.
URG Version X-2025.06-SP1                     Copyright (c) 1991 - 2025 Synopsys, Inc.
   This software and the associated documentation are proprietary to Synopsys,
 Inc. This software may only be used in accordance with the terms and conditions
 of a written license agreement with Synopsys, Inc. All other use, reproduction,
   or distribution of this software is strictly prohibited.  Licensed Products
     communicate with Synopsys servers for the purpose of providing software
    updates, detecting software piracy and verifying that customers are using
    Licensed Products in conformity with the applicable License Key for such
  Licensed Products. Synopsys will use information gathered in connection with
    this process to deliver software updates and pursue software pirates and
                                   infringers.

 Inclusivity & Diversity - Visit SolvNetPlus to read the "Synopsys Statement on
            Inclusivity and Diversity" (Refer to article 000036315 at
                        https://solvnetplus.synopsys.com)

Warning-[UCAPI-INSTANCE-SHAPEMISMATCH] Instance Data Mismatch
  Database mismatch for instance data. Line shape for instance 
  'tb_directed_lockstep' in test file 'test' of test-data directory 
  'flow/v2_pipeline/phase_p16_core_if/vcs/simv.vdb' is not the same as in base
  design. Coverage data of this instance won't be merged.
  Please ensure that all coverage tests are generated from same design. If 
  problem still persists please contact vcs_support@synopsys.com.


Warning-[UCAPI-INSTANCE-SHAPEMISMATCH] Instance Data Mismatch
  Database mismatch for instance data. Branch shape for instance 
  'tb_directed_lockstep' in test file 'test' of test-data directory 
  'flow/v2_pipeline/phase_p16_core_if/vcs/simv.vdb' is not the same as in base
  design. Coverage data of this instance won't be merged.
  Please ensure that all coverage tests are generated from same design. If 
  problem still persists please contact vcs_support@synopsys.com.


Warning-[UCAPI-INSTANCE-SHAPEMISMATCH] Instance Data Mismatch
  Database mismatch for instance data. Line shape for instance 
  'tb_directed_lockstep' in test file 'test' of test-data directory 
  'flow/v2_pipeline/phase_p17_core_trap/vcs/simv.vdb' is not the same as in 
  base design. Coverage data of this instance won't be merged.
  Please ensure that all coverage tests are generated from same design. If 
  problem still persists please contact vcs_support@synopsys.com.


Warning-[UCAPI-INSTANCEMISMATCH] Instance Data Mismatch
  Database mismatch for instance data. Number of Line coverage objects for 
  instance 'tb_directed_lockstep' in test file 'test' of test-data directory 
  'flow/v2_pipeline/phase_p17_core_trap/vcs/simv.vdb' is not the same as in 
  base design. Coverage data of this instance won't be merged.
  Please ensure that all coverage tests are generated from same design. If 
  problem still persists please contact vcs_support@synopsys.com.


Warning-[UCAPI-INSTANCE-SHAPEMISMATCH] Instance Data Mismatch
  Database mismatch for instance data. Tgl shape for instance 
  'tb_directed_lockstep' in test file 'test' of test-data directory 
  'flow/v2_pipeline/phase_p17_core_trap/vcs/simv.vdb' is not the same as in 
  base design. Coverage data of this instance won't be merged.
  Please ensure that all coverage tests are generated from same design. If 
  problem still persists please contact vcs_support@synopsys.com.


Warning-[UCAPI-INSTANCEMISMATCH] Instance Data Mismatch
  Database mismatch for instance data. Number of Tgl coverage objects for 
  instance 'tb_directed_lockstep' in test file 'test' of test-data directory 
  'flow/v2_pipeline/phase_p17_core_trap/vcs/simv.vdb' is not the same as in 
  base design. Coverage data of this instance won't be merged.
  Please ensure that all coverage tests are generated from same design. If 
  problem still persists please contact vcs_support@synopsys.com.


Warning-[UCAPI-INSTANCE-SHAPEMISMATCH] Instance Data Mismatch
  Database mismatch for instance data. Condition shape for instance 
  'tb_directed_lockstep' in test file 'test' of test-data directory 
  'flow/v2_pipeline/phase_p17_core_trap/vcs/simv.vdb' is not the same as in 
  base design. Coverage data of this instance won't be merged.
  Please ensure that all coverage tests are generated from same design. If 
  problem still persists please contact vcs_support@synopsys.com.


Warning-[UCAPI-INSTANCEMISMATCH] Instance Data Mismatch
  Database mismatch for instance data. Number of Condition coverage objects 
  for instance 'tb_directed_lockstep' in test file 'test' of test-data 
  directory 'flow/v2_pipeline/phase_p17_core_trap/vcs/simv.vdb' is not the 
  same as in base design. Coverage data of this instance won't be merged.
  Please ensure that all coverage tests are generated from same design. If 
  problem still persists please contact vcs_support@synopsys.com.


Warning-[UCAPI-INSTANCE-SHAPEMISMATCH] Instance Data Mismatch
  Database mismatch for instance data. Branch shape for instance 
  'tb_directed_lockstep' in test file 'test' of test-data directory 
  'flow/v2_pipeline/phase_p17_core_trap/vcs/simv.vdb' is not the same as in 
  base design. Coverage data of this instance won't be merged.
  Please ensure that all coverage tests are generated from same design. If 
  problem still persists please contact vcs_support@synopsys.com.


Warning-[UCAPI-INSTANCEMISMATCH] Instance Data Mismatch
  Database mismatch for instance data. Number of Branch coverage objects for 
  instance 'tb_directed_lockstep' in test file 'test' of test-data directory 
  'flow/v2_pipeline/phase_p17_core_trap/vcs/simv.vdb' is not the same as in 
  base design. Coverage data of this instance won't be merged.
  Please ensure that all coverage tests are generated from same design. If 
  problem still persists please contact vcs_support@synopsys.com.


Warning-[UCAPI-INSTANCE-SHAPEMISMATCH] Instance Data Mismatch
  Database mismatch for instance data. Line shape for instance 
  'tb_directed_lockstep' in test file 'test' of test-data directory 
  'flow/v2_pipeline/phase_p18_core_bpras/vcs/simv.vdb' is not the same as in 
  base design. Coverage data of this instance won't be merged.
  Please ensure that all coverage tests are generated from same design. If 
  problem still persists please contact vcs_support@synopsys.com.


Warning-[UCAPI-INSTANCE-SHAPEMISMATCH] Instance Data Mismatch
  Database mismatch for instance data. Branch shape for instance 
  'tb_directed_lockstep' in test file 'test' of test-data directory 
  'flow/v2_pipeline/phase_p18_core_bpras/vcs/simv.vdb' is not the same as in 
  base design. Coverage data of this instance won't be merged.
  Please ensure that all coverage tests are generated from same design. If 
  problem still persists please contact vcs_support@synopsys.com.


Note-[URG-RDG] Report directory generated
  Report written to directory 
  flow/v2_pipeline/phase_p15_18_merged/merged_urgReport

