VC_STATIC_HOME : /soft/synopsys/vcs/X-2025.06-SP1/vcfca
edb-dbase-id : 50000
rma-extended-mode : 17
interactive-mode : #t
full-interactive-mode : #t
fast-exit-on-timeout : #f
gridmem-replacement-policy : 1
worker-script-version : 2
tw-tool-version : "2025.06"
global-chain-merge-freq : 30
orc-strategy : "default"
grid-prefetch-timeout : 3600
exe-dir : "/soft/synopsys/vcs/X-2025.06-SP1/vcfca/linux64/ctg/bin"
tw-bh-random-workers : 0
peakmem-messages : #t
seqaig-compression : #t
tw-bh-randomize : #f
global-chain-db : #f
MG_HOME : /soft/synopsys/vcs/X-2025.06-SP1/vcfca
oct-mode : 1977
startup-optimization : 6
sss-mode : 0
tw-bh-mode : 0
oct-point : 9
upfront-worker-timeout : 1
max-workers-per-property : -1
grid-prefetch-pct : 0
all-results : #t
skip-lower-depth-msg-ext : 3
tr-init-batch-size : 10
engine-score-file : "/home/edauser/project/SOC/Magpie_M1/flow/v2_pipeline/phase_p_formal/vcf_runs/lsu_session_rtdb/.internal/formal/fpId0/fv_eng_score"
coverage-as-vac : #t
cdpl-log-filter : #f
app-name : "fpv"
cdpl-log-compress : #t
task-rusage-messages-interval : 300
debug : #f
gridmem-acquisition-policy : 1
crash-messages : #t
replay-hints : #t
task-rusage-messages : #t
trace-compression : #t
