###############################################################
 # This report contains names of design units along with parameter
 # values and self instances.
 # Some parameters may have more than one possible values for that
 # design unit, values will be unique for instances. It is indicated as
 # "Multiple Values".
 # In some cases instance count shown may be less than actual instance
 # count in the design due to optimizations. It is indicated as
 # "Optimized".
###############################################################


Design Unit Name: 'csr', (IP/cpu_m1/rtl/csr.v:31)
    Parameters (Total 4)
        RV32A = 0  (default: 0)
        PMP_ENTRIES = 0  (default: 0)
        mstatus_mpp = 2'b11  (default: 2'b11)
        MISA_EXT_BASE = 26'b00000000000001000100000110  (default: 26'b00000000000001000100000110)
    Instances (Total: 0)
=============================================


Design Unit Name: 'csr_assert_bind', (IP/cpu_m1/dv/formal/csr_assert_bind.sv:4)
    Parameters (Total 0)
    Instances (Total 1)(Optimized)
        csr.csr_assert_i
=============================================


