 
****************************************
Report : area
Design : cpu_m1_top
Version: X-2025.06-SP2
Date   : Fri Jun 12 16:11:44 2026
****************************************

Library(s) Used:

    tcbn28hpcplusbwp40p140ffg0p88v125c (File: /home/edauser/project/SOC/Magpie_M1A/flow/v2_pipeline/phase_p_multicorner_dc/compiled_db/tcbn28hpcplusbwp40p140ffg0p88v125c.db)

Number of ports:                          749
Number of nets:                         34450
Number of cells:                        33361
Number of combinational cells:          26277
Number of sequential cells:              7081
Number of macros/black boxes:               0
Number of buf/inv:                       3012
Number of references:                      97

Combinational area:              16839.773996
Buf/Inv area:                      784.098010
Noncombinational area:           13385.861898
Macro/Black Box area:                0.000000
Net Interconnect area:      undefined  (Wire load has zero net area)

Total cell area:                 30225.635894
Total area:                 undefined

Hierarchical area distribution
------------------------------

                                  Global cell area            Local cell area
                                  -------------------  ------------------------------ 
Hierarchical cell                 Absolute    Percent  Combi-      Noncombi-   Black-
                                  Total       Total    national    national    boxes   Design
--------------------------------  ----------  -------  ----------  ----------  ------  ---------
cpu_m1_top                        30225.6359    100.0   7579.0260   4071.9420  0.0000  cpu_m1_top
u_core/u_bmu                       1061.1720      3.5   1061.1720      0.0000  0.0000  bmu
u_core/u_bp                       13442.6880     44.5   6003.6480   7439.0399  0.0000  bp
u_core/u_rfu                       4070.8080     13.5   2195.9280   1874.8800  0.0000  rfu
--------------------------------  ----------  -------  ----------  ----------  ------  ---------
Total                                                  16839.7740  13385.8619  0.0000

1
