 
****************************************
Report : power
        -analysis_effort low
Design : cpu_m1_top
Version: X-2025.06-SP2
Date   : Fri Jun 12 16:11:45 2026
****************************************


Library(s) Used:

    tcbn28hpcplusbwp40p140ffg0p88v125c (File: /home/edauser/project/SOC/Magpie_M1A/flow/v2_pipeline/phase_p_multicorner_dc/compiled_db/tcbn28hpcplusbwp40p140ffg0p88v125c.db)


Operating Conditions: ffg0p88v125c   Library: tcbn28hpcplusbwp40p140ffg0p88v125c
Wire Load Model Mode: segmented

Design        Wire Load Model            Library
------------------------------------------------
cpu_m1_top             ZeroWireload      tcbn28hpcplusbwp40p140ffg0p88v125c
bp                     ZeroWireload      tcbn28hpcplusbwp40p140ffg0p88v125c
rfu                    ZeroWireload      tcbn28hpcplusbwp40p140ffg0p88v125c
bmu                    ZeroWireload      tcbn28hpcplusbwp40p140ffg0p88v125c


Global Operating Voltage = 0.88 
Power-specific unit information :
    Voltage Units = 1V
    Capacitance Units = 1.000000pf
    Time Units = 1ns
    Dynamic Power Units = 1mW    (derived from V,C,T units)
    Leakage Power Units = 1nW


Attributes
----------
i - Including register clock pin internal power


  Cell Internal Power  =  16.2687 mW   (98%)
  Net Switching Power  = 306.4050 uW    (2%)
                         ---------
Total Dynamic Power    =  16.5751 mW  (100%)

Cell Leakage Power     =   1.7510 mW


                 Internal         Switching           Leakage            Total
Power Group      Power            Power               Power              Power   (   %    )  Attrs
--------------------------------------------------------------------------------------------------
io_pad             0.0000            0.0000            0.0000            0.0000  (   0.00%)
memory             0.0000            0.0000            0.0000            0.0000  (   0.00%)
black_box          0.0000            0.0000            0.0000            0.0000  (   0.00%)
clock_network     15.8872            0.0000            0.0000           15.8872  (  86.69%)  i
register       4.5268e-02        1.8722e-02        8.3226e+05            0.8962  (   4.89%)
sequential         0.0000            0.0000            0.0000            0.0000  (   0.00%)
combinational      0.3369            0.2877        9.1874e+05            1.5433  (   8.42%)
--------------------------------------------------------------------------------------------------
Total             16.2694 mW         0.3064 mW     1.7510e+06 nW        18.3268 mW
1
