Information: Updating design information... (UID-85)
Warning: Design 'cpu_m1_top' contains 1 high-fanout nets. A fanout number of 1000 will be used for delay calculations involving these nets. (TIM-134)
 
****************************************
Report : qor
Design : cpu_m1_top
Version: X-2025.06-SP2
Date   : Tue Jun  9 23:23:46 2026
****************************************


  Timing Path Group 'clk'
  -----------------------------------
  Levels of Logic:              67.00
  Critical Path Length:          1.36
  Critical Path Slack:           0.00
  Critical Path Clk Period:      1.43
  Total Negative Slack:          0.00
  No. of Violating Paths:        0.00
  Worst Hold Violation:         -0.00
  Total Hold Violation:         -0.01
  No. of Hold Violations:        3.00
  -----------------------------------


  Cell Count
  -----------------------------------
  Hierarchical Cell Count:          2
  Hierarchical Port Count:        247
  Leaf Cell Count:              27294
  Buf/Inv Cell Count:            1386
  Buf Cell Count:                  85
  Inv Cell Count:                1301
  CT Buf/Inv Cell Count:            0
  Combinational Cell Count:     20495
  Sequential Cell Count:         6799
  Macro Count:                      0
  -----------------------------------


  Area
  -----------------------------------
  Combinational Area:    13933.205990
  Noncombinational Area: 12867.623900
  Buf/Inv Area:            363.006005
  Total Buffer Area:            33.89
  Total Inverter Area:         329.11
  Macro/Black Box Area:      0.000000
  Net Area:                  0.000000
  -----------------------------------
  Cell Area:             26800.829889
  Design Area:           26800.829889


  Design Rules
  -----------------------------------
  Total Number of Nets:         27867
  Nets With Violations:             0
  Max Trans Violations:             0
  Max Cap Violations:               0
  -----------------------------------


  Hostname: eda

  Compile CPU Statistics
  -----------------------------------------
  Resource Sharing:                    3.55
  Logic Optimization:                 10.49
  Mapping Optimization:               24.60
  -----------------------------------------
  Overall Compile Time:              105.07
  Overall Compile Wall Clock Time:   105.71

  --------------------------------------------------------------------

  Design  WNS: 0.00  TNS: 0.00  Number of Violating Paths: 0


  Design (Hold)  WNS: 0.00  TNS: 0.01  Number of Violating Paths: 3

  --------------------------------------------------------------------


1
