 
****************************************
Report : timing
        -path full
        -delay min
        -nworst 5
        -max_paths 20
Design : cpu_m1_top
Version: X-2025.06-SP2
Date   : Fri Jun 12 16:11:45 2026
****************************************

 # A fanout number of 1000 was used for high fanout net computations.

Operating Conditions: ffg0p88v125c   Library: tcbn28hpcplusbwp40p140ffg0p88v125c
Wire Load Model Mode: segmented

  Startpoint: u_core/u_div/done_reg
              (rising edge-triggered flip-flop clocked by clk)
  Endpoint: u_core/md_started_reg
            (rising edge-triggered flip-flop clocked by clk)
  Path Group: clk
  Path Type: min

  Des/Clust/Port     Wire Load Model       Library
  ------------------------------------------------
  rfu                ZeroWireload          tcbn28hpcplusbwp40p140ffg0p88v125c
  bp                 ZeroWireload          tcbn28hpcplusbwp40p140ffg0p88v125c
  cpu_m1_top         ZeroWireload          tcbn28hpcplusbwp40p140ffg0p88v125c

  Point                                                   Incr       Path
  --------------------------------------------------------------------------
  clock clk (rise edge)                                   0.00       0.00
  clock network delay (ideal)                             0.00       0.00
  u_core/u_div/done_reg/CP (DFQD1BWP40P140)               0.00 #     0.00 r
  u_core/u_div/done_reg/Q (DFQD1BWP40P140)                0.04       0.04 r
  U5576/ZN (NR2D1BWP40P140)                               0.01       0.05 f
  u_core/md_started_reg/D (DFQD1BWP40P140)                0.00       0.05 f
  data arrival time                                                  0.05

  clock clk (rise edge)                                   0.00       0.00
  clock network delay (ideal)                             0.00       0.00
  clock uncertainty                                       0.05       0.05
  u_core/md_started_reg/CP (DFQD1BWP40P140)               0.00       0.05 r
  library hold time                                       0.01       0.06
  data required time                                                 0.06
  --------------------------------------------------------------------------
  data required time                                                 0.06
  data arrival time                                                 -0.05
  --------------------------------------------------------------------------
  slack (VIOLATED)                                                  -0.01


  Startpoint: u_core/u_csr/cycle_cnt_reg[0]
              (rising edge-triggered flip-flop clocked by clk)
  Endpoint: u_core/u_csr/cycle_cnt_reg[0]
            (rising edge-triggered flip-flop clocked by clk)
  Path Group: clk
  Path Type: min

  Des/Clust/Port     Wire Load Model       Library
  ------------------------------------------------
  rfu                ZeroWireload          tcbn28hpcplusbwp40p140ffg0p88v125c
  bp                 ZeroWireload          tcbn28hpcplusbwp40p140ffg0p88v125c
  cpu_m1_top         ZeroWireload          tcbn28hpcplusbwp40p140ffg0p88v125c

  Point                                                   Incr       Path
  --------------------------------------------------------------------------
  clock clk (rise edge)                                   0.00       0.00
  clock network delay (ideal)                             0.00       0.00
  u_core/u_csr/cycle_cnt_reg[0]/CP (DFQD2BWP40P140)       0.00 #     0.00 r
  u_core/u_csr/cycle_cnt_reg[0]/Q (DFQD2BWP40P140)        0.04       0.04 r
  U4841/ZN (NR2D1BWP40P140)                               0.01       0.05 f
  u_core/u_csr/cycle_cnt_reg[0]/D (DFQD2BWP40P140)        0.00       0.05 f
  data arrival time                                                  0.05

  clock clk (rise edge)                                   0.00       0.00
  clock network delay (ideal)                             0.00       0.00
  clock uncertainty                                       0.05       0.05
  u_core/u_csr/cycle_cnt_reg[0]/CP (DFQD2BWP40P140)       0.00       0.05 r
  library hold time                                       0.01       0.06
  data required time                                                 0.06
  --------------------------------------------------------------------------
  data required time                                                 0.06
  data arrival time                                                 -0.05
  --------------------------------------------------------------------------
  slack (VIOLATED)                                                  -0.01


  Startpoint: primed_reg (rising edge-triggered flip-flop clocked by clk)
  Endpoint: primed_reg (rising edge-triggered flip-flop clocked by clk)
  Path Group: clk
  Path Type: min

  Des/Clust/Port     Wire Load Model       Library
  ------------------------------------------------
  rfu                ZeroWireload          tcbn28hpcplusbwp40p140ffg0p88v125c
  bp                 ZeroWireload          tcbn28hpcplusbwp40p140ffg0p88v125c
  cpu_m1_top         ZeroWireload          tcbn28hpcplusbwp40p140ffg0p88v125c

  Point                                    Incr       Path
  -----------------------------------------------------------
  clock clk (rise edge)                    0.00       0.00
  clock network delay (ideal)              0.00       0.00
  primed_reg/CP (DFQD1BWP40P140)           0.00 #     0.00 r
  primed_reg/Q (DFQD1BWP40P140)            0.05       0.05 r
  U9454/ZN (MUX2NUD1BWP40P140)             0.01       0.06 f
  primed_reg/D (DFQD1BWP40P140)            0.00       0.06 f
  data arrival time                                   0.06

  clock clk (rise edge)                    0.00       0.00
  clock network delay (ideal)              0.00       0.00
  clock uncertainty                        0.05       0.05
  primed_reg/CP (DFQD1BWP40P140)           0.00       0.05 r
  library hold time                        0.01       0.06
  data required time                                  0.06
  -----------------------------------------------------------
  data required time                                  0.06
  data arrival time                                  -0.06
  -----------------------------------------------------------
  slack (VIOLATED: increase significant digits)       0.00


  Startpoint: u_core/u_div/iter_reg[3]
              (rising edge-triggered flip-flop clocked by clk)
  Endpoint: u_core/u_div/iter_reg[3]
            (rising edge-triggered flip-flop clocked by clk)
  Path Group: clk
  Path Type: min

  Des/Clust/Port     Wire Load Model       Library
  ------------------------------------------------
  rfu                ZeroWireload          tcbn28hpcplusbwp40p140ffg0p88v125c
  bp                 ZeroWireload          tcbn28hpcplusbwp40p140ffg0p88v125c
  cpu_m1_top         ZeroWireload          tcbn28hpcplusbwp40p140ffg0p88v125c

  Point                                                   Incr       Path
  --------------------------------------------------------------------------
  clock clk (rise edge)                                   0.00       0.00
  clock network delay (ideal)                             0.00       0.00
  u_core/u_div/iter_reg[3]/CP (DFQD1BWP40P140)            0.00 #     0.00 r
  u_core/u_div/iter_reg[3]/Q (DFQD1BWP40P140)             0.04       0.04 r
  U11086/ZN (OAI32D1BWP40P140)                            0.01       0.06 f
  u_core/u_div/iter_reg[3]/D (DFQD1BWP40P140)             0.00       0.06 f
  data arrival time                                                  0.06

  clock clk (rise edge)                                   0.00       0.00
  clock network delay (ideal)                             0.00       0.00
  clock uncertainty                                       0.05       0.05
  u_core/u_div/iter_reg[3]/CP (DFQD1BWP40P140)            0.00       0.05 r
  library hold time                                       0.01       0.06
  data required time                                                 0.06
  --------------------------------------------------------------------------
  data required time                                                 0.06
  data arrival time                                                 -0.06
  --------------------------------------------------------------------------
  slack (MET)                                                        0.00


  Startpoint: u_core/debug_step_pending_reg
              (rising edge-triggered flip-flop clocked by clk)
  Endpoint: u_core/u_csr/dcsr_cause_reg_reg[0]
            (rising edge-triggered flip-flop clocked by clk)
  Path Group: clk
  Path Type: min

  Des/Clust/Port     Wire Load Model       Library
  ------------------------------------------------
  rfu                ZeroWireload          tcbn28hpcplusbwp40p140ffg0p88v125c
  bp                 ZeroWireload          tcbn28hpcplusbwp40p140ffg0p88v125c
  cpu_m1_top         ZeroWireload          tcbn28hpcplusbwp40p140ffg0p88v125c

  Point                                                   Incr       Path
  --------------------------------------------------------------------------
  clock clk (rise edge)                                   0.00       0.00
  clock network delay (ideal)                             0.00       0.00
  u_core/debug_step_pending_reg/CP (DFQD1BWP40P140)       0.00 #     0.00 r
  u_core/debug_step_pending_reg/Q (DFQD1BWP40P140)        0.05       0.05 r
  U10786/ZN (OAI22D1BWP40P140)                            0.01       0.06 f
  u_core/u_csr/dcsr_cause_reg_reg[0]/D (DFQD1BWP40P140)
                                                          0.00       0.06 f
  data arrival time                                                  0.06

  clock clk (rise edge)                                   0.00       0.00
  clock network delay (ideal)                             0.00       0.00
  clock uncertainty                                       0.05       0.05
  u_core/u_csr/dcsr_cause_reg_reg[0]/CP (DFQD1BWP40P140)
                                                          0.00       0.05 r
  library hold time                                       0.01       0.06
  data required time                                                 0.06
  --------------------------------------------------------------------------
  data required time                                                 0.06
  data arrival time                                                 -0.06
  --------------------------------------------------------------------------
  slack (MET)                                                        0.00


  Startpoint: u_core/debug_step_pending_reg
              (rising edge-triggered flip-flop clocked by clk)
  Endpoint: u_core/u_csr/dcsr_cause_reg_reg[0]
            (rising edge-triggered flip-flop clocked by clk)
  Path Group: clk
  Path Type: min

  Des/Clust/Port     Wire Load Model       Library
  ------------------------------------------------
  rfu                ZeroWireload          tcbn28hpcplusbwp40p140ffg0p88v125c
  bp                 ZeroWireload          tcbn28hpcplusbwp40p140ffg0p88v125c
  cpu_m1_top         ZeroWireload          tcbn28hpcplusbwp40p140ffg0p88v125c

  Point                                                   Incr       Path
  --------------------------------------------------------------------------
  clock clk (rise edge)                                   0.00       0.00
  clock network delay (ideal)                             0.00       0.00
  u_core/debug_step_pending_reg/CP (DFQD1BWP40P140)       0.00 #     0.00 r
  u_core/debug_step_pending_reg/Q (DFQD1BWP40P140)        0.05       0.05 r
  U10786/ZN (OAI22D1BWP40P140)                            0.01       0.06 f
  u_core/u_csr/dcsr_cause_reg_reg[0]/D (DFQD1BWP40P140)
                                                          0.00       0.06 f
  data arrival time                                                  0.06

  clock clk (rise edge)                                   0.00       0.00
  clock network delay (ideal)                             0.00       0.00
  clock uncertainty                                       0.05       0.05
  u_core/u_csr/dcsr_cause_reg_reg[0]/CP (DFQD1BWP40P140)
                                                          0.00       0.05 r
  library hold time                                       0.01       0.06
  data required time                                                 0.06
  --------------------------------------------------------------------------
  data required time                                                 0.06
  data arrival time                                                 -0.06
  --------------------------------------------------------------------------
  slack (MET)                                                        0.00


  Startpoint: u_core/u_div/iter_reg[0]
              (rising edge-triggered flip-flop clocked by clk)
  Endpoint: u_core/u_div/iter_reg[0]
            (rising edge-triggered flip-flop clocked by clk)
  Path Group: clk
  Path Type: min

  Des/Clust/Port     Wire Load Model       Library
  ------------------------------------------------
  rfu                ZeroWireload          tcbn28hpcplusbwp40p140ffg0p88v125c
  bp                 ZeroWireload          tcbn28hpcplusbwp40p140ffg0p88v125c
  cpu_m1_top         ZeroWireload          tcbn28hpcplusbwp40p140ffg0p88v125c

  Point                                                   Incr       Path
  --------------------------------------------------------------------------
  clock clk (rise edge)                                   0.00       0.00
  clock network delay (ideal)                             0.00       0.00
  u_core/u_div/iter_reg[0]/CP (DFQD1BWP40P140)            0.00 #     0.00 r
  u_core/u_div/iter_reg[0]/Q (DFQD1BWP40P140)             0.05       0.05 r
  U1257/ZN (MAOI22D1BWP40P140)                            0.01       0.06 f
  u_core/u_div/iter_reg[0]/D (DFQD1BWP40P140)             0.00       0.06 f
  data arrival time                                                  0.06

  clock clk (rise edge)                                   0.00       0.00
  clock network delay (ideal)                             0.00       0.00
  clock uncertainty                                       0.05       0.05
  u_core/u_div/iter_reg[0]/CP (DFQD1BWP40P140)            0.00       0.05 r
  library hold time                                       0.01       0.06
  data required time                                                 0.06
  --------------------------------------------------------------------------
  data required time                                                 0.06
  data arrival time                                                 -0.06
  --------------------------------------------------------------------------
  slack (MET)                                                        0.00


  Startpoint: u_core/u_div/iter_reg[0]
              (rising edge-triggered flip-flop clocked by clk)
  Endpoint: u_core/u_div/iter_reg[0]
            (rising edge-triggered flip-flop clocked by clk)
  Path Group: clk
  Path Type: min

  Des/Clust/Port     Wire Load Model       Library
  ------------------------------------------------
  rfu                ZeroWireload          tcbn28hpcplusbwp40p140ffg0p88v125c
  bp                 ZeroWireload          tcbn28hpcplusbwp40p140ffg0p88v125c
  cpu_m1_top         ZeroWireload          tcbn28hpcplusbwp40p140ffg0p88v125c

  Point                                                   Incr       Path
  --------------------------------------------------------------------------
  clock clk (rise edge)                                   0.00       0.00
  clock network delay (ideal)                             0.00       0.00
  u_core/u_div/iter_reg[0]/CP (DFQD1BWP40P140)            0.00 #     0.00 r
  u_core/u_div/iter_reg[0]/Q (DFQD1BWP40P140)             0.05       0.05 r
  U1257/ZN (MAOI22D1BWP40P140)                            0.01       0.06 f
  u_core/u_div/iter_reg[0]/D (DFQD1BWP40P140)             0.00       0.06 f
  data arrival time                                                  0.06

  clock clk (rise edge)                                   0.00       0.00
  clock network delay (ideal)                             0.00       0.00
  clock uncertainty                                       0.05       0.05
  u_core/u_div/iter_reg[0]/CP (DFQD1BWP40P140)            0.00       0.05 r
  library hold time                                       0.01       0.06
  data required time                                                 0.06
  --------------------------------------------------------------------------
  data required time                                                 0.06
  data arrival time                                                 -0.06
  --------------------------------------------------------------------------
  slack (MET)                                                        0.00


  Startpoint: u_core/u_div/iter_reg[0]
              (rising edge-triggered flip-flop clocked by clk)
  Endpoint: u_core/u_div/iter_reg[0]
            (rising edge-triggered flip-flop clocked by clk)
  Path Group: clk
  Path Type: min

  Des/Clust/Port     Wire Load Model       Library
  ------------------------------------------------
  rfu                ZeroWireload          tcbn28hpcplusbwp40p140ffg0p88v125c
  bp                 ZeroWireload          tcbn28hpcplusbwp40p140ffg0p88v125c
  cpu_m1_top         ZeroWireload          tcbn28hpcplusbwp40p140ffg0p88v125c

  Point                                                   Incr       Path
  --------------------------------------------------------------------------
  clock clk (rise edge)                                   0.00       0.00
  clock network delay (ideal)                             0.00       0.00
  u_core/u_div/iter_reg[0]/CP (DFQD1BWP40P140)            0.00 #     0.00 r
  u_core/u_div/iter_reg[0]/Q (DFQD1BWP40P140)             0.05       0.05 r
  U1257/ZN (MAOI22D1BWP40P140)                            0.01       0.06 f
  u_core/u_div/iter_reg[0]/D (DFQD1BWP40P140)             0.00       0.06 f
  data arrival time                                                  0.06

  clock clk (rise edge)                                   0.00       0.00
  clock network delay (ideal)                             0.00       0.00
  clock uncertainty                                       0.05       0.05
  u_core/u_div/iter_reg[0]/CP (DFQD1BWP40P140)            0.00       0.05 r
  library hold time                                       0.01       0.06
  data required time                                                 0.06
  --------------------------------------------------------------------------
  data required time                                                 0.06
  data arrival time                                                 -0.06
  --------------------------------------------------------------------------
  slack (MET)                                                        0.00


  Startpoint: u_core/u_div/iter_reg[3]
              (rising edge-triggered flip-flop clocked by clk)
  Endpoint: u_core/u_div/iter_reg[3]
            (rising edge-triggered flip-flop clocked by clk)
  Path Group: clk
  Path Type: min

  Des/Clust/Port     Wire Load Model       Library
  ------------------------------------------------
  rfu                ZeroWireload          tcbn28hpcplusbwp40p140ffg0p88v125c
  bp                 ZeroWireload          tcbn28hpcplusbwp40p140ffg0p88v125c
  cpu_m1_top         ZeroWireload          tcbn28hpcplusbwp40p140ffg0p88v125c

  Point                                                   Incr       Path
  --------------------------------------------------------------------------
  clock clk (rise edge)                                   0.00       0.00
  clock network delay (ideal)                             0.00       0.00
  u_core/u_div/iter_reg[3]/CP (DFQD1BWP40P140)            0.00 #     0.00 r
  u_core/u_div/iter_reg[3]/Q (DFQD1BWP40P140)             0.04       0.04 r
  U11086/ZN (OAI32D1BWP40P140)                            0.02       0.06 f
  u_core/u_div/iter_reg[3]/D (DFQD1BWP40P140)             0.00       0.06 f
  data arrival time                                                  0.06

  clock clk (rise edge)                                   0.00       0.00
  clock network delay (ideal)                             0.00       0.00
  clock uncertainty                                       0.05       0.05
  u_core/u_div/iter_reg[3]/CP (DFQD1BWP40P140)            0.00       0.05 r
  library hold time                                       0.01       0.06
  data required time                                                 0.06
  --------------------------------------------------------------------------
  data required time                                                 0.06
  data arrival time                                                 -0.06
  --------------------------------------------------------------------------
  slack (MET)                                                        0.00


  Startpoint: u_core/ex_mem_trigger_hit_r_reg
              (rising edge-triggered flip-flop clocked by clk)
  Endpoint: u_core/ex_wb_trigger_idx_r_reg[1]
            (rising edge-triggered flip-flop clocked by clk)
  Path Group: clk
  Path Type: min

  Des/Clust/Port     Wire Load Model       Library
  ------------------------------------------------
  rfu                ZeroWireload          tcbn28hpcplusbwp40p140ffg0p88v125c
  bp                 ZeroWireload          tcbn28hpcplusbwp40p140ffg0p88v125c
  cpu_m1_top         ZeroWireload          tcbn28hpcplusbwp40p140ffg0p88v125c

  Point                                                   Incr       Path
  --------------------------------------------------------------------------
  clock clk (rise edge)                                   0.00       0.00
  clock network delay (ideal)                             0.00       0.00
  u_core/ex_mem_trigger_hit_r_reg/CP (DFQD1BWP40P140)     0.00 #     0.00 r
  u_core/ex_mem_trigger_hit_r_reg/Q (DFQD1BWP40P140)      0.05       0.05 r
  U9809/ZN (OAI22D1BWP40P140)                             0.01       0.06 f
  u_core/ex_wb_trigger_idx_r_reg[1]/D (DFQD1BWP40P140)
                                                          0.00       0.06 f
  data arrival time                                                  0.06

  clock clk (rise edge)                                   0.00       0.00
  clock network delay (ideal)                             0.00       0.00
  clock uncertainty                                       0.05       0.05
  u_core/ex_wb_trigger_idx_r_reg[1]/CP (DFQD1BWP40P140)
                                                          0.00       0.05 r
  library hold time                                       0.01       0.06
  data required time                                                 0.06
  --------------------------------------------------------------------------
  data required time                                                 0.06
  data arrival time                                                 -0.06
  --------------------------------------------------------------------------
  slack (MET)                                                        0.00


  Startpoint: u_core/u_csr/instret_cnt_reg[0]
              (rising edge-triggered flip-flop clocked by clk)
  Endpoint: u_core/u_csr/instret_cnt_reg[0]
            (rising edge-triggered flip-flop clocked by clk)
  Path Group: clk
  Path Type: min

  Des/Clust/Port     Wire Load Model       Library
  ------------------------------------------------
  rfu                ZeroWireload          tcbn28hpcplusbwp40p140ffg0p88v125c
  bp                 ZeroWireload          tcbn28hpcplusbwp40p140ffg0p88v125c
  cpu_m1_top         ZeroWireload          tcbn28hpcplusbwp40p140ffg0p88v125c

  Point                                                   Incr       Path
  --------------------------------------------------------------------------
  clock clk (rise edge)                                   0.00       0.00
  clock network delay (ideal)                             0.00       0.00
  u_core/u_csr/instret_cnt_reg[0]/CP (DFQD1BWP40P140)     0.00 #     0.00 r
  u_core/u_csr/instret_cnt_reg[0]/Q (DFQD1BWP40P140)      0.05       0.05 r
  U1014/ZN (IAO22D1BWP40P140)                             0.01       0.06 f
  u_core/u_csr/instret_cnt_reg[0]/D (DFQD1BWP40P140)      0.00       0.06 f
  data arrival time                                                  0.06

  clock clk (rise edge)                                   0.00       0.00
  clock network delay (ideal)                             0.00       0.00
  clock uncertainty                                       0.05       0.05
  u_core/u_csr/instret_cnt_reg[0]/CP (DFQD1BWP40P140)     0.00       0.05 r
  library hold time                                       0.01       0.06
  data required time                                                 0.06
  --------------------------------------------------------------------------
  data required time                                                 0.06
  data arrival time                                                 -0.06
  --------------------------------------------------------------------------
  slack (MET)                                                        0.00


  Startpoint: u_core/u_csr/instret_cnt_reg[0]
              (rising edge-triggered flip-flop clocked by clk)
  Endpoint: u_core/u_csr/instret_cnt_reg[0]
            (rising edge-triggered flip-flop clocked by clk)
  Path Group: clk
  Path Type: min

  Des/Clust/Port     Wire Load Model       Library
  ------------------------------------------------
  rfu                ZeroWireload          tcbn28hpcplusbwp40p140ffg0p88v125c
  bp                 ZeroWireload          tcbn28hpcplusbwp40p140ffg0p88v125c
  cpu_m1_top         ZeroWireload          tcbn28hpcplusbwp40p140ffg0p88v125c

  Point                                                   Incr       Path
  --------------------------------------------------------------------------
  clock clk (rise edge)                                   0.00       0.00
  clock network delay (ideal)                             0.00       0.00
  u_core/u_csr/instret_cnt_reg[0]/CP (DFQD1BWP40P140)     0.00 #     0.00 r
  u_core/u_csr/instret_cnt_reg[0]/Q (DFQD1BWP40P140)      0.05       0.05 r
  U1014/ZN (IAO22D1BWP40P140)                             0.01       0.06 f
  u_core/u_csr/instret_cnt_reg[0]/D (DFQD1BWP40P140)      0.00       0.06 f
  data arrival time                                                  0.06

  clock clk (rise edge)                                   0.00       0.00
  clock network delay (ideal)                             0.00       0.00
  clock uncertainty                                       0.05       0.05
  u_core/u_csr/instret_cnt_reg[0]/CP (DFQD1BWP40P140)     0.00       0.05 r
  library hold time                                       0.01       0.06
  data required time                                                 0.06
  --------------------------------------------------------------------------
  data required time                                                 0.06
  data arrival time                                                 -0.06
  --------------------------------------------------------------------------
  slack (MET)                                                        0.00


  Startpoint: u_core/u_csr/instret_cnt_reg[0]
              (rising edge-triggered flip-flop clocked by clk)
  Endpoint: u_core/u_csr/instret_cnt_reg[0]
            (rising edge-triggered flip-flop clocked by clk)
  Path Group: clk
  Path Type: min

  Des/Clust/Port     Wire Load Model       Library
  ------------------------------------------------
  rfu                ZeroWireload          tcbn28hpcplusbwp40p140ffg0p88v125c
  bp                 ZeroWireload          tcbn28hpcplusbwp40p140ffg0p88v125c
  cpu_m1_top         ZeroWireload          tcbn28hpcplusbwp40p140ffg0p88v125c

  Point                                                   Incr       Path
  --------------------------------------------------------------------------
  clock clk (rise edge)                                   0.00       0.00
  clock network delay (ideal)                             0.00       0.00
  u_core/u_csr/instret_cnt_reg[0]/CP (DFQD1BWP40P140)     0.00 #     0.00 r
  u_core/u_csr/instret_cnt_reg[0]/Q (DFQD1BWP40P140)      0.05       0.05 r
  U1014/ZN (IAO22D1BWP40P140)                             0.01       0.06 f
  u_core/u_csr/instret_cnt_reg[0]/D (DFQD1BWP40P140)      0.00       0.06 f
  data arrival time                                                  0.06

  clock clk (rise edge)                                   0.00       0.00
  clock network delay (ideal)                             0.00       0.00
  clock uncertainty                                       0.05       0.05
  u_core/u_csr/instret_cnt_reg[0]/CP (DFQD1BWP40P140)     0.00       0.05 r
  library hold time                                       0.01       0.06
  data required time                                                 0.06
  --------------------------------------------------------------------------
  data required time                                                 0.06
  data arrival time                                                 -0.06
  --------------------------------------------------------------------------
  slack (MET)                                                        0.00


  Startpoint: u_core/u_div/iter_reg[2]
              (rising edge-triggered flip-flop clocked by clk)
  Endpoint: u_core/u_div/iter_reg[2]
            (rising edge-triggered flip-flop clocked by clk)
  Path Group: clk
  Path Type: min

  Des/Clust/Port     Wire Load Model       Library
  ------------------------------------------------
  rfu                ZeroWireload          tcbn28hpcplusbwp40p140ffg0p88v125c
  bp                 ZeroWireload          tcbn28hpcplusbwp40p140ffg0p88v125c
  cpu_m1_top         ZeroWireload          tcbn28hpcplusbwp40p140ffg0p88v125c

  Point                                                   Incr       Path
  --------------------------------------------------------------------------
  clock clk (rise edge)                                   0.00       0.00
  clock network delay (ideal)                             0.00       0.00
  u_core/u_div/iter_reg[2]/CP (DFQD1BWP40P140)            0.00 #     0.00 r
  u_core/u_div/iter_reg[2]/Q (DFQD1BWP40P140)             0.04       0.04 r
  U7116/ZN (OAI31D0BWP40P140)                             0.02       0.06 f
  u_core/u_div/iter_reg[2]/D (DFQD1BWP40P140)             0.00       0.06 f
  data arrival time                                                  0.06

  clock clk (rise edge)                                   0.00       0.00
  clock network delay (ideal)                             0.00       0.00
  clock uncertainty                                       0.05       0.05
  u_core/u_div/iter_reg[2]/CP (DFQD1BWP40P140)            0.00       0.05 r
  library hold time                                       0.01       0.06
  data required time                                                 0.06
  --------------------------------------------------------------------------
  data required time                                                 0.06
  data arrival time                                                 -0.06
  --------------------------------------------------------------------------
  slack (MET)                                                        0.01


  Startpoint: u_core/u_ras/ptr_reg[0]
              (rising edge-triggered flip-flop clocked by clk)
  Endpoint: u_core/u_ras/ptr_reg[0]
            (rising edge-triggered flip-flop clocked by clk)
  Path Group: clk
  Path Type: min

  Des/Clust/Port     Wire Load Model       Library
  ------------------------------------------------
  rfu                ZeroWireload          tcbn28hpcplusbwp40p140ffg0p88v125c
  bp                 ZeroWireload          tcbn28hpcplusbwp40p140ffg0p88v125c
  cpu_m1_top         ZeroWireload          tcbn28hpcplusbwp40p140ffg0p88v125c

  Point                                                   Incr       Path
  --------------------------------------------------------------------------
  clock clk (rise edge)                                   0.00       0.00
  clock network delay (ideal)                             0.00       0.00
  u_core/u_ras/ptr_reg[0]/CP (DFQD1BWP40P140)             0.00 #     0.00 r
  u_core/u_ras/ptr_reg[0]/Q (DFQD1BWP40P140)              0.05       0.05 r
  U10960/ZN (AOI221D1BWP40P140)                           0.01       0.06 f
  u_core/u_ras/ptr_reg[0]/D (DFQD1BWP40P140)              0.00       0.06 f
  data arrival time                                                  0.06

  clock clk (rise edge)                                   0.00       0.00
  clock network delay (ideal)                             0.00       0.00
  clock uncertainty                                       0.05       0.05
  u_core/u_ras/ptr_reg[0]/CP (DFQD1BWP40P140)             0.00       0.05 r
  library hold time                                       0.01       0.06
  data required time                                                 0.06
  --------------------------------------------------------------------------
  data required time                                                 0.06
  data arrival time                                                 -0.06
  --------------------------------------------------------------------------
  slack (MET)                                                        0.01


  Startpoint: u_core/u_ras/ptr_reg[0]
              (rising edge-triggered flip-flop clocked by clk)
  Endpoint: u_core/u_ras/ptr_reg[0]
            (rising edge-triggered flip-flop clocked by clk)
  Path Group: clk
  Path Type: min

  Des/Clust/Port     Wire Load Model       Library
  ------------------------------------------------
  rfu                ZeroWireload          tcbn28hpcplusbwp40p140ffg0p88v125c
  bp                 ZeroWireload          tcbn28hpcplusbwp40p140ffg0p88v125c
  cpu_m1_top         ZeroWireload          tcbn28hpcplusbwp40p140ffg0p88v125c

  Point                                                   Incr       Path
  --------------------------------------------------------------------------
  clock clk (rise edge)                                   0.00       0.00
  clock network delay (ideal)                             0.00       0.00
  u_core/u_ras/ptr_reg[0]/CP (DFQD1BWP40P140)             0.00 #     0.00 r
  u_core/u_ras/ptr_reg[0]/Q (DFQD1BWP40P140)              0.05       0.05 r
  U10960/ZN (AOI221D1BWP40P140)                           0.01       0.06 f
  u_core/u_ras/ptr_reg[0]/D (DFQD1BWP40P140)              0.00       0.06 f
  data arrival time                                                  0.06

  clock clk (rise edge)                                   0.00       0.00
  clock network delay (ideal)                             0.00       0.00
  clock uncertainty                                       0.05       0.05
  u_core/u_ras/ptr_reg[0]/CP (DFQD1BWP40P140)             0.00       0.05 r
  library hold time                                       0.01       0.06
  data required time                                                 0.06
  --------------------------------------------------------------------------
  data required time                                                 0.06
  data arrival time                                                 -0.06
  --------------------------------------------------------------------------
  slack (MET)                                                        0.01


  Startpoint: u_core/ex_mem_trigger_hit_r_reg
              (rising edge-triggered flip-flop clocked by clk)
  Endpoint: u_core/ex_wb_trigger_idx_r_reg[1]
            (rising edge-triggered flip-flop clocked by clk)
  Path Group: clk
  Path Type: min

  Des/Clust/Port     Wire Load Model       Library
  ------------------------------------------------
  rfu                ZeroWireload          tcbn28hpcplusbwp40p140ffg0p88v125c
  bp                 ZeroWireload          tcbn28hpcplusbwp40p140ffg0p88v125c
  cpu_m1_top         ZeroWireload          tcbn28hpcplusbwp40p140ffg0p88v125c

  Point                                                   Incr       Path
  --------------------------------------------------------------------------
  clock clk (rise edge)                                   0.00       0.00
  clock network delay (ideal)                             0.00       0.00
  u_core/ex_mem_trigger_hit_r_reg/CP (DFQD1BWP40P140)     0.00 #     0.00 r
  u_core/ex_mem_trigger_hit_r_reg/Q (DFQD1BWP40P140)      0.05       0.05 r
  U9809/ZN (OAI22D1BWP40P140)                             0.01       0.06 f
  u_core/ex_wb_trigger_idx_r_reg[1]/D (DFQD1BWP40P140)
                                                          0.00       0.06 f
  data arrival time                                                  0.06

  clock clk (rise edge)                                   0.00       0.00
  clock network delay (ideal)                             0.00       0.00
  clock uncertainty                                       0.05       0.05
  u_core/ex_wb_trigger_idx_r_reg[1]/CP (DFQD1BWP40P140)
                                                          0.00       0.05 r
  library hold time                                       0.01       0.06
  data required time                                                 0.06
  --------------------------------------------------------------------------
  data required time                                                 0.06
  data arrival time                                                 -0.06
  --------------------------------------------------------------------------
  slack (MET)                                                        0.01


  Startpoint: u_core/debug_step_pending_reg
              (rising edge-triggered flip-flop clocked by clk)
  Endpoint: u_core/u_csr/dcsr_cause_reg_reg[0]
            (rising edge-triggered flip-flop clocked by clk)
  Path Group: clk
  Path Type: min

  Des/Clust/Port     Wire Load Model       Library
  ------------------------------------------------
  rfu                ZeroWireload          tcbn28hpcplusbwp40p140ffg0p88v125c
  bp                 ZeroWireload          tcbn28hpcplusbwp40p140ffg0p88v125c
  cpu_m1_top         ZeroWireload          tcbn28hpcplusbwp40p140ffg0p88v125c

  Point                                                   Incr       Path
  --------------------------------------------------------------------------
  clock clk (rise edge)                                   0.00       0.00
  clock network delay (ideal)                             0.00       0.00
  u_core/debug_step_pending_reg/CP (DFQD1BWP40P140)       0.00 #     0.00 r
  u_core/debug_step_pending_reg/Q (DFQD1BWP40P140)        0.05       0.05 r
  U10786/ZN (OAI22D1BWP40P140)                            0.02       0.06 f
  u_core/u_csr/dcsr_cause_reg_reg[0]/D (DFQD1BWP40P140)
                                                          0.00       0.06 f
  data arrival time                                                  0.06

  clock clk (rise edge)                                   0.00       0.00
  clock network delay (ideal)                             0.00       0.00
  clock uncertainty                                       0.05       0.05
  u_core/u_csr/dcsr_cause_reg_reg[0]/CP (DFQD1BWP40P140)
                                                          0.00       0.05 r
  library hold time                                       0.01       0.06
  data required time                                                 0.06
  --------------------------------------------------------------------------
  data required time                                                 0.06
  data arrival time                                                 -0.06
  --------------------------------------------------------------------------
  slack (MET)                                                        0.01


  Startpoint: u_core/u_ras/ptr_reg[0]
              (rising edge-triggered flip-flop clocked by clk)
  Endpoint: u_core/u_ras/ptr_reg[0]
            (rising edge-triggered flip-flop clocked by clk)
  Path Group: clk
  Path Type: min

  Des/Clust/Port     Wire Load Model       Library
  ------------------------------------------------
  rfu                ZeroWireload          tcbn28hpcplusbwp40p140ffg0p88v125c
  bp                 ZeroWireload          tcbn28hpcplusbwp40p140ffg0p88v125c
  cpu_m1_top         ZeroWireload          tcbn28hpcplusbwp40p140ffg0p88v125c

  Point                                                   Incr       Path
  --------------------------------------------------------------------------
  clock clk (rise edge)                                   0.00       0.00
  clock network delay (ideal)                             0.00       0.00
  u_core/u_ras/ptr_reg[0]/CP (DFQD1BWP40P140)             0.00 #     0.00 r
  u_core/u_ras/ptr_reg[0]/Q (DFQD1BWP40P140)              0.05       0.05 r
  U10960/ZN (AOI221D1BWP40P140)                           0.01       0.06 f
  u_core/u_ras/ptr_reg[0]/D (DFQD1BWP40P140)              0.00       0.06 f
  data arrival time                                                  0.06

  clock clk (rise edge)                                   0.00       0.00
  clock network delay (ideal)                             0.00       0.00
  clock uncertainty                                       0.05       0.05
  u_core/u_ras/ptr_reg[0]/CP (DFQD1BWP40P140)             0.00       0.05 r
  library hold time                                       0.01       0.06
  data required time                                                 0.06
  --------------------------------------------------------------------------
  data required time                                                 0.06
  data arrival time                                                 -0.06
  --------------------------------------------------------------------------
  slack (MET)                                                        0.01


1
