core   0: >>>>  
core   0: 0x80000000 (0x00004137) lui     sp, 0x4
core   0: 3 0x80000000 (0x00004137) x2  0x00004000
core   0: 0x80000004 (0x00010113) mv      sp, sp
core   0: 3 0x80000004 (0x00010113) x2  0x00004000
core   0: 0x80000008 (0x00004415) c.li    s0, 5
core   0: 3 0x80000008 (0x4415) x8  0x00000005
core   0: 0x8000000a (0x0000449d) c.li    s1, 7
core   0: 3 0x8000000a (0x449d) x9  0x00000007
core   0: 0x8000000c (0x0ff0000f) fence   iorw,iorw
core   0: 3 0x8000000c (0x0ff0000f)
core   0: 0x80000010 (0x00940933) add     s2, s0, s1
core   0: 3 0x80000010 (0x00940933) x18 0x0000000c
core   0: 0x80000014 (0x0000100f) fence.i
core   0: 3 0x80000014 (0x0000100f)
core   0: 0x80000018 (0x00000297) auipc   t0, 0x0
core   0: 3 0x80000018 (0x00000297) x5  0x80000018
core   0: 0x8000001c (0x0322aa23) sw      s2, 52(t0)
core   0: 3 0x8000001c (0x0322aa23) mem 0x8000004c 0x0000000c
core   0: 0x80000020 (0x0330000f) fence   rw,rw
core   0: 3 0x80000020 (0x0330000f)
core   0: 0x80000024 (0x00000997) auipc   s3, 0x0
core   0: 3 0x80000024 (0x00000997) x19 0x80000024
core   0: 0x80000028 (0x0289a983) lw      s3, 40(s3)
core   0: 3 0x80000028 (0x0289a983) x19 0x0000000c mem 0x8000004c
core   0: 0x8000002c (0x0000100f) fence.i
core   0: 3 0x8000002c (0x0000100f)
core   0: 0x80000030 (0x02990a33) mul     s4, s2, s1
core   0: 3 0x80000030 (0x02990a33) x20 0x00000054
core   0: 0x80000034 (0x0ff0000f) fence   iorw,iorw
core   0: 3 0x80000034 (0x0ff0000f)
core   0: 0x80000038 (0xffda0a93) addi    s5, s4, -3
core   0: 3 0x80000038 (0xffda0a93) x21 0x00000051
core   0: 0x8000003c (0x00004b05) c.li    s6, 1
core   0: 3 0x8000003c (0x4b05) x22 0x00000001
core   0: 0x8000003e (0x00000b09) c.addi  s6, 2
core   0: 3 0x8000003e (0x0b09) x22 0x00000003
core   0: 0x80000040 (0x0000100f) fence.i
core   0: 3 0x80000040 (0x0000100f)
core   0: 0x80000044 (0x016a8bb3) add     s7, s5, s6
core   0: 3 0x80000044 (0x016a8bb3) x23 0x00000054
core   0: 0x80000048 (0x00009002) c.ebreak
core   0: exception trap_breakpoint, epc 0x80000048
core   0:           tval 0x80000048
