 
****************************************
Report : area
Design : mat_engine
Version: X-2025.06-SP2
Date   : Sun Jul  5 10:56:29 2026
****************************************

Library(s) Used:

    tcbn28hpcplusbwp40p140tt0p9v25c (File: /home/edauser/project/PDK/TSMC28/logic/tcbn28hpcplusbwp40p140_180b/AN61001_20180509/TSMCHOME/digital/Front_End/timing_power_noise/NLDM/tcbn28hpcplusbwp40p140_180a/tcbn28hpcplusbwp40p140tt0p9v25c.db)

Number of ports:                          759
Number of nets:                        109086
Number of cells:                        97332
Number of combinational cells:          88720
Number of sequential cells:              8612
Number of macros/black boxes:               0
Number of buf/inv:                      16716
Number of references:                     253

Combinational area:              69371.945805
Buf/Inv area:                     4659.228058
Noncombinational area:           16286.381875
Macro/Black Box area:                0.000000
Net Interconnect area:      undefined  (Wire load has zero net area)

Total cell area:                 85658.327680
Total area:                 undefined
1
