Information: Updating design information... (UID-85)
Warning: Design 'mat_engine' contains 1 high-fanout nets. A fanout number of 1000 will be used for delay calculations involving these nets. (TIM-134)
 
****************************************
Report : qor
Design : mat_engine
Version: X-2025.06-SP2
Date   : Sun Jul  5 10:56:28 2026
****************************************


  Timing Path Group 'clk'
  -----------------------------------
  Levels of Logic:              64.00
  Critical Path Length:          1.25
  Critical Path Slack:          -0.17
  Critical Path Clk Period:      1.20
  Total Negative Slack:         -3.10
  No. of Violating Paths:      255.00
  Worst Hold Violation:         -0.05
  Total Hold Violation:       -268.26
  No. of Hold Violations:     8609.00
  -----------------------------------


  Cell Count
  -----------------------------------
  Hierarchical Cell Count:          0
  Hierarchical Port Count:          0
  Leaf Cell Count:              97332
  Buf/Inv Cell Count:           16716
  Buf Cell Count:                 668
  Inv Cell Count:               16048
  CT Buf/Inv Cell Count:            0
  Combinational Cell Count:     88720
  Sequential Cell Count:         8612
  Macro Count:                      0
  -----------------------------------


  Area
  -----------------------------------
  Combinational Area:    69371.945805
  Noncombinational Area: 16286.381875
  Buf/Inv Area:           4659.228058
  Total Buffer Area:           358.34
  Total Inverter Area:        4300.88
  Macro/Black Box Area:      0.000000
  Net Area:                  0.000000
  -----------------------------------
  Cell Area:             85658.327680
  Design Area:           85658.327680


  Design Rules
  -----------------------------------
  Total Number of Nets:        109086
  Nets With Violations:             2
  Max Trans Violations:             0
  Max Cap Violations:               0
  Max Fanout Violations:            2
  -----------------------------------


  Hostname: eda

  Compile CPU Statistics
  -----------------------------------------
  Resource Sharing:                   20.48
  Logic Optimization:                156.82
  Mapping Optimization:              571.05
  -----------------------------------------
  Overall Compile Time:             1149.93
  Overall Compile Wall Clock Time:  1151.16

  --------------------------------------------------------------------

  Design  WNS: 0.17  TNS: 3.10  Number of Violating Paths: 255


  Design (Hold)  WNS: 0.05  TNS: 268.26  Number of Violating Paths: 8609

  --------------------------------------------------------------------


1
