################################################################################
#
# This file has been generated by SpyGlass:
#     Report Created by: edauser
#     Report Created on: Mon Jun  8 14:15:18 2026
#     Working Directory: /home/edauser/project/SOC/Magpie_M1/flow/v2_pipeline/phase_05_00_lint
#     Report Location  : ./cpu_m1_phase_05_00_lint/cpu_m1_top/lint/lint_rtl/spyglass_reports/SpyGlass/checksum.rpt
#     SpyGlass Version : SpyGlass_vX-2025.06-SP1
#     Policy Name      : SpyGlass(SpyGlass_vX-2025.06-SP1)
#     Comment          : This report contains md5sum of design file(s)
#
################################################################################

=====================================================================================
                         MD5SUM CHECKSUM OF DESIGN FILES 
=====================================================================================
MD5SUM CHECKSUM                   SOURCE              PATH OF DESIGN FILE       
-------------------------------------------------------------------------------------
f45dbffb8bf92ceed6fdd4c0f4d95a20  1      /home/edauser/project/SOC/Magpie_M1/IP/cpu_m1/rtl/pipeline_v2/ch2_lab08e/rfu.v  
9ace20409f9258e1eae6b031d6c14bce  1      /home/edauser/project/SOC/Magpie_M1/IP/cpu_m1/rtl/pipeline_v2/ch2_lab08e/alu.v  
021ee197f3380d2be1afbefb460093f0  1      /home/edauser/project/SOC/Magpie_M1/IP/cpu_m1/rtl/pipeline_v2/ch2_lab08e/idu.v  
2beccdbbe7231e52102b99b30828ddee  1      /home/edauser/project/SOC/Magpie_M1/IP/cpu_m1/rtl/pipeline_v2/ch2_lab08e/ifu.v  
2520b87a40f28496d1f09af990f7f511  1      /home/edauser/project/SOC/Magpie_M1/IP/cpu_m1/rtl/pipeline_v2/ch2_lab08e/lsu.v  
a4bf7980102902e06a3a8056d6fa6362  1      /home/edauser/project/SOC/Magpie_M1/IP/cpu_m1/rtl/pipeline_v2/ch2_lab08e/csr.v  
77ed84d712c1ae35ba82a6af44982ff6  1      /home/edauser/project/SOC/Magpie_M1/IP/cpu_m1/rtl/pipeline_v2/ch2_lab08e/mul.v  
2480659b50464eb3402f99543f04e8cc  1      /home/edauser/project/SOC/Magpie_M1/IP/cpu_m1/rtl/pipeline_v2/ch2_lab08e/div.v  
26c45b05939363dfc1574d37aa273702  1      /home/edauser/project/SOC/Magpie_M1/IP/cpu_m1/rtl/pipeline_v2/ch2_lab08e/forward.v  
5a7d9a3508a5fef72a1afbfe33eab714  1      /home/edauser/project/SOC/Magpie_M1/IP/cpu_m1/rtl/pipeline_v2/ch2_lab08e/hazard.v  
0a77add6a1a772e71d1aa9d359a098da  1      /home/edauser/project/SOC/Magpie_M1/IP/cpu_m1/rtl/pipeline_v2/ch2_lab08e/bp.v  
30d09ac9c2e117ee3451de169cbee226  1      /home/edauser/project/SOC/Magpie_M1/IP/cpu_m1/rtl/pipeline_v2/ch2_lab08e/ras.v  
2bcd2ae14232b2b366116e7abddc911a  1      /home/edauser/project/SOC/Magpie_M1/IP/cpu_m1/rtl/pipeline_v2/ch2_lab08e/cdec.v  
8bf7c6bee126353e2c16db3c57a5686a  1      /home/edauser/project/SOC/Magpie_M1/IP/cpu_m1/rtl/pipeline_v2/ch2_lab08e/core.v  
29c52f63d9fef27c000be22518b36f27  1      /home/edauser/project/SOC/Magpie_M1/IP/cpu_m1/rtl/pipeline_v2/ch2_lab08e/cpu_m1_top.v  
