
################################################################################
#
# This file has been generated by SpyGlass:
#     Report Name      : moresimple
#     Report Created by: edauser
#     Report Created on:  Mon Jun  8 14:15:17 2026
#     Working Directory: /home/edauser/project/SOC/Magpie_M1/flow/v2_pipeline/phase_05_00_lint
#     SpyGlass Version : SpyGlass_vX-2025.06-SP1
#     Policy Name      : SpyGlass(SpyGlass_vX-2025.06-SP1)
#                        clock-reset(SpyGlass_vX-2025.06-SP1)
#                        erc(SpyGlass_vX-2025.06-SP1)
#                        latch(SpyGlass_vX-2025.06-SP1)
#                        lint(SpyGlass_vX-2025.06-SP1)
#                        morelint(SpyGlass_vX-2025.06-SP1)
#                        openmore(SpyGlass_vX-2025.06-SP1)
#                        power_est(SpyGlass_vX-2025.06-SP1)
#                        simulation(SpyGlass_vX-2025.06-SP1)
#                        starc(SpyGlass_vX-2025.06-SP1)
#                        starc2005(SpyGlass_vX-2025.06-SP1)
#
#     Total Number of Generated Messages :         27
#     Number of Waived Messages          :          0
#     Number of Reported Messages        :         27
#     Number of Overlimit Messages       :          0
#
#
################################################################################

+++++++++++++++++++++++++++++++++++++++++++++++++++++++++++++++++++++++
MORESIMPLE REPORT:


############### BuiltIn -> RuleGroup=Design Read ###############
+++++++++++++++++++++++++++++++++++++++++++++++++++++++++++++++++++++++++++++++++++++++
ID       Rule                    Alias                   Severity            File                                                                                             Line    Wt      Message
======================================================================================
[1]      DetectTopDesignUnits    DetectTopDesignUnits    Info                ../../../IP/cpu_m1/rtl/pipeline_v2/ch2_lab08e/cpu_m1_top.v                                       29      2       Module cpu_m1_top is a top level design unit
[1B]     SYNTH_5143                                      SynthesisWarning    ../../../IP/cpu_m1/rtl/pipeline_v2/ch2_lab08e/rfu.v                                              36      1000    rfu -> Initial block is ignored for synthesis
[0]      ElabSummary             ElabSummary             Info                ./cpu_m1_phase_05_00_lint/cpu_m1_top/lint/lint_rtl/spyglass_reports/SpyGlass/elab_summary.rpt    0       2       Please refer file './cpu_m1_phase_05_00_lint/cpu_m1_top/lint/lint_rtl/spyglass_reports/SpyGlass/elab_summary.rpt' for elab summary report
+++++++++++++++++++++++++++++++++++++++++++++++++++++++++++++++++++++++++++++++++++++++


############### Non-BuiltIn -> Goal=lint/lint_rtl ###############
+++++++++++++++++++++++++++++++++++++++++++++++++++++++++++++++++++++++++++++++++++++++
ID       Rule                Alias                Severity    File                                                                                              Line    Wt    Message
======================================================================================
[F]      STARC05-2.11.3.1    SepStateNextLogic    Warning     ../../../IP/cpu_m1/rtl/pipeline_v2/ch2_lab08e/div.v                                               68      10    Combinational and sequential parts of an FSM 'div.state' described in same always block
[2]      STARC05-2.2.3.3     InitValUsingNBA      Warning     ../../../IP/cpu_m1/rtl/pipeline_v2/ch2_lab08e/cpu_m1_top.v                                        109     5     Flipflop 'primed' is assigned over the same signal in an always construct for sequential circuits (at line '98')
[10]     STARC05-2.2.3.3     InitValUsingNBA      Warning     ../../../IP/cpu_m1/rtl/pipeline_v2/ch2_lab08e/csr.v                                               175     5     Flipflop 'mepc_reg' is assigned over the same signal in an always construct for sequential circuits (at line '162')
[11]     STARC05-2.2.3.3     InitValUsingNBA      Warning     ../../../IP/cpu_m1/rtl/pipeline_v2/ch2_lab08e/csr.v                                               176     5     Flipflop 'mcause_reg' is assigned over the same signal in an always construct for sequential circuits (at line '163')
[12]     STARC05-2.2.3.3     InitValUsingNBA      Warning     ../../../IP/cpu_m1/rtl/pipeline_v2/ch2_lab08e/csr.v                                               177     5     Flipflop 'mtval_reg' is assigned over the same signal in an always construct for sequential circuits (at line '164')
[13]     STARC05-2.2.3.3     InitValUsingNBA      Warning     ../../../IP/cpu_m1/rtl/pipeline_v2/ch2_lab08e/csr.v                                               178     5     Flipflop 'mstatus_mpie' is assigned over the same signal in an always construct for sequential circuits (at line '157')
[14]     STARC05-2.2.3.3     InitValUsingNBA      Warning     ../../../IP/cpu_m1/rtl/pipeline_v2/ch2_lab08e/csr.v                                               179     5     Flipflop 'mstatus_mie' is assigned over the same signal in an always construct for sequential circuits (at line '156')
[15]     STARC05-2.2.3.3     InitValUsingNBA      Warning     ../../../IP/cpu_m1/rtl/pipeline_v2/ch2_lab08e/csr.v                                               181     5     Flipflop 'mstatus_mie' is assigned over the same signal in an always construct for sequential circuits (at line '156')
[16]     STARC05-2.2.3.3     InitValUsingNBA      Warning     ../../../IP/cpu_m1/rtl/pipeline_v2/ch2_lab08e/csr.v                                               182     5     Flipflop 'mstatus_mpie' is assigned over the same signal in an always construct for sequential circuits (at line '157')
[5]      W287b                                    Warning     ../../../IP/cpu_m1/rtl/pipeline_v2/ch2_lab08e/core.v                                              555     5     Instance output port 'ld_result' is not connected
[6]      W287b                                    Warning     ../../../IP/cpu_m1/rtl/pipeline_v2/ch2_lab08e/core.v                                              883     5     Instance output port 'mem_wdata' is not connected
[7]      W287b                                    Warning     ../../../IP/cpu_m1/rtl/pipeline_v2/ch2_lab08e/core.v                                              884     5     Instance output port 'mem_wstrb' is not connected
[3]      W415a                                    Warning     ../../../IP/cpu_m1/rtl/pipeline_v2/ch2_lab08e/cpu_m1_top.v                                        109     5     Signal primed is being assigned multiple times ( previous assignment at line 98 ) in same always block [Hierarchy: ':cpu_m1_top']
[17]     W415a                                    Warning     ../../../IP/cpu_m1/rtl/pipeline_v2/ch2_lab08e/csr.v                                               175     5     Signal mepc_reg is being assigned multiple times ( previous assignment at line 162 ) in same always block [Hierarchy: ':cpu_m1_top:u_core@core:u_csr@csr']
[18]     W415a                                    Warning     ../../../IP/cpu_m1/rtl/pipeline_v2/ch2_lab08e/csr.v                                               176     5     Signal mcause_reg is being assigned multiple times ( previous assignment at line 163 ) in same always block [Hierarchy: ':cpu_m1_top:u_core@core:u_csr@csr']
[19]     W415a                                    Warning     ../../../IP/cpu_m1/rtl/pipeline_v2/ch2_lab08e/csr.v                                               177     5     Signal mtval_reg is being assigned multiple times ( previous assignment at line 164 ) in same always block [Hierarchy: ':cpu_m1_top:u_core@core:u_csr@csr']
[C]      W528                                     Warning     ../../../IP/cpu_m1/rtl/pipeline_v2/ch2_lab08e/cdec.v                                              41      10    Variable 'rs1_q0_3[2:0]' set but not read.[Hierarchy: ':cpu_m1_top:u_core@core:u_cdec@cdec']
[D]      W528                                     Warning     ../../../IP/cpu_m1/rtl/pipeline_v2/ch2_lab08e/cdec.v                                              42      10    Variable 'rd_q0_3[2:0]' set but not read.[Hierarchy: ':cpu_m1_top:u_core@core:u_cdec@cdec']
[8]      W528                                     Warning     ../../../IP/cpu_m1/rtl/pipeline_v2/ch2_lab08e/core.v                                              130     10    Variable 'cdec_illegal' set but not read.[Hierarchy: ':cpu_m1_top:u_core@core']
[B]      W528                                     Warning     ../../../IP/cpu_m1/rtl/pipeline_v2/ch2_lab08e/core.v                                              794     10    Variable 'ex_wb_pc_r[31:0]' set but not read.[Hierarchy: ':cpu_m1_top:u_core@core']
[9]      W528                                     Warning     ../../../IP/cpu_m1/rtl/pipeline_v2/ch2_lab08e/core.v                                              804     10    Variable 'ex_wb_is_store_r' set but not read.[Hierarchy: ':cpu_m1_top:u_core@core']
[E]      W528                                     Warning     ../../../IP/cpu_m1/rtl/pipeline_v2/ch2_lab08e/forward.v                                           60      10    Variable '_unused_wb_is_load' set but not read.[Hierarchy: ':cpu_m1_top:u_core@core:u_forward@forward']
[1A]     W528                                     Warning     ../../../IP/cpu_m1/rtl/pipeline_v2/ch2_lab08e/hazard.v                                            51      10    Variable '_unused_wb_signals' set but not read.[Hierarchy: ':cpu_m1_top:u_core@core:u_hazard@hazard']
[A]      W528                                     Info        ./cpu_m1_phase_05_00_lint/cpu_m1_top/lint/lint_rtl/spyglass_reports/lint/SignalUsageReport.rpt    0       10    Please refer to 'SignalUsageReport.rpt' for details of violating bits
+++++++++++++++++++++++++++++++++++++++++++++++++++++++++++++++++++++++++++++++++++++++
