
################################################################################
#
# This file has been generated by SpyGlass:
#     Report Name      : no_msg_reporting_rules
#     Report Created by: edauser
#     Report Created on:  Mon Jun  8 14:15:17 2026
#     Working Directory: /home/edauser/project/SOC/Magpie_M1/flow/v2_pipeline/phase_05_00_lint
#     SpyGlass Version : SpyGlass_vX-2025.06-SP1
#     Policy Name      : SpyGlass(SpyGlass_vX-2025.06-SP1)
#                        clock-reset(SpyGlass_vX-2025.06-SP1)
#                        erc(SpyGlass_vX-2025.06-SP1)
#                        latch(SpyGlass_vX-2025.06-SP1)
#                        lint(SpyGlass_vX-2025.06-SP1)
#                        morelint(SpyGlass_vX-2025.06-SP1)
#                        openmore(SpyGlass_vX-2025.06-SP1)
#                        power_est(SpyGlass_vX-2025.06-SP1)
#                        simulation(SpyGlass_vX-2025.06-SP1)
#                        starc(SpyGlass_vX-2025.06-SP1)
#                        starc2005(SpyGlass_vX-2025.06-SP1)
#
#     Total Number of Generated Messages :         27
#     Number of Waived Messages          :          0
#     Number of Reported Messages        :         27
#     Number of Overlimit Messages       :          0
#
#
################################################################################

NO VIOLATION RULE REPORT :
++++++++++++++++++++++++++++++++++++++++++++++++++++++++++++++++++++++++++++++++

Following rules did not produce any violation or waived off during spyglass run

++++++++++++++++++++++++++++++++++++++++++++++++++++++++++++++++++++++++++++++++


================================================================================
	INDEX                                   RULE-NAME
================================================================================
	1                                  BlockHeader
	2                                  BufClock
	3                                  CheckDelayTimescale-ML
	4                                  CombLoop
	5                                  FlopClockConstant
	6                                  FlopEConst
	7                                  LatchFeedback
	8                                  NoAssignX-ML
	9                                  NoXInCase-ML
	10                                 ParamWidthMismatch-ML
	11                                 STARC05-1.2.1.2
	12                                 STARC05-1.3.1.3
	13                                 STARC05-2.1.3.1
	14                                 STARC05-2.1.4.5
	15                                 STARC05-2.1.5.3
	16                                 STARC05-2.1.6.5
	17                                 STARC05-2.10.1.4a
	18                                 STARC05-2.10.1.4b
	19                                 STARC05-2.10.2.3
	20                                 STARC05-2.10.3.2a
	21                                 STARC05-2.3.1.2c
	22                                 STARC05-2.3.1.5b
	23                                 STARC05-2.3.1.6
	24                                 STARC05-2.3.3.1
	25                                 STARC05-2.3.4.1v
	26                                 STARC05-2.4.1.5
	27                                 STARC05-2.5.1.2
	28                                 STARC05-2.5.1.7
	29                                 STARC05-2.5.1.9
	30                                 UndrivenInTerm-ML
	31                                 W110
	32                                 W110a
	33                                 W116
	34                                 W122
	35                                 W123
	36                                 W156
	37                                 W19
	38                                 W215
	39                                 W216
	40                                 W218
	41                                 W224
	42                                 W240
	43                                 W263
	44                                 W287a
	45                                 W289
	46                                 W292
	47                                 W293
	48                                 W317
	49                                 W336
	50                                 W337
	51                                 W339a
	52                                 W352
	53                                 W362
	54                                 W392
	55                                 W398
	56                                 W414
	57                                 W415
	58                                 W416
	59                                 W421
	60                                 W422
	61                                 W424
	62                                 W426
	63                                 W442a
	64                                 W442b
	65                                 W442c
	66                                 W442f
	67                                 W450L
	68                                 W467
	69                                 W480
	70                                 W481a
	71                                 W481b
	72                                 W486
	73                                 W496a
	74                                 W496b
	75                                 W499
	76                                 W502
	77                                 W505
	78                                 W66
	79                                 W71
	80                                 badimplicitSM1
	81                                 badimplicitSM2
	82                                 badimplicitSM4
	83                                 bothedges
	84                                 mixedsenselist
	85                                 sim_race02
================================================================================
