################################################################################
#
# This file has been generated by SpyGlass:
#     Report Created by: edauser
#     Report Created on: Mon Jun  8 14:15:17 2026
#     Working Directory: /home/edauser/project/SOC/Magpie_M1/flow/v2_pipeline/phase_05_00_lint
#     Report Location  : ./cpu_m1_phase_05_00_lint/cpu_m1_top/lint/lint_rtl/spyglass_reports/lint/SignalUsageReport.rpt
#     SpyGlass Version : SpyGlass_vX-2025.06-SP1
#     Policy Name      : lint(SpyGlass_vX-2025.06-SP1)
#     Comment          : SignalUsageReport : It dumps details of violating bits of a signal

#
################################################################################



Module : core(Hierarchy :cpu_m1_top:u_core@core)

W528 : Following Bits of signal 'ex_wb_pc_r' (File Name: ../../../IP/cpu_m1/rtl/pipeline_v2/ch2_lab08e/core.v Line No.: 794) are set but not used
	[31:0]	


Module : cdec(Hierarchy :cpu_m1_top:u_core@core:u_cdec@cdec)

W528 : Following Bits of signal 'rd_q0_3' (File Name: ../../../IP/cpu_m1/rtl/pipeline_v2/ch2_lab08e/cdec.v Line No.: 42) are set but not used
	[2:0]	

W528 : Following Bits of signal 'rs1_q0_3' (File Name: ../../../IP/cpu_m1/rtl/pipeline_v2/ch2_lab08e/cdec.v Line No.: 41) are set but not used
	[2:0]	

W123 (Verilog) : There are no violations of the rule for multibit variables


W240 (Verilog) : There are no violations of the rule for multibit variables
