
################################################################################
#
# This file has been generated by SpyGlass:
#     Report Name      : CDC-report
#     Report Created by: edauser
#     Report Created on:  Thu Jun 11 11:30:43 2026
#     Working Directory: /home/edauser/project/SOC/Magpie_M1/flow/v2_pipeline/phase_p_cdc_rdc_xprop
#     SpyGlass Version : SpyGlass_vX-2025.06-SP1
#     Policy Name      : clock-reset(SpyGlass_vX-2025.06-SP1)
#     Comment          : CDC Setup and Analysis Report 
#
################################################################################

################################################################################
# 
# This report consists of the following sections:
# A. Run Information  
#    This section lists the total time taken to run the design and the peak memory.
#    Also shows the list of user-specified parameters.
# B. Design Information 
#    This section lists the flat instances and flops in the design.
#    It also shows the count of blackboxes.
# C. Setup Information 
#    This section reports the total clocks and resets in the design.
# D. Setup Audit Information: To be reviewed for setup signoff 
#    This section reports result of the setup rules to ensure that 
#    a. Registers are properly clocked
#    b. no clocks are defined in the fanout of other clocks
#    c. BlackBoxes are properly constrained 
# E. Analysis and Verification: Structural CDC Violations 
#    This section reports results of the rules which ensure that
#    a. There is no meta-stability problem across clock-domain
#    b. All crossings involving quasi-static signals have been analyzed
# F. Analysis and Verification: Information 
#    This section reports the count of qualifiers specified by user
#    or auto-inferred by spyglass
# G. Analysis and Verification: Functional CDC Violations 
#    This section reports results of the rules which ensure that
#    a. There is no issue with correlated signals crossing clock domains
#    b. There is no data loss for signal crossing a fast clock domain to a 
#      slow clock domain
# H. Analysis and Verification: Asynchronous Reset Verification 
#    This section reports results of the rules which ensure that
#    a. Asynchronous resets have been properly synchronized in each domain
#    b. Asynchronous resets have been deasserted properly
#    c. All registers have been properly reset
# I. Hierarchical CDC Verification : Abstraction Validation
#    This section reports results of the rules which ensure that
#    a. All abstracted blocks are in sync with top-level constraints 
################################################################################

================================================================================
A. Run Information 
================================================================================

  Total Time (in sec)                                                      : 2
  Memory used (in KB)                                                      : 1786768
  User defined Parameter values :
  ------------------------------------------------------------------------------
    -hier_wild_card                                              :no 
    -enable_mux_sync                                             :all 
    -enable_and_sync                                             :yes 
    -check_multiclock_bbox                                       :yes 
    -strict_sync_check                                           :yes 
    -enable_sim_check_rdc                                        :yes 
    -report_sync_rdc                                             :all 
    -enable_debug_data                                           :yes 
    -handle_combo_arc                                            :yes 
    -report_for_single_busbit                                    :no 
    -report_all_reset_cross                                      :yes 



================================================================================
B. Design Information 
================================================================================

  Total Flat Instances in design                                           : 18589
  Number of black-box (AnalyzeBBox)                                        : 1
      Black-boxes without definition or synthesis error (ErrorAnalyzeBBox) : 1



================================================================================
C. Setup Information 
================================================================================

 Number of total clocks                                                    : 1
    Number of user defined clocks                                          : 1
    Number of user defined generated clocks                                : 0
    Number of user defined virtual clocks                                  : 0
    Number of user defined domains                                         : 1
    Number of inferred clocks                                              : 0
    Number of black-box clocks                                             : 0
  Number of total resets                                                   : 1
    Number of user defined resets                                          : 1
    Number of BB resets                                                    : 0
  Number of set_case_analysis constraint                                   : 0
  Number of quasi_static constraint                                        : 0
  Number of assume_path constraint                                         : 0
  Number of cdc_false_path constraint                                      : 0

  For more details, refer to following files:
  --------------------------------------
   - clocks.csv
   - resets.csv
   - parameterList.csv



================================================================================
D. Setup Audit: To be reviewed for setup signoff 
================================================================================

  Number of registers missing clock definition (Clock_info03a)                                     : 0 
  Number of clock convergences on unselected MUX(Clock_info05)                                     : 0 
  Number of clock convergences at non-mux gate (Clock_info05b)                                     : 0 
  Number of multi-definition on clock (Clock_check07)                                              : 0 
  Number of registers missing asynchronous reset definition (Reset_info09a)                        : 0 
  Number of primary ports not associated with clocks (Setup_port01)                                : 0(0.00 %) 
  Number of black-boxes not fully constrained (Setup_blackbox01)                                   : 1 

  For details, refer to following files:
  --------------------------------------
   - Setup_blackbox01.csv



================================================================================
E. Analysis and Verification: Structural CDC Violations
================================================================================

  Number of Scalar Signal Crossings                                          : 0
  Number of Vector Signal Crossings                                          : 0




================================================================================
F. Analysis and Verification: Information
================================================================================




================================================================================
G. Analysis and Verification: Functional CDC Violations
================================================================================






================================================================================
H. Analysis and Verification: Asynchronous Reset Verification
================================================================================

   Reset ordering between same domain registers (Ar_resetcross01)                : 0 




================================================================================
I : Hierarchical Verification : Abstraction Validation 
================================================================================


================================================================================



