
################################################################################
#
# This file has been generated by SpyGlass:
#     Report Name      : no_msg_reporting_rules
#     Report Created by: edauser
#     Report Created on:  Thu Jun 11 11:30:43 2026
#     Working Directory: /home/edauser/project/SOC/Magpie_M1/flow/v2_pipeline/phase_p_cdc_rdc_xprop
#     SpyGlass Version : SpyGlass_vX-2025.06-SP1
#     Policy Name      : SpyGlass(SpyGlass_vX-2025.06-SP1)
#                        clock-reset(SpyGlass_vX-2025.06-SP1)
#
#     Total Number of Generated Messages :         41
#     Number of Waived Messages          :          2
#     Number of Reported Messages        :         39
#     Number of Overlimit Messages       :          0
#
#
################################################################################

NO VIOLATION RULE REPORT :
++++++++++++++++++++++++++++++++++++++++++++++++++++++++++++++++++++++++++++++++

Following rules did not produce any violation or waived off during spyglass run

++++++++++++++++++++++++++++++++++++++++++++++++++++++++++++++++++++++++++++++++


================================================================================
	INDEX                                   RULE-NAME
================================================================================
	1                                  Clock_info03a
	2                                  Clock_info03c
	3                                  Clock_info05
	4                                  Clock_info05b
	5                                  Reset_info09a
================================================================================
