core   0: >>>>  _start
core   0: 0x80000000 (0x00400297) auipc   t0, 0x400
core   0: 3 0x80000000 (0x00400297) x5  0x80400000
core   0: 0x80000004 (0xf0028293) addi    t0, t0, -256
core   0: 3 0x80000004 (0xf0028293) x5  0x803fff00
core   0: 0x80000008 (0x000280e7) jalr    t0
core   0: 3 0x80000008 (0x000280e7) x1  0x8000000c
core   0: 0x803fff00 (0xfff00297) auipc   t0, 0xfff00
core   0: 3 0x803fff00 (0xfff00297) x5  0x802fff00
core   0: 0x803fff04 (0x10028293) addi    t0, t0, 256
core   0: 3 0x803fff04 (0x10028293) x5  0x80300000
core   0: 0x803fff08 (0x000280e7) jalr    t0
core   0: 3 0x803fff08 (0x000280e7) x1  0x803fff0c
core   0: 0x80300000 (0x00000117) auipc   sp, 0x0
core   0: 3 0x80300000 (0x00000117) x2  0x80300000
core   0: 0x80300004 (0x28410113) addi    sp, sp, 644
core   0: 3 0x80300004 (0x28410113) x2  0x80300284
core   0: 0x80300008 (0x00000517) auipc   a0, 0x0
core   0: 3 0x80300008 (0x00000517) x10 0x80300008
core   0: 0x8030000c (0x26850513) addi    a0, a0, 616
core   0: 3 0x8030000c (0x26850513) x10 0x80300270
core   0: 0x80300010 (0x000042a5) c.li    t0, 9
core   0: 3 0x80300010 (0x42a5) x5  0x00000009
core   0: 0x80300012 (0x00000291) c.addi  t0, 4
core   0: 3 0x80300012 (0x0291) x5  0x0000000d
core   0: 0x80300014 (0x00052303) lw      t1, 0(a0)
core   0: 3 0x80300014 (0x00052303) x6  0x00080880 mem 0x80300270
core   0: 0x80300018 (0x005303b3) add     t2, t1, t0
core   0: 3 0x80300018 (0x005303b3) x7  0x0008088d
core   0: 0x8030001c (0x00004415) c.li    s0, 5
core   0: 3 0x8030001c (0x4415) x8  0x00000005
core   0: 0x8030001e (0x008404b3) add     s1, s0, s0
core   0: 3 0x8030001e (0x008404b3) x9  0x0000000a
core   0: 0x80300022 (0x0084c933) xor     s2, s1, s0
core   0: 3 0x80300022 (0x0084c933) x18 0x0000000f
core   0: 0x80300026 (0x0000499d) c.li    s3, 7
core   0: 3 0x80300026 (0x499d) x19 0x00000007
core   0: 0x80300028 (0x00004585) c.li    a1, 1
core   0: 3 0x80300028 (0x4585) x11 0x00000001
core   0: 0x8030002a (0x00998a33) add     s4, s3, s1
core   0: 3 0x8030002a (0x00998a33) x20 0x00000011
core   0: 0x8030002e (0xaaaab2b7) lui     t0, 0xaaaab
core   0: 3 0x8030002e (0xaaaab2b7) x5  0xaaaab000
core   0: 0x80300032 (0xaaa28293) addi    t0, t0, -1366
core   0: 3 0x80300032 (0xaaa28293) x5  0xaaaaaaaa
core   0: 0x80300036 (0x00028333) add     t1, t0, zero
core   0: 3 0x80300036 (0x00028333) x6  0xaaaaaaaa
core   0: 0x8030003a (0x00000393) li      t2, 0
core   0: 3 0x8030003a (0x00000393) x7  0x00000000
core   0: 0x8030003e (0x0072ce33) xor     t3, t0, t2
core   0: 3 0x8030003e (0x0072ce33) x28 0xaaaaaaaa
core   0: 0x80300042 (0x555552b7) lui     t0, 0x55555
core   0: 3 0x80300042 (0x555552b7) x5  0x55555000
core   0: 0x80300046 (0x55528293) addi    t0, t0, 1365
core   0: 3 0x80300046 (0x55528293) x5  0x55555555
core   0: 0x8030004a (0x00028333) add     t1, t0, zero
core   0: 3 0x8030004a (0x00028333) x6  0x55555555
core   0: 0x8030004e (0x00000393) li      t2, 0
core   0: 3 0x8030004e (0x00000393) x7  0x00000000
core   0: 0x80300052 (0x0072ce33) xor     t3, t0, t2
core   0: 3 0x80300052 (0x0072ce33) x28 0x55555555
core   0: 0x80300056 (0xfff00293) li      t0, -1
core   0: 3 0x80300056 (0xfff00293) x5  0xffffffff
core   0: 0x8030005a (0x00028333) add     t1, t0, zero
core   0: 3 0x8030005a (0x00028333) x6  0xffffffff
core   0: 0x8030005e (0x00000393) li      t2, 0
core   0: 3 0x8030005e (0x00000393) x7  0x00000000
core   0: 0x80300062 (0x0072ce33) xor     t3, t0, t2
core   0: 3 0x80300062 (0x0072ce33) x28 0xffffffff
core   0: 0x80300066 (0x800002b7) lui     t0, 0x80000
core   0: 3 0x80300066 (0x800002b7) x5  0x80000000
core   0: 0x8030006a (0x00028333) add     t1, t0, zero
core   0: 3 0x8030006a (0x00028333) x6  0x80000000
core   0: 0x8030006e (0x00000393) li      t2, 0
core   0: 3 0x8030006e (0x00000393) x7  0x00000000
core   0: 0x80300072 (0x0072ce33) xor     t3, t0, t2
core   0: 3 0x80300072 (0x0072ce33) x28 0x80000000
core   0: 0x80300076 (0x00000293) li      t0, 0
core   0: 3 0x80300076 (0x00000293) x5  0x00000000
core   0: 0x8030007a (0x00028333) add     t1, t0, zero
core   0: 3 0x8030007a (0x00028333) x6  0x00000000
core   0: 0x8030007e (0x00100293) li      t0, 1
core   0: 3 0x8030007e (0x00100293) x5  0x00000001
core   0: 0x80300082 (0x00028333) add     t1, t0, zero
core   0: 3 0x80300082 (0x00028333) x6  0x00000001
core   0: 0x80300086 (0x00129293) slli    t0, t0, 1
core   0: 3 0x80300086 (0x00129293) x5  0x00000002
core   0: 0x8030008a (0x00028333) add     t1, t0, zero
core   0: 3 0x8030008a (0x00028333) x6  0x00000002
core   0: 0x8030008e (0x00129293) slli    t0, t0, 1
core   0: 3 0x8030008e (0x00129293) x5  0x00000004
core   0: 0x80300092 (0x00028333) add     t1, t0, zero
core   0: 3 0x80300092 (0x00028333) x6  0x00000004
core   0: 0x80300096 (0x00129293) slli    t0, t0, 1
core   0: 3 0x80300096 (0x00129293) x5  0x00000008
core   0: 0x8030009a (0x00028333) add     t1, t0, zero
core   0: 3 0x8030009a (0x00028333) x6  0x00000008
core   0: 0x8030009e (0x00129293) slli    t0, t0, 1
core   0: 3 0x8030009e (0x00129293) x5  0x00000010
core   0: 0x803000a2 (0x00028333) add     t1, t0, zero
core   0: 3 0x803000a2 (0x00028333) x6  0x00000010
core   0: 0x803000a6 (0x00129293) slli    t0, t0, 1
core   0: 3 0x803000a6 (0x00129293) x5  0x00000020
core   0: 0x803000aa (0x00028333) add     t1, t0, zero
core   0: 3 0x803000aa (0x00028333) x6  0x00000020
core   0: 0x803000ae (0x00129293) slli    t0, t0, 1
core   0: 3 0x803000ae (0x00129293) x5  0x00000040
core   0: 0x803000b2 (0x00028333) add     t1, t0, zero
core   0: 3 0x803000b2 (0x00028333) x6  0x00000040
core   0: 0x803000b6 (0x00129293) slli    t0, t0, 1
core   0: 3 0x803000b6 (0x00129293) x5  0x00000080
core   0: 0x803000ba (0x00028333) add     t1, t0, zero
core   0: 3 0x803000ba (0x00028333) x6  0x00000080
core   0: 0x803000be (0x00129293) slli    t0, t0, 1
core   0: 3 0x803000be (0x00129293) x5  0x00000100
core   0: 0x803000c2 (0x00028333) add     t1, t0, zero
core   0: 3 0x803000c2 (0x00028333) x6  0x00000100
core   0: 0x803000c6 (0x00129293) slli    t0, t0, 1
core   0: 3 0x803000c6 (0x00129293) x5  0x00000200
core   0: 0x803000ca (0x00028333) add     t1, t0, zero
core   0: 3 0x803000ca (0x00028333) x6  0x00000200
core   0: 0x803000ce (0x00129293) slli    t0, t0, 1
core   0: 3 0x803000ce (0x00129293) x5  0x00000400
core   0: 0x803000d2 (0x00028333) add     t1, t0, zero
core   0: 3 0x803000d2 (0x00028333) x6  0x00000400
core   0: 0x803000d6 (0x00129293) slli    t0, t0, 1
core   0: 3 0x803000d6 (0x00129293) x5  0x00000800
core   0: 0x803000da (0x00028333) add     t1, t0, zero
core   0: 3 0x803000da (0x00028333) x6  0x00000800
core   0: 0x803000de (0x00129293) slli    t0, t0, 1
core   0: 3 0x803000de (0x00129293) x5  0x00001000
core   0: 0x803000e2 (0x00028333) add     t1, t0, zero
core   0: 3 0x803000e2 (0x00028333) x6  0x00001000
core   0: 0x803000e6 (0x00129293) slli    t0, t0, 1
core   0: 3 0x803000e6 (0x00129293) x5  0x00002000
core   0: 0x803000ea (0x00028333) add     t1, t0, zero
core   0: 3 0x803000ea (0x00028333) x6  0x00002000
core   0: 0x803000ee (0x00129293) slli    t0, t0, 1
core   0: 3 0x803000ee (0x00129293) x5  0x00004000
core   0: 0x803000f2 (0x00028333) add     t1, t0, zero
core   0: 3 0x803000f2 (0x00028333) x6  0x00004000
core   0: 0x803000f6 (0x00129293) slli    t0, t0, 1
core   0: 3 0x803000f6 (0x00129293) x5  0x00008000
core   0: 0x803000fa (0x00028333) add     t1, t0, zero
core   0: 3 0x803000fa (0x00028333) x6  0x00008000
core   0: 0x803000fe (0x00129293) slli    t0, t0, 1
core   0: 3 0x803000fe (0x00129293) x5  0x00010000
core   0: 0x80300102 (0x00028333) add     t1, t0, zero
core   0: 3 0x80300102 (0x00028333) x6  0x00010000
core   0: 0x80300106 (0x00129293) slli    t0, t0, 1
core   0: 3 0x80300106 (0x00129293) x5  0x00020000
core   0: 0x8030010a (0x00028333) add     t1, t0, zero
core   0: 3 0x8030010a (0x00028333) x6  0x00020000
core   0: 0x8030010e (0x00129293) slli    t0, t0, 1
core   0: 3 0x8030010e (0x00129293) x5  0x00040000
core   0: 0x80300112 (0x00028333) add     t1, t0, zero
core   0: 3 0x80300112 (0x00028333) x6  0x00040000
core   0: 0x80300116 (0x00129293) slli    t0, t0, 1
core   0: 3 0x80300116 (0x00129293) x5  0x00080000
core   0: 0x8030011a (0x00028333) add     t1, t0, zero
core   0: 3 0x8030011a (0x00028333) x6  0x00080000
core   0: 0x8030011e (0x00129293) slli    t0, t0, 1
core   0: 3 0x8030011e (0x00129293) x5  0x00100000
core   0: 0x80300122 (0x00028333) add     t1, t0, zero
core   0: 3 0x80300122 (0x00028333) x6  0x00100000
core   0: 0x80300126 (0x00129293) slli    t0, t0, 1
core   0: 3 0x80300126 (0x00129293) x5  0x00200000
core   0: 0x8030012a (0x00028333) add     t1, t0, zero
core   0: 3 0x8030012a (0x00028333) x6  0x00200000
core   0: 0x8030012e (0x00129293) slli    t0, t0, 1
core   0: 3 0x8030012e (0x00129293) x5  0x00400000
core   0: 0x80300132 (0x00028333) add     t1, t0, zero
core   0: 3 0x80300132 (0x00028333) x6  0x00400000
core   0: 0x80300136 (0x00129293) slli    t0, t0, 1
core   0: 3 0x80300136 (0x00129293) x5  0x00800000
core   0: 0x8030013a (0x00028333) add     t1, t0, zero
core   0: 3 0x8030013a (0x00028333) x6  0x00800000
core   0: 0x8030013e (0x00129293) slli    t0, t0, 1
core   0: 3 0x8030013e (0x00129293) x5  0x01000000
core   0: 0x80300142 (0x00028333) add     t1, t0, zero
core   0: 3 0x80300142 (0x00028333) x6  0x01000000
core   0: 0x80300146 (0x00129293) slli    t0, t0, 1
core   0: 3 0x80300146 (0x00129293) x5  0x02000000
core   0: 0x8030014a (0x00028333) add     t1, t0, zero
core   0: 3 0x8030014a (0x00028333) x6  0x02000000
core   0: 0x8030014e (0x00129293) slli    t0, t0, 1
core   0: 3 0x8030014e (0x00129293) x5  0x04000000
core   0: 0x80300152 (0x00028333) add     t1, t0, zero
core   0: 3 0x80300152 (0x00028333) x6  0x04000000
core   0: 0x80300156 (0x00129293) slli    t0, t0, 1
core   0: 3 0x80300156 (0x00129293) x5  0x08000000
core   0: 0x8030015a (0x00028333) add     t1, t0, zero
core   0: 3 0x8030015a (0x00028333) x6  0x08000000
core   0: 0x8030015e (0x00129293) slli    t0, t0, 1
core   0: 3 0x8030015e (0x00129293) x5  0x10000000
core   0: 0x80300162 (0x00028333) add     t1, t0, zero
core   0: 3 0x80300162 (0x00028333) x6  0x10000000
core   0: 0x80300166 (0x00129293) slli    t0, t0, 1
core   0: 3 0x80300166 (0x00129293) x5  0x20000000
core   0: 0x8030016a (0x00028333) add     t1, t0, zero
core   0: 3 0x8030016a (0x00028333) x6  0x20000000
core   0: 0x8030016e (0x00129293) slli    t0, t0, 1
core   0: 3 0x8030016e (0x00129293) x5  0x40000000
core   0: 0x80300172 (0x00028333) add     t1, t0, zero
core   0: 3 0x80300172 (0x00028333) x6  0x40000000
core   0: 0x80300176 (0x00129293) slli    t0, t0, 1
core   0: 3 0x80300176 (0x00129293) x5  0x80000000
core   0: 0x8030017a (0x00028333) add     t1, t0, zero
core   0: 3 0x8030017a (0x00028333) x6  0x80000000
core   0: 0x8030017e (0x00000293) li      t0, 0
core   0: 3 0x8030017e (0x00000293) x5  0x00000000
core   0: 0x80300182 (0x00028333) add     t1, t0, zero
core   0: 3 0x80300182 (0x00028333) x6  0x00000000
core   0: 0x80300186 (0x55555297) auipc   t0, 0x55555
core   0: 3 0x80300186 (0x55555297) x5  0xd5855186
core   0: 0x8030018a (0x00028333) add     t1, t0, zero
core   0: 3 0x8030018a (0x00028333) x6  0xd5855186
core   0: 0x8030018e (0x00000393) li      t2, 0
core   0: 3 0x8030018e (0x00000393) x7  0x00000000
core   0: 0x80300192 (0x0072ce33) xor     t3, t0, t2
core   0: 3 0x80300192 (0x0072ce33) x28 0xd5855186
core   0: 0x80300196 (0xaaaab297) auipc   t0, 0xaaaab
core   0: 3 0x80300196 (0xaaaab297) x5  0x2adab196
core   0: 0x8030019a (0x00028333) add     t1, t0, zero
core   0: 3 0x8030019a (0x00028333) x6  0x2adab196
core   0: 0x8030019e (0x00000393) li      t2, 0
core   0: 3 0x8030019e (0x00000393) x7  0x00000000
core   0: 0x803001a2 (0x0072ce33) xor     t3, t0, t2
core   0: 3 0x803001a2 (0x0072ce33) x28 0x2adab196
core   0: 0x803001a6 (0x004002ef) jal     t0, pc + 0x4
core   0: 3 0x803001a6 (0x004002ef) x5  0x803001aa
core   0: 0x803001aa (0x00028333) add     t1, t0, zero
core   0: 3 0x803001aa (0x00028333) x6  0x803001aa
core   0: 0x803001ae (0x00000393) li      t2, 0
core   0: 3 0x803001ae (0x00000393) x7  0x00000000
core   0: 0x803001b2 (0x0072ce33) xor     t3, t0, t2
core   0: 3 0x803001b2 (0x0072ce33) x28 0x803001aa
core   0: 0x803001b6 (0x00000397) auipc   t2, 0x0
core   0: 3 0x803001b6 (0x00000397) x7  0x803001b6
core   0: 0x803001ba (0x00c38393) addi    t2, t2, 12
core   0: 3 0x803001ba (0x00c38393) x7  0x803001c2
core   0: 0x803001be (0x000382e7) jalr    t0, t2, 0
core   0: 3 0x803001be (0x000382e7) x5  0x803001c2
core   0: 0x803001c2 (0x00028333) add     t1, t0, zero
core   0: 3 0x803001c2 (0x00028333) x6  0x803001c2
core   0: 0x803001c6 (0x00000393) li      t2, 0
core   0: 3 0x803001c6 (0x00000393) x7  0x00000000
core   0: 0x803001ca (0x0072ce33) xor     t3, t0, t2
core   0: 3 0x803001ca (0x0072ce33) x28 0x803001c2
core   0: 0x803001ce (0x00100e93) li      t4, 1
core   0: 3 0x803001ce (0x00100e93) x29 0x00000001
core   0: 0x803001d2 (0x800002b7) lui     t0, 0x80000
core   0: 3 0x803001d2 (0x800002b7) x5  0x80000000
core   0: 0x803001d6 (0x03d28433) mul     s0, t0, t4
core   0: 3 0x803001d6 (0x03d28433) x8  0x80000000
core   0: 0x803001da (0x000404b3) add     s1, s0, zero
core   0: 3 0x803001da (0x000404b3) x9  0x80000000
core   0: 0x803001de (0x00000913) li      s2, 0
core   0: 3 0x803001de (0x00000913) x18 0x00000000
core   0: 0x803001e2 (0x012449b3) xor     s3, s0, s2
core   0: 3 0x803001e2 (0x012449b3) x19 0x80000000
core   0: 0x803001e6 (0xaaaab2b7) lui     t0, 0xaaaab
core   0: 3 0x803001e6 (0xaaaab2b7) x5  0xaaaab000
core   0: 0x803001ea (0xaaa28293) addi    t0, t0, -1366
core   0: 3 0x803001ea (0xaaa28293) x5  0xaaaaaaaa
core   0: 0x803001ee (0x03d28433) mul     s0, t0, t4
core   0: 3 0x803001ee (0x03d28433) x8  0xaaaaaaaa
core   0: 0x803001f2 (0x000404b3) add     s1, s0, zero
core   0: 3 0x803001f2 (0x000404b3) x9  0xaaaaaaaa
core   0: 0x803001f6 (0x00000913) li      s2, 0
core   0: 3 0x803001f6 (0x00000913) x18 0x00000000
core   0: 0x803001fa (0x012449b3) xor     s3, s0, s2
core   0: 3 0x803001fa (0x012449b3) x19 0xaaaaaaaa
core   0: 0x803001fe (0xfff00293) li      t0, -1
core   0: 3 0x803001fe (0xfff00293) x5  0xffffffff
core   0: 0x80300202 (0x03d2c433) div     s0, t0, t4
core   0: 3 0x80300202 (0x03d2c433) x8  0xffffffff
core   0: 0x80300206 (0x000404b3) add     s1, s0, zero
core   0: 3 0x80300206 (0x000404b3) x9  0xffffffff
core   0: 0x8030020a (0x00000913) li      s2, 0
core   0: 3 0x8030020a (0x00000913) x18 0x00000000
core   0: 0x8030020e (0x012449b3) xor     s3, s0, s2
core   0: 3 0x8030020e (0x012449b3) x19 0xffffffff
core   0: 0x80300212 (0x00150603) lb      a2, 1(a0)
core   0: 3 0x80300212 (0x00150603) x12 0x00000008 mem 0x80300271
core   0: 0x80300216 (0x00154683) lbu     a3, 1(a0)
core   0: 3 0x80300216 (0x00154683) x13 0x00000008 mem 0x80300271
core   0: 0x8030021a (0x00251703) lh      a4, 2(a0)
core   0: 3 0x8030021a (0x00251703) x14 0x00000008 mem 0x80300272
core   0: 0x8030021e (0x00255783) lhu     a5, 2(a0)
core   0: 3 0x8030021e (0x00255783) x15 0x00000008 mem 0x80300272
core   0: 0x80300222 (0x00452803) lw      a6, 4(a0)
core   0: 3 0x80300222 (0x00452803) x16 0xfff77880 mem 0x80300274
core   0: 0x80300226 (0x00004842) c.lwsp  a6, 16(sp)
core   0: 3 0x80300226 (0x4842) x16 0x00000000 mem 0x80300294
core   0: 0x80300228 (0x00004e35) c.li    t3, 13
core   0: 3 0x80300228 (0x4e35) x28 0x0000000d
core   0: 0x8030022a (0x00004e8d) c.li    t4, 3
core   0: 3 0x8030022a (0x4e8d) x29 0x00000003
core   0: 0x8030022c (0x03de0f33) mul     t5, t3, t4
core   0: 3 0x8030022c (0x03de0f33) x30 0x00000027
core   0: 0x80300230 (0x00004f85) c.li    t6, 1
core   0: 3 0x80300230 (0x4f85) x31 0x00000001
core   0: 0x80300232 (0x01ef8ab3) add     s5, t6, t5
core   0: 3 0x80300232 (0x01ef8ab3) x21 0x00000028
core   0: 0x80300236 (0x03df4b33) div     s6, t5, t4
core   0: 3 0x80300236 (0x03df4b33) x22 0x0000000d
core   0: 0x8030023a (0x00004b89) c.li    s7, 2
core   0: 3 0x8030023a (0x4b89) x23 0x00000002
core   0: 0x8030023c (0x017b0c33) add     s8, s6, s7
core   0: 3 0x8030023c (0x017b0c33) x24 0x0000000f
core   0: 0x80300240 (0x00852c83) lw      s9, 8(a0)
core   0: 3 0x80300240 (0x00852c83) x25 0x00080800 mem 0x80300278
core   0: 0x80300244 (0x018c8d33) add     s10, s9, s8
core   0: 3 0x80300244 (0x018c8d33) x26 0x0008080f
core   0: 0x80300248 (0x00000763) beqz    zero, pc + 14
core   0: 3 0x80300248 (0x00000763)
core   0: 0x80300256 (0x015d08b3) add     a7, s10, s5
core   0: 3 0x80300256 (0x015d08b3) x17 0x00080837
core   0: 0x8030025a (0x00039463) bnez    t2, pc + 8
core   0: 3 0x8030025a (0x00039463)
core   0: 0x8030025e (0xff5ff06f) j       pc - 0xc
core   0: 3 0x8030025e (0xff5ff06f)
core   0: 0x80300252 (0x00005bfd) c.li    s7, -1
core   0: 3 0x80300252 (0x5bfd) x23 0xffffffff
core   0: 0x80300254 (0x00009002) c.ebreak
core   0: exception trap_breakpoint, epc 0x80300254
core   0:           tval 0x80300254
