core   0: >>>>  _start
core   0: 0x80000000 (0x00100117) auipc   sp, 0x100
core   0: 3 0x80000000 (0x00100117) x2  0x80100000
core   0: 0x80000004 (0x19010113) addi    sp, sp, 400
core   0: 3 0x80000004 (0x19010113) x2  0x80100190
core   0: 0x80000008 (0x00100417) auipc   s0, 0x100
core   0: 3 0x80000008 (0x00100417) x8  0x80100008
core   0: 0x8000000c (0x0f840413) addi    s0, s0, 248
core   0: 3 0x8000000c (0x0f840413) x8  0x80100100
core   0: 0x80000010 (0x00300297) auipc   t0, 0x300
core   0: 3 0x80000010 (0x00300297) x5  0x80300010
core   0: 0x80000014 (0x7f028293) addi    t0, t0, 2032
core   0: 3 0x80000014 (0x7f028293) x5  0x80300800
core   0: 0x80000018 (0x000280e7) jalr    t0
core   0: 3 0x80000018 (0x000280e7) x1  0x8000001c
core   0: 0x80300800 (0x00004485) c.li    s1, 1
core   0: 3 0x80300800 (0x4485) x9  0x00000001
core   0: 0x80300802 (0x00000001) c.nop
core   0: 3 0x80300802 (0x0001)
core   0: 0x80300804 (0x00000485) c.addi  s1, 1
core   0: 3 0x80300804 (0x0485) x9  0x00000002
core   0: 0x80300806 (0x01148913) addi    s2, s1, 17
core   0: 3 0x80300806 (0x01148913) x18 0x00000013
core   0: 0x8030080a (0x00000001) c.nop
core   0: 3 0x8030080a (0x0001)
core   0: 0x8030080c (0x00000485) c.addi  s1, 1
core   0: 3 0x8030080c (0x0485) x9  0x00000003
core   0: 0x8030080e (0x02290993) addi    s3, s2, 34
core   0: 3 0x8030080e (0x02290993) x19 0x00000035
core   0: 0x80300812 (0x03398a13) addi    s4, s3, 51
core   0: 3 0x80300812 (0x03398a13) x20 0x00000068
core   0: 0x80300816 (0x00000001) c.nop
core   0: 3 0x80300816 (0x0001)
core   0: 0x80300818 (0x00004008) c.lw    a0, 0(s0)
core   0: 3 0x80300818 (0x4008) x10 0x11223344 mem 0x80100100
core   0: 0x8030081a (0x00750593) addi    a1, a0, 7
core   0: 3 0x8030081a (0x00750593) x11 0x1122334b
core   0: 0x8030081e (0x00000001) c.nop
core   0: 3 0x8030081e (0x0001)
core   0: 0x80300820 (0x00004050) c.lw    a2, 4(s0)
core   0: 3 0x80300820 (0x4050) x12 0x55667788 mem 0x80100104
core   0: 0x80300822 (0x00960693) addi    a3, a2, 9
core   0: 3 0x80300822 (0x00960693) x13 0x55667791
core   0: 0x80300826 (0x00000001) c.nop
core   0: 3 0x80300826 (0x0001)
core   0: 0x80300828 (0x00002029) c.jal   pc + 10
core   0: 3 0x80300828 (0x2029) x1  0x8030082a
core   0: 0x80300832 (0x00008a93) mv      s5, ra
core   0: 3 0x80300832 (0x00008a93) x21 0x8030082a
core   0: 0x80300836 (0x00000001) c.nop
core   0: 3 0x80300836 (0x0001)
core   0: 0x80300838 (0x0000a029) c.j     pc + 10
core   0: 3 0x80300838 (0xa029)
core   0: 0x80300842 (0x044a8b13) addi    s6, s5, 68
core   0: 3 0x80300842 (0x044a8b13) x22 0x8030086e
core   0: 0x80300846 (0x00000001) c.nop
core   0: 3 0x80300846 (0x0001)
core   0: 0x80300848 (0x00000485) c.addi  s1, 1
core   0: 3 0x80300848 (0x0485) x9  0x00000004
core   0: 0x8030084a (0x00948863) beq     s1, s1, pc + 16
core   0: 3 0x8030084a (0x00948863)
core   0: 0x8030085a (0x055b0b93) addi    s7, s6, 85
core   0: 3 0x8030085a (0x055b0b93) x23 0x803008c3
core   0: 0x8030085e (0x000ff297) auipc   t0, 0xff
core   0: 3 0x8030085e (0x000ff297) x5  0x803ff85e
core   0: 0x80300862 (0x8a228293) addi    t0, t0, -1886
core   0: 3 0x80300862 (0x8a228293) x5  0x803ff100
core   0: 0x80300866 (0x00028367) jalr    t1, t0, 0
core   0: 3 0x80300866 (0x00028367) x6  0x8030086a
core   0: 0x803ff100 (0x05a00393) li      t2, 90
core   0: 3 0x803ff100 (0x05a00393) x7  0x0000005a
core   0: 0x803ff104 (0x00000385) c.addi  t2, 1
core   0: 3 0x803ff104 (0x0385) x7  0x0000005b
core   0: 0x803ff106 (0x06638e13) addi    t3, t2, 102
core   0: 3 0x803ff106 (0x06638e13) x28 0x000000c1
core   0: 0x803ff10a (0x077e0e93) addi    t4, t3, 119
core   0: 3 0x803ff10a (0x077e0e93) x29 0x00000138
core   0: 0x803ff10e (0x00030067) jr      t1
core   0: 3 0x803ff10e (0x00030067)
core   0: 0x8030086a (0xffcff297) auipc   t0, 0xffcff
core   0: 3 0x8030086a (0xffcff297) x5  0x7ffff86a
core   0: 0x8030086e (0x7b228293) addi    t0, t0, 1970
core   0: 3 0x8030086e (0x7b228293) x5  0x8000001c
core   0: 0x80300872 (0x00028067) jr      t0
core   0: 3 0x80300872 (0x00028067)
core   0: 0x8000001c (0x00009002) c.ebreak
core   0: exception trap_breakpoint, epc 0x8000001c
core   0:           tval 0x8000001c
