Information: Updating design information... (UID-85)
Warning: Design 'cpu_m1_top' contains 1 high-fanout nets. A fanout number of 1000 will be used for delay calculations involving these nets. (TIM-134)
 
****************************************
Report : qor
Design : cpu_m1_top
Version: X-2025.06-SP2
Date   : Mon Jun  8 14:23:14 2026
****************************************


  Timing Path Group 'clk'
  -----------------------------------
  Levels of Logic:              42.00
  Critical Path Length:          1.35
  Critical Path Slack:           0.00
  Critical Path Clk Period:      1.43
  Total Negative Slack:          0.00
  No. of Violating Paths:        0.00
  Worst Hold Violation:         -0.01
  Total Hold Violation:         -0.01
  No. of Hold Violations:        2.00
  -----------------------------------


  Cell Count
  -----------------------------------
  Hierarchical Cell Count:          2
  Hierarchical Port Count:        246
  Leaf Cell Count:              27563
  Buf/Inv Cell Count:            1880
  Buf Cell Count:                 118
  Inv Cell Count:                1762
  CT Buf/Inv Cell Count:            0
  Combinational Cell Count:     20867
  Sequential Cell Count:         6696
  Macro Count:                      0
  -----------------------------------


  Area
  -----------------------------------
  Combinational Area:    13632.317893
  Noncombinational Area: 12666.149903
  Buf/Inv Area:            497.826006
  Total Buffer Area:            49.90
  Total Inverter Area:         447.93
  Macro/Black Box Area:      0.000000
  Net Area:                  0.000000
  -----------------------------------
  Cell Area:             26298.467795
  Design Area:           26298.467795


  Design Rules
  -----------------------------------
  Total Number of Nets:         28112
  Nets With Violations:             0
  Max Trans Violations:             0
  Max Cap Violations:               0
  -----------------------------------


  Hostname: eda

  Compile CPU Statistics
  -----------------------------------------
  Resource Sharing:                    3.43
  Logic Optimization:                 15.19
  Mapping Optimization:               22.24
  -----------------------------------------
  Overall Compile Time:              112.08
  Overall Compile Wall Clock Time:   112.71

  --------------------------------------------------------------------

  Design  WNS: 0.00  TNS: 0.00  Number of Violating Paths: 0


  Design (Hold)  WNS: 0.01  TNS: 0.01  Number of Violating Paths: 2

  --------------------------------------------------------------------


1
