 
****************************************
Report : area
Design : cpu_m1_top
Version: X-2025.06-SP2
Date   : Tue Jun  9 22:27:19 2026
****************************************

Library(s) Used:

    tcbn28hpcplusbwp40p140tt0p9v25c (File: /home/edauser/project/SOC/Magpie_X3/APR/ref/db/tcbn28hpcplusbwp40p140tt0p9v25c.db)

Number of ports:                          486
Number of nets:                         29130
Number of cells:                        28346
Number of combinational cells:          21545
Number of sequential cells:              6799
Number of macros/black boxes:               0
Number of buf/inv:                       2217
Number of references:                     108

Combinational area:              13945.301895
Buf/Inv area:                      587.916008
Noncombinational area:           12860.063901
Macro/Black Box area:                0.000000
Net Interconnect area:      undefined  (Wire load has zero net area)

Total cell area:                 26805.365797
Total area:                 undefined

Hierarchical area distribution
------------------------------

                                  Global cell area            Local cell area
                                  -------------------  ------------------------------ 
Hierarchical cell                 Absolute    Percent  Combi-      Noncombi-   Black-
                                  Total       Total    national    national    boxes   Design
--------------------------------  ----------  -------  ----------  ----------  ------  ---------
cpu_m1_top                        26805.3658    100.0   6503.8680   3546.1440  0.0000  cpu_m1_top
u_core/u_bp                       13208.0759     49.3   5769.0359   7439.0399  0.0000  bp
u_core/u_rfu                       3547.2780     13.2   1672.3980   1874.8800  0.0000  rfu
--------------------------------  ----------  -------  ----------  ----------  ------  ---------
Total                                                  13945.3019  12860.0639  0.0000

1
