core   0: >>>>  
core   0: 0x80000000 (0x123452b7) lui     t0, 0x12345
core   0: 3 0x80000000 (0x123452b7) x5  0x12345000
core   0: 0x80000004 (0x67828293) addi    t0, t0, 1656
core   0: 3 0x80000004 (0x67828293) x5  0x12345678
core   0: 0x80000008 (0x00d00313) li      t1, 13
core   0: 3 0x80000008 (0x00d00313) x6  0x0000000d
core   0: 0x8000000c (0x00700393) li      t2, 7
core   0: 3 0x8000000c (0x00700393) x7  0x00000007
core   0: 0x80000010 (0x00000e93) li      t4, 0
core   0: 3 0x80000010 (0x00000e93) x29 0x00000000
core   0: 0x80000014 (0x00000e17) auipc   t3, 0x0
core   0: 3 0x80000014 (0x00000e17) x28 0x80000014
core   0: 0x80000018 (0x050e0e13) addi    t3, t3, 80
core   0: 3 0x80000018 (0x050e0e13) x28 0x80000064
core   0: 0x8000001c (0x005e2023) sw      t0, 0(t3)
core   0: 3 0x8000001c (0x005e2023) mem 0x80000064 0x12345678
core   0: 0x80000020 (0x00000001) c.nop
core   0: 3 0x80000020 (0x0001)
core   0: 0x80000022 (0x000e2503) lw      a0, 0(t3)
core   0: 3 0x80000022 (0x000e2503) x10 0x12345678 mem 0x80000064
core   0: 0x80000026 (0x00150593) addi    a1, a0, 1
core   0: 3 0x80000026 (0x00150593) x11 0x12345679
core   0: 0x8000002a (0x0065c633) xor     a2, a1, t1
core   0: 3 0x8000002a (0x0065c633) x12 0x12345674
core   0: 0x8000002e (0x027586b3) mul     a3, a1, t2
core   0: 3 0x8000002e (0x027586b3) x13 0x7f6e5d4f
core   0: 0x80000032 (0x00c68733) add     a4, a3, a2
core   0: 3 0x80000032 (0x00c68733) x14 0x91a2b3c3
core   0: 0x80000036 (0x405707b3) sub     a5, a4, t0
core   0: 3 0x80000036 (0x405707b3) x15 0x7f6e5d4b
core   0: 0x8000003a (0x007e9463) bne     t4, t2, pc + 8
core   0: 3 0x8000003a (0x007e9463)
core   0: 0x80000042 (0x0067e8b3) or      a7, a5, t1
core   0: 3 0x80000042 (0x0067e8b3) x17 0x7f6e5d4f
core   0: 0x80000046 (0x0078f933) and     s2, a7, t2
core   0: 3 0x80000046 (0x0078f933) x18 0x00000007
core   0: 0x8000004a (0x0278c9b3) div     s3, a7, t2
core   0: 3 0x8000004a (0x0278c9b3) x19 0x12345679
core   0: 0x8000004e (0x01298a33) add     s4, s3, s2
core   0: 3 0x8000004e (0x01298a33) x20 0x12345680
core   0: 0x80000052 (0x005a4ab3) xor     s5, s4, t0
core   0: 3 0x80000052 (0x005a4ab3) x21 0x000000f8
core   0: 0x80000056 (0x001e8e93) addi    t4, t4, 1
core   0: 3 0x80000056 (0x001e8e93) x29 0x00000001
core   0: 0x8000005a (0x00200f13) li      t5, 2
core   0: 3 0x8000005a (0x00200f13) x30 0x00000002
core   0: 0x8000005e (0xfdee92e3) bne     t4, t5, pc - 60
core   0: 3 0x8000005e (0xfdee92e3)
core   0: 0x80000022 (0x000e2503) lw      a0, 0(t3)
core   0: 3 0x80000022 (0x000e2503) x10 0x12345678 mem 0x80000064
core   0: 0x80000026 (0x00150593) addi    a1, a0, 1
core   0: 3 0x80000026 (0x00150593) x11 0x12345679
core   0: 0x8000002a (0x0065c633) xor     a2, a1, t1
core   0: 3 0x8000002a (0x0065c633) x12 0x12345674
core   0: 0x8000002e (0x027586b3) mul     a3, a1, t2
core   0: 3 0x8000002e (0x027586b3) x13 0x7f6e5d4f
core   0: 0x80000032 (0x00c68733) add     a4, a3, a2
core   0: 3 0x80000032 (0x00c68733) x14 0x91a2b3c3
core   0: 0x80000036 (0x405707b3) sub     a5, a4, t0
core   0: 3 0x80000036 (0x405707b3) x15 0x7f6e5d4b
core   0: 0x8000003a (0x007e9463) bne     t4, t2, pc + 8
core   0: 3 0x8000003a (0x007e9463)
core   0: 0x80000042 (0x0067e8b3) or      a7, a5, t1
core   0: 3 0x80000042 (0x0067e8b3) x17 0x7f6e5d4f
core   0: 0x80000046 (0x0078f933) and     s2, a7, t2
core   0: 3 0x80000046 (0x0078f933) x18 0x00000007
core   0: 0x8000004a (0x0278c9b3) div     s3, a7, t2
core   0: 3 0x8000004a (0x0278c9b3) x19 0x12345679
core   0: 0x8000004e (0x01298a33) add     s4, s3, s2
core   0: 3 0x8000004e (0x01298a33) x20 0x12345680
core   0: 0x80000052 (0x005a4ab3) xor     s5, s4, t0
core   0: 3 0x80000052 (0x005a4ab3) x21 0x000000f8
core   0: 0x80000056 (0x001e8e93) addi    t4, t4, 1
core   0: 3 0x80000056 (0x001e8e93) x29 0x00000002
core   0: 0x8000005a (0x00200f13) li      t5, 2
core   0: 3 0x8000005a (0x00200f13) x30 0x00000002
core   0: 0x8000005e (0xfdee92e3) bne     t4, t5, pc - 60
core   0: 3 0x8000005e (0xfdee92e3)
core   0: 0x80000062 (0x00009002) c.ebreak
core   0: exception trap_breakpoint, epc 0x80000062
core   0:           tval 0x80000062
