 
****************************************
Report : area
Design : mat_engine
Version: X-2025.06-SP2
Date   : Sun Jul  5 10:35:00 2026
****************************************

Library(s) Used:

    tcbn28hpcplusbwp40p140tt0p9v25c (File: /home/edauser/project/PDK/TSMC28/logic/tcbn28hpcplusbwp40p140_180b/AN61001_20180509/TSMCHOME/digital/Front_End/timing_power_noise/NLDM/tcbn28hpcplusbwp40p140_180a/tcbn28hpcplusbwp40p140tt0p9v25c.db)

Number of ports:                          759
Number of nets:                         95965
Number of cells:                        87607
Number of combinational cells:          78995
Number of sequential cells:              8612
Number of macros/black boxes:               0
Number of buf/inv:                      14724
Number of references:                     115

Combinational area:              53910.485678
Buf/Inv area:                     3796.506053
Noncombinational area:           22656.563225
Macro/Black Box area:                0.000000
Net Interconnect area:      undefined  (Wire load has zero net area)

Total cell area:                 76567.048903
Total area:                 undefined
1
