 
****************************************
Report : timing
        -path full
        -delay max
        -max_paths 5
Design : mat_engine
Version: X-2025.06-SP2
Date   : Sun Jul  5 10:35:00 2026
****************************************

 # A fanout number of 1000 was used for high fanout net computations.

Operating Conditions: tt0p9v25c   Library: tcbn28hpcplusbwp40p140tt0p9v25c
Wire Load Model Mode: segmented

  Startpoint: t_wdata_reg[23]
              (rising edge-triggered flip-flop clocked by clk)
  Endpoint: t_wdata[23]
            (output port clocked by clk)
  Path Group: clk
  Path Type: max

  Des/Clust/Port     Wire Load Model       Library
  ------------------------------------------------
  mat_engine         ZeroWireload          tcbn28hpcplusbwp40p140tt0p9v25c

  Point                                    Incr       Path
  -----------------------------------------------------------
  clock clk (rise edge)                    0.00       0.00
  clock network delay (ideal)              0.00       0.00
  t_wdata_reg[23]/CP (DFQD2BWP40P140)      0.00 #     0.00 r
  t_wdata_reg[23]/Q (DFQD2BWP40P140)       0.06       0.06 f
  t_wdata[23] (out)                        0.00       0.06 f
  data arrival time                                   0.06

  clock clk (rise edge)                    2.00       2.00
  clock network delay (ideal)              0.00       2.00
  clock uncertainty                       -0.10       1.90
  output external delay                   -0.30       1.60
  data required time                                  1.60
  -----------------------------------------------------------
  data required time                                  1.60
  data arrival time                                  -0.06
  -----------------------------------------------------------
  slack (MET)                                         1.54


  Startpoint: t_wdata_reg[22]
              (rising edge-triggered flip-flop clocked by clk)
  Endpoint: t_wdata[22]
            (output port clocked by clk)
  Path Group: clk
  Path Type: max

  Des/Clust/Port     Wire Load Model       Library
  ------------------------------------------------
  mat_engine         ZeroWireload          tcbn28hpcplusbwp40p140tt0p9v25c

  Point                                    Incr       Path
  -----------------------------------------------------------
  clock clk (rise edge)                    0.00       0.00
  clock network delay (ideal)              0.00       0.00
  t_wdata_reg[22]/CP (DFQD2BWP40P140)      0.00 #     0.00 r
  t_wdata_reg[22]/Q (DFQD2BWP40P140)       0.06       0.06 f
  t_wdata[22] (out)                        0.00       0.06 f
  data arrival time                                   0.06

  clock clk (rise edge)                    2.00       2.00
  clock network delay (ideal)              0.00       2.00
  clock uncertainty                       -0.10       1.90
  output external delay                   -0.30       1.60
  data required time                                  1.60
  -----------------------------------------------------------
  data required time                                  1.60
  data arrival time                                  -0.06
  -----------------------------------------------------------
  slack (MET)                                         1.54


  Startpoint: t_wdata_reg[20]
              (rising edge-triggered flip-flop clocked by clk)
  Endpoint: t_wdata[20]
            (output port clocked by clk)
  Path Group: clk
  Path Type: max

  Des/Clust/Port     Wire Load Model       Library
  ------------------------------------------------
  mat_engine         ZeroWireload          tcbn28hpcplusbwp40p140tt0p9v25c

  Point                                    Incr       Path
  -----------------------------------------------------------
  clock clk (rise edge)                    0.00       0.00
  clock network delay (ideal)              0.00       0.00
  t_wdata_reg[20]/CP (DFQD2BWP40P140)      0.00 #     0.00 r
  t_wdata_reg[20]/Q (DFQD2BWP40P140)       0.06       0.06 f
  t_wdata[20] (out)                        0.00       0.06 f
  data arrival time                                   0.06

  clock clk (rise edge)                    2.00       2.00
  clock network delay (ideal)              0.00       2.00
  clock uncertainty                       -0.10       1.90
  output external delay                   -0.30       1.60
  data required time                                  1.60
  -----------------------------------------------------------
  data required time                                  1.60
  data arrival time                                  -0.06
  -----------------------------------------------------------
  slack (MET)                                         1.54


  Startpoint: t_wdata_reg[19]
              (rising edge-triggered flip-flop clocked by clk)
  Endpoint: t_wdata[19]
            (output port clocked by clk)
  Path Group: clk
  Path Type: max

  Des/Clust/Port     Wire Load Model       Library
  ------------------------------------------------
  mat_engine         ZeroWireload          tcbn28hpcplusbwp40p140tt0p9v25c

  Point                                    Incr       Path
  -----------------------------------------------------------
  clock clk (rise edge)                    0.00       0.00
  clock network delay (ideal)              0.00       0.00
  t_wdata_reg[19]/CP (DFQD2BWP40P140)      0.00 #     0.00 r
  t_wdata_reg[19]/Q (DFQD2BWP40P140)       0.06       0.06 f
  t_wdata[19] (out)                        0.00       0.06 f
  data arrival time                                   0.06

  clock clk (rise edge)                    2.00       2.00
  clock network delay (ideal)              0.00       2.00
  clock uncertainty                       -0.10       1.90
  output external delay                   -0.30       1.60
  data required time                                  1.60
  -----------------------------------------------------------
  data required time                                  1.60
  data arrival time                                  -0.06
  -----------------------------------------------------------
  slack (MET)                                         1.54


  Startpoint: t_wdata_reg[18]
              (rising edge-triggered flip-flop clocked by clk)
  Endpoint: t_wdata[18]
            (output port clocked by clk)
  Path Group: clk
  Path Type: max

  Des/Clust/Port     Wire Load Model       Library
  ------------------------------------------------
  mat_engine         ZeroWireload          tcbn28hpcplusbwp40p140tt0p9v25c

  Point                                    Incr       Path
  -----------------------------------------------------------
  clock clk (rise edge)                    0.00       0.00
  clock network delay (ideal)              0.00       0.00
  t_wdata_reg[18]/CP (DFQD2BWP40P140)      0.00 #     0.00 r
  t_wdata_reg[18]/Q (DFQD2BWP40P140)       0.06       0.06 f
  t_wdata[18] (out)                        0.00       0.06 f
  data arrival time                                   0.06

  clock clk (rise edge)                    2.00       2.00
  clock network delay (ideal)              0.00       2.00
  clock uncertainty                       -0.10       1.90
  output external delay                   -0.30       1.60
  data required time                                  1.60
  -----------------------------------------------------------
  data required time                                  1.60
  data arrival time                                  -0.06
  -----------------------------------------------------------
  slack (MET)                                         1.54


1
