core   0: >>>>  $xrv32i2p1_m2p0_c2p0_zicsr2p0_zifencei2p0_zmmul1p0
core   0: 0x80000000 (0x00400297) auipc   t0, 0x400
core   0: 3 0x80000000 (0x00400297) x5  0x80400000
core   0: 0x80000004 (0xef228293) addi    t0, t0, -270
core   0: 3 0x80000004 (0xef228293) x5  0x803ffef2
core   0: 0x80000008 (0x000280e7) jalr    t0
core   0: 3 0x80000008 (0x000280e7) x1  0x8000000c
core   0: 0x803ffef2 (0xfff00297) auipc   t0, 0xfff00
core   0: 3 0x803ffef2 (0xfff00297) x5  0x802ffef2
core   0: 0x803ffef6 (0x10e28293) addi    t0, t0, 270
core   0: 3 0x803ffef6 (0x10e28293) x5  0x80300000
core   0: 0x803ffefa (0x000280e7) jalr    t0
core   0: 3 0x803ffefa (0x000280e7) x1  0x803ffefe
core   0: 0x80300000 (0x00000117) auipc   sp, 0x0
core   0: 3 0x80300000 (0x00000117) x2  0x80300000
core   0: 0x80300004 (0x1f010113) addi    sp, sp, 496
core   0: 3 0x80300004 (0x1f010113) x2  0x803001f0
core   0: 0x80300008 (0x00000293) li      t0, 0
core   0: 3 0x80300008 (0x00000293) x5  0x00000000
core   0: 0x8030000c (0x00800313) li      t1, 8
core   0: 3 0x8030000c (0x00800313) x6  0x00000008
core   0: 0x80300010 (0x00128293) addi    t0, t0, 1
core   0: 3 0x80300010 (0x00128293) x5  0x00000001
core   0: 0x80300014 (0xfe62cee3) blt     t0, t1, pc - 4
core   0: 3 0x80300014 (0xfe62cee3)
core   0: 0x80300010 (0x00128293) addi    t0, t0, 1
core   0: 3 0x80300010 (0x00128293) x5  0x00000002
core   0: 0x80300014 (0xfe62cee3) blt     t0, t1, pc - 4
core   0: 3 0x80300014 (0xfe62cee3)
core   0: 0x80300010 (0x00128293) addi    t0, t0, 1
core   0: 3 0x80300010 (0x00128293) x5  0x00000003
core   0: 0x80300014 (0xfe62cee3) blt     t0, t1, pc - 4
core   0: 3 0x80300014 (0xfe62cee3)
core   0: 0x80300010 (0x00128293) addi    t0, t0, 1
core   0: 3 0x80300010 (0x00128293) x5  0x00000004
core   0: 0x80300014 (0xfe62cee3) blt     t0, t1, pc - 4
core   0: 3 0x80300014 (0xfe62cee3)
core   0: 0x80300010 (0x00128293) addi    t0, t0, 1
core   0: 3 0x80300010 (0x00128293) x5  0x00000005
core   0: 0x80300014 (0xfe62cee3) blt     t0, t1, pc - 4
core   0: 3 0x80300014 (0xfe62cee3)
core   0: 0x80300010 (0x00128293) addi    t0, t0, 1
core   0: 3 0x80300010 (0x00128293) x5  0x00000006
core   0: 0x80300014 (0xfe62cee3) blt     t0, t1, pc - 4
core   0: 3 0x80300014 (0xfe62cee3)
core   0: 0x80300010 (0x00128293) addi    t0, t0, 1
core   0: 3 0x80300010 (0x00128293) x5  0x00000007
core   0: 0x80300014 (0xfe62cee3) blt     t0, t1, pc - 4
core   0: 3 0x80300014 (0xfe62cee3)
core   0: 0x80300010 (0x00128293) addi    t0, t0, 1
core   0: 3 0x80300010 (0x00128293) x5  0x00000008
core   0: 0x80300014 (0xfe62cee3) blt     t0, t1, pc - 4
core   0: 3 0x80300014 (0xfe62cee3)
core   0: 0x80300018 (0x00000293) li      t0, 0
core   0: 3 0x80300018 (0x00000293) x5  0x00000000
core   0: 0x8030001c (0x00600313) li      t1, 6
core   0: 3 0x8030001c (0x00600313) x6  0x00000006
core   0: 0x80300020 (0x00128293) addi    t0, t0, 1
core   0: 3 0x80300020 (0x00128293) x5  0x00000001
core   0: 0x80300024 (0xfe629ee3) bne     t0, t1, pc - 4
core   0: 3 0x80300024 (0xfe629ee3)
core   0: 0x80300020 (0x00128293) addi    t0, t0, 1
core   0: 3 0x80300020 (0x00128293) x5  0x00000002
core   0: 0x80300024 (0xfe629ee3) bne     t0, t1, pc - 4
core   0: 3 0x80300024 (0xfe629ee3)
core   0: 0x80300020 (0x00128293) addi    t0, t0, 1
core   0: 3 0x80300020 (0x00128293) x5  0x00000003
core   0: 0x80300024 (0xfe629ee3) bne     t0, t1, pc - 4
core   0: 3 0x80300024 (0xfe629ee3)
core   0: 0x80300020 (0x00128293) addi    t0, t0, 1
core   0: 3 0x80300020 (0x00128293) x5  0x00000004
core   0: 0x80300024 (0xfe629ee3) bne     t0, t1, pc - 4
core   0: 3 0x80300024 (0xfe629ee3)
core   0: 0x80300020 (0x00128293) addi    t0, t0, 1
core   0: 3 0x80300020 (0x00128293) x5  0x00000005
core   0: 0x80300024 (0xfe629ee3) bne     t0, t1, pc - 4
core   0: 3 0x80300024 (0xfe629ee3)
core   0: 0x80300020 (0x00128293) addi    t0, t0, 1
core   0: 3 0x80300020 (0x00128293) x5  0x00000006
core   0: 0x80300024 (0xfe629ee3) bne     t0, t1, pc - 4
core   0: 3 0x80300024 (0xfe629ee3)
core   0: 0x80300028 (0x00500393) li      t2, 5
core   0: 3 0x80300028 (0x00500393) x7  0x00000005
core   0: 0x8030002c (0xfff38393) addi    t2, t2, -1
core   0: 3 0x8030002c (0xfff38393) x7  0x00000004
core   0: 0x80300030 (0xfe039ee3) bnez    t2, pc - 4
core   0: 3 0x80300030 (0xfe039ee3)
core   0: 0x8030002c (0xfff38393) addi    t2, t2, -1
core   0: 3 0x8030002c (0xfff38393) x7  0x00000003
core   0: 0x80300030 (0xfe039ee3) bnez    t2, pc - 4
core   0: 3 0x80300030 (0xfe039ee3)
core   0: 0x8030002c (0xfff38393) addi    t2, t2, -1
core   0: 3 0x8030002c (0xfff38393) x7  0x00000002
core   0: 0x80300030 (0xfe039ee3) bnez    t2, pc - 4
core   0: 3 0x80300030 (0xfe039ee3)
core   0: 0x8030002c (0xfff38393) addi    t2, t2, -1
core   0: 3 0x8030002c (0xfff38393) x7  0x00000001
core   0: 0x80300030 (0xfe039ee3) bnez    t2, pc - 4
core   0: 3 0x80300030 (0xfe039ee3)
core   0: 0x8030002c (0xfff38393) addi    t2, t2, -1
core   0: 3 0x8030002c (0xfff38393) x7  0x00000000
core   0: 0x80300030 (0xfe039ee3) bnez    t2, pc - 4
core   0: 3 0x80300030 (0xfe039ee3)
core   0: 0x80300034 (0x00000393) li      t2, 0
core   0: 3 0x80300034 (0x00000393) x7  0x00000000
core   0: 0x80300038 (0x00039063) bnez    t2, pc + 0
core   0: 3 0x80300038 (0x00039063)
core   0: 0x8030003c (0xfe039ee3) bnez    t2, pc - 4
core   0: 3 0x8030003c (0xfe039ee3)
core   0: 0x80300040 (0xfe039ce3) bnez    t2, pc - 8
core   0: 3 0x80300040 (0xfe039ce3)
core   0: 0x80300044 (0xfe039ae3) bnez    t2, pc - 12
core   0: 3 0x80300044 (0xfe039ae3)
core   0: 0x80300048 (0x00100e13) li      t3, 1
core   0: 3 0x80300048 (0x00100e13) x28 0x00000001
core   0: 0x8030004c (0x01ce0463) beq     t3, t3, pc + 8
core   0: 3 0x8030004c (0x01ce0463)
core   0: 0x80300054 (0x04400413) li      s0, 68
core   0: 3 0x80300054 (0x04400413) x8  0x00000044
core   0: 0x80300058 (0x00000013) nop
core   0: 3 0x80300058 (0x00000013)
core   0: 0x8030005c (0x00000013) nop
core   0: 3 0x8030005c (0x00000013)
core   0: 0x80300060 (0x00000013) nop
core   0: 3 0x80300060 (0x00000013)
core   0: 0x80300064 (0x00000013) nop
core   0: 3 0x80300064 (0x00000013)
core   0: 0x80300068 (0x00000013) nop
core   0: 3 0x80300068 (0x00000013)
core   0: 0x8030006c (0x00000013) nop
core   0: 3 0x8030006c (0x00000013)
core   0: 0x80300070 (0x00000013) nop
core   0: 3 0x80300070 (0x00000013)
core   0: 0x80300074 (0x00000013) nop
core   0: 3 0x80300074 (0x00000013)
core   0: 0x80300078 (0x00000013) nop
core   0: 3 0x80300078 (0x00000013)
core   0: 0x8030007c (0x00000013) nop
core   0: 3 0x8030007c (0x00000013)
core   0: 0x80300080 (0x00000013) nop
core   0: 3 0x80300080 (0x00000013)
core   0: 0x80300084 (0x00000013) nop
core   0: 3 0x80300084 (0x00000013)
core   0: 0x80300088 (0x00000013) nop
core   0: 3 0x80300088 (0x00000013)
core   0: 0x8030008c (0x01ce0463) beq     t3, t3, pc + 8
core   0: 3 0x8030008c (0x01ce0463)
core   0: 0x80300094 (0x05500413) li      s0, 85
core   0: 3 0x80300094 (0x05500413) x8  0x00000055
core   0: 0x80300098 (0x02c000ef) jal     pc + 0x2c
core   0: 3 0x80300098 (0x02c000ef) x1  0x8030009c
core   0: 0x803000c4 (0x06600a93) li      s5, 102
core   0: 3 0x803000c4 (0x06600a93) x21 0x00000066
core   0: 0x803000c8 (0x00008067) ret
core   0: 3 0x803000c8 (0x00008067)
core   0: 0x8030009c (0x01100493) li      s1, 17
core   0: 3 0x8030009c (0x01100493) x9  0x00000011
core   0: 0x803000a0 (0x02c000ef) jal     pc + 0x2c
core   0: 3 0x803000a0 (0x02c000ef) x1  0x803000a4
core   0: 0x803000cc (0x00000e97) auipc   t4, 0x0
core   0: 3 0x803000cc (0x00000e97) x29 0x803000cc
core   0: 0x803000d0 (0xfe0e8e93) addi    t4, t4, -32
core   0: 3 0x803000d0 (0xfe0e8e93) x29 0x803000ac
core   0: 0x803000d4 (0x000e8093) mv      ra, t4
core   0: 3 0x803000d4 (0x000e8093) x1  0x803000ac
core   0: 0x803000d8 (0x00008067) ret
core   0: 3 0x803000d8 (0x00008067)
core   0: 0x803000ac (0x02200913) li      s2, 34
core   0: 3 0x803000ac (0x02200913) x18 0x00000022
core   0: 0x803000b0 (0x00c000ef) jal     pc + 0xc
core   0: 3 0x803000b0 (0x00c000ef) x1  0x803000b4
core   0: 0x803000bc (0x04400a13) li      s4, 68
core   0: 3 0x803000bc (0x04400a13) x20 0x00000044
core   0: 0x803000c0 (0x00008067) ret
core   0: 3 0x803000c0 (0x00008067)
core   0: 0x803000b4 (0x03300993) li      s3, 51
core   0: 3 0x803000b4 (0x03300993) x19 0x00000033
core   0: 0x803000b8 (0x02c0006f) j       pc + 0x2c
core   0: 3 0x803000b8 (0x02c0006f)
core   0: 0x803000e4 (0xffd00297) auipc   t0, 0xffd00
core   0: 3 0x803000e4 (0xffd00297) x5  0x800000e4
core   0: 0x803000e8 (0xf2828293) addi    t0, t0, -216
core   0: 3 0x803000e8 (0xf2828293) x5  0x8000000c
core   0: 0x803000ec (0x00028067) jr      t0
core   0: 3 0x803000ec (0x00028067)
core   0: 0x8000000c (0x00009002) c.ebreak
core   0: exception trap_breakpoint, epc 0x8000000c
core   0:           tval 0x8000000c
