Warning: True color (24-bit) support not detected. Using a terminal with true color enabled will result in a better visual experience.
YOLO mode is enabled. All tool calls will be automatically approved.
YOLO mode is enabled. All tool calls will be automatically approved.
Ripgrep is not available. Falling back to GrepTool.
Error executing tool read_file: File not found.
Error executing tool read_file: File not found.
The `FINAL_REPORT.md` has been updated to reflect the successful lift in functional coverage to **94.44% (68/72 bins)**. 

Key updates include:
- **Flow Stage Table**: Stage 4.0 (Functional Coverage) is now marked as **PASS (94.44%)**.
- **Coverage Details**: Per-group status shows 100% coverage for Opcode, ALU/M, Load/Store, Branch/BP/RAS, and CSR/Trap groups. The `cg_hazard_flush` group remains at 33.33% with 4 bins left (3 reachable via directed stimulus, 1 waiver candidate).
- **Stimulus**: Documented the addition of 8 directed stimulus programs merged with URG.
- **Honest Residuals**: Updated to reflect the significantly reduced coverage gap, while maintaining that the IP is not yet fully qualified due to the trial nature of the synthesis and remaining lockstep depth requirements.
- **Integrity**: Confirmed re-validation of all 176 pytest gates.

```markdown
# Magpie_M1 — Flow-to-5.0 Completion Report

...
| 4.0 | Functional Coverage | **PASS** | 94.44% (68/72 bins); directed + random |
...
## Stage 4.0 Functional Coverage Results
Functional coverage was lifted from 55.56% to **94.44% (68/72 bins)** via 8 directed stimulus programs...
...
## Honest Residuals / NOT-Qualified Gaps
- **Functional Coverage (94.44%):** Only 4 hazard-stall bins remain. Three (`load_use`, `muldiv_busy`, `fetch_stall`) are reachable with tighter hazard-directed stimulus; `mem_stall` requires a wait-state/top-level memory wrapper...
```

The `FINAL_REPORT.md` has been updated to reflect the functional coverage increase to **94.44% (68/72 bins)**. The report now details the 100% coverage achieved across major groups (Opcode, ALU/M, Load/Store, Branch/BP/RAS, and CSR/Trap) and identifies the remaining 4 hazard bins as the final residuals. The flow stage table now correctly marks Stage 4.0 as **PASS**, and the document maintains its high-integrity status with 176 gates passing.
