################################################################################
#
# This file has been generated by SpyGlass:
#     Report Created by: edauser
#     Report Created on: Thu Jun 11 11:30:40 2026
#     Working Directory: /home/edauser/project/SOC/Magpie_M1/flow/v2_pipeline/phase_p_cdc_rdc_xprop
#     Report Location  : ./cpu_m1_phase_p_cdc_rdc_xprop/cpu_m1_top/cdc/cdc_verify_struct/spyglass_reports/SpyGlass/checksum.rpt
#     SpyGlass Version : SpyGlass_vX-2025.06-SP1
#     Policy Name      : SpyGlass(SpyGlass_vX-2025.06-SP1)
#     Comment          : This report contains md5sum of design file(s)
#
################################################################################

=====================================================================================
                         MD5SUM CHECKSUM OF DESIGN FILES 
=====================================================================================
MD5SUM CHECKSUM                   SOURCE              PATH OF DESIGN FILE       
-------------------------------------------------------------------------------------
9c8383014581feb6c024a343cf5e2131  1      /home/edauser/project/SOC/Magpie_M1/IP/cpu_m1/rtl/rfu.v  
9ace20409f9258e1eae6b031d6c14bce  1      /home/edauser/project/SOC/Magpie_M1/IP/cpu_m1/rtl/alu.v  
e15690ef8267e389ef74c8ed0775b90e  1      /home/edauser/project/SOC/Magpie_M1/IP/cpu_m1/rtl/idu.v  
9d0fda66d3f446fd6fdb14a69febdf0e  1      /home/edauser/project/SOC/Magpie_M1/IP/cpu_m1/rtl/ifu.v  
2520b87a40f28496d1f09af990f7f511  1      /home/edauser/project/SOC/Magpie_M1/IP/cpu_m1/rtl/lsu.v  
d298ae08389386d353d8ef20a9da6c25  1      /home/edauser/project/SOC/Magpie_M1/IP/cpu_m1/rtl/csr.v  
e187b2cbf4677ff3b520ac4cb8e30ecc  1      /home/edauser/project/SOC/Magpie_M1/IP/cpu_m1/rtl/mul.v  
6571efa6da6f32c65cc444c1d4d69561  1      /home/edauser/project/SOC/Magpie_M1/IP/cpu_m1/rtl/div.v  
26c45b05939363dfc1574d37aa273702  1      /home/edauser/project/SOC/Magpie_M1/IP/cpu_m1/rtl/forward.v  
5a7d9a3508a5fef72a1afbfe33eab714  1      /home/edauser/project/SOC/Magpie_M1/IP/cpu_m1/rtl/hazard.v  
0a77add6a1a772e71d1aa9d359a098da  1      /home/edauser/project/SOC/Magpie_M1/IP/cpu_m1/rtl/bp.v  
30d09ac9c2e117ee3451de169cbee226  1      /home/edauser/project/SOC/Magpie_M1/IP/cpu_m1/rtl/ras.v  
81932defc39ae63134d34353d55dda77  1      /home/edauser/project/SOC/Magpie_M1/IP/cpu_m1/rtl/cdec.v  
dc3327b6bd2aef170d1be534f43869d2  1      /home/edauser/project/SOC/Magpie_M1/IP/cpu_m1/rtl/core.v  
80e5cfde71cdfce46569cc9f326a8b5e  1      /home/edauser/project/SOC/Magpie_M1/IP/cpu_m1/rtl/pmp.v  
62aca8f3acef68883664413a38448baf  1      /home/edauser/project/SOC/Magpie_M1/IP/cpu_m1/rtl/cpu_m1_top.v  
