
################################################################################
#
# This file has been generated by SpyGlass:
#     Report Name      : no_msg_reporting_rules
#     Report Created by: edauser
#     Report Created on:  Thu Jun 11 11:30:39 2026
#     Working Directory: /home/edauser/project/SOC/Magpie_M1/flow/v2_pipeline/phase_p_cdc_rdc_xprop
#     SpyGlass Version : SpyGlass_vX-2025.06-SP1
#     Policy Name      : SpyGlass(SpyGlass_vX-2025.06-SP1)
#                        clock-reset(SpyGlass_vX-2025.06-SP1)
#                        morelint(SpyGlass_vX-2025.06-SP1)
#                        power_est(SpyGlass_vX-2025.06-SP1)
#
#     Total Number of Generated Messages :         46
#     Number of Waived Messages          :          2
#     Number of Reported Messages        :         44
#     Number of Overlimit Messages       :          0
#
#
################################################################################

NO VIOLATION RULE REPORT :
++++++++++++++++++++++++++++++++++++++++++++++++++++++++++++++++++++++++++++++++

Following rules did not produce any violation or waived off during spyglass run

++++++++++++++++++++++++++++++++++++++++++++++++++++++++++++++++++++++++++++++++


================================================================================
	INDEX                                   RULE-NAME
================================================================================
	1                                  Ac_abstract_validation02
	2                                  Ac_coherency06
	3                                  Ac_conv01
	4                                  Ac_conv03
	5                                  Ac_glitch03
	6                                  Ac_resetvalue01
	7                                  Ac_sync01
	8                                  Ac_sync02
	9                                  Ac_unsync01
	10                                 Ac_unsync02
	11                                 Ar_asyncdeassert01
	12                                 Ar_converge01
	13                                 Ar_sync01
	14                                 Ar_syncdeassert01
	15                                 Ar_syncrst_setupcheck01
	16                                 Ar_syncrstactive01
	17                                 Ar_syncrstcombo01
	18                                 Ar_syncrstload01
	19                                 Ar_syncrstload02
	20                                 Ar_syncrstpragma01
	21                                 Ar_syncrstrtl01
	22                                 Ar_unsync01
	23                                 Clock_check10
	24                                 Clock_converge01
	25                                 Clock_glitch05
	26                                 Clock_info03a
	27                                 Clock_info03c
	28                                 Clock_info05
	29                                 Clock_info05b
	30                                 Clock_info05c
	31                                 Clock_sync05
	32                                 Clock_sync05a
	33                                 Clock_sync06
	34                                 Clock_sync06a
	35                                 FalsePathSetup
	36                                 Reset_check03
	37                                 Reset_check11
	38                                 Reset_check12
	39                                 Reset_info09a
	40                                 Reset_sync02
	41                                 Reset_sync04
	42                                 SGDC_abstract_mapping01
================================================================================
