
################################################################################
#
# This file has been generated by SpyGlass:
#     Report Name      : waiver
#     Report Created by: edauser
#     Report Created on:  Thu Jun 11 11:30:39 2026
#     Working Directory: /home/edauser/project/SOC/Magpie_M1/flow/v2_pipeline/phase_p_cdc_rdc_xprop
#     SpyGlass Version : SpyGlass_vX-2025.06-SP1
#     Policy Name      : SpyGlass(SpyGlass_vX-2025.06-SP1)
#                        clock-reset(SpyGlass_vX-2025.06-SP1)
#                        morelint(SpyGlass_vX-2025.06-SP1)
#                        power_est(SpyGlass_vX-2025.06-SP1)
#
#     Total Number of Generated Messages :         46
#     Number of Waived Messages          :          2
#     Number of Reported Messages        :         44
#     Number of Overlimit Messages       :          0
#
#     Total Number of Waivers                            :          2
#     Number of Waivers Applied                          :          2
#     Number of Waivers with Regex and/or wildcard       :          0
#     Number of Waivers with -rule                       :          2
#     Number of Waivers with line number and/or file info:          2
#     Number of Waive -IP commands                       :          0
#
#
################################################################################

WAIVER REPORT:
+++++++++++++++++++++++++++++++++++++++++++++++++++++++++++++++++++++++++++++++

Design Issues Waiver Report
+++++++++++++++++++++++++++++++++++++++++++++++++++++++++++++++++++++++++++++++

Waiver comment : Matches reviewed lint waiver: rfu.regs simulation-only register-file initialization; synthesis ignores this initialization by construction.
waive -msg q%rfu -> Initial block is ignored for synthesis% \
      -file "../../../IP/cpu_m1/rtl/rfu.v" \
      -rule "SYNTH_5143" 
#spg_backref : "magpie_m1_cdc_rdc_xprop_waivers.awl" 6

1 message(s) waived:
===============================================================================
Index    Rule       Severity         File                         Line Wt   Message
===============================================================================
[2]      SYNTH_5143 SynthesisWarning ../../../IP/cpu_m1/rtl/rfu.v 44   1000 rfu -> Initial block is ignored for synthesis
===============================================================================

Waiver comment : Filelist-scope waiver for mandated reuse of flow/v2_pipeline/phase_p_lint_current/files.f, which omits IP/cpu_m1/rtl/trigger.v while canonical IP/cpu_m1/rtl/filelist.f includes it. trigger.v structural audit shows only input clk, input resetn, one always @(posedge clk), no generated clock/reset, and only combinational outputs plus clk/reset-local state; no additional CDC/RDC domain is introduced. Full non-waived setup sign-off should update the lint filelist to include trigger.v.
waive -msg q%Design Unit 'trigger' has no definition; black-box behavior assumed and module interface inferred% \
      -file "../../../IP/cpu_m1/rtl/core.v" \
      -rule "ErrorAnalyzeBBox" 
#spg_backref : "magpie_m1_cdc_rdc_xprop_waivers.awl" 8

1 message(s) waived:
===============================================================================
Index    Rule             Severity File                          Line Wt Message
===============================================================================
[5E]     ErrorAnalyzeBBox Error    ../../../IP/cpu_m1/rtl/core.v 917  10 Design Unit 'trigger' has no definition; black-box behavior assumed and module interface inferred
===============================================================================

