%Warning-TIMESCALEMOD: /home/edauser/project/SOC/Magpie_M1/IP/cpu_m1/rtl/alu.v:25:8: Timescale missing on this module as other modules have it (IEEE 1800-2023 3.14.2.3)
   25 | module alu (
      |        ^~~
                       /home/edauser/project/SOC/Magpie_M1/IP/cpu_m1/dv/tb/tb_alu_unit.v:4:8: ... Location of module with timescale
    4 | module tb_alu_unit;
      |        ^~~~~~~~~~~
                       ... For warning description see https://verilator.org/warn/TIMESCALEMOD?v=5.046
                       ... Use "/* verilator lint_off TIMESCALEMOD */" and lint_on around source to disable this message.
%Warning-TIMESCALEMOD: /home/edauser/project/SOC/Magpie_M1/IP/cpu_m1/dv/formal/alu_assert_bind.sv:3:8: Timescale missing on this module as other modules have it (IEEE 1800-2023 3.14.2.3)
    3 | module alu_assert_bind (
      |        ^~~~~~~~~~~~~~~
                       /home/edauser/project/SOC/Magpie_M1/IP/cpu_m1/dv/tb/tb_alu_unit.v:4:8: ... Location of module with timescale
    4 | module tb_alu_unit;
      |        ^~~~~~~~~~~
make: Entering directory '/home/edauser/project/SOC/Magpie_M1/flow/v2_pipeline/phase_p_formal/logs/obj_alu'
/home/edauser/miniforge3/envs/magpie_claude/bin/x86_64-conda-linux-gnu-c++ -Os  -I.  -MMD -I/home/edauser/miniforge3/envs/magpie_claude/share/verilator/include -I/home/edauser/miniforge3/envs/magpie_claude/share/verilator/include/vltstd -DVERILATOR=1 -DVM_COVERAGE=0 -DVM_SC=0 -DVM_TIMING=1 -DVM_TRACE=0 -DVM_TRACE_FST=0 -DVM_TRACE_VCD=0 -DVM_TRACE_SAIF=0 -faligned-new -fcf-protection=none -Wno-bool-operation -Wno-int-in-bool-context -Wno-shadow -Wno-sign-compare -Wno-subobject-linkage -Wno-tautological-compare -Wno-uninitialized -Wno-unused-but-set-parameter -Wno-unused-but-set-variable -Wno-unused-parameter -Wno-unused-variable    -DVL_TIME_CONTEXT   -fcoroutines -c -o verilated.o /home/edauser/miniforge3/envs/magpie_claude/share/verilator/include/verilated.cpp
/home/edauser/miniforge3/envs/magpie_claude/bin/x86_64-conda-linux-gnu-c++ -Os  -I.  -MMD -I/home/edauser/miniforge3/envs/magpie_claude/share/verilator/include -I/home/edauser/miniforge3/envs/magpie_claude/share/verilator/include/vltstd -DVERILATOR=1 -DVM_COVERAGE=0 -DVM_SC=0 -DVM_TIMING=1 -DVM_TRACE=0 -DVM_TRACE_FST=0 -DVM_TRACE_VCD=0 -DVM_TRACE_SAIF=0 -faligned-new -fcf-protection=none -Wno-bool-operation -Wno-int-in-bool-context -Wno-shadow -Wno-sign-compare -Wno-subobject-linkage -Wno-tautological-compare -Wno-uninitialized -Wno-unused-but-set-parameter -Wno-unused-but-set-variable -Wno-unused-parameter -Wno-unused-variable    -DVL_TIME_CONTEXT   -fcoroutines -c -o verilated_timing.o /home/edauser/miniforge3/envs/magpie_claude/share/verilator/include/verilated_timing.cpp
/home/edauser/miniforge3/envs/magpie_claude/bin/x86_64-conda-linux-gnu-c++ -Os  -I.  -MMD -I/home/edauser/miniforge3/envs/magpie_claude/share/verilator/include -I/home/edauser/miniforge3/envs/magpie_claude/share/verilator/include/vltstd -DVERILATOR=1 -DVM_COVERAGE=0 -DVM_SC=0 -DVM_TIMING=1 -DVM_TRACE=0 -DVM_TRACE_FST=0 -DVM_TRACE_VCD=0 -DVM_TRACE_SAIF=0 -faligned-new -fcf-protection=none -Wno-bool-operation -Wno-int-in-bool-context -Wno-shadow -Wno-sign-compare -Wno-subobject-linkage -Wno-tautological-compare -Wno-uninitialized -Wno-unused-but-set-parameter -Wno-unused-but-set-variable -Wno-unused-parameter -Wno-unused-variable    -DVL_TIME_CONTEXT   -fcoroutines -c -o verilated_threads.o /home/edauser/miniforge3/envs/magpie_claude/share/verilator/include/verilated_threads.cpp
python3 /home/edauser/miniforge3/envs/magpie_claude/share/verilator/bin/verilator_includer -DVL_INCLUDE_OPT=include Vtb_alu_unit.cpp Vtb_alu_unit___024root__0.cpp Vtb_alu_unit__main.cpp Vtb_alu_unit___024root__Slow.cpp Vtb_alu_unit___024root__0__Slow.cpp Vtb_alu_unit___024unit__Slow.cpp Vtb_alu_unit___024unit__0__Slow.cpp Vtb_alu_unit__Syms__Slow.cpp > Vtb_alu_unit__ALL.cpp
/home/edauser/miniforge3/envs/magpie_claude/bin/x86_64-conda-linux-gnu-c++ -Os  -I.  -MMD -I/home/edauser/miniforge3/envs/magpie_claude/share/verilator/include -I/home/edauser/miniforge3/envs/magpie_claude/share/verilator/include/vltstd -DVERILATOR=1 -DVM_COVERAGE=0 -DVM_SC=0 -DVM_TIMING=1 -DVM_TRACE=0 -DVM_TRACE_FST=0 -DVM_TRACE_VCD=0 -DVM_TRACE_SAIF=0 -faligned-new -fcf-protection=none -Wno-bool-operation -Wno-int-in-bool-context -Wno-shadow -Wno-sign-compare -Wno-subobject-linkage -Wno-tautological-compare -Wno-uninitialized -Wno-unused-but-set-parameter -Wno-unused-but-set-variable -Wno-unused-parameter -Wno-unused-variable    -DVL_TIME_CONTEXT   -fcoroutines -c -o Vtb_alu_unit__ALL.o Vtb_alu_unit__ALL.cpp
/home/edauser/miniforge3/envs/magpie_claude/bin/x86_64-conda-linux-gnu-c++    verilated.o verilated_timing.o verilated_threads.o Vtb_alu_unit__ALL.a    -pthread -lpthread -latomic   -o Vtb_alu_unit
rm Vtb_alu_unit__ALL.verilator_deplist.tmp
make: Leaving directory '/home/edauser/project/SOC/Magpie_M1/flow/v2_pipeline/phase_p_formal/logs/obj_alu'
- V e r i l a t i o n   R e p o r t: Verilator 5.046 2026-02-28 rev conda-forge build 0
- Verilator: Built from 0.087 MB sources in 5 modules, into 0.266 MB in 8 C++ files needing 0.001 MB
- Verilator: Walltime 4.547 s (elab=0.001, cvt=0.009, bld=4.531); cpu 0.016 s on 1 threads; allocated 34.527 MB
PASS: alu unit 382/382 vectors
- /home/edauser/project/SOC/Magpie_M1/IP/cpu_m1/dv/tb/tb_alu_unit.v:141: Verilog $finish
- S i m u l a t i o n   R e p o r t: Verilator 5.046 2026-02-28
- Verilator: $finish at 383ns; walltime 0.000 s; speed 5.541 ms/s
- Verilator: cpu 0.000 s on 1 threads; allocated 17 MB
PASS
