%Warning-TIMESCALEMOD: /home/edauser/project/SOC/Magpie_M1/IP/cpu_m1/rtl/csr.v:31:8: Timescale missing on this module as other modules have it (IEEE 1800-2023 3.14.2.3)
   31 | module csr (
      |        ^~~
                       /home/edauser/project/SOC/Magpie_M1/IP/cpu_m1/dv/tb/tb_csr_unit.v:4:8: ... Location of module with timescale
    4 | module tb_csr_unit;
      |        ^~~~~~~~~~~
                       ... For warning description see https://verilator.org/warn/TIMESCALEMOD?v=5.046
                       ... Use "/* verilator lint_off TIMESCALEMOD */" and lint_on around source to disable this message.
%Warning-TIMESCALEMOD: /home/edauser/project/SOC/Magpie_M1/IP/cpu_m1/dv/formal/csr_assert_bind.sv:4:8: Timescale missing on this module as other modules have it (IEEE 1800-2023 3.14.2.3)
    4 | module csr_assert_bind (
      |        ^~~~~~~~~~~~~~~
                       /home/edauser/project/SOC/Magpie_M1/IP/cpu_m1/dv/tb/tb_csr_unit.v:4:8: ... Location of module with timescale
    4 | module tb_csr_unit;
      |        ^~~~~~~~~~~
make: Entering directory '/home/edauser/project/SOC/Magpie_M1/flow/v2_pipeline/phase_p_formal/logs/obj_csr'
/home/edauser/miniforge3/envs/magpie_claude/bin/x86_64-conda-linux-gnu-c++ -Os  -I.  -MMD -I/home/edauser/miniforge3/envs/magpie_claude/share/verilator/include -I/home/edauser/miniforge3/envs/magpie_claude/share/verilator/include/vltstd -DVERILATOR=1 -DVM_COVERAGE=0 -DVM_SC=0 -DVM_TIMING=1 -DVM_TRACE=0 -DVM_TRACE_FST=0 -DVM_TRACE_VCD=0 -DVM_TRACE_SAIF=0 -faligned-new -fcf-protection=none -Wno-bool-operation -Wno-int-in-bool-context -Wno-shadow -Wno-sign-compare -Wno-subobject-linkage -Wno-tautological-compare -Wno-uninitialized -Wno-unused-but-set-parameter -Wno-unused-but-set-variable -Wno-unused-parameter -Wno-unused-variable    -DVL_TIME_CONTEXT   -fcoroutines -c -o verilated.o /home/edauser/miniforge3/envs/magpie_claude/share/verilator/include/verilated.cpp
/home/edauser/miniforge3/envs/magpie_claude/bin/x86_64-conda-linux-gnu-c++ -Os  -I.  -MMD -I/home/edauser/miniforge3/envs/magpie_claude/share/verilator/include -I/home/edauser/miniforge3/envs/magpie_claude/share/verilator/include/vltstd -DVERILATOR=1 -DVM_COVERAGE=0 -DVM_SC=0 -DVM_TIMING=1 -DVM_TRACE=0 -DVM_TRACE_FST=0 -DVM_TRACE_VCD=0 -DVM_TRACE_SAIF=0 -faligned-new -fcf-protection=none -Wno-bool-operation -Wno-int-in-bool-context -Wno-shadow -Wno-sign-compare -Wno-subobject-linkage -Wno-tautological-compare -Wno-uninitialized -Wno-unused-but-set-parameter -Wno-unused-but-set-variable -Wno-unused-parameter -Wno-unused-variable    -DVL_TIME_CONTEXT   -fcoroutines -c -o verilated_timing.o /home/edauser/miniforge3/envs/magpie_claude/share/verilator/include/verilated_timing.cpp
/home/edauser/miniforge3/envs/magpie_claude/bin/x86_64-conda-linux-gnu-c++ -Os  -I.  -MMD -I/home/edauser/miniforge3/envs/magpie_claude/share/verilator/include -I/home/edauser/miniforge3/envs/magpie_claude/share/verilator/include/vltstd -DVERILATOR=1 -DVM_COVERAGE=0 -DVM_SC=0 -DVM_TIMING=1 -DVM_TRACE=0 -DVM_TRACE_FST=0 -DVM_TRACE_VCD=0 -DVM_TRACE_SAIF=0 -faligned-new -fcf-protection=none -Wno-bool-operation -Wno-int-in-bool-context -Wno-shadow -Wno-sign-compare -Wno-subobject-linkage -Wno-tautological-compare -Wno-uninitialized -Wno-unused-but-set-parameter -Wno-unused-but-set-variable -Wno-unused-parameter -Wno-unused-variable    -DVL_TIME_CONTEXT   -fcoroutines -c -o verilated_threads.o /home/edauser/miniforge3/envs/magpie_claude/share/verilator/include/verilated_threads.cpp
/home/edauser/miniforge3/envs/magpie_claude/bin/x86_64-conda-linux-gnu-c++ -Os  -I.  -MMD -I/home/edauser/miniforge3/envs/magpie_claude/share/verilator/include -I/home/edauser/miniforge3/envs/magpie_claude/share/verilator/include/vltstd -DVERILATOR=1 -DVM_COVERAGE=0 -DVM_SC=0 -DVM_TIMING=1 -DVM_TRACE=0 -DVM_TRACE_FST=0 -DVM_TRACE_VCD=0 -DVM_TRACE_SAIF=0 -faligned-new -fcf-protection=none -Wno-bool-operation -Wno-int-in-bool-context -Wno-shadow -Wno-sign-compare -Wno-subobject-linkage -Wno-tautological-compare -Wno-uninitialized -Wno-unused-but-set-parameter -Wno-unused-but-set-variable -Wno-unused-parameter -Wno-unused-variable    -DVL_TIME_CONTEXT   -fcoroutines -x c++-header Vtb_csr_unit__pch.h -o Vtb_csr_unit__pch.h.fast.gch
/home/edauser/miniforge3/envs/magpie_claude/bin/x86_64-conda-linux-gnu-c++ -Os  -I.  -MMD -I/home/edauser/miniforge3/envs/magpie_claude/share/verilator/include -I/home/edauser/miniforge3/envs/magpie_claude/share/verilator/include/vltstd -DVERILATOR=1 -DVM_COVERAGE=0 -DVM_SC=0 -DVM_TIMING=1 -DVM_TRACE=0 -DVM_TRACE_FST=0 -DVM_TRACE_VCD=0 -DVM_TRACE_SAIF=0 -faligned-new -fcf-protection=none -Wno-bool-operation -Wno-int-in-bool-context -Wno-shadow -Wno-sign-compare -Wno-subobject-linkage -Wno-tautological-compare -Wno-uninitialized -Wno-unused-but-set-parameter -Wno-unused-but-set-variable -Wno-unused-parameter -Wno-unused-variable    -DVL_TIME_CONTEXT   -fcoroutines -include Vtb_csr_unit__pch.h.fast -c -o Vtb_csr_unit.o Vtb_csr_unit.cpp
/home/edauser/miniforge3/envs/magpie_claude/bin/x86_64-conda-linux-gnu-c++ -Os  -I.  -MMD -I/home/edauser/miniforge3/envs/magpie_claude/share/verilator/include -I/home/edauser/miniforge3/envs/magpie_claude/share/verilator/include/vltstd -DVERILATOR=1 -DVM_COVERAGE=0 -DVM_SC=0 -DVM_TIMING=1 -DVM_TRACE=0 -DVM_TRACE_FST=0 -DVM_TRACE_VCD=0 -DVM_TRACE_SAIF=0 -faligned-new -fcf-protection=none -Wno-bool-operation -Wno-int-in-bool-context -Wno-shadow -Wno-sign-compare -Wno-subobject-linkage -Wno-tautological-compare -Wno-uninitialized -Wno-unused-but-set-parameter -Wno-unused-but-set-variable -Wno-unused-parameter -Wno-unused-variable    -DVL_TIME_CONTEXT   -fcoroutines -include Vtb_csr_unit__pch.h.fast -c -o Vtb_csr_unit___024root__0.o Vtb_csr_unit___024root__0.cpp
/home/edauser/miniforge3/envs/magpie_claude/bin/x86_64-conda-linux-gnu-c++ -Os  -I.  -MMD -I/home/edauser/miniforge3/envs/magpie_claude/share/verilator/include -I/home/edauser/miniforge3/envs/magpie_claude/share/verilator/include/vltstd -DVERILATOR=1 -DVM_COVERAGE=0 -DVM_SC=0 -DVM_TIMING=1 -DVM_TRACE=0 -DVM_TRACE_FST=0 -DVM_TRACE_VCD=0 -DVM_TRACE_SAIF=0 -faligned-new -fcf-protection=none -Wno-bool-operation -Wno-int-in-bool-context -Wno-shadow -Wno-sign-compare -Wno-subobject-linkage -Wno-tautological-compare -Wno-uninitialized -Wno-unused-but-set-parameter -Wno-unused-but-set-variable -Wno-unused-parameter -Wno-unused-variable    -DVL_TIME_CONTEXT   -fcoroutines -include Vtb_csr_unit__pch.h.fast -c -o Vtb_csr_unit___024root__1.o Vtb_csr_unit___024root__1.cpp
/home/edauser/miniforge3/envs/magpie_claude/bin/x86_64-conda-linux-gnu-c++ -Os  -I.  -MMD -I/home/edauser/miniforge3/envs/magpie_claude/share/verilator/include -I/home/edauser/miniforge3/envs/magpie_claude/share/verilator/include/vltstd -DVERILATOR=1 -DVM_COVERAGE=0 -DVM_SC=0 -DVM_TIMING=1 -DVM_TRACE=0 -DVM_TRACE_FST=0 -DVM_TRACE_VCD=0 -DVM_TRACE_SAIF=0 -faligned-new -fcf-protection=none -Wno-bool-operation -Wno-int-in-bool-context -Wno-shadow -Wno-sign-compare -Wno-subobject-linkage -Wno-tautological-compare -Wno-uninitialized -Wno-unused-but-set-parameter -Wno-unused-but-set-variable -Wno-unused-parameter -Wno-unused-variable    -DVL_TIME_CONTEXT   -fcoroutines -include Vtb_csr_unit__pch.h.fast -c -o Vtb_csr_unit___024root__2.o Vtb_csr_unit___024root__2.cpp
/home/edauser/miniforge3/envs/magpie_claude/bin/x86_64-conda-linux-gnu-c++ -Os  -I.  -MMD -I/home/edauser/miniforge3/envs/magpie_claude/share/verilator/include -I/home/edauser/miniforge3/envs/magpie_claude/share/verilator/include/vltstd -DVERILATOR=1 -DVM_COVERAGE=0 -DVM_SC=0 -DVM_TIMING=1 -DVM_TRACE=0 -DVM_TRACE_FST=0 -DVM_TRACE_VCD=0 -DVM_TRACE_SAIF=0 -faligned-new -fcf-protection=none -Wno-bool-operation -Wno-int-in-bool-context -Wno-shadow -Wno-sign-compare -Wno-subobject-linkage -Wno-tautological-compare -Wno-uninitialized -Wno-unused-but-set-parameter -Wno-unused-but-set-variable -Wno-unused-parameter -Wno-unused-variable    -DVL_TIME_CONTEXT   -fcoroutines -include Vtb_csr_unit__pch.h.fast -c -o Vtb_csr_unit__main.o Vtb_csr_unit__main.cpp
/home/edauser/miniforge3/envs/magpie_claude/bin/x86_64-conda-linux-gnu-c++   -I.  -MMD -I/home/edauser/miniforge3/envs/magpie_claude/share/verilator/include -I/home/edauser/miniforge3/envs/magpie_claude/share/verilator/include/vltstd -DVERILATOR=1 -DVM_COVERAGE=0 -DVM_SC=0 -DVM_TIMING=1 -DVM_TRACE=0 -DVM_TRACE_FST=0 -DVM_TRACE_VCD=0 -DVM_TRACE_SAIF=0 -faligned-new -fcf-protection=none -Wno-bool-operation -Wno-int-in-bool-context -Wno-shadow -Wno-sign-compare -Wno-subobject-linkage -Wno-tautological-compare -Wno-uninitialized -Wno-unused-but-set-parameter -Wno-unused-but-set-variable -Wno-unused-parameter -Wno-unused-variable    -DVL_TIME_CONTEXT   -fcoroutines -x c++-header Vtb_csr_unit__pch.h -o Vtb_csr_unit__pch.h.slow.gch
/home/edauser/miniforge3/envs/magpie_claude/bin/x86_64-conda-linux-gnu-c++   -I.  -MMD -I/home/edauser/miniforge3/envs/magpie_claude/share/verilator/include -I/home/edauser/miniforge3/envs/magpie_claude/share/verilator/include/vltstd -DVERILATOR=1 -DVM_COVERAGE=0 -DVM_SC=0 -DVM_TIMING=1 -DVM_TRACE=0 -DVM_TRACE_FST=0 -DVM_TRACE_VCD=0 -DVM_TRACE_SAIF=0 -faligned-new -fcf-protection=none -Wno-bool-operation -Wno-int-in-bool-context -Wno-shadow -Wno-sign-compare -Wno-subobject-linkage -Wno-tautological-compare -Wno-uninitialized -Wno-unused-but-set-parameter -Wno-unused-but-set-variable -Wno-unused-parameter -Wno-unused-variable    -DVL_TIME_CONTEXT   -fcoroutines -include Vtb_csr_unit__pch.h.slow -c -o Vtb_csr_unit__ConstPool__0__Slow.o Vtb_csr_unit__ConstPool__0__Slow.cpp
/home/edauser/miniforge3/envs/magpie_claude/bin/x86_64-conda-linux-gnu-c++   -I.  -MMD -I/home/edauser/miniforge3/envs/magpie_claude/share/verilator/include -I/home/edauser/miniforge3/envs/magpie_claude/share/verilator/include/vltstd -DVERILATOR=1 -DVM_COVERAGE=0 -DVM_SC=0 -DVM_TIMING=1 -DVM_TRACE=0 -DVM_TRACE_FST=0 -DVM_TRACE_VCD=0 -DVM_TRACE_SAIF=0 -faligned-new -fcf-protection=none -Wno-bool-operation -Wno-int-in-bool-context -Wno-shadow -Wno-sign-compare -Wno-subobject-linkage -Wno-tautological-compare -Wno-uninitialized -Wno-unused-but-set-parameter -Wno-unused-but-set-variable -Wno-unused-parameter -Wno-unused-variable    -DVL_TIME_CONTEXT   -fcoroutines -include Vtb_csr_unit__pch.h.slow -c -o Vtb_csr_unit___024root__Slow.o Vtb_csr_unit___024root__Slow.cpp
/home/edauser/miniforge3/envs/magpie_claude/bin/x86_64-conda-linux-gnu-c++   -I.  -MMD -I/home/edauser/miniforge3/envs/magpie_claude/share/verilator/include -I/home/edauser/miniforge3/envs/magpie_claude/share/verilator/include/vltstd -DVERILATOR=1 -DVM_COVERAGE=0 -DVM_SC=0 -DVM_TIMING=1 -DVM_TRACE=0 -DVM_TRACE_FST=0 -DVM_TRACE_VCD=0 -DVM_TRACE_SAIF=0 -faligned-new -fcf-protection=none -Wno-bool-operation -Wno-int-in-bool-context -Wno-shadow -Wno-sign-compare -Wno-subobject-linkage -Wno-tautological-compare -Wno-uninitialized -Wno-unused-but-set-parameter -Wno-unused-but-set-variable -Wno-unused-parameter -Wno-unused-variable    -DVL_TIME_CONTEXT   -fcoroutines -include Vtb_csr_unit__pch.h.slow -c -o Vtb_csr_unit___024root__0__Slow.o Vtb_csr_unit___024root__0__Slow.cpp
/home/edauser/miniforge3/envs/magpie_claude/bin/x86_64-conda-linux-gnu-c++   -I.  -MMD -I/home/edauser/miniforge3/envs/magpie_claude/share/verilator/include -I/home/edauser/miniforge3/envs/magpie_claude/share/verilator/include/vltstd -DVERILATOR=1 -DVM_COVERAGE=0 -DVM_SC=0 -DVM_TIMING=1 -DVM_TRACE=0 -DVM_TRACE_FST=0 -DVM_TRACE_VCD=0 -DVM_TRACE_SAIF=0 -faligned-new -fcf-protection=none -Wno-bool-operation -Wno-int-in-bool-context -Wno-shadow -Wno-sign-compare -Wno-subobject-linkage -Wno-tautological-compare -Wno-uninitialized -Wno-unused-but-set-parameter -Wno-unused-but-set-variable -Wno-unused-parameter -Wno-unused-variable    -DVL_TIME_CONTEXT   -fcoroutines -include Vtb_csr_unit__pch.h.slow -c -o Vtb_csr_unit___024unit__Slow.o Vtb_csr_unit___024unit__Slow.cpp
/home/edauser/miniforge3/envs/magpie_claude/bin/x86_64-conda-linux-gnu-c++   -I.  -MMD -I/home/edauser/miniforge3/envs/magpie_claude/share/verilator/include -I/home/edauser/miniforge3/envs/magpie_claude/share/verilator/include/vltstd -DVERILATOR=1 -DVM_COVERAGE=0 -DVM_SC=0 -DVM_TIMING=1 -DVM_TRACE=0 -DVM_TRACE_FST=0 -DVM_TRACE_VCD=0 -DVM_TRACE_SAIF=0 -faligned-new -fcf-protection=none -Wno-bool-operation -Wno-int-in-bool-context -Wno-shadow -Wno-sign-compare -Wno-subobject-linkage -Wno-tautological-compare -Wno-uninitialized -Wno-unused-but-set-parameter -Wno-unused-but-set-variable -Wno-unused-parameter -Wno-unused-variable    -DVL_TIME_CONTEXT   -fcoroutines -include Vtb_csr_unit__pch.h.slow -c -o Vtb_csr_unit___024unit__0__Slow.o Vtb_csr_unit___024unit__0__Slow.cpp
/home/edauser/miniforge3/envs/magpie_claude/bin/x86_64-conda-linux-gnu-c++   -I.  -MMD -I/home/edauser/miniforge3/envs/magpie_claude/share/verilator/include -I/home/edauser/miniforge3/envs/magpie_claude/share/verilator/include/vltstd -DVERILATOR=1 -DVM_COVERAGE=0 -DVM_SC=0 -DVM_TIMING=1 -DVM_TRACE=0 -DVM_TRACE_FST=0 -DVM_TRACE_VCD=0 -DVM_TRACE_SAIF=0 -faligned-new -fcf-protection=none -Wno-bool-operation -Wno-int-in-bool-context -Wno-shadow -Wno-sign-compare -Wno-subobject-linkage -Wno-tautological-compare -Wno-uninitialized -Wno-unused-but-set-parameter -Wno-unused-but-set-variable -Wno-unused-parameter -Wno-unused-variable    -DVL_TIME_CONTEXT   -fcoroutines -include Vtb_csr_unit__pch.h.slow -c -o Vtb_csr_unit__Syms__Slow.o Vtb_csr_unit__Syms__Slow.cpp
/home/edauser/miniforge3/envs/magpie_claude/bin/x86_64-conda-linux-gnu-c++    verilated.o verilated_timing.o verilated_threads.o Vtb_csr_unit__ALL.a    -pthread -lpthread -latomic   -o Vtb_csr_unit
rm Vtb_csr_unit__ALL.verilator_deplist.tmp
make: Leaving directory '/home/edauser/project/SOC/Magpie_M1/flow/v2_pipeline/phase_p_formal/logs/obj_csr'
- V e r i l a t i o n   R e p o r t: Verilator 5.046 2026-02-28 rev conda-forge build 0
- Verilator: Built from 0.124 MB sources in 5 modules, into 1.442 MB in 11 C++ files needing 0.016 MB
- Verilator: Walltime 11.010 s (elab=0.002, cvt=0.047, bld=10.942); cpu 0.068 s on 1 threads; allocated 43.516 MB
FSM_STATE CSR_IDLE       covered=732
FSM_STATE CSR_TRAP_ENTER covered=35
FSM_STATE CSR_IN_HANDLER covered=70
FSM_STATE CSR_MRET       covered=35
FSM_ARC CSR_IDLE->CSR_IDLE             covered=729
FSM_ARC CSR_IDLE->CSR_TRAP_ENTER       covered=2
FSM_ARC CSR_TRAP_ENTER->CSR_IN_HANDLER covered=35
FSM_ARC CSR_IN_HANDLER->CSR_IN_HANDLER covered=35
FSM_ARC CSR_IN_HANDLER->CSR_MRET       covered=34
FSM_ARC CSR_MRET->CSR_IDLE             covered=2
PASS: csr unit 936/936 vectors
- /home/edauser/project/SOC/Magpie_M1/IP/cpu_m1/dv/tb/tb_csr_unit.v:597: Verilog $finish
- S i m u l a t i o n   R e p o r t: Verilator 5.046 2026-02-28
- Verilator: $finish at 9us; walltime 0.000 s; speed 20.385 ms/s
- Verilator: cpu 0.000 s on 1 threads; allocated 17 MB
PASS
