%Warning-TIMESCALEMOD: /home/edauser/project/SOC/Magpie_M1/IP/cpu_m1/rtl/rfu.v:19:8: Timescale missing on this module as other modules have it (IEEE 1800-2023 3.14.2.3)
   19 | module rfu (
      |        ^~~
                       /home/edauser/project/SOC/Magpie_M1/IP/cpu_m1/dv/tb/tb_rfu_unit.v:4:8: ... Location of module with timescale
    4 | module tb_rfu_unit;
      |        ^~~~~~~~~~~
                       ... For warning description see https://verilator.org/warn/TIMESCALEMOD?v=5.046
                       ... Use "/* verilator lint_off TIMESCALEMOD */" and lint_on around source to disable this message.
%Warning-TIMESCALEMOD: /home/edauser/project/SOC/Magpie_M1/IP/cpu_m1/dv/formal/rfu_assert_bind.sv:3:8: Timescale missing on this module as other modules have it (IEEE 1800-2023 3.14.2.3)
    3 | module rfu_assert_bind (
      |        ^~~~~~~~~~~~~~~
                       /home/edauser/project/SOC/Magpie_M1/IP/cpu_m1/dv/tb/tb_rfu_unit.v:4:8: ... Location of module with timescale
    4 | module tb_rfu_unit;
      |        ^~~~~~~~~~~
make: Entering directory '/home/edauser/project/SOC/Magpie_M1/flow/v2_pipeline/phase_p_formal/logs/obj_rfu'
/home/edauser/miniforge3/envs/magpie_claude/bin/x86_64-conda-linux-gnu-c++ -Os  -I.  -MMD -I/home/edauser/miniforge3/envs/magpie_claude/share/verilator/include -I/home/edauser/miniforge3/envs/magpie_claude/share/verilator/include/vltstd -DVERILATOR=1 -DVM_COVERAGE=0 -DVM_SC=0 -DVM_TIMING=1 -DVM_TRACE=0 -DVM_TRACE_FST=0 -DVM_TRACE_VCD=0 -DVM_TRACE_SAIF=0 -faligned-new -fcf-protection=none -Wno-bool-operation -Wno-int-in-bool-context -Wno-shadow -Wno-sign-compare -Wno-subobject-linkage -Wno-tautological-compare -Wno-uninitialized -Wno-unused-but-set-parameter -Wno-unused-but-set-variable -Wno-unused-parameter -Wno-unused-variable    -DVL_TIME_CONTEXT   -fcoroutines -c -o verilated.o /home/edauser/miniforge3/envs/magpie_claude/share/verilator/include/verilated.cpp
/home/edauser/miniforge3/envs/magpie_claude/bin/x86_64-conda-linux-gnu-c++ -Os  -I.  -MMD -I/home/edauser/miniforge3/envs/magpie_claude/share/verilator/include -I/home/edauser/miniforge3/envs/magpie_claude/share/verilator/include/vltstd -DVERILATOR=1 -DVM_COVERAGE=0 -DVM_SC=0 -DVM_TIMING=1 -DVM_TRACE=0 -DVM_TRACE_FST=0 -DVM_TRACE_VCD=0 -DVM_TRACE_SAIF=0 -faligned-new -fcf-protection=none -Wno-bool-operation -Wno-int-in-bool-context -Wno-shadow -Wno-sign-compare -Wno-subobject-linkage -Wno-tautological-compare -Wno-uninitialized -Wno-unused-but-set-parameter -Wno-unused-but-set-variable -Wno-unused-parameter -Wno-unused-variable    -DVL_TIME_CONTEXT   -fcoroutines -c -o verilated_timing.o /home/edauser/miniforge3/envs/magpie_claude/share/verilator/include/verilated_timing.cpp
/home/edauser/miniforge3/envs/magpie_claude/bin/x86_64-conda-linux-gnu-c++ -Os  -I.  -MMD -I/home/edauser/miniforge3/envs/magpie_claude/share/verilator/include -I/home/edauser/miniforge3/envs/magpie_claude/share/verilator/include/vltstd -DVERILATOR=1 -DVM_COVERAGE=0 -DVM_SC=0 -DVM_TIMING=1 -DVM_TRACE=0 -DVM_TRACE_FST=0 -DVM_TRACE_VCD=0 -DVM_TRACE_SAIF=0 -faligned-new -fcf-protection=none -Wno-bool-operation -Wno-int-in-bool-context -Wno-shadow -Wno-sign-compare -Wno-subobject-linkage -Wno-tautological-compare -Wno-uninitialized -Wno-unused-but-set-parameter -Wno-unused-but-set-variable -Wno-unused-parameter -Wno-unused-variable    -DVL_TIME_CONTEXT   -fcoroutines -c -o verilated_threads.o /home/edauser/miniforge3/envs/magpie_claude/share/verilator/include/verilated_threads.cpp
python3 /home/edauser/miniforge3/envs/magpie_claude/share/verilator/bin/verilator_includer -DVL_INCLUDE_OPT=include Vtb_rfu_unit.cpp Vtb_rfu_unit___024root__0.cpp Vtb_rfu_unit__main.cpp Vtb_rfu_unit__ConstPool__0__Slow.cpp Vtb_rfu_unit___024root__Slow.cpp Vtb_rfu_unit___024root__0__Slow.cpp Vtb_rfu_unit___024unit__Slow.cpp Vtb_rfu_unit___024unit__0__Slow.cpp Vtb_rfu_unit__Syms__Slow.cpp > Vtb_rfu_unit__ALL.cpp
/home/edauser/miniforge3/envs/magpie_claude/bin/x86_64-conda-linux-gnu-c++ -Os  -I.  -MMD -I/home/edauser/miniforge3/envs/magpie_claude/share/verilator/include -I/home/edauser/miniforge3/envs/magpie_claude/share/verilator/include/vltstd -DVERILATOR=1 -DVM_COVERAGE=0 -DVM_SC=0 -DVM_TIMING=1 -DVM_TRACE=0 -DVM_TRACE_FST=0 -DVM_TRACE_VCD=0 -DVM_TRACE_SAIF=0 -faligned-new -fcf-protection=none -Wno-bool-operation -Wno-int-in-bool-context -Wno-shadow -Wno-sign-compare -Wno-subobject-linkage -Wno-tautological-compare -Wno-uninitialized -Wno-unused-but-set-parameter -Wno-unused-but-set-variable -Wno-unused-parameter -Wno-unused-variable    -DVL_TIME_CONTEXT   -fcoroutines -c -o Vtb_rfu_unit__ALL.o Vtb_rfu_unit__ALL.cpp
/home/edauser/miniforge3/envs/magpie_claude/bin/x86_64-conda-linux-gnu-c++    verilated.o verilated_timing.o verilated_threads.o Vtb_rfu_unit__ALL.a    -pthread -lpthread -latomic   -o Vtb_rfu_unit
rm Vtb_rfu_unit__ALL.verilator_deplist.tmp
make: Leaving directory '/home/edauser/project/SOC/Magpie_M1/flow/v2_pipeline/phase_p_formal/logs/obj_rfu'
- V e r i l a t i o n   R e p o r t: Verilator 5.046 2026-02-28 rev conda-forge build 0
- Verilator: Built from 0.087 MB sources in 5 modules, into 0.138 MB in 9 C++ files needing 0.001 MB
- Verilator: Walltime 4.756 s (elab=0.001, cvt=0.007, bld=4.744); cpu 0.012 s on 1 threads; allocated 33.766 MB
PASS: rfu unit 10613/10613 vectors
- /home/edauser/project/SOC/Magpie_M1/IP/cpu_m1/dv/tb/tb_rfu_unit.v:173: Verilog $finish
- S i m u l a t i o n   R e p o r t: Verilator 5.046 2026-02-28
- Verilator: $finish at 21us; walltime 0.001 s; speed 17.272 ms/s
- Verilator: cpu 0.001 s on 1 threads; allocated 17 MB
PASS
