Information: Updating design information... (UID-85)
Warning: Design 'mat_engine_LANES4' contains 1 high-fanout nets. A fanout number of 1000 will be used for delay calculations involving these nets. (TIM-134)
 
****************************************
Report : qor
Design : mat_engine_LANES4
Version: X-2025.06-SP2
Date   : Tue Jul  7 13:55:11 2026
****************************************


  Timing Path Group 'clk'
  -----------------------------------
  Levels of Logic:              26.00
  Critical Path Length:          0.82
  Critical Path Slack:           0.00
  Critical Path Clk Period:      1.20
  Total Negative Slack:          0.00
  No. of Violating Paths:        0.00
  Worst Hold Violation:          0.00
  Total Hold Violation:          0.00
  No. of Hold Violations:        0.00
  -----------------------------------


  Cell Count
  -----------------------------------
  Hierarchical Cell Count:          0
  Hierarchical Port Count:          0
  Leaf Cell Count:              96481
  Buf/Inv Cell Count:            6554
  Buf Cell Count:                 859
  Inv Cell Count:                5695
  CT Buf/Inv Cell Count:            0
  Combinational Cell Count:     87797
  Sequential Cell Count:         8684
  Macro Count:                      0
  -----------------------------------


  Area
  -----------------------------------
  Combinational Area:    67420.961927
  Noncombinational Area: 16446.653879
  Buf/Inv Area:           1784.916016
  Total Buffer Area:           339.07
  Total Inverter Area:        1445.85
  Macro/Black Box Area:      0.000000
  Net Area:                  0.000000
  -----------------------------------
  Cell Area:             83867.615806
  Design Area:           83867.615806


  Design Rules
  -----------------------------------
  Total Number of Nets:        108384
  Nets With Violations:             0
  Max Trans Violations:             0
  Max Cap Violations:               0
  -----------------------------------


  Hostname: eda

  Compile CPU Statistics
  -----------------------------------------
  Resource Sharing:                   73.62
  Logic Optimization:                 91.68
  Mapping Optimization:              155.54
  -----------------------------------------
  Overall Compile Time:              594.46
  Overall Compile Wall Clock Time:   596.35

  --------------------------------------------------------------------

  Design  WNS: 0.00  TNS: 0.00  Number of Violating Paths: 0


  Design (Hold)  WNS: 0.00  TNS: 0.00  Number of Violating Paths: 0

  --------------------------------------------------------------------


1
