#-----------------------------------------------------------
# Vivado v2024.2 (64-bit)
# SW Build 5239630 on Fri Nov 08 22:34:34 MST 2024
# IP Build 5239520 on Sun Nov 10 16:12:51 MST 2024
# SharedData Build 5239561 on Fri Nov 08 14:39:27 MST 2024
# Start of session at: Wed Jun 10 12:12:25 2026
# Process ID         : 468943
# Current directory  : /home/edauser/project/SOC/Magpie_M1/flow/fpga/pynq_z2
# Command line       : vivado -nojournal -log synth_pynq.log -mode batch -source synth_pynq.tcl
# Log file           : /home/edauser/project/SOC/Magpie_M1/flow/fpga/pynq_z2/synth_pynq.log
# Journal file       : 
# Running On         : eda
# Platform           : AlmaLinux
# Operating System   : AlmaLinux release 8.10 (Cerulean Leopard)
# Processor Detail   : AMD RYZEN AI MAX+ 395 w/ Radeon 8060S
# CPU Frequency      : 2994.191 MHz
# CPU Physical cores : 12
# CPU Logical cores  : 24
# Host memory        : 101246 MB
# Swap memory        : 25769 MB
# Total Virtual      : 127016 MB
# Available Virtual  : 122788 MB
#-----------------------------------------------------------
source synth_pynq.tcl
# set root [file normalize "../../.."]
# read_verilog -sv [file join $root IP/cpu_m1/rtl/def.vh]
# read_verilog -sv [file join $root IP/cpu_m1/rtl/rfu.v]
# read_verilog -sv [file join $root IP/cpu_m1/rtl/alu.v]
# read_verilog -sv [file join $root IP/cpu_m1/rtl/idu.v]
# read_verilog -sv [file join $root IP/cpu_m1/rtl/ifu.v]
# read_verilog -sv [file join $root IP/cpu_m1/rtl/lsu.v]
# read_verilog -sv [file join $root IP/cpu_m1/rtl/csr.v]
# read_verilog -sv [file join $root IP/cpu_m1/rtl/mul.v]
# read_verilog -sv [file join $root IP/cpu_m1/rtl/div.v]
# read_verilog -sv [file join $root IP/cpu_m1/rtl/forward.v]
# read_verilog -sv [file join $root IP/cpu_m1/rtl/hazard.v]
# read_verilog -sv [file join $root IP/cpu_m1/rtl/bp.v]
# read_verilog -sv [file join $root IP/cpu_m1/rtl/ras.v]
# read_verilog -sv [file join $root IP/cpu_m1/rtl/cdec.v]
# read_verilog -sv [file join $root IP/cpu_m1/rtl/core.v]
# read_verilog -sv [file join $root IP/cpu_m1/rtl/cpu_m1_top.v]
# read_verilog -sv [file join $root IP/cpu_m1/rtl/axil_bridge.v]
# read_verilog -sv [file join $root IP/cpu_m1/rtl/cpu_m1_axil_top.v]
# read_verilog -sv [file join $root IP/cpu_m1/soc/axil_bootrom.v]
# read_verilog -sv [file join $root IP/cpu_m1/soc/axil_dp_bram.v]
# read_verilog -sv system_pynq_m1.v
# read_xdc synth_pynq.xdc
# synth_design -part xc7z020clg400-1 -top system_pynq_m1
Command: synth_design -part xc7z020clg400-1 -top system_pynq_m1
Starting synth_design
Attempting to get a license for feature 'Synthesis' and/or device 'xc7z020'
INFO: [Common 17-349] Got license for feature 'Synthesis' and/or device 'xc7z020'
INFO: [Device 21-403] Loading part xc7z020clg400-1
INFO: [Synth 8-7079] Multithreading enabled for synth_design using a maximum of 7 processes.
INFO: [Synth 8-7078] Launching helper process for spawning children vivado processes
INFO: [Synth 8-7075] Helper process launched with PID 468996
---------------------------------------------------------------------------------
Starting RTL Elaboration : Time (s): cpu = 00:00:02 ; elapsed = 00:00:02 . Memory (MB): peak = 1979.445 ; gain = 432.039 ; free physical = 92526 ; free virtual = 116027
---------------------------------------------------------------------------------
WARNING: [Synth 8-6901] identifier 'led_rvalid' is used before its declaration [/home/edauser/project/SOC/Magpie_M1/flow/fpga/pynq_z2/system_pynq_m1.v:145]
WARNING: [Synth 8-6901] identifier 'led_rvalid' is used before its declaration [/home/edauser/project/SOC/Magpie_M1/flow/fpga/pynq_z2/system_pynq_m1.v:146]
WARNING: [Synth 8-6901] identifier 'led_bvalid' is used before its declaration [/home/edauser/project/SOC/Magpie_M1/flow/fpga/pynq_z2/system_pynq_m1.v:165]
WARNING: [Synth 8-6901] identifier 'led_bvalid' is used before its declaration [/home/edauser/project/SOC/Magpie_M1/flow/fpga/pynq_z2/system_pynq_m1.v:168]
WARNING: [Synth 8-6901] identifier 'led_bvalid' is used before its declaration [/home/edauser/project/SOC/Magpie_M1/flow/fpga/pynq_z2/system_pynq_m1.v:170]
INFO: [Synth 8-6157] synthesizing module 'system_pynq_m1' [/home/edauser/project/SOC/Magpie_M1/flow/fpga/pynq_z2/system_pynq_m1.v:4]
INFO: [Synth 8-6157] synthesizing module 'cpu_m1_axil_top' [/home/edauser/project/SOC/Magpie_M1/IP/cpu_m1/rtl/cpu_m1_axil_top.v:13]
	Parameter RESET_PC bound to: 0 - type: integer 
INFO: [Synth 8-6157] synthesizing module 'cpu_m1_top' [/home/edauser/project/SOC/Magpie_M1/IP/cpu_m1/rtl/cpu_m1_top.v:29]
	Parameter RESET_PC bound to: 0 - type: integer 
INFO: [Synth 8-6157] synthesizing module 'core' [/home/edauser/project/SOC/Magpie_M1/IP/cpu_m1/rtl/core.v:18]
	Parameter RESET_PC bound to: 0 - type: integer 
INFO: [Synth 8-6157] synthesizing module 'cdec' [/home/edauser/project/SOC/Magpie_M1/IP/cpu_m1/rtl/cdec.v:26]
INFO: [Synth 8-6155] done synthesizing module 'cdec' (0#1) [/home/edauser/project/SOC/Magpie_M1/IP/cpu_m1/rtl/cdec.v:26]
INFO: [Synth 8-6157] synthesizing module 'bp' [/home/edauser/project/SOC/Magpie_M1/IP/cpu_m1/rtl/bp.v:29]
INFO: [Synth 8-6155] done synthesizing module 'bp' (0#1) [/home/edauser/project/SOC/Magpie_M1/IP/cpu_m1/rtl/bp.v:29]
INFO: [Synth 8-6157] synthesizing module 'ras' [/home/edauser/project/SOC/Magpie_M1/IP/cpu_m1/rtl/ras.v:29]
INFO: [Synth 8-6155] done synthesizing module 'ras' (0#1) [/home/edauser/project/SOC/Magpie_M1/IP/cpu_m1/rtl/ras.v:29]
INFO: [Synth 8-6157] synthesizing module 'ifu' [/home/edauser/project/SOC/Magpie_M1/IP/cpu_m1/rtl/ifu.v:24]
	Parameter RESET_PC bound to: 0 - type: integer 
INFO: [Synth 8-6155] done synthesizing module 'ifu' (0#1) [/home/edauser/project/SOC/Magpie_M1/IP/cpu_m1/rtl/ifu.v:24]
INFO: [Synth 8-6157] synthesizing module 'idu' [/home/edauser/project/SOC/Magpie_M1/IP/cpu_m1/rtl/idu.v:24]
INFO: [Synth 8-226] default block is never used [/home/edauser/project/SOC/Magpie_M1/IP/cpu_m1/rtl/idu.v:164]
INFO: [Synth 8-226] default block is never used [/home/edauser/project/SOC/Magpie_M1/IP/cpu_m1/rtl/idu.v:176]
INFO: [Synth 8-6155] done synthesizing module 'idu' (0#1) [/home/edauser/project/SOC/Magpie_M1/IP/cpu_m1/rtl/idu.v:24]
INFO: [Synth 8-6157] synthesizing module 'rfu' [/home/edauser/project/SOC/Magpie_M1/IP/cpu_m1/rtl/rfu.v:19]
INFO: [Synth 8-6155] done synthesizing module 'rfu' (0#1) [/home/edauser/project/SOC/Magpie_M1/IP/cpu_m1/rtl/rfu.v:19]
INFO: [Synth 8-6157] synthesizing module 'forward' [/home/edauser/project/SOC/Magpie_M1/IP/cpu_m1/rtl/forward.v:19]
INFO: [Synth 8-6155] done synthesizing module 'forward' (0#1) [/home/edauser/project/SOC/Magpie_M1/IP/cpu_m1/rtl/forward.v:19]
INFO: [Synth 8-6157] synthesizing module 'alu' [/home/edauser/project/SOC/Magpie_M1/IP/cpu_m1/rtl/alu.v:25]
INFO: [Synth 8-6155] done synthesizing module 'alu' (0#1) [/home/edauser/project/SOC/Magpie_M1/IP/cpu_m1/rtl/alu.v:25]
INFO: [Synth 8-6157] synthesizing module 'mul' [/home/edauser/project/SOC/Magpie_M1/IP/cpu_m1/rtl/mul.v:22]
INFO: [Synth 8-6155] done synthesizing module 'mul' (0#1) [/home/edauser/project/SOC/Magpie_M1/IP/cpu_m1/rtl/mul.v:22]
INFO: [Synth 8-6157] synthesizing module 'div' [/home/edauser/project/SOC/Magpie_M1/IP/cpu_m1/rtl/div.v:20]
INFO: [Synth 8-226] default block is never used [/home/edauser/project/SOC/Magpie_M1/IP/cpu_m1/rtl/div.v:69]
INFO: [Synth 8-6155] done synthesizing module 'div' (0#1) [/home/edauser/project/SOC/Magpie_M1/IP/cpu_m1/rtl/div.v:20]
INFO: [Synth 8-6157] synthesizing module 'lsu' [/home/edauser/project/SOC/Magpie_M1/IP/cpu_m1/rtl/lsu.v:31]
INFO: [Synth 8-6155] done synthesizing module 'lsu' (0#1) [/home/edauser/project/SOC/Magpie_M1/IP/cpu_m1/rtl/lsu.v:31]
INFO: [Synth 8-6157] synthesizing module 'csr' [/home/edauser/project/SOC/Magpie_M1/IP/cpu_m1/rtl/csr.v:31]
INFO: [Synth 8-6155] done synthesizing module 'csr' (0#1) [/home/edauser/project/SOC/Magpie_M1/IP/cpu_m1/rtl/csr.v:31]
INFO: [Synth 8-6157] synthesizing module 'hazard' [/home/edauser/project/SOC/Magpie_M1/IP/cpu_m1/rtl/hazard.v:19]
INFO: [Synth 8-6155] done synthesizing module 'hazard' (0#1) [/home/edauser/project/SOC/Magpie_M1/IP/cpu_m1/rtl/hazard.v:19]
INFO: [Synth 8-6155] done synthesizing module 'core' (0#1) [/home/edauser/project/SOC/Magpie_M1/IP/cpu_m1/rtl/core.v:18]
INFO: [Synth 8-6155] done synthesizing module 'cpu_m1_top' (0#1) [/home/edauser/project/SOC/Magpie_M1/IP/cpu_m1/rtl/cpu_m1_top.v:29]
INFO: [Synth 8-6157] synthesizing module 'axil_bridge' [/home/edauser/project/SOC/Magpie_M1/IP/cpu_m1/rtl/axil_bridge.v:18]
INFO: [Synth 8-226] default block is never used [/home/edauser/project/SOC/Magpie_M1/IP/cpu_m1/rtl/axil_bridge.v:101]
INFO: [Synth 8-6155] done synthesizing module 'axil_bridge' (0#1) [/home/edauser/project/SOC/Magpie_M1/IP/cpu_m1/rtl/axil_bridge.v:18]
INFO: [Synth 8-6155] done synthesizing module 'cpu_m1_axil_top' (0#1) [/home/edauser/project/SOC/Magpie_M1/IP/cpu_m1/rtl/cpu_m1_axil_top.v:13]
INFO: [Synth 8-6157] synthesizing module 'axil_bootrom' [/home/edauser/project/SOC/Magpie_M1/IP/cpu_m1/soc/axil_bootrom.v:14]
	Parameter RAM_BASE bound to: 536870912 - type: integer 
	Parameter MODE_DEBUG bound to: 1'b0 
INFO: [Synth 8-6155] done synthesizing module 'axil_bootrom' (0#1) [/home/edauser/project/SOC/Magpie_M1/IP/cpu_m1/soc/axil_bootrom.v:14]
INFO: [Synth 8-6157] synthesizing module 'axil_dp_bram' [/home/edauser/project/SOC/Magpie_M1/IP/cpu_m1/soc/axil_dp_bram.v:12]
	Parameter ADDR_W bound to: 14 - type: integer 
	Parameter INIT_HEX bound to: firmware.hex - type: string 
INFO: [Synth 8-3876] $readmem data file 'firmware.hex' is read successfully [/home/edauser/project/SOC/Magpie_M1/IP/cpu_m1/soc/axil_dp_bram.v:38]
INFO: [Synth 8-6155] done synthesizing module 'axil_dp_bram' (0#1) [/home/edauser/project/SOC/Magpie_M1/IP/cpu_m1/soc/axil_dp_bram.v:12]
INFO: [Synth 8-6155] done synthesizing module 'system_pynq_m1' (0#1) [/home/edauser/project/SOC/Magpie_M1/flow/fpga/pynq_z2/system_pynq_m1.v:4]
WARNING: [Synth 8-6014] Unused sequential element ex_wb_is_store_r_reg was removed.  [/home/edauser/project/SOC/Magpie_M1/IP/cpu_m1/rtl/core.v:894]
WARNING: [Synth 8-6014] Unused sequential element idx_q_reg was removed.  [/home/edauser/project/SOC/Magpie_M1/IP/cpu_m1/soc/axil_bootrom.v:51]
WARNING: [Synth 8-7129] Port a_araddr[31] in module axil_dp_bram is either unconnected or has no load
WARNING: [Synth 8-7129] Port a_araddr[30] in module axil_dp_bram is either unconnected or has no load
WARNING: [Synth 8-7129] Port a_araddr[29] in module axil_dp_bram is either unconnected or has no load
WARNING: [Synth 8-7129] Port a_araddr[28] in module axil_dp_bram is either unconnected or has no load
WARNING: [Synth 8-7129] Port a_araddr[27] in module axil_dp_bram is either unconnected or has no load
WARNING: [Synth 8-7129] Port a_araddr[26] in module axil_dp_bram is either unconnected or has no load
WARNING: [Synth 8-7129] Port a_araddr[25] in module axil_dp_bram is either unconnected or has no load
WARNING: [Synth 8-7129] Port a_araddr[24] in module axil_dp_bram is either unconnected or has no load
WARNING: [Synth 8-7129] Port a_araddr[23] in module axil_dp_bram is either unconnected or has no load
WARNING: [Synth 8-7129] Port a_araddr[22] in module axil_dp_bram is either unconnected or has no load
WARNING: [Synth 8-7129] Port a_araddr[21] in module axil_dp_bram is either unconnected or has no load
WARNING: [Synth 8-7129] Port a_araddr[20] in module axil_dp_bram is either unconnected or has no load
WARNING: [Synth 8-7129] Port a_araddr[19] in module axil_dp_bram is either unconnected or has no load
WARNING: [Synth 8-7129] Port a_araddr[18] in module axil_dp_bram is either unconnected or has no load
WARNING: [Synth 8-7129] Port a_araddr[17] in module axil_dp_bram is either unconnected or has no load
WARNING: [Synth 8-7129] Port a_araddr[16] in module axil_dp_bram is either unconnected or has no load
WARNING: [Synth 8-7129] Port a_araddr[15] in module axil_dp_bram is either unconnected or has no load
WARNING: [Synth 8-7129] Port a_araddr[14] in module axil_dp_bram is either unconnected or has no load
WARNING: [Synth 8-7129] Port a_araddr[1] in module axil_dp_bram is either unconnected or has no load
WARNING: [Synth 8-7129] Port a_araddr[0] in module axil_dp_bram is either unconnected or has no load
WARNING: [Synth 8-7129] Port b_araddr[31] in module axil_dp_bram is either unconnected or has no load
WARNING: [Synth 8-7129] Port b_araddr[30] in module axil_dp_bram is either unconnected or has no load
WARNING: [Synth 8-7129] Port b_araddr[29] in module axil_dp_bram is either unconnected or has no load
WARNING: [Synth 8-7129] Port b_araddr[28] in module axil_dp_bram is either unconnected or has no load
WARNING: [Synth 8-7129] Port b_araddr[27] in module axil_dp_bram is either unconnected or has no load
WARNING: [Synth 8-7129] Port b_araddr[26] in module axil_dp_bram is either unconnected or has no load
WARNING: [Synth 8-7129] Port b_araddr[25] in module axil_dp_bram is either unconnected or has no load
WARNING: [Synth 8-7129] Port b_araddr[24] in module axil_dp_bram is either unconnected or has no load
WARNING: [Synth 8-7129] Port b_araddr[23] in module axil_dp_bram is either unconnected or has no load
WARNING: [Synth 8-7129] Port b_araddr[22] in module axil_dp_bram is either unconnected or has no load
WARNING: [Synth 8-7129] Port b_araddr[21] in module axil_dp_bram is either unconnected or has no load
WARNING: [Synth 8-7129] Port b_araddr[20] in module axil_dp_bram is either unconnected or has no load
WARNING: [Synth 8-7129] Port b_araddr[19] in module axil_dp_bram is either unconnected or has no load
WARNING: [Synth 8-7129] Port b_araddr[18] in module axil_dp_bram is either unconnected or has no load
WARNING: [Synth 8-7129] Port b_araddr[17] in module axil_dp_bram is either unconnected or has no load
WARNING: [Synth 8-7129] Port b_araddr[16] in module axil_dp_bram is either unconnected or has no load
WARNING: [Synth 8-7129] Port b_araddr[15] in module axil_dp_bram is either unconnected or has no load
WARNING: [Synth 8-7129] Port b_araddr[14] in module axil_dp_bram is either unconnected or has no load
WARNING: [Synth 8-7129] Port b_araddr[1] in module axil_dp_bram is either unconnected or has no load
WARNING: [Synth 8-7129] Port b_araddr[0] in module axil_dp_bram is either unconnected or has no load
WARNING: [Synth 8-7129] Port b_awaddr[31] in module axil_dp_bram is either unconnected or has no load
WARNING: [Synth 8-7129] Port b_awaddr[30] in module axil_dp_bram is either unconnected or has no load
WARNING: [Synth 8-7129] Port b_awaddr[29] in module axil_dp_bram is either unconnected or has no load
WARNING: [Synth 8-7129] Port b_awaddr[28] in module axil_dp_bram is either unconnected or has no load
WARNING: [Synth 8-7129] Port b_awaddr[27] in module axil_dp_bram is either unconnected or has no load
WARNING: [Synth 8-7129] Port b_awaddr[26] in module axil_dp_bram is either unconnected or has no load
WARNING: [Synth 8-7129] Port b_awaddr[25] in module axil_dp_bram is either unconnected or has no load
WARNING: [Synth 8-7129] Port b_awaddr[24] in module axil_dp_bram is either unconnected or has no load
WARNING: [Synth 8-7129] Port b_awaddr[23] in module axil_dp_bram is either unconnected or has no load
WARNING: [Synth 8-7129] Port b_awaddr[22] in module axil_dp_bram is either unconnected or has no load
WARNING: [Synth 8-7129] Port b_awaddr[21] in module axil_dp_bram is either unconnected or has no load
WARNING: [Synth 8-7129] Port b_awaddr[20] in module axil_dp_bram is either unconnected or has no load
WARNING: [Synth 8-7129] Port b_awaddr[19] in module axil_dp_bram is either unconnected or has no load
WARNING: [Synth 8-7129] Port b_awaddr[18] in module axil_dp_bram is either unconnected or has no load
WARNING: [Synth 8-7129] Port b_awaddr[17] in module axil_dp_bram is either unconnected or has no load
WARNING: [Synth 8-7129] Port b_awaddr[16] in module axil_dp_bram is either unconnected or has no load
WARNING: [Synth 8-7129] Port b_awaddr[15] in module axil_dp_bram is either unconnected or has no load
WARNING: [Synth 8-7129] Port b_awaddr[14] in module axil_dp_bram is either unconnected or has no load
WARNING: [Synth 8-7129] Port b_awaddr[1] in module axil_dp_bram is either unconnected or has no load
WARNING: [Synth 8-7129] Port b_awaddr[0] in module axil_dp_bram is either unconnected or has no load
WARNING: [Synth 8-7129] Port s_araddr[31] in module axil_bootrom is either unconnected or has no load
WARNING: [Synth 8-7129] Port s_araddr[30] in module axil_bootrom is either unconnected or has no load
WARNING: [Synth 8-7129] Port s_araddr[29] in module axil_bootrom is either unconnected or has no load
WARNING: [Synth 8-7129] Port s_araddr[28] in module axil_bootrom is either unconnected or has no load
WARNING: [Synth 8-7129] Port s_araddr[27] in module axil_bootrom is either unconnected or has no load
WARNING: [Synth 8-7129] Port s_araddr[26] in module axil_bootrom is either unconnected or has no load
WARNING: [Synth 8-7129] Port s_araddr[25] in module axil_bootrom is either unconnected or has no load
WARNING: [Synth 8-7129] Port s_araddr[24] in module axil_bootrom is either unconnected or has no load
WARNING: [Synth 8-7129] Port s_araddr[23] in module axil_bootrom is either unconnected or has no load
WARNING: [Synth 8-7129] Port s_araddr[22] in module axil_bootrom is either unconnected or has no load
WARNING: [Synth 8-7129] Port s_araddr[21] in module axil_bootrom is either unconnected or has no load
WARNING: [Synth 8-7129] Port s_araddr[20] in module axil_bootrom is either unconnected or has no load
WARNING: [Synth 8-7129] Port s_araddr[19] in module axil_bootrom is either unconnected or has no load
WARNING: [Synth 8-7129] Port s_araddr[18] in module axil_bootrom is either unconnected or has no load
WARNING: [Synth 8-7129] Port s_araddr[17] in module axil_bootrom is either unconnected or has no load
WARNING: [Synth 8-7129] Port s_araddr[16] in module axil_bootrom is either unconnected or has no load
WARNING: [Synth 8-7129] Port s_araddr[15] in module axil_bootrom is either unconnected or has no load
WARNING: [Synth 8-7129] Port s_araddr[14] in module axil_bootrom is either unconnected or has no load
WARNING: [Synth 8-7129] Port s_araddr[13] in module axil_bootrom is either unconnected or has no load
WARNING: [Synth 8-7129] Port s_araddr[12] in module axil_bootrom is either unconnected or has no load
WARNING: [Synth 8-7129] Port s_araddr[11] in module axil_bootrom is either unconnected or has no load
WARNING: [Synth 8-7129] Port s_araddr[10] in module axil_bootrom is either unconnected or has no load
WARNING: [Synth 8-7129] Port s_araddr[9] in module axil_bootrom is either unconnected or has no load
WARNING: [Synth 8-7129] Port s_araddr[8] in module axil_bootrom is either unconnected or has no load
WARNING: [Synth 8-7129] Port s_araddr[7] in module axil_bootrom is either unconnected or has no load
WARNING: [Synth 8-7129] Port s_araddr[6] in module axil_bootrom is either unconnected or has no load
WARNING: [Synth 8-7129] Port s_araddr[5] in module axil_bootrom is either unconnected or has no load
WARNING: [Synth 8-7129] Port s_araddr[1] in module axil_bootrom is either unconnected or has no load
WARNING: [Synth 8-7129] Port s_araddr[0] in module axil_bootrom is either unconnected or has no load
WARNING: [Synth 8-7129] Port m_axi_i_rresp[0] in module axil_bridge is either unconnected or has no load
WARNING: [Synth 8-7129] Port m_axi_d_rresp[0] in module axil_bridge is either unconnected or has no load
WARNING: [Synth 8-7129] Port m_axi_d_bresp[0] in module axil_bridge is either unconnected or has no load
WARNING: [Synth 8-7129] Port wb_valid in module hazard is either unconnected or has no load
WARNING: [Synth 8-7129] Port wb_rd_we in module hazard is either unconnected or has no load
WARNING: [Synth 8-7129] Port wb_rd_idx[4] in module hazard is either unconnected or has no load
WARNING: [Synth 8-7129] Port wb_rd_idx[3] in module hazard is either unconnected or has no load
WARNING: [Synth 8-7129] Port wb_rd_idx[2] in module hazard is either unconnected or has no load
WARNING: [Synth 8-7129] Port wb_rd_idx[1] in module hazard is either unconnected or has no load
WARNING: [Synth 8-7129] Port wb_rd_idx[0] in module hazard is either unconnected or has no load
WARNING: [Synth 8-7129] Port wb_is_load in module hazard is either unconnected or has no load
INFO: [Common 17-14] Message 'Synth 8-7129' appears 100 times and further instances of the messages will be disabled. Use the Tcl command set_msg_config to change the current settings.
---------------------------------------------------------------------------------
Finished RTL Elaboration : Time (s): cpu = 00:00:03 ; elapsed = 00:00:04 . Memory (MB): peak = 2105.383 ; gain = 557.977 ; free physical = 92367 ; free virtual = 115873
---------------------------------------------------------------------------------
---------------------------------------------------------------------------------
Start Handling Custom Attributes
---------------------------------------------------------------------------------
---------------------------------------------------------------------------------
Finished Handling Custom Attributes : Time (s): cpu = 00:00:03 ; elapsed = 00:00:04 . Memory (MB): peak = 2123.195 ; gain = 575.789 ; free physical = 92367 ; free virtual = 115873
---------------------------------------------------------------------------------
---------------------------------------------------------------------------------
Finished RTL Optimization Phase 1 : Time (s): cpu = 00:00:03 ; elapsed = 00:00:04 . Memory (MB): peak = 2123.195 ; gain = 575.789 ; free physical = 92367 ; free virtual = 115873
---------------------------------------------------------------------------------
Netlist sorting complete. Time (s): cpu = 00:00:00.04 ; elapsed = 00:00:00.05 . Memory (MB): peak = 2123.195 ; gain = 0.000 ; free physical = 92366 ; free virtual = 115871
INFO: [Project 1-570] Preparing netlist for logic optimization

Processing XDC Constraints
Initializing timing engine
Parsing XDC File [/home/edauser/project/SOC/Magpie_M1/flow/fpga/pynq_z2/synth_pynq.xdc]
Finished Parsing XDC File [/home/edauser/project/SOC/Magpie_M1/flow/fpga/pynq_z2/synth_pynq.xdc]
INFO: [Project 1-236] Implementation specific constraints were found while reading constraint file [/home/edauser/project/SOC/Magpie_M1/flow/fpga/pynq_z2/synth_pynq.xdc]. These constraints will be ignored for synthesis but will be used in implementation. Impacted constraints are listed in the file [.Xil/system_pynq_m1_propImpl.xdc].
Resolution: To avoid this warning, move constraints listed in [.Xil/system_pynq_m1_propImpl.xdc] to another XDC file and exclude this new file from synthesis with the used_in_synthesis property (File Properties dialog in GUI) and re-run elaboration/synthesis.
Completed Processing XDC Constraints

Netlist sorting complete. Time (s): cpu = 00:00:00 ; elapsed = 00:00:00 . Memory (MB): peak = 2299.602 ; gain = 0.000 ; free physical = 92325 ; free virtual = 115846
INFO: [Project 1-111] Unisim Transformation Summary:
No Unisim elements were transformed.

Constraint Validation Runtime : Time (s): cpu = 00:00:00.01 ; elapsed = 00:00:00.01 . Memory (MB): peak = 2299.602 ; gain = 0.000 ; free physical = 92325 ; free virtual = 115846
---------------------------------------------------------------------------------
Finished Constraint Validation : Time (s): cpu = 00:00:08 ; elapsed = 00:00:08 . Memory (MB): peak = 2299.602 ; gain = 752.195 ; free physical = 92318 ; free virtual = 115840
---------------------------------------------------------------------------------
---------------------------------------------------------------------------------
Start Loading Part and Timing Information
---------------------------------------------------------------------------------
Loading part: xc7z020clg400-1
---------------------------------------------------------------------------------
Finished Loading Part and Timing Information : Time (s): cpu = 00:00:08 ; elapsed = 00:00:08 . Memory (MB): peak = 2311.812 ; gain = 764.406 ; free physical = 92318 ; free virtual = 115840
---------------------------------------------------------------------------------
---------------------------------------------------------------------------------
Start Applying 'set_property' XDC Constraints
---------------------------------------------------------------------------------
---------------------------------------------------------------------------------
Finished applying 'set_property' XDC Constraints : Time (s): cpu = 00:00:08 ; elapsed = 00:00:08 . Memory (MB): peak = 2311.812 ; gain = 764.406 ; free physical = 92318 ; free virtual = 115840
---------------------------------------------------------------------------------
INFO: [Synth 8-802] inferred FSM for state register 'state_reg' in module 'div'
INFO: [Synth 8-802] inferred FSM for state register 'i_state_reg' in module 'axil_bridge'
INFO: [Synth 8-802] inferred FSM for state register 'd_state_reg' in module 'axil_bridge'
---------------------------------------------------------------------------------------------------
                   State |                     New Encoding |                Previous Encoding 
---------------------------------------------------------------------------------------------------
                    IDLE |                             0001 |                               00
                    WORK |                             0010 |                               01
                   FIXUP |                             0100 |                               10
                    DONE |                             1000 |                               11
---------------------------------------------------------------------------------------------------
INFO: [Synth 8-3354] encoded FSM with state register 'state_reg' using encoding 'one-hot' in module 'div'
---------------------------------------------------------------------------------------------------
                   State |                     New Encoding |                Previous Encoding 
---------------------------------------------------------------------------------------------------
                  I_IDLE |                              001 |                               00
                    I_AR |                              010 |                               01
                     I_R |                              100 |                               10
---------------------------------------------------------------------------------------------------
INFO: [Synth 8-3354] encoded FSM with state register 'i_state_reg' using encoding 'one-hot' in module 'axil_bridge'
---------------------------------------------------------------------------------------------------
                   State |                     New Encoding |                Previous Encoding 
---------------------------------------------------------------------------------------------------
                  D_IDLE |                               01 |                               00
                    D_AW |                               00 |                               11
                    D_AR |                               11 |                               01
                     D_R |                               10 |                               10
---------------------------------------------------------------------------------------------------
INFO: [Synth 8-3354] encoded FSM with state register 'd_state_reg' using encoding 'sequential' in module 'axil_bridge'
INFO: [Synth 8-3971] The signal "axil_dp_bram:/mem_reg" was recognized as a true dual port RAM template.
---------------------------------------------------------------------------------
Finished RTL Optimization Phase 2 : Time (s): cpu = 00:00:09 ; elapsed = 00:00:09 . Memory (MB): peak = 2311.812 ; gain = 764.406 ; free physical = 92313 ; free virtual = 115836
---------------------------------------------------------------------------------
---------------------------------------------------------------------------------
Start RTL Component Statistics 
---------------------------------------------------------------------------------
Detailed RTL Component Info : 
+---Adders : 
	   2 Input   64 Bit       Adders := 1     
	   3 Input   33 Bit       Adders := 1     
	   2 Input   32 Bit       Adders := 11    
	   3 Input   32 Bit       Adders := 1     
	   2 Input    6 Bit       Adders := 1     
	   2 Input    4 Bit       Adders := 1     
	   2 Input    3 Bit       Adders := 2     
	   2 Input    2 Bit       Adders := 3     
+---XORs : 
	   2 Input     32 Bit         XORs := 1     
	   2 Input      1 Bit         XORs := 2     
+---Registers : 
	               32 Bit    Registers := 151   
	               30 Bit    Registers := 1     
	               26 Bit    Registers := 64    
	               18 Bit    Registers := 1     
	               16 Bit    Registers := 4     
	               12 Bit    Registers := 3     
	                6 Bit    Registers := 1     
	                5 Bit    Registers := 2     
	                4 Bit    Registers := 6     
	                3 Bit    Registers := 5     
	                2 Bit    Registers := 68    
	                1 Bit    Registers := 170   
+---RAMs : 
	             128K Bit	(4096 X 32 bit)          RAMs := 1     
+---Muxes : 
	   2 Input   33 Bit        Muxes := 2     
	   2 Input   32 Bit        Muxes := 68    
	   4 Input   32 Bit        Muxes := 11    
	   6 Input   32 Bit        Muxes := 1     
	   3 Input   32 Bit        Muxes := 2     
	   2 Input   30 Bit        Muxes := 2     
	   2 Input   16 Bit        Muxes := 3     
	   2 Input   12 Bit        Muxes := 1     
	   4 Input    8 Bit        Muxes := 2     
	   2 Input    8 Bit        Muxes := 1     
	   4 Input    6 Bit        Muxes := 1     
	   8 Input    4 Bit        Muxes := 2     
	   2 Input    4 Bit        Muxes := 12    
	   4 Input    4 Bit        Muxes := 2     
	   2 Input    3 Bit        Muxes := 6     
	   6 Input    3 Bit        Muxes := 1     
	   2 Input    2 Bit        Muxes := 9     
	   3 Input    2 Bit        Muxes := 1     
	   4 Input    2 Bit        Muxes := 1     
	   8 Input    1 Bit        Muxes := 2     
	   2 Input    1 Bit        Muxes := 150   
	   5 Input    1 Bit        Muxes := 2     
	   4 Input    1 Bit        Muxes := 10    
	   3 Input    1 Bit        Muxes := 3     
---------------------------------------------------------------------------------
Finished RTL Component Statistics 
---------------------------------------------------------------------------------
---------------------------------------------------------------------------------
Start Part Resource Summary
---------------------------------------------------------------------------------
Part Resources:
DSPs: 220 (col length:60)
BRAMs: 280 (col length: RAMB18 60 RAMB36 30)
---------------------------------------------------------------------------------
Finished Part Resource Summary
---------------------------------------------------------------------------------
---------------------------------------------------------------------------------
Start Cross Boundary and Area Optimization
---------------------------------------------------------------------------------
WARNING: [Synth 8-7080] Parallel synthesis criteria is not met
DSP Report: Generating DSP product_w, operation Mode is: A2*B2.
DSP Report: register opa_r_reg is absorbed into DSP product_w.
DSP Report: register product_w is absorbed into DSP product_w.
DSP Report: operator product_w is absorbed into DSP product_w.
DSP Report: operator product_w is absorbed into DSP product_w.
DSP Report: Generating DSP product_w, operation Mode is: (PCIN>>17)+A2*B2.
DSP Report: register opa_r_reg is absorbed into DSP product_w.
DSP Report: register opb_r_reg is absorbed into DSP product_w.
DSP Report: operator product_w is absorbed into DSP product_w.
DSP Report: operator product_w is absorbed into DSP product_w.
DSP Report: Generating DSP product_w, operation Mode is: A2*B2.
DSP Report: register product_w is absorbed into DSP product_w.
DSP Report: register product_w is absorbed into DSP product_w.
DSP Report: operator product_w is absorbed into DSP product_w.
DSP Report: operator product_w is absorbed into DSP product_w.
DSP Report: Generating DSP product_w, operation Mode is: (PCIN>>17)+A2*B2.
DSP Report: register opb_r_reg is absorbed into DSP product_w.
DSP Report: register product_w is absorbed into DSP product_w.
DSP Report: operator product_w is absorbed into DSP product_w.
DSP Report: operator product_w is absorbed into DSP product_w.
INFO: [Synth 8-3971] The signal "system_pynq_m1/u_bram/mem_reg" was recognized as a true dual port RAM template.
---------------------------------------------------------------------------------
Finished Cross Boundary and Area Optimization : Time (s): cpu = 00:00:34 ; elapsed = 00:00:35 . Memory (MB): peak = 2314.812 ; gain = 767.406 ; free physical = 92226 ; free virtual = 115766
---------------------------------------------------------------------------------
 Sort Area is  product_w_3 : 0 0 : 2737 5078 : Used 1 time 0
 Sort Area is  product_w_3 : 0 1 : 2341 5078 : Used 1 time 0
 Sort Area is  product_w_0 : 0 0 : 2338 4396 : Used 1 time 0
 Sort Area is  product_w_0 : 0 1 : 2058 4396 : Used 1 time 0
---------------------------------------------------------------------------------
Start ROM, RAM, DSP, Shift Register and Retiming Reporting
---------------------------------------------------------------------------------

Block RAM: Preliminary Mapping Report (see note below)
-------NONE-------
Note: The table above is a preliminary report that shows the Block RAMs at the current stage of the synthesis flow. Some Block RAMs may be reimplemented as non Block RAM primitives later in the synthesis flow. Multiple instantiated Block RAMs are reported only once. 

DSP: Preliminary Mapping Report (see note below. The ' indicates corresponding REG is set)
+------------+------------------+--------+--------+--------+--------+--------+------+------+------+------+-------+------+------+
|Module Name | DSP Mapping      | A Size | B Size | C Size | D Size | P Size | AREG | BREG | CREG | DREG | ADREG | MREG | PREG | 
+------------+------------------+--------+--------+--------+--------+--------+------+------+------+------+-------+------+------+
|mul         | A2*B2            | 18     | 16     | -      | -      | 48     | 1    | 1    | -    | -    | -     | 0    | 0    | 
|mul         | (PCIN>>17)+A2*B2 | 16     | 16     | -      | -      | 30     | 1    | 1    | -    | -    | -     | 0    | 0    | 
|mul         | A2*B2            | 18     | 18     | -      | -      | 48     | 1    | 1    | -    | -    | -     | 0    | 0    | 
|mul         | (PCIN>>17)+A2*B2 | 18     | 16     | -      | -      | 47     | 1    | 1    | -    | -    | -     | 0    | 0    | 
+------------+------------------+--------+--------+--------+--------+--------+------+------+------+------+-------+------+------+

Note: The table above is a preliminary report that shows the DSPs inferred at the current stage of the synthesis flow. Some DSP may be reimplemented as non DSP primitives later in the synthesis flow. Multiple instantiated DSPs are reported only once.
---------------------------------------------------------------------------------
Finished ROM, RAM, DSP, Shift Register and Retiming Reporting
---------------------------------------------------------------------------------
---------------------------------------------------------------------------------
Start Applying XDC Timing Constraints
---------------------------------------------------------------------------------
---------------------------------------------------------------------------------
Finished Applying XDC Timing Constraints : Time (s): cpu = 00:00:38 ; elapsed = 00:00:38 . Memory (MB): peak = 2382.812 ; gain = 835.406 ; free physical = 92008 ; free virtual = 115559
---------------------------------------------------------------------------------
---------------------------------------------------------------------------------
Start Timing Optimization
---------------------------------------------------------------------------------
---------------------------------------------------------------------------------
Finished Timing Optimization : Time (s): cpu = 00:00:40 ; elapsed = 00:00:40 . Memory (MB): peak = 2402.812 ; gain = 855.406 ; free physical = 91984 ; free virtual = 115535
---------------------------------------------------------------------------------
---------------------------------------------------------------------------------
Start ROM, RAM, DSP, Shift Register and Retiming Reporting
---------------------------------------------------------------------------------

Block RAM: Final Mapping Report
-------NONE-------
---------------------------------------------------------------------------------
Finished ROM, RAM, DSP, Shift Register and Retiming Reporting
---------------------------------------------------------------------------------
---------------------------------------------------------------------------------
Start Technology Mapping
---------------------------------------------------------------------------------
INFO: [Synth 8-7052] The timing for the instance u_bram/mem_reg_1_0 (implemented as a Block RAM) might be sub-optimal as no optional output register could be merged into the ram block. Providing additional output register may help in improving timing.
INFO: [Synth 8-7052] The timing for the instance u_bram/mem_reg_2_0 (implemented as a Block RAM) might be sub-optimal as no optional output register could be merged into the ram block. Providing additional output register may help in improving timing.
INFO: [Synth 8-7052] The timing for the instance u_bram/mem_reg_2_1 (implemented as a Block RAM) might be sub-optimal as no optional output register could be merged into the ram block. Providing additional output register may help in improving timing.
INFO: [Synth 8-7052] The timing for the instance u_bram/mem_reg_2_2 (implemented as a Block RAM) might be sub-optimal as no optional output register could be merged into the ram block. Providing additional output register may help in improving timing.
INFO: [Synth 8-7052] The timing for the instance u_bram/mem_reg_2_3 (implemented as a Block RAM) might be sub-optimal as no optional output register could be merged into the ram block. Providing additional output register may help in improving timing.
---------------------------------------------------------------------------------
Finished Technology Mapping : Time (s): cpu = 00:00:42 ; elapsed = 00:00:43 . Memory (MB): peak = 2515.859 ; gain = 968.453 ; free physical = 91883 ; free virtual = 115435
---------------------------------------------------------------------------------
---------------------------------------------------------------------------------
Start IO Insertion
---------------------------------------------------------------------------------
---------------------------------------------------------------------------------
Start Flattening Before IO Insertion
---------------------------------------------------------------------------------
---------------------------------------------------------------------------------
Finished Flattening Before IO Insertion
---------------------------------------------------------------------------------
---------------------------------------------------------------------------------
Start Final Netlist Cleanup
---------------------------------------------------------------------------------
---------------------------------------------------------------------------------
Finished Final Netlist Cleanup
---------------------------------------------------------------------------------
---------------------------------------------------------------------------------
Finished IO Insertion : Time (s): cpu = 00:00:44 ; elapsed = 00:00:45 . Memory (MB): peak = 2577.672 ; gain = 1030.266 ; free physical = 91840 ; free virtual = 115392
---------------------------------------------------------------------------------
---------------------------------------------------------------------------------
Start Renaming Generated Instances
---------------------------------------------------------------------------------
---------------------------------------------------------------------------------
Finished Renaming Generated Instances : Time (s): cpu = 00:00:44 ; elapsed = 00:00:45 . Memory (MB): peak = 2577.672 ; gain = 1030.266 ; free physical = 91845 ; free virtual = 115397
---------------------------------------------------------------------------------
---------------------------------------------------------------------------------
Start Rebuilding User Hierarchy
---------------------------------------------------------------------------------
---------------------------------------------------------------------------------
Finished Rebuilding User Hierarchy : Time (s): cpu = 00:00:45 ; elapsed = 00:00:46 . Memory (MB): peak = 2577.672 ; gain = 1030.266 ; free physical = 91837 ; free virtual = 115389
---------------------------------------------------------------------------------
---------------------------------------------------------------------------------
Start Renaming Generated Ports
---------------------------------------------------------------------------------
---------------------------------------------------------------------------------
Finished Renaming Generated Ports : Time (s): cpu = 00:00:45 ; elapsed = 00:00:46 . Memory (MB): peak = 2577.672 ; gain = 1030.266 ; free physical = 91837 ; free virtual = 115389
---------------------------------------------------------------------------------
---------------------------------------------------------------------------------
Start Handling Custom Attributes
---------------------------------------------------------------------------------
---------------------------------------------------------------------------------
Finished Handling Custom Attributes : Time (s): cpu = 00:00:45 ; elapsed = 00:00:46 . Memory (MB): peak = 2586.578 ; gain = 1039.172 ; free physical = 91834 ; free virtual = 115386
---------------------------------------------------------------------------------
---------------------------------------------------------------------------------
Start Renaming Generated Nets
---------------------------------------------------------------------------------
---------------------------------------------------------------------------------
Finished Renaming Generated Nets : Time (s): cpu = 00:00:45 ; elapsed = 00:00:46 . Memory (MB): peak = 2586.578 ; gain = 1039.172 ; free physical = 91834 ; free virtual = 115386
---------------------------------------------------------------------------------
---------------------------------------------------------------------------------
Start Writing Synthesis Report
---------------------------------------------------------------------------------

DSP Final Report (the ' indicates corresponding REG is set)
+------------+----------------+--------+--------+--------+--------+--------+------+------+------+------+-------+------+------+
|Module Name | DSP Mapping    | A Size | B Size | C Size | D Size | P Size | AREG | BREG | CREG | DREG | ADREG | MREG | PREG | 
+------------+----------------+--------+--------+--------+--------+--------+------+------+------+------+-------+------+------+
|mul         | A'*B'          | 17     | 18     | -      | -      | 48     | 1    | 1    | -    | -    | -     | 0    | 0    | 
|mul         | PCIN>>17+A'*B' | 30     | 18     | -      | -      | 30     | 1    | 1    | -    | -    | -     | 0    | 0    | 
|mul         | A'*B'          | 17     | 17     | -      | -      | 48     | 1    | 1    | -    | -    | -     | 0    | 0    | 
|mul         | PCIN>>17+A'*B' | 17     | 18     | -      | -      | 47     | 1    | 1    | -    | -    | -     | 0    | 0    | 
+------------+----------------+--------+--------+--------+--------+--------+------+------+------+------+-------+------+------+


Report BlackBoxes: 
+-+--------------+----------+
| |BlackBox name |Instances |
+-+--------------+----------+
+-+--------------+----------+

Report Cell Usage: 
+------+---------+------+
|      |Cell     |Count |
+------+---------+------+
|1     |BUFG     |     1|
|2     |CARRY4   |   184|
|3     |DSP48E1  |     4|
|4     |LUT1     |   144|
|5     |LUT2     |   318|
|6     |LUT3     |   484|
|7     |LUT4     |   311|
|8     |LUT5     |   613|
|9     |LUT6     |  3433|
|10    |MUXF7    |  1007|
|11    |MUXF8    |   291|
|12    |RAMB36E1 |     8|
|19    |FDRE     |  6820|
|20    |FDSE     |    68|
|21    |IBUF     |     2|
|22    |OBUF     |     4|
+------+---------+------+
---------------------------------------------------------------------------------
Finished Writing Synthesis Report : Time (s): cpu = 00:00:45 ; elapsed = 00:00:46 . Memory (MB): peak = 2586.578 ; gain = 1039.172 ; free physical = 91834 ; free virtual = 115386
---------------------------------------------------------------------------------
Synthesis finished with 0 errors, 0 critical warnings and 12 warnings.
Synthesis Optimization Runtime : Time (s): cpu = 00:00:43 ; elapsed = 00:00:44 . Memory (MB): peak = 2586.578 ; gain = 862.766 ; free physical = 91834 ; free virtual = 115386
Synthesis Optimization Complete : Time (s): cpu = 00:00:45 ; elapsed = 00:00:46 . Memory (MB): peak = 2586.586 ; gain = 1039.172 ; free physical = 91834 ; free virtual = 115386
INFO: [Project 1-571] Translating synthesized netlist
Netlist sorting complete. Time (s): cpu = 00:00:00.05 ; elapsed = 00:00:00.04 . Memory (MB): peak = 2586.586 ; gain = 0.000 ; free physical = 92011 ; free virtual = 115564
INFO: [Netlist 29-17] Analyzing 1494 Unisim elements for replacement
INFO: [Netlist 29-28] Unisim Transformation completed in 0 CPU seconds
INFO: [Project 1-570] Preparing netlist for logic optimization
Parsing XDC File [/home/edauser/project/SOC/Magpie_M1/flow/fpga/pynq_z2/synth_pynq.xdc]
Finished Parsing XDC File [/home/edauser/project/SOC/Magpie_M1/flow/fpga/pynq_z2/synth_pynq.xdc]
INFO: [Opt 31-138] Pushed 0 inverter(s) to 0 load pin(s).
Netlist sorting complete. Time (s): cpu = 00:00:00 ; elapsed = 00:00:00 . Memory (MB): peak = 2672.055 ; gain = 0.000 ; free physical = 92016 ; free virtual = 115570
INFO: [Project 1-111] Unisim Transformation Summary:
No Unisim elements were transformed.

Synth Design complete | Checksum: d237a4d0
INFO: [Common 17-83] Releasing license: Synthesis
74 Infos, 108 Warnings, 0 Critical Warnings and 0 Errors encountered.
synth_design completed successfully
synth_design: Time (s): cpu = 00:00:50 ; elapsed = 00:00:50 . Memory (MB): peak = 2672.055 ; gain = 1262.312 ; free physical = 92016 ; free virtual = 115570
INFO: [Common 17-2834] synth_design peak Physical Memory [PSS] (MB): overall = 1946.691; main = 1930.993; forked = 326.741
INFO: [Common 17-2834] synth_design peak Virtual Memory [VSS] (MB): overall = 3355.668; main = 2672.055; forked = 952.855
# opt_design
Command: opt_design
Attempting to get a license for feature 'Implementation' and/or device 'xc7z020'
INFO: [Common 17-349] Got license for feature 'Implementation' and/or device 'xc7z020'
Running DRC as a precondition to command opt_design

Starting DRC Task
INFO: [DRC 23-27] Running DRC with 8 threads
INFO: [Project 1-461] DRC finished with 0 Errors
INFO: [Project 1-462] Please refer to the DRC report (report_drc) for more information.

Time (s): cpu = 00:00:01 ; elapsed = 00:00:00.35 . Memory (MB): peak = 2672.055 ; gain = 0.000 ; free physical = 92011 ; free virtual = 115566

Starting Cache Timing Information Task
INFO: [Timing 38-35] Done setting XDC timing constraints.
Ending Cache Timing Information Task | Checksum: 203d402f6

Time (s): cpu = 00:00:03 ; elapsed = 00:00:03 . Memory (MB): peak = 2775.867 ; gain = 103.812 ; free physical = 91480 ; free virtual = 115467

Starting Logic Optimization Task

Phase 1 Initialization

Phase 1.1 Core Generation And Design Setup
Phase 1.1 Core Generation And Design Setup | Checksum: 203d402f6

Time (s): cpu = 00:00:00.01 ; elapsed = 00:00:00 . Memory (MB): peak = 3045.805 ; gain = 0.000 ; free physical = 91186 ; free virtual = 115174

Phase 1.2 Setup Constraints And Sort Netlist
Phase 1.2 Setup Constraints And Sort Netlist | Checksum: 203d402f6

Time (s): cpu = 00:00:00.01 ; elapsed = 00:00:00.01 . Memory (MB): peak = 3045.805 ; gain = 0.000 ; free physical = 91186 ; free virtual = 115174
Phase 1 Initialization | Checksum: 203d402f6

Time (s): cpu = 00:00:00.01 ; elapsed = 00:00:00.01 . Memory (MB): peak = 3045.805 ; gain = 0.000 ; free physical = 91186 ; free virtual = 115174

Phase 2 Timer Update And Timing Data Collection

Phase 2.1 Timer Update
Phase 2.1 Timer Update | Checksum: 203d402f6

Time (s): cpu = 00:00:00.27 ; elapsed = 00:00:00.11 . Memory (MB): peak = 3045.805 ; gain = 0.000 ; free physical = 91186 ; free virtual = 115174

Phase 2.2 Timing Data Collection
Phase 2.2 Timing Data Collection | Checksum: 203d402f6

Time (s): cpu = 00:00:00.28 ; elapsed = 00:00:00.12 . Memory (MB): peak = 3045.805 ; gain = 0.000 ; free physical = 91186 ; free virtual = 115174
Phase 2 Timer Update And Timing Data Collection | Checksum: 203d402f6

Time (s): cpu = 00:00:00.28 ; elapsed = 00:00:00.13 . Memory (MB): peak = 3045.805 ; gain = 0.000 ; free physical = 91186 ; free virtual = 115174

Phase 3 Retarget
INFO: [Opt 31-1851] Number of loadless carry chains removed were: 0
INFO: [Opt 31-1834] Total Chains To Be Transformed Were: 0 AND Number of Transformed insts Created are: 0
INFO: [Opt 31-1566] Pulled 37 inverters resulting in an inversion of 162 pins
INFO: [Opt 31-138] Pushed 0 inverter(s) to 0 load pin(s).
INFO: [Opt 31-49] Retargeted 0 cell(s).
Phase 3 Retarget | Checksum: 22bf79fc5

Time (s): cpu = 00:00:00.43 ; elapsed = 00:00:00.23 . Memory (MB): peak = 3045.805 ; gain = 0.000 ; free physical = 91186 ; free virtual = 115174
Retarget | Checksum: 22bf79fc5
INFO: [Opt 31-389] Phase Retarget created 0 cells and removed 38 cells

Phase 4 Constant propagation
INFO: [Opt 31-138] Pushed 0 inverter(s) to 0 load pin(s).
Phase 4 Constant propagation | Checksum: 198ca8175

Time (s): cpu = 00:00:00.48 ; elapsed = 00:00:00.28 . Memory (MB): peak = 3045.805 ; gain = 0.000 ; free physical = 91186 ; free virtual = 115174
Constant propagation | Checksum: 198ca8175
INFO: [Opt 31-389] Phase Constant propagation created 0 cells and removed 0 cells

Phase 5 Sweep
INFO: [Constraints 18-11670] Building netlist checker database with flags, 0x8
Done building netlist checker database: Time (s): cpu = 00:00:00.01 ; elapsed = 00:00:00 . Memory (MB): peak = 3045.805 ; gain = 0.000 ; free physical = 91186 ; free virtual = 115174
Phase 5 Sweep | Checksum: 19677a06e

Time (s): cpu = 00:00:00.55 ; elapsed = 00:00:00.36 . Memory (MB): peak = 3045.805 ; gain = 0.000 ; free physical = 91186 ; free virtual = 115173
Sweep | Checksum: 19677a06e
INFO: [Opt 31-389] Phase Sweep created 0 cells and removed 0 cells

Phase 6 BUFG optimization
Phase 6 BUFG optimization | Checksum: 19677a06e

Time (s): cpu = 00:00:00.61 ; elapsed = 00:00:00.39 . Memory (MB): peak = 3094.648 ; gain = 48.844 ; free physical = 91186 ; free virtual = 115173
BUFG optimization | Checksum: 19677a06e
INFO: [Opt 31-662] Phase BUFG optimization created 0 cells of which 0 are BUFGs and removed 0 cells.

Phase 7 Shift Register Optimization
INFO: [Opt 31-1064] SRL Remap converted 0 SRLs to 0 registers and converted 0 registers of register chains to 0 SRLs
Phase 7 Shift Register Optimization | Checksum: 19677a06e

Time (s): cpu = 00:00:00.62 ; elapsed = 00:00:00.4 . Memory (MB): peak = 3094.648 ; gain = 48.844 ; free physical = 91186 ; free virtual = 115173
Shift Register Optimization | Checksum: 19677a06e
INFO: [Opt 31-389] Phase Shift Register Optimization created 0 cells and removed 0 cells

Phase 8 Post Processing Netlist
Phase 8 Post Processing Netlist | Checksum: 19677a06e

Time (s): cpu = 00:00:00.64 ; elapsed = 00:00:00.42 . Memory (MB): peak = 3094.648 ; gain = 48.844 ; free physical = 91186 ; free virtual = 115173
Post Processing Netlist | Checksum: 19677a06e
INFO: [Opt 31-389] Phase Post Processing Netlist created 0 cells and removed 0 cells

Phase 9 Finalization

Phase 9.1 Finalizing Design Cores and Updating Shapes
Phase 9.1 Finalizing Design Cores and Updating Shapes | Checksum: 1919a62e2

Time (s): cpu = 00:00:00.74 ; elapsed = 00:00:00.47 . Memory (MB): peak = 3094.648 ; gain = 48.844 ; free physical = 91186 ; free virtual = 115173

Phase 9.2 Verifying Netlist Connectivity

Starting Connectivity Check Task

Time (s): cpu = 00:00:00.01 ; elapsed = 00:00:00.01 . Memory (MB): peak = 3094.648 ; gain = 0.000 ; free physical = 91186 ; free virtual = 115173
Phase 9.2 Verifying Netlist Connectivity | Checksum: 1919a62e2

Time (s): cpu = 00:00:00.75 ; elapsed = 00:00:00.48 . Memory (MB): peak = 3094.648 ; gain = 48.844 ; free physical = 91186 ; free virtual = 115173
Phase 9 Finalization | Checksum: 1919a62e2

Time (s): cpu = 00:00:00.75 ; elapsed = 00:00:00.49 . Memory (MB): peak = 3094.648 ; gain = 48.844 ; free physical = 91186 ; free virtual = 115173
Opt_design Change Summary
=========================


-------------------------------------------------------------------------------------------------------------------------
|  Phase                        |  #Cells created  |  #Cells Removed  |  #Constrained objects preventing optimizations  |
-------------------------------------------------------------------------------------------------------------------------
|  Retarget                     |               0  |              38  |                                              0  |
|  Constant propagation         |               0  |               0  |                                              0  |
|  Sweep                        |               0  |               0  |                                              0  |
|  BUFG optimization            |               0  |               0  |                                              0  |
|  Shift Register Optimization  |               0  |               0  |                                              0  |
|  Post Processing Netlist      |               0  |               0  |                                              0  |
-------------------------------------------------------------------------------------------------------------------------


Ending Logic Optimization Task | Checksum: 1919a62e2

Time (s): cpu = 00:00:00.76 ; elapsed = 00:00:00.49 . Memory (MB): peak = 3094.648 ; gain = 48.844 ; free physical = 91186 ; free virtual = 115173

Starting Power Optimization Task
INFO: [Pwropt 34-132] Skipping clock gating for clocks with a period < 2.00 ns.
INFO: [Timing 38-35] Done setting XDC timing constraints.
INFO: [Pwropt 34-9] Applying IDT optimizations ...
Running Vector-less Activity Propagation...
INFO: [Pwropt 34-10] Applying ODC optimizations ...

Finished Running Vector-less Activity Propagation


Starting PowerOpt Patch Enables Task
INFO: [Pwropt 34-162] WRITE_MODE attribute of 0 BRAM(s) out of a total of 8 has been updated to save power. Run report_power_opt to get a complete listing of the BRAMs updated.
INFO: [Pwropt 34-201] Structural ODC has moved 0 WE to EN ports
Number of BRAM Ports augmented: 8 newly gated: 0 Total Ports: 16
Ending PowerOpt Patch Enables Task | Checksum: 192629979

Time (s): cpu = 00:00:00.05 ; elapsed = 00:00:00.05 . Memory (MB): peak = 3329.602 ; gain = 0.000 ; free physical = 91141 ; free virtual = 115133
Ending Power Optimization Task | Checksum: 192629979

Time (s): cpu = 00:00:03 ; elapsed = 00:00:01 . Memory (MB): peak = 3329.602 ; gain = 234.953 ; free physical = 91140 ; free virtual = 115132

Starting Final Cleanup Task
Ending Final Cleanup Task | Checksum: 192629979

Time (s): cpu = 00:00:00 ; elapsed = 00:00:00 . Memory (MB): peak = 3329.602 ; gain = 0.000 ; free physical = 91140 ; free virtual = 115132

Starting Netlist Obfuscation Task
Netlist sorting complete. Time (s): cpu = 00:00:00 ; elapsed = 00:00:00 . Memory (MB): peak = 3329.602 ; gain = 0.000 ; free physical = 91140 ; free virtual = 115132
Ending Netlist Obfuscation Task | Checksum: 19124bbd9

Time (s): cpu = 00:00:00 ; elapsed = 00:00:00 . Memory (MB): peak = 3329.602 ; gain = 0.000 ; free physical = 91140 ; free virtual = 115132
INFO: [Common 17-83] Releasing license: Implementation
26 Infos, 0 Warnings, 0 Critical Warnings and 0 Errors encountered.
opt_design completed successfully
opt_design: Time (s): cpu = 00:00:09 ; elapsed = 00:00:06 . Memory (MB): peak = 3329.602 ; gain = 657.547 ; free physical = 91140 ; free virtual = 115132
# place_design
Command: place_design
Attempting to get a license for feature 'Implementation' and/or device 'xc7z020'
INFO: [Common 17-349] Got license for feature 'Implementation' and/or device 'xc7z020'
INFO: [Common 17-83] Releasing license: Implementation
INFO: [DRC 23-27] Running DRC with 8 threads
INFO: [Vivado_Tcl 4-198] DRC finished with 0 Errors
INFO: [Vivado_Tcl 4-199] Please refer to the DRC report (report_drc) for more information.
Running DRC as a precondition to command place_design
INFO: [DRC 23-27] Running DRC with 8 threads
INFO: [Vivado_Tcl 4-198] DRC finished with 0 Errors
INFO: [Vivado_Tcl 4-199] Please refer to the DRC report (report_drc) for more information.
INFO: [Place 30-611] Multithreading enabled for place_design using a maximum of 8 CPUs

Starting Placer Task

Phase 1 Placer Initialization

Phase 1.1 Placer Initialization Netlist Sorting
Netlist sorting complete. Time (s): cpu = 00:00:00 ; elapsed = 00:00:00 . Memory (MB): peak = 3329.602 ; gain = 0.000 ; free physical = 91156 ; free virtual = 115149
Phase 1.1 Placer Initialization Netlist Sorting | Checksum: 12ad34699

Time (s): cpu = 00:00:00.01 ; elapsed = 00:00:00 . Memory (MB): peak = 3329.602 ; gain = 0.000 ; free physical = 91156 ; free virtual = 115149
Netlist sorting complete. Time (s): cpu = 00:00:00 ; elapsed = 00:00:00 . Memory (MB): peak = 3329.602 ; gain = 0.000 ; free physical = 91156 ; free virtual = 115149

Phase 1.2 IO Placement/ Clock Placement/ Build Placer Device
INFO: [Timing 38-35] Done setting XDC timing constraints.
Phase 1.2 IO Placement/ Clock Placement/ Build Placer Device | Checksum: c9f0787e

Time (s): cpu = 00:00:00.86 ; elapsed = 00:00:00.34 . Memory (MB): peak = 3329.602 ; gain = 0.000 ; free physical = 91155 ; free virtual = 115152

Phase 1.3 Build Placer Netlist Model
Phase 1.3 Build Placer Netlist Model | Checksum: 102ca708c

Time (s): cpu = 00:00:03 ; elapsed = 00:00:01 . Memory (MB): peak = 3329.602 ; gain = 0.000 ; free physical = 91154 ; free virtual = 115153

Phase 1.4 Constrain Clocks/Macros
Phase 1.4 Constrain Clocks/Macros | Checksum: 102ca708c

Time (s): cpu = 00:00:03 ; elapsed = 00:00:01 . Memory (MB): peak = 3329.602 ; gain = 0.000 ; free physical = 91154 ; free virtual = 115153
Phase 1 Placer Initialization | Checksum: 102ca708c

Time (s): cpu = 00:00:03 ; elapsed = 00:00:01 . Memory (MB): peak = 3329.602 ; gain = 0.000 ; free physical = 91154 ; free virtual = 115153

Phase 2 Global Placement

Phase 2.1 Floorplanning
Phase 2.1 Floorplanning | Checksum: 10b313df1

Time (s): cpu = 00:00:04 ; elapsed = 00:00:02 . Memory (MB): peak = 3329.602 ; gain = 0.000 ; free physical = 91162 ; free virtual = 115161

Phase 2.2 Update Timing before SLR Path Opt
Phase 2.2 Update Timing before SLR Path Opt | Checksum: 10bbc1e71

Time (s): cpu = 00:00:05 ; elapsed = 00:00:02 . Memory (MB): peak = 3329.602 ; gain = 0.000 ; free physical = 91161 ; free virtual = 115160

Phase 2.3 Post-Processing in Floorplanning
Phase 2.3 Post-Processing in Floorplanning | Checksum: 10bbc1e71

Time (s): cpu = 00:00:05 ; elapsed = 00:00:02 . Memory (MB): peak = 3329.602 ; gain = 0.000 ; free physical = 91161 ; free virtual = 115160

Phase 2.4 Global Place Phase1
Phase 2.4 Global Place Phase1 | Checksum: dbebbf81

Time (s): cpu = 00:00:17 ; elapsed = 00:00:07 . Memory (MB): peak = 3329.602 ; gain = 0.000 ; free physical = 90960 ; free virtual = 115094

Phase 2.5 Global Place Phase2

Phase 2.5.1 UpdateTiming Before Physical Synthesis
Phase 2.5.1 UpdateTiming Before Physical Synthesis | Checksum: 19c9a3836

Time (s): cpu = 00:00:18 ; elapsed = 00:00:07 . Memory (MB): peak = 3329.602 ; gain = 0.000 ; free physical = 90958 ; free virtual = 115093

Phase 2.5.2 Physical Synthesis In Placer
INFO: [Physopt 32-1035] Found 71 LUTNM shape to break, 231 LUT instances to create LUTNM shape
INFO: [Physopt 32-1044] Break lutnm for timing: one critical 12, two critical 59, total 71, new lutff created 0
INFO: [Physopt 32-1138] End 1 Pass. Optimized 164 nets or LUTs. Breaked 71 LUTs, combined 93 existing LUTs and moved 0 existing LUT
INFO: [Physopt 32-65] No nets found for high-fanout optimization.
INFO: [Physopt 32-232] Optimized 0 net. Created 0 new instance.
INFO: [Physopt 32-775] End 1 Pass. Optimized 0 net or cell. Created 0 new cell, deleted 0 existing cell and moved 0 existing cell
INFO: [Physopt 32-456] No candidate cells for DSP register optimization found in the design.
INFO: [Physopt 32-775] End 2 Pass. Optimized 0 net or cell. Created 0 new cell, deleted 0 existing cell and moved 0 existing cell
INFO: [Physopt 32-1123] No candidate cells found for Shift Register to Pipeline optimization
INFO: [Physopt 32-775] End 2 Pass. Optimized 0 net or cell. Created 0 new cell, deleted 0 existing cell and moved 0 existing cell
INFO: [Physopt 32-1401] No candidate cells found for Shift Register optimization.
INFO: [Physopt 32-677] No candidate cells for Shift Register optimization found in the design
INFO: [Physopt 32-775] End 1 Pass. Optimized 0 net or cell. Created 0 new cell, deleted 0 existing cell and moved 0 existing cell
INFO: [Physopt 32-527] Pass 1: Identified 3 candidate cells for BRAM register optimization
INFO: [Physopt 32-665] Processed cell u_bram/mem_reg_1_1. 8 registers were pushed out.
INFO: [Physopt 32-665] Processed cell u_bram/mem_reg_1_3. 8 registers were pushed out.
INFO: [Physopt 32-665] Processed cell u_bram/mem_reg_1_2. 8 registers were pushed out.
INFO: [Physopt 32-775] End 1 Pass. Optimized 3 nets or cells. Created 24 new cells, deleted 0 existing cell and moved 0 existing cell
Netlist sorting complete. Time (s): cpu = 00:00:00.02 ; elapsed = 00:00:00.02 . Memory (MB): peak = 3329.602 ; gain = 0.000 ; free physical = 90953 ; free virtual = 115090
INFO: [Physopt 32-846] No candidate cells for URAM register optimization found in the design
INFO: [Physopt 32-775] End 1 Pass. Optimized 0 net or cell. Created 0 new cell, deleted 0 existing cell and moved 0 existing cell
INFO: [Physopt 32-846] No candidate cells for URAM register optimization found in the design
INFO: [Physopt 32-775] End 1 Pass. Optimized 0 net or cell. Created 0 new cell, deleted 0 existing cell and moved 0 existing cell
INFO: [Physopt 32-949] No candidate nets found for dynamic/static region interface net replication
INFO: [Physopt 32-775] End 1 Pass. Optimized 0 net or cell. Created 0 new cell, deleted 0 existing cell and moved 0 existing cell
Netlist sorting complete. Time (s): cpu = 00:00:00 ; elapsed = 00:00:00 . Memory (MB): peak = 3329.602 ; gain = 0.000 ; free physical = 90952 ; free virtual = 115089

Summary of Physical Synthesis Optimizations
============================================


-----------------------------------------------------------------------------------------------------------------------------------------------------------
|  Optimization                                     |  Added Cells  |  Removed Cells  |  Optimized Cells/Nets  |  Dont Touch  |  Iterations  |  Elapsed   |
-----------------------------------------------------------------------------------------------------------------------------------------------------------
|  LUT Combining                                    |           71  |             93  |                   164  |           0  |           1  |  00:00:00  |
|  Retime                                           |            0  |              0  |                     0  |           0  |           1  |  00:00:00  |
|  Very High Fanout                                 |            0  |              0  |                     0  |           0  |           1  |  00:00:00  |
|  DSP Register                                     |            0  |              0  |                     0  |           0  |           1  |  00:00:00  |
|  Shift Register to Pipeline                       |            0  |              0  |                     0  |           0  |           1  |  00:00:00  |
|  Shift Register                                   |            0  |              0  |                     0  |           0  |           1  |  00:00:00  |
|  BRAM Register                                    |           24  |              0  |                     3  |           0  |           1  |  00:00:00  |
|  URAM Register                                    |            0  |              0  |                     0  |           0  |           1  |  00:00:00  |
|  Dynamic/Static Region Interface Net Replication  |            0  |              0  |                     0  |           0  |           1  |  00:00:00  |
|  Total                                            |           95  |             93  |                   167  |           0  |           9  |  00:00:00  |
-----------------------------------------------------------------------------------------------------------------------------------------------------------


Phase 2.5.2 Physical Synthesis In Placer | Checksum: 20e3a5527

Time (s): cpu = 00:00:19 ; elapsed = 00:00:08 . Memory (MB): peak = 3329.602 ; gain = 0.000 ; free physical = 90944 ; free virtual = 115081
Phase 2.5 Global Place Phase2 | Checksum: 1cfe2a56c

Time (s): cpu = 00:00:20 ; elapsed = 00:00:08 . Memory (MB): peak = 3329.602 ; gain = 0.000 ; free physical = 90944 ; free virtual = 115081
Phase 2 Global Placement | Checksum: 1cfe2a56c

Time (s): cpu = 00:00:20 ; elapsed = 00:00:08 . Memory (MB): peak = 3329.602 ; gain = 0.000 ; free physical = 90944 ; free virtual = 115081

Phase 3 Detail Placement

Phase 3.1 Commit Multi Column Macros
Phase 3.1 Commit Multi Column Macros | Checksum: 23759a186

Time (s): cpu = 00:00:21 ; elapsed = 00:00:09 . Memory (MB): peak = 3329.602 ; gain = 0.000 ; free physical = 90943 ; free virtual = 115081

Phase 3.2 Commit Most Macros & LUTRAMs
Phase 3.2 Commit Most Macros & LUTRAMs | Checksum: 1990c2696

Time (s): cpu = 00:00:23 ; elapsed = 00:00:10 . Memory (MB): peak = 3329.602 ; gain = 0.000 ; free physical = 90941 ; free virtual = 115084

Phase 3.3 Area Swap Optimization
Phase 3.3 Area Swap Optimization | Checksum: 1d7a0d750

Time (s): cpu = 00:00:23 ; elapsed = 00:00:10 . Memory (MB): peak = 3329.602 ; gain = 0.000 ; free physical = 90937 ; free virtual = 115082

Phase 3.4 Pipeline Register Optimization
Phase 3.4 Pipeline Register Optimization | Checksum: 1b153a80f

Time (s): cpu = 00:00:23 ; elapsed = 00:00:10 . Memory (MB): peak = 3329.602 ; gain = 0.000 ; free physical = 90936 ; free virtual = 115081

Phase 3.5 Fast Optimization
Phase 3.5 Fast Optimization | Checksum: 1378355bf

Time (s): cpu = 00:00:26 ; elapsed = 00:00:11 . Memory (MB): peak = 3329.602 ; gain = 0.000 ; free physical = 90971 ; free virtual = 115154

Phase 3.6 Small Shape Detail Placement
Phase 3.6 Small Shape Detail Placement | Checksum: 22f4ead7e

Time (s): cpu = 00:00:30 ; elapsed = 00:00:17 . Memory (MB): peak = 3329.602 ; gain = 0.000 ; free physical = 90981 ; free virtual = 115164

Phase 3.7 Re-assign LUT pins
Phase 3.7 Re-assign LUT pins | Checksum: 20e899e81

Time (s): cpu = 00:00:30 ; elapsed = 00:00:17 . Memory (MB): peak = 3329.602 ; gain = 0.000 ; free physical = 90981 ; free virtual = 115164

Phase 3.8 Pipeline Register Optimization
Phase 3.8 Pipeline Register Optimization | Checksum: 15cda02a5

Time (s): cpu = 00:00:30 ; elapsed = 00:00:18 . Memory (MB): peak = 3329.602 ; gain = 0.000 ; free physical = 90981 ; free virtual = 115164

Phase 3.9 Fast Optimization
Phase 3.9 Fast Optimization | Checksum: 22288e139

Time (s): cpu = 00:00:35 ; elapsed = 00:00:20 . Memory (MB): peak = 3329.602 ; gain = 0.000 ; free physical = 90962 ; free virtual = 115145
Phase 3 Detail Placement | Checksum: 22288e139

Time (s): cpu = 00:00:35 ; elapsed = 00:00:20 . Memory (MB): peak = 3329.602 ; gain = 0.000 ; free physical = 90966 ; free virtual = 115149

Phase 4 Post Placement Optimization and Clean-Up

Phase 4.1 Post Commit Optimization
INFO: [Timing 38-35] Done setting XDC timing constraints.

Phase 4.1.1 Post Placement Optimization
Post Placement Optimization Initialization | Checksum: 131a4d0f6

Phase 4.1.1.1 BUFG Insertion

Starting Physical Synthesis Task

Phase 1 Physical Synthesis Initialization
INFO: [Physopt 32-721] Multithreading enabled for phys_opt_design using a maximum of 8 CPUs
INFO: [Physopt 32-619] Estimated Timing Summary | WNS=-1.187 | TNS=-1.187 |
Phase 1 Physical Synthesis Initialization | Checksum: 148128ba8

Time (s): cpu = 00:00:00.55 ; elapsed = 00:00:00.2 . Memory (MB): peak = 3329.602 ; gain = 0.000 ; free physical = 90970 ; free virtual = 115154
INFO: [Place 46-33] Processed net u_cpu/u_cpu/u_core/u_bp/resetn_reg, BUFG insertion was skipped due to placement/routing conflicts.
INFO: [Place 46-56] BUFG insertion identified 1 candidate nets. Inserted BUFG: 0, Replicated BUFG Driver: 0, Skipped due to Placement/Routing Conflicts: 1, Skipped due to Timing Degradation: 0, Skipped due to netlist editing failed: 0.
Ending Physical Synthesis Task | Checksum: d92c4757

Time (s): cpu = 00:00:00.78 ; elapsed = 00:00:00.38 . Memory (MB): peak = 3329.602 ; gain = 0.000 ; free physical = 90974 ; free virtual = 115158
Phase 4.1.1.1 BUFG Insertion | Checksum: 131a4d0f6

Time (s): cpu = 00:00:38 ; elapsed = 00:00:22 . Memory (MB): peak = 3329.602 ; gain = 0.000 ; free physical = 90970 ; free virtual = 115154

Phase 4.1.1.2 Post Placement Timing Optimization
INFO: [Place 30-746] Post Placement Timing Summary WNS=0.326. For the most accurate timing information please run report_timing.
Phase 4.1.1.2 Post Placement Timing Optimization | Checksum: 193836fad

Time (s): cpu = 00:00:45 ; elapsed = 00:00:28 . Memory (MB): peak = 3329.602 ; gain = 0.000 ; free physical = 90974 ; free virtual = 115158

Time (s): cpu = 00:00:45 ; elapsed = 00:00:28 . Memory (MB): peak = 3329.602 ; gain = 0.000 ; free physical = 90974 ; free virtual = 115158
Phase 4.1 Post Commit Optimization | Checksum: 193836fad

Time (s): cpu = 00:00:45 ; elapsed = 00:00:28 . Memory (MB): peak = 3329.602 ; gain = 0.000 ; free physical = 90974 ; free virtual = 115158

Phase 4.2 Post Placement Cleanup
Phase 4.2 Post Placement Cleanup | Checksum: 193836fad

Time (s): cpu = 00:00:46 ; elapsed = 00:00:28 . Memory (MB): peak = 3329.602 ; gain = 0.000 ; free physical = 90974 ; free virtual = 115158

Phase 4.3 Placer Reporting

Phase 4.3.1 Print Estimated Congestion
INFO: [Place 30-612] Post-Placement Estimated Congestion 
 ____________________________________________________
|           | Global Congestion | Short Congestion  |
| Direction | Region Size       | Region Size       |
|___________|___________________|___________________|
|      North|                1x1|                8x8|
|___________|___________________|___________________|
|      South|                1x1|                4x4|
|___________|___________________|___________________|
|       East|                2x2|                2x2|
|___________|___________________|___________________|
|       West|                1x1|                1x1|
|___________|___________________|___________________|

Phase 4.3.1 Print Estimated Congestion | Checksum: 193836fad

Time (s): cpu = 00:00:46 ; elapsed = 00:00:28 . Memory (MB): peak = 3329.602 ; gain = 0.000 ; free physical = 90974 ; free virtual = 115158
Phase 4.3 Placer Reporting | Checksum: 193836fad

Time (s): cpu = 00:00:46 ; elapsed = 00:00:28 . Memory (MB): peak = 3329.602 ; gain = 0.000 ; free physical = 90974 ; free virtual = 115158

Phase 4.4 Final Placement Cleanup
Netlist sorting complete. Time (s): cpu = 00:00:00.01 ; elapsed = 00:00:00.01 . Memory (MB): peak = 3329.602 ; gain = 0.000 ; free physical = 90974 ; free virtual = 115158

Time (s): cpu = 00:00:46 ; elapsed = 00:00:28 . Memory (MB): peak = 3329.602 ; gain = 0.000 ; free physical = 90974 ; free virtual = 115158
Phase 4 Post Placement Optimization and Clean-Up | Checksum: 23148ed7d

Time (s): cpu = 00:00:46 ; elapsed = 00:00:28 . Memory (MB): peak = 3329.602 ; gain = 0.000 ; free physical = 90974 ; free virtual = 115158
Ending Placer Task | Checksum: 133b04a4f

Time (s): cpu = 00:00:46 ; elapsed = 00:00:28 . Memory (MB): peak = 3329.602 ; gain = 0.000 ; free physical = 90974 ; free virtual = 115158
41 Infos, 0 Warnings, 0 Critical Warnings and 0 Errors encountered.
place_design completed successfully
place_design: Time (s): cpu = 00:00:48 ; elapsed = 00:00:29 . Memory (MB): peak = 3329.602 ; gain = 0.000 ; free physical = 90974 ; free virtual = 115158
# phys_opt_design
Command: phys_opt_design
Attempting to get a license for feature 'Implementation' and/or device 'xc7z020'
INFO: [Common 17-349] Got license for feature 'Implementation' and/or device 'xc7z020'

Starting Initial Update Timing Task

Time (s): cpu = 00:00:02 ; elapsed = 00:00:00.6 . Memory (MB): peak = 3329.602 ; gain = 0.000 ; free physical = 90973 ; free virtual = 115157
INFO: [Vivado_Tcl 4-2279] Estimated Timing Summary | WNS= 0.326 | TNS= 0.000 | 
INFO: [Vivado_Tcl 4-383] Design worst setup slack (WNS) is greater than or equal to 0.000 ns. All physical synthesis setup optimizations will be skipped.
INFO: [Vivado_Tcl 4-232] No setup violation found. The netlist was not modified.
INFO: [Common 17-83] Releasing license: Implementation
5 Infos, 0 Warnings, 0 Critical Warnings and 0 Errors encountered.
phys_opt_design completed successfully
# route_design
Command: route_design
Attempting to get a license for feature 'Implementation' and/or device 'xc7z020'
INFO: [Common 17-349] Got license for feature 'Implementation' and/or device 'xc7z020'


Starting Routing Task
INFO: [Route 35-254] Multithreading enabled for route_design using a maximum of 8 CPUs

Phase 1 Build RT Design
Checksum: PlaceDB: 4994481c ConstDB: 0 ShapeSum: d4228f43 RouteDB: 15f972f0
Post Restoration Checksum: NetGraph: abab3ec5 | NumContArr: ab5e75fc | Constraints: c2a8fa9d | Timing: c2a8fa9d
Phase 1 Build RT Design | Checksum: 2dc5ba9fb

Time (s): cpu = 00:00:12 ; elapsed = 00:00:09 . Memory (MB): peak = 3329.602 ; gain = 0.000 ; free physical = 90961 ; free virtual = 115154

Phase 2 Router Initialization

Phase 2.1 Fix Topology Constraints
Phase 2.1 Fix Topology Constraints | Checksum: 2dc5ba9fb

Time (s): cpu = 00:00:12 ; elapsed = 00:00:09 . Memory (MB): peak = 3329.602 ; gain = 0.000 ; free physical = 90961 ; free virtual = 115154

Phase 2.2 Pre Route Cleanup
Phase 2.2 Pre Route Cleanup | Checksum: 2dc5ba9fb

Time (s): cpu = 00:00:12 ; elapsed = 00:00:09 . Memory (MB): peak = 3329.602 ; gain = 0.000 ; free physical = 90961 ; free virtual = 115155
 Number of Nodes with overlaps = 0

Phase 2.3 Update Timing
Phase 2.3 Update Timing | Checksum: 2d439901d

Time (s): cpu = 00:00:15 ; elapsed = 00:00:10 . Memory (MB): peak = 3329.602 ; gain = 0.000 ; free physical = 90963 ; free virtual = 115157
INFO: [Route 35-416] Intermediate Timing Summary | WNS=0.449  | TNS=0.000  | WHS=-0.145 | THS=-20.348|


Router Utilization Summary
  Global Vertical Routing Utilization    = 0 %
  Global Horizontal Routing Utilization  = 0 %
  Routable Net Status*
  *Does not include unroutable nets such as driverless and loadless.
  Run report_route_status for detailed report.
  Number of Failed Nets               = 10648
    (Failed Nets is the sum of unrouted and partially routed nets)
  Number of Unrouted Nets             = 10648
  Number of Partially Routed Nets     = 0
  Number of Node Overlaps             = 0

Phase 2 Router Initialization | Checksum: 33ae4f946

Time (s): cpu = 00:00:17 ; elapsed = 00:00:11 . Memory (MB): peak = 3329.602 ; gain = 0.000 ; free physical = 90963 ; free virtual = 115157

Phase 3 Global Routing
Phase 3 Global Routing | Checksum: 33ae4f946

Time (s): cpu = 00:00:17 ; elapsed = 00:00:11 . Memory (MB): peak = 3329.602 ; gain = 0.000 ; free physical = 90963 ; free virtual = 115157

Phase 4 Initial Routing

Phase 4.1 Initial Net Routing Pass
Phase 4.1 Initial Net Routing Pass | Checksum: 29ccc08a3

Time (s): cpu = 00:00:20 ; elapsed = 00:00:13 . Memory (MB): peak = 3329.602 ; gain = 0.000 ; free physical = 90924 ; free virtual = 115119
Phase 4 Initial Routing | Checksum: 29ccc08a3

Time (s): cpu = 00:00:20 ; elapsed = 00:00:13 . Memory (MB): peak = 3329.602 ; gain = 0.000 ; free physical = 90924 ; free virtual = 115119

Phase 5 Rip-up And Reroute

Phase 5.1 Global Iteration 0
 Number of Nodes with overlaps = 5065
 Number of Nodes with overlaps = 2871
 Number of Nodes with overlaps = 1443
 Number of Nodes with overlaps = 660
 Number of Nodes with overlaps = 218
 Number of Nodes with overlaps = 125
 Number of Nodes with overlaps = 47
 Number of Nodes with overlaps = 17
 Number of Nodes with overlaps = 11
 Number of Nodes with overlaps = 14
 Number of Nodes with overlaps = 3
 Number of Nodes with overlaps = 2
 Number of Nodes with overlaps = 0
INFO: [Route 35-416] Intermediate Timing Summary | WNS=-0.574 | TNS=-0.574 | WHS=N/A    | THS=N/A    |

Phase 5.1 Global Iteration 0 | Checksum: 2409875a0

Time (s): cpu = 00:00:54 ; elapsed = 00:00:26 . Memory (MB): peak = 3329.602 ; gain = 0.000 ; free physical = 90922 ; free virtual = 115117

Phase 5.2 Global Iteration 1
 Number of Nodes with overlaps = 840
 Number of Nodes with overlaps = 748
 Number of Nodes with overlaps = 428
 Number of Nodes with overlaps = 221
 Number of Nodes with overlaps = 116
 Number of Nodes with overlaps = 80
 Number of Nodes with overlaps = 51
 Number of Nodes with overlaps = 23
 Number of Nodes with overlaps = 17
 Number of Nodes with overlaps = 9
 Number of Nodes with overlaps = 5
 Number of Nodes with overlaps = 3
 Number of Nodes with overlaps = 3
 Number of Nodes with overlaps = 0
INFO: [Route 35-416] Intermediate Timing Summary | WNS=-0.425 | TNS=-0.425 | WHS=N/A    | THS=N/A    |

Phase 5.2 Global Iteration 1 | Checksum: 279243745

Time (s): cpu = 00:01:10 ; elapsed = 00:00:32 . Memory (MB): peak = 3329.602 ; gain = 0.000 ; free physical = 90918 ; free virtual = 115114

Phase 5.3 Global Iteration 2
 Number of Nodes with overlaps = 961
 Number of Nodes with overlaps = 528
 Number of Nodes with overlaps = 469
 Number of Nodes with overlaps = 248
 Number of Nodes with overlaps = 164
 Number of Nodes with overlaps = 118
 Number of Nodes with overlaps = 57
 Number of Nodes with overlaps = 48
 Number of Nodes with overlaps = 15
 Number of Nodes with overlaps = 8
 Number of Nodes with overlaps = 3
 Number of Nodes with overlaps = 1
 Number of Nodes with overlaps = 0
INFO: [Route 35-416] Intermediate Timing Summary | WNS=-0.284 | TNS=-0.284 | WHS=N/A    | THS=N/A    |

Phase 5.3 Global Iteration 2 | Checksum: 1c884a22c

Time (s): cpu = 00:01:27 ; elapsed = 00:00:39 . Memory (MB): peak = 3329.602 ; gain = 0.000 ; free physical = 90929 ; free virtual = 115125

Phase 5.4 Global Iteration 3
 Number of Nodes with overlaps = 994
 Number of Nodes with overlaps = 590
 Number of Nodes with overlaps = 305
 Number of Nodes with overlaps = 253
 Number of Nodes with overlaps = 134
 Number of Nodes with overlaps = 82
 Number of Nodes with overlaps = 33
 Number of Nodes with overlaps = 26
 Number of Nodes with overlaps = 15
 Number of Nodes with overlaps = 5
 Number of Nodes with overlaps = 2
 Number of Nodes with overlaps = 2
 Number of Nodes with overlaps = 1
 Number of Nodes with overlaps = 0
INFO: [Route 35-416] Intermediate Timing Summary | WNS=-0.286 | TNS=-0.286 | WHS=N/A    | THS=N/A    |

Phase 5.4 Global Iteration 3 | Checksum: 18d0b34ac

Time (s): cpu = 00:01:43 ; elapsed = 00:00:47 . Memory (MB): peak = 3329.602 ; gain = 0.000 ; free physical = 90915 ; free virtual = 115118
Phase 5 Rip-up And Reroute | Checksum: 18d0b34ac

Time (s): cpu = 00:01:43 ; elapsed = 00:00:47 . Memory (MB): peak = 3329.602 ; gain = 0.000 ; free physical = 90915 ; free virtual = 115118

Phase 6 Delay and Skew Optimization

Phase 6.1 Delay CleanUp

Phase 6.1.1 Update Timing
Phase 6.1.1 Update Timing | Checksum: 15dc64872

Time (s): cpu = 00:01:44 ; elapsed = 00:00:47 . Memory (MB): peak = 3329.602 ; gain = 0.000 ; free physical = 90915 ; free virtual = 115118
INFO: [Route 35-416] Intermediate Timing Summary | WNS=-0.270 | TNS=-0.270 | WHS=N/A    | THS=N/A    |

 Number of Nodes with overlaps = 0
Phase 6.1 Delay CleanUp | Checksum: 1b9984360

Time (s): cpu = 00:01:44 ; elapsed = 00:00:47 . Memory (MB): peak = 3329.602 ; gain = 0.000 ; free physical = 90915 ; free virtual = 115118

Phase 6.2 Clock Skew Optimization
Phase 6.2 Clock Skew Optimization | Checksum: 1b9984360

Time (s): cpu = 00:01:44 ; elapsed = 00:00:47 . Memory (MB): peak = 3329.602 ; gain = 0.000 ; free physical = 90915 ; free virtual = 115118
Phase 6 Delay and Skew Optimization | Checksum: 1b9984360

Time (s): cpu = 00:01:44 ; elapsed = 00:00:47 . Memory (MB): peak = 3329.602 ; gain = 0.000 ; free physical = 90915 ; free virtual = 115118

Phase 7 Post Hold Fix

Phase 7.1 Hold Fix Iter
INFO: [Route 35-416] Intermediate Timing Summary | WNS=-0.270 | TNS=-0.270 | WHS=0.007  | THS=0.000  |

Phase 7.1 Hold Fix Iter | Checksum: 1ead372d5

Time (s): cpu = 00:01:45 ; elapsed = 00:00:47 . Memory (MB): peak = 3329.602 ; gain = 0.000 ; free physical = 90915 ; free virtual = 115118
Phase 7 Post Hold Fix | Checksum: 1ead372d5

Time (s): cpu = 00:01:45 ; elapsed = 00:00:47 . Memory (MB): peak = 3329.602 ; gain = 0.000 ; free physical = 90915 ; free virtual = 115118

Phase 8 Route finalize

Router Utilization Summary
  Global Vertical Routing Utilization    = 4.34203 %
  Global Horizontal Routing Utilization  = 4.86984 %
  Routable Net Status*
  *Does not include unroutable nets such as driverless and loadless.
  Run report_route_status for detailed report.
  Number of Failed Nets               = 0
    (Failed Nets is the sum of unrouted and partially routed nets)
  Number of Unrouted Nets             = 0
  Number of Partially Routed Nets     = 0
  Number of Node Overlaps             = 0


--GLOBAL Congestion:
Utilization threshold used for congestion level computation: 0.85
Congestion Report
North Dir 1x1 Area, Max Cong = 76.5766%, No Congested Regions.
South Dir 1x1 Area, Max Cong = 78.3784%, No Congested Regions.
East Dir 1x1 Area, Max Cong = 88.2353%, Congestion bounded by tiles (Lower Left Tile -> Upper Right Tile):
   INT_R_X39Y91 -> INT_R_X39Y91
   INT_R_X29Y66 -> INT_R_X29Y66
   INT_R_X29Y65 -> INT_R_X29Y65
West Dir 1x1 Area, Max Cong = 83.8235%, No Congested Regions.

------------------------------
Reporting congestion hotspots
------------------------------
Direction: North
----------------
Congested clusters found at Level 0
Effective congestion level: 0 Aspect Ratio: 1 Sparse Ratio: 0
Direction: South
----------------
Congested clusters found at Level 0
Effective congestion level: 0 Aspect Ratio: 1 Sparse Ratio: 0
Direction: East
----------------
Congested clusters found at Level 0
Effective congestion level: 1 Aspect Ratio: 0.5 Sparse Ratio: 0.5
Direction: West
----------------
Congested clusters found at Level 0
Effective congestion level: 0 Aspect Ratio: 1 Sparse Ratio: 0

Phase 8 Route finalize | Checksum: 1ead372d5

Time (s): cpu = 00:01:45 ; elapsed = 00:00:47 . Memory (MB): peak = 3329.602 ; gain = 0.000 ; free physical = 90914 ; free virtual = 115117

Phase 9 Verifying routed nets

 Verification completed successfully
Phase 9 Verifying routed nets | Checksum: 1ead372d5

Time (s): cpu = 00:01:45 ; elapsed = 00:00:47 . Memory (MB): peak = 3329.602 ; gain = 0.000 ; free physical = 90914 ; free virtual = 115117

Phase 10 Depositing Routes
Phase 10 Depositing Routes | Checksum: 1df7c57b1

Time (s): cpu = 00:01:46 ; elapsed = 00:00:48 . Memory (MB): peak = 3329.602 ; gain = 0.000 ; free physical = 90914 ; free virtual = 115116

Phase 11 Post Process Routing
Phase 11 Post Process Routing | Checksum: 1df7c57b1

Time (s): cpu = 00:01:46 ; elapsed = 00:00:48 . Memory (MB): peak = 3329.602 ; gain = 0.000 ; free physical = 90914 ; free virtual = 115116

Phase 12 Post Router Timing
INFO: [Route 35-57] Estimated Timing Summary | WNS=-0.270 | TNS=-0.270 | WHS=0.007  | THS=0.000  |

WARNING: [Route 35-328] Router estimated timing not met.
Resolution: For a complete and accurate timing signoff, report_timing_summary must be run after route_design. Alternatively, route_design can be run with the -timing_summary option to enable a complete timing signoff at the end of route_design.
Phase 12 Post Router Timing | Checksum: 1df7c57b1

Time (s): cpu = 00:01:46 ; elapsed = 00:00:48 . Memory (MB): peak = 3329.602 ; gain = 0.000 ; free physical = 90914 ; free virtual = 115116
Total Elapsed time in route_design: 47.53 secs

Phase 13 Post-Route Event Processing
Phase 13 Post-Route Event Processing | Checksum: 181768fe7

Time (s): cpu = 00:01:46 ; elapsed = 00:00:48 . Memory (MB): peak = 3329.602 ; gain = 0.000 ; free physical = 90914 ; free virtual = 115116
INFO: [Route 35-16] Router Completed Successfully
Ending Routing Task | Checksum: 181768fe7

Time (s): cpu = 00:01:46 ; elapsed = 00:00:48 . Memory (MB): peak = 3329.602 ; gain = 0.000 ; free physical = 90914 ; free virtual = 115116

Routing Is Done.
INFO: [Common 17-83] Releasing license: Implementation
12 Infos, 1 Warnings, 0 Critical Warnings and 0 Errors encountered.
route_design completed successfully
route_design: Time (s): cpu = 00:01:46 ; elapsed = 00:00:48 . Memory (MB): peak = 3329.602 ; gain = 0.000 ; free physical = 90913 ; free virtual = 115116
# report_utilization -file utilization.rpt
# report_timing_summary -file timing.rpt
INFO: [Timing 38-91] UpdateTimingParams: Speed grade: -1, Delay Type: min_max.
INFO: [Timing 38-191] Multithreading enabled for timing update using a maximum of 8 CPUs
# write_checkpoint -force system_pynq_m1.dcp
INFO: [Timing 38-480] Writing timing data to binary archive.
Write ShapeDB Complete: Time (s): cpu = 00:00:00.04 ; elapsed = 00:00:00 . Memory (MB): peak = 3329.602 ; gain = 0.000 ; free physical = 90918 ; free virtual = 115121
Wrote PlaceDB: Time (s): cpu = 00:00:00.7 ; elapsed = 00:00:00.41 . Memory (MB): peak = 3329.602 ; gain = 0.000 ; free physical = 90903 ; free virtual = 115120
Wrote PulsedLatchDB: Time (s): cpu = 00:00:00 ; elapsed = 00:00:00 . Memory (MB): peak = 3329.602 ; gain = 0.000 ; free physical = 90903 ; free virtual = 115120
Writing XDEF routing.
Writing XDEF routing logical nets.
Writing XDEF routing special nets.
Wrote RouteStorage: Time (s): cpu = 00:00:00.19 ; elapsed = 00:00:00.15 . Memory (MB): peak = 3329.602 ; gain = 0.000 ; free physical = 90900 ; free virtual = 115118
Wrote Netlist Cache: Time (s): cpu = 00:00:00.02 ; elapsed = 00:00:00.02 . Memory (MB): peak = 3329.602 ; gain = 0.000 ; free physical = 90899 ; free virtual = 115118
Wrote Device Cache: Time (s): cpu = 00:00:00 ; elapsed = 00:00:00.01 . Memory (MB): peak = 3329.602 ; gain = 0.000 ; free physical = 90898 ; free virtual = 115118
Write Physdb Complete: Time (s): cpu = 00:00:00.92 ; elapsed = 00:00:00.59 . Memory (MB): peak = 3329.602 ; gain = 0.000 ; free physical = 90898 ; free virtual = 115118
INFO: [Common 17-1381] The checkpoint '/home/edauser/project/SOC/Magpie_M1/flow/fpga/pynq_z2/system_pynq_m1.dcp' has been generated.
# write_bitstream -force system_pynq_m1.bit
Command: write_bitstream -force system_pynq_m1.bit
Attempting to get a license for feature 'Implementation' and/or device 'xc7z020'
INFO: [Common 17-349] Got license for feature 'Implementation' and/or device 'xc7z020'
Running DRC as a precondition to command write_bitstream
INFO: [IP_Flow 19-234] Refreshing IP repositories
INFO: [IP_Flow 19-1704] No user IP repositories specified
INFO: [IP_Flow 19-2313] Loaded Vivado IP repository '/tools/Xilinx/Vivado/2024.2/data/ip'.
INFO: [DRC 23-27] Running DRC with 8 threads
INFO: [Vivado 12-3199] DRC finished with 0 Errors
INFO: [Vivado 12-3200] Please refer to the DRC report (report_drc) for more information.
INFO: [Designutils 20-2272] Running write_bitstream with 8 threads.
Loading data files...
Loading site data...
Loading route data...
Processing options...
Creating bitmap...
Creating bitstream...
Writing bitstream ./system_pynq_m1.bit...
INFO: [Vivado 12-1842] Bitgen Completed Successfully.
INFO: [Project 1-1876] WebTalk data collection is mandatory when using a ULT device. To see the specific WebTalk data collected for your design, open the usage_statistics_webtalk.html or usage_statistics_webtalk.xml file in the implementation directory.
INFO: [Common 17-83] Releasing license: Implementation
11 Infos, 0 Warnings, 0 Critical Warnings and 0 Errors encountered.
write_bitstream completed successfully
write_bitstream: Time (s): cpu = 00:00:15 ; elapsed = 00:00:06 . Memory (MB): peak = 3487.371 ; gain = 157.770 ; free physical = 90558 ; free virtual = 114784
INFO: [Common 17-206] Exiting Vivado at Wed Jun 10 12:14:50 2026...
