#-----------------------------------------------------------
# Vivado v2024.2 (64-bit)
# SW Build 5239630 on Fri Nov 08 22:34:34 MST 2024
# IP Build 5239520 on Sun Nov 10 16:12:51 MST 2024
# SharedData Build 5239561 on Fri Nov 08 14:39:27 MST 2024
# Start of session at: Wed Jun 10 12:15:07 2026
# Process ID         : 508602
# Current directory  : /home/edauser/project/SOC/Magpie_M1/flow/fpga/pynq_z2
# Command line       : vivado -nojournal -log synth_pynq.log -mode batch -source synth_pynq.tcl
# Log file           : /home/edauser/project/SOC/Magpie_M1/flow/fpga/pynq_z2/synth_pynq.log
# Journal file       : 
# Running On         : eda
# Platform           : AlmaLinux
# Operating System   : AlmaLinux release 8.10 (Cerulean Leopard)
# Processor Detail   : AMD RYZEN AI MAX+ 395 w/ Radeon 8060S
# CPU Frequency      : 2994.191 MHz
# CPU Physical cores : 12
# CPU Logical cores  : 24
# Host memory        : 101246 MB
# Swap memory        : 25769 MB
# Total Virtual      : 127016 MB
# Available Virtual  : 122584 MB
#-----------------------------------------------------------
source synth_pynq.tcl
# set root [file normalize "../../.."]
# read_verilog -sv [file join $root IP/cpu_m1/rtl/def.vh]
# read_verilog -sv [file join $root IP/cpu_m1/rtl/rfu.v]
# read_verilog -sv [file join $root IP/cpu_m1/rtl/alu.v]
# read_verilog -sv [file join $root IP/cpu_m1/rtl/idu.v]
# read_verilog -sv [file join $root IP/cpu_m1/rtl/ifu.v]
# read_verilog -sv [file join $root IP/cpu_m1/rtl/lsu.v]
# read_verilog -sv [file join $root IP/cpu_m1/rtl/csr.v]
# read_verilog -sv [file join $root IP/cpu_m1/rtl/mul.v]
# read_verilog -sv [file join $root IP/cpu_m1/rtl/div.v]
# read_verilog -sv [file join $root IP/cpu_m1/rtl/forward.v]
# read_verilog -sv [file join $root IP/cpu_m1/rtl/hazard.v]
# read_verilog -sv [file join $root IP/cpu_m1/rtl/bp.v]
# read_verilog -sv [file join $root IP/cpu_m1/rtl/ras.v]
# read_verilog -sv [file join $root IP/cpu_m1/rtl/cdec.v]
# read_verilog -sv [file join $root IP/cpu_m1/rtl/core.v]
# read_verilog -sv [file join $root IP/cpu_m1/rtl/cpu_m1_top.v]
# read_verilog -sv [file join $root IP/cpu_m1/rtl/axil_bridge.v]
# read_verilog -sv [file join $root IP/cpu_m1/rtl/cpu_m1_axil_top.v]
# read_verilog -sv [file join $root IP/cpu_m1/soc/axil_bootrom.v]
# read_verilog -sv [file join $root IP/cpu_m1/soc/axil_dp_bram.v]
# read_verilog -sv system_pynq_m1.v
# read_xdc synth_pynq.xdc
# synth_design -part xc7z020clg400-1 -top system_pynq_m1
Command: synth_design -part xc7z020clg400-1 -top system_pynq_m1
Starting synth_design
Attempting to get a license for feature 'Synthesis' and/or device 'xc7z020'
INFO: [Common 17-349] Got license for feature 'Synthesis' and/or device 'xc7z020'
INFO: [Device 21-403] Loading part xc7z020clg400-1
INFO: [Synth 8-7079] Multithreading enabled for synth_design using a maximum of 7 processes.
INFO: [Synth 8-7078] Launching helper process for spawning children vivado processes
INFO: [Synth 8-7075] Helper process launched with PID 508651
---------------------------------------------------------------------------------
Starting RTL Elaboration : Time (s): cpu = 00:00:02 ; elapsed = 00:00:02 . Memory (MB): peak = 1955.961 ; gain = 434.008 ; free physical = 91668 ; free virtual = 115880
---------------------------------------------------------------------------------
WARNING: [Synth 8-6901] identifier 'led_rvalid' is used before its declaration [/home/edauser/project/SOC/Magpie_M1/flow/fpga/pynq_z2/system_pynq_m1.v:145]
WARNING: [Synth 8-6901] identifier 'led_rvalid' is used before its declaration [/home/edauser/project/SOC/Magpie_M1/flow/fpga/pynq_z2/system_pynq_m1.v:146]
WARNING: [Synth 8-6901] identifier 'led_bvalid' is used before its declaration [/home/edauser/project/SOC/Magpie_M1/flow/fpga/pynq_z2/system_pynq_m1.v:165]
WARNING: [Synth 8-6901] identifier 'led_bvalid' is used before its declaration [/home/edauser/project/SOC/Magpie_M1/flow/fpga/pynq_z2/system_pynq_m1.v:168]
WARNING: [Synth 8-6901] identifier 'led_bvalid' is used before its declaration [/home/edauser/project/SOC/Magpie_M1/flow/fpga/pynq_z2/system_pynq_m1.v:170]
INFO: [Synth 8-6157] synthesizing module 'system_pynq_m1' [/home/edauser/project/SOC/Magpie_M1/flow/fpga/pynq_z2/system_pynq_m1.v:4]
INFO: [Synth 8-6157] synthesizing module 'cpu_m1_axil_top' [/home/edauser/project/SOC/Magpie_M1/IP/cpu_m1/rtl/cpu_m1_axil_top.v:13]
	Parameter RESET_PC bound to: 0 - type: integer 
INFO: [Synth 8-6157] synthesizing module 'cpu_m1_top' [/home/edauser/project/SOC/Magpie_M1/IP/cpu_m1/rtl/cpu_m1_top.v:29]
	Parameter RESET_PC bound to: 0 - type: integer 
INFO: [Synth 8-6157] synthesizing module 'core' [/home/edauser/project/SOC/Magpie_M1/IP/cpu_m1/rtl/core.v:18]
	Parameter RESET_PC bound to: 0 - type: integer 
INFO: [Synth 8-6157] synthesizing module 'cdec' [/home/edauser/project/SOC/Magpie_M1/IP/cpu_m1/rtl/cdec.v:26]
INFO: [Synth 8-6155] done synthesizing module 'cdec' (0#1) [/home/edauser/project/SOC/Magpie_M1/IP/cpu_m1/rtl/cdec.v:26]
INFO: [Synth 8-6157] synthesizing module 'bp' [/home/edauser/project/SOC/Magpie_M1/IP/cpu_m1/rtl/bp.v:29]
INFO: [Synth 8-6155] done synthesizing module 'bp' (0#1) [/home/edauser/project/SOC/Magpie_M1/IP/cpu_m1/rtl/bp.v:29]
INFO: [Synth 8-6157] synthesizing module 'ras' [/home/edauser/project/SOC/Magpie_M1/IP/cpu_m1/rtl/ras.v:29]
INFO: [Synth 8-6155] done synthesizing module 'ras' (0#1) [/home/edauser/project/SOC/Magpie_M1/IP/cpu_m1/rtl/ras.v:29]
INFO: [Synth 8-6157] synthesizing module 'ifu' [/home/edauser/project/SOC/Magpie_M1/IP/cpu_m1/rtl/ifu.v:24]
	Parameter RESET_PC bound to: 0 - type: integer 
INFO: [Synth 8-6155] done synthesizing module 'ifu' (0#1) [/home/edauser/project/SOC/Magpie_M1/IP/cpu_m1/rtl/ifu.v:24]
INFO: [Synth 8-6157] synthesizing module 'idu' [/home/edauser/project/SOC/Magpie_M1/IP/cpu_m1/rtl/idu.v:24]
INFO: [Synth 8-226] default block is never used [/home/edauser/project/SOC/Magpie_M1/IP/cpu_m1/rtl/idu.v:164]
INFO: [Synth 8-226] default block is never used [/home/edauser/project/SOC/Magpie_M1/IP/cpu_m1/rtl/idu.v:176]
INFO: [Synth 8-6155] done synthesizing module 'idu' (0#1) [/home/edauser/project/SOC/Magpie_M1/IP/cpu_m1/rtl/idu.v:24]
INFO: [Synth 8-6157] synthesizing module 'rfu' [/home/edauser/project/SOC/Magpie_M1/IP/cpu_m1/rtl/rfu.v:19]
INFO: [Synth 8-6155] done synthesizing module 'rfu' (0#1) [/home/edauser/project/SOC/Magpie_M1/IP/cpu_m1/rtl/rfu.v:19]
INFO: [Synth 8-6157] synthesizing module 'forward' [/home/edauser/project/SOC/Magpie_M1/IP/cpu_m1/rtl/forward.v:19]
INFO: [Synth 8-6155] done synthesizing module 'forward' (0#1) [/home/edauser/project/SOC/Magpie_M1/IP/cpu_m1/rtl/forward.v:19]
INFO: [Synth 8-6157] synthesizing module 'alu' [/home/edauser/project/SOC/Magpie_M1/IP/cpu_m1/rtl/alu.v:25]
INFO: [Synth 8-6155] done synthesizing module 'alu' (0#1) [/home/edauser/project/SOC/Magpie_M1/IP/cpu_m1/rtl/alu.v:25]
INFO: [Synth 8-6157] synthesizing module 'mul' [/home/edauser/project/SOC/Magpie_M1/IP/cpu_m1/rtl/mul.v:22]
INFO: [Synth 8-6155] done synthesizing module 'mul' (0#1) [/home/edauser/project/SOC/Magpie_M1/IP/cpu_m1/rtl/mul.v:22]
INFO: [Synth 8-6157] synthesizing module 'div' [/home/edauser/project/SOC/Magpie_M1/IP/cpu_m1/rtl/div.v:20]
INFO: [Synth 8-226] default block is never used [/home/edauser/project/SOC/Magpie_M1/IP/cpu_m1/rtl/div.v:69]
INFO: [Synth 8-6155] done synthesizing module 'div' (0#1) [/home/edauser/project/SOC/Magpie_M1/IP/cpu_m1/rtl/div.v:20]
INFO: [Synth 8-6157] synthesizing module 'lsu' [/home/edauser/project/SOC/Magpie_M1/IP/cpu_m1/rtl/lsu.v:31]
INFO: [Synth 8-6155] done synthesizing module 'lsu' (0#1) [/home/edauser/project/SOC/Magpie_M1/IP/cpu_m1/rtl/lsu.v:31]
INFO: [Synth 8-6157] synthesizing module 'csr' [/home/edauser/project/SOC/Magpie_M1/IP/cpu_m1/rtl/csr.v:31]
INFO: [Synth 8-6155] done synthesizing module 'csr' (0#1) [/home/edauser/project/SOC/Magpie_M1/IP/cpu_m1/rtl/csr.v:31]
INFO: [Synth 8-6157] synthesizing module 'hazard' [/home/edauser/project/SOC/Magpie_M1/IP/cpu_m1/rtl/hazard.v:19]
INFO: [Synth 8-6155] done synthesizing module 'hazard' (0#1) [/home/edauser/project/SOC/Magpie_M1/IP/cpu_m1/rtl/hazard.v:19]
INFO: [Synth 8-6155] done synthesizing module 'core' (0#1) [/home/edauser/project/SOC/Magpie_M1/IP/cpu_m1/rtl/core.v:18]
INFO: [Synth 8-6155] done synthesizing module 'cpu_m1_top' (0#1) [/home/edauser/project/SOC/Magpie_M1/IP/cpu_m1/rtl/cpu_m1_top.v:29]
INFO: [Synth 8-6157] synthesizing module 'axil_bridge' [/home/edauser/project/SOC/Magpie_M1/IP/cpu_m1/rtl/axil_bridge.v:18]
INFO: [Synth 8-226] default block is never used [/home/edauser/project/SOC/Magpie_M1/IP/cpu_m1/rtl/axil_bridge.v:101]
INFO: [Synth 8-6155] done synthesizing module 'axil_bridge' (0#1) [/home/edauser/project/SOC/Magpie_M1/IP/cpu_m1/rtl/axil_bridge.v:18]
INFO: [Synth 8-6155] done synthesizing module 'cpu_m1_axil_top' (0#1) [/home/edauser/project/SOC/Magpie_M1/IP/cpu_m1/rtl/cpu_m1_axil_top.v:13]
INFO: [Synth 8-6157] synthesizing module 'axil_bootrom' [/home/edauser/project/SOC/Magpie_M1/IP/cpu_m1/soc/axil_bootrom.v:14]
	Parameter RAM_BASE bound to: 536870912 - type: integer 
	Parameter MODE_DEBUG bound to: 1'b0 
INFO: [Synth 8-6155] done synthesizing module 'axil_bootrom' (0#1) [/home/edauser/project/SOC/Magpie_M1/IP/cpu_m1/soc/axil_bootrom.v:14]
INFO: [Synth 8-6157] synthesizing module 'axil_dp_bram' [/home/edauser/project/SOC/Magpie_M1/IP/cpu_m1/soc/axil_dp_bram.v:12]
	Parameter ADDR_W bound to: 14 - type: integer 
	Parameter INIT_HEX bound to: firmware.hex - type: string 
INFO: [Synth 8-3876] $readmem data file 'firmware.hex' is read successfully [/home/edauser/project/SOC/Magpie_M1/IP/cpu_m1/soc/axil_dp_bram.v:38]
INFO: [Synth 8-6155] done synthesizing module 'axil_dp_bram' (0#1) [/home/edauser/project/SOC/Magpie_M1/IP/cpu_m1/soc/axil_dp_bram.v:12]
INFO: [Synth 8-6155] done synthesizing module 'system_pynq_m1' (0#1) [/home/edauser/project/SOC/Magpie_M1/flow/fpga/pynq_z2/system_pynq_m1.v:4]
WARNING: [Synth 8-6014] Unused sequential element ex_wb_is_store_r_reg was removed.  [/home/edauser/project/SOC/Magpie_M1/IP/cpu_m1/rtl/core.v:894]
WARNING: [Synth 8-6014] Unused sequential element idx_q_reg was removed.  [/home/edauser/project/SOC/Magpie_M1/IP/cpu_m1/soc/axil_bootrom.v:51]
WARNING: [Synth 8-7129] Port a_araddr[31] in module axil_dp_bram is either unconnected or has no load
WARNING: [Synth 8-7129] Port a_araddr[30] in module axil_dp_bram is either unconnected or has no load
WARNING: [Synth 8-7129] Port a_araddr[29] in module axil_dp_bram is either unconnected or has no load
WARNING: [Synth 8-7129] Port a_araddr[28] in module axil_dp_bram is either unconnected or has no load
WARNING: [Synth 8-7129] Port a_araddr[27] in module axil_dp_bram is either unconnected or has no load
WARNING: [Synth 8-7129] Port a_araddr[26] in module axil_dp_bram is either unconnected or has no load
WARNING: [Synth 8-7129] Port a_araddr[25] in module axil_dp_bram is either unconnected or has no load
WARNING: [Synth 8-7129] Port a_araddr[24] in module axil_dp_bram is either unconnected or has no load
WARNING: [Synth 8-7129] Port a_araddr[23] in module axil_dp_bram is either unconnected or has no load
WARNING: [Synth 8-7129] Port a_araddr[22] in module axil_dp_bram is either unconnected or has no load
WARNING: [Synth 8-7129] Port a_araddr[21] in module axil_dp_bram is either unconnected or has no load
WARNING: [Synth 8-7129] Port a_araddr[20] in module axil_dp_bram is either unconnected or has no load
WARNING: [Synth 8-7129] Port a_araddr[19] in module axil_dp_bram is either unconnected or has no load
WARNING: [Synth 8-7129] Port a_araddr[18] in module axil_dp_bram is either unconnected or has no load
WARNING: [Synth 8-7129] Port a_araddr[17] in module axil_dp_bram is either unconnected or has no load
WARNING: [Synth 8-7129] Port a_araddr[16] in module axil_dp_bram is either unconnected or has no load
WARNING: [Synth 8-7129] Port a_araddr[15] in module axil_dp_bram is either unconnected or has no load
WARNING: [Synth 8-7129] Port a_araddr[14] in module axil_dp_bram is either unconnected or has no load
WARNING: [Synth 8-7129] Port a_araddr[1] in module axil_dp_bram is either unconnected or has no load
WARNING: [Synth 8-7129] Port a_araddr[0] in module axil_dp_bram is either unconnected or has no load
WARNING: [Synth 8-7129] Port b_araddr[31] in module axil_dp_bram is either unconnected or has no load
WARNING: [Synth 8-7129] Port b_araddr[30] in module axil_dp_bram is either unconnected or has no load
WARNING: [Synth 8-7129] Port b_araddr[29] in module axil_dp_bram is either unconnected or has no load
WARNING: [Synth 8-7129] Port b_araddr[28] in module axil_dp_bram is either unconnected or has no load
WARNING: [Synth 8-7129] Port b_araddr[27] in module axil_dp_bram is either unconnected or has no load
WARNING: [Synth 8-7129] Port b_araddr[26] in module axil_dp_bram is either unconnected or has no load
WARNING: [Synth 8-7129] Port b_araddr[25] in module axil_dp_bram is either unconnected or has no load
WARNING: [Synth 8-7129] Port b_araddr[24] in module axil_dp_bram is either unconnected or has no load
WARNING: [Synth 8-7129] Port b_araddr[23] in module axil_dp_bram is either unconnected or has no load
WARNING: [Synth 8-7129] Port b_araddr[22] in module axil_dp_bram is either unconnected or has no load
WARNING: [Synth 8-7129] Port b_araddr[21] in module axil_dp_bram is either unconnected or has no load
WARNING: [Synth 8-7129] Port b_araddr[20] in module axil_dp_bram is either unconnected or has no load
WARNING: [Synth 8-7129] Port b_araddr[19] in module axil_dp_bram is either unconnected or has no load
WARNING: [Synth 8-7129] Port b_araddr[18] in module axil_dp_bram is either unconnected or has no load
WARNING: [Synth 8-7129] Port b_araddr[17] in module axil_dp_bram is either unconnected or has no load
WARNING: [Synth 8-7129] Port b_araddr[16] in module axil_dp_bram is either unconnected or has no load
WARNING: [Synth 8-7129] Port b_araddr[15] in module axil_dp_bram is either unconnected or has no load
WARNING: [Synth 8-7129] Port b_araddr[14] in module axil_dp_bram is either unconnected or has no load
WARNING: [Synth 8-7129] Port b_araddr[1] in module axil_dp_bram is either unconnected or has no load
WARNING: [Synth 8-7129] Port b_araddr[0] in module axil_dp_bram is either unconnected or has no load
WARNING: [Synth 8-7129] Port b_awaddr[31] in module axil_dp_bram is either unconnected or has no load
WARNING: [Synth 8-7129] Port b_awaddr[30] in module axil_dp_bram is either unconnected or has no load
WARNING: [Synth 8-7129] Port b_awaddr[29] in module axil_dp_bram is either unconnected or has no load
WARNING: [Synth 8-7129] Port b_awaddr[28] in module axil_dp_bram is either unconnected or has no load
WARNING: [Synth 8-7129] Port b_awaddr[27] in module axil_dp_bram is either unconnected or has no load
WARNING: [Synth 8-7129] Port b_awaddr[26] in module axil_dp_bram is either unconnected or has no load
WARNING: [Synth 8-7129] Port b_awaddr[25] in module axil_dp_bram is either unconnected or has no load
WARNING: [Synth 8-7129] Port b_awaddr[24] in module axil_dp_bram is either unconnected or has no load
WARNING: [Synth 8-7129] Port b_awaddr[23] in module axil_dp_bram is either unconnected or has no load
WARNING: [Synth 8-7129] Port b_awaddr[22] in module axil_dp_bram is either unconnected or has no load
WARNING: [Synth 8-7129] Port b_awaddr[21] in module axil_dp_bram is either unconnected or has no load
WARNING: [Synth 8-7129] Port b_awaddr[20] in module axil_dp_bram is either unconnected or has no load
WARNING: [Synth 8-7129] Port b_awaddr[19] in module axil_dp_bram is either unconnected or has no load
WARNING: [Synth 8-7129] Port b_awaddr[18] in module axil_dp_bram is either unconnected or has no load
WARNING: [Synth 8-7129] Port b_awaddr[17] in module axil_dp_bram is either unconnected or has no load
WARNING: [Synth 8-7129] Port b_awaddr[16] in module axil_dp_bram is either unconnected or has no load
WARNING: [Synth 8-7129] Port b_awaddr[15] in module axil_dp_bram is either unconnected or has no load
WARNING: [Synth 8-7129] Port b_awaddr[14] in module axil_dp_bram is either unconnected or has no load
WARNING: [Synth 8-7129] Port b_awaddr[1] in module axil_dp_bram is either unconnected or has no load
WARNING: [Synth 8-7129] Port b_awaddr[0] in module axil_dp_bram is either unconnected or has no load
WARNING: [Synth 8-7129] Port s_araddr[31] in module axil_bootrom is either unconnected or has no load
WARNING: [Synth 8-7129] Port s_araddr[30] in module axil_bootrom is either unconnected or has no load
WARNING: [Synth 8-7129] Port s_araddr[29] in module axil_bootrom is either unconnected or has no load
WARNING: [Synth 8-7129] Port s_araddr[28] in module axil_bootrom is either unconnected or has no load
WARNING: [Synth 8-7129] Port s_araddr[27] in module axil_bootrom is either unconnected or has no load
WARNING: [Synth 8-7129] Port s_araddr[26] in module axil_bootrom is either unconnected or has no load
WARNING: [Synth 8-7129] Port s_araddr[25] in module axil_bootrom is either unconnected or has no load
WARNING: [Synth 8-7129] Port s_araddr[24] in module axil_bootrom is either unconnected or has no load
WARNING: [Synth 8-7129] Port s_araddr[23] in module axil_bootrom is either unconnected or has no load
WARNING: [Synth 8-7129] Port s_araddr[22] in module axil_bootrom is either unconnected or has no load
WARNING: [Synth 8-7129] Port s_araddr[21] in module axil_bootrom is either unconnected or has no load
WARNING: [Synth 8-7129] Port s_araddr[20] in module axil_bootrom is either unconnected or has no load
WARNING: [Synth 8-7129] Port s_araddr[19] in module axil_bootrom is either unconnected or has no load
WARNING: [Synth 8-7129] Port s_araddr[18] in module axil_bootrom is either unconnected or has no load
WARNING: [Synth 8-7129] Port s_araddr[17] in module axil_bootrom is either unconnected or has no load
WARNING: [Synth 8-7129] Port s_araddr[16] in module axil_bootrom is either unconnected or has no load
WARNING: [Synth 8-7129] Port s_araddr[15] in module axil_bootrom is either unconnected or has no load
WARNING: [Synth 8-7129] Port s_araddr[14] in module axil_bootrom is either unconnected or has no load
WARNING: [Synth 8-7129] Port s_araddr[13] in module axil_bootrom is either unconnected or has no load
WARNING: [Synth 8-7129] Port s_araddr[12] in module axil_bootrom is either unconnected or has no load
WARNING: [Synth 8-7129] Port s_araddr[11] in module axil_bootrom is either unconnected or has no load
WARNING: [Synth 8-7129] Port s_araddr[10] in module axil_bootrom is either unconnected or has no load
WARNING: [Synth 8-7129] Port s_araddr[9] in module axil_bootrom is either unconnected or has no load
WARNING: [Synth 8-7129] Port s_araddr[8] in module axil_bootrom is either unconnected or has no load
WARNING: [Synth 8-7129] Port s_araddr[7] in module axil_bootrom is either unconnected or has no load
WARNING: [Synth 8-7129] Port s_araddr[6] in module axil_bootrom is either unconnected or has no load
WARNING: [Synth 8-7129] Port s_araddr[5] in module axil_bootrom is either unconnected or has no load
WARNING: [Synth 8-7129] Port s_araddr[1] in module axil_bootrom is either unconnected or has no load
WARNING: [Synth 8-7129] Port s_araddr[0] in module axil_bootrom is either unconnected or has no load
WARNING: [Synth 8-7129] Port m_axi_i_rresp[0] in module axil_bridge is either unconnected or has no load
WARNING: [Synth 8-7129] Port m_axi_d_rresp[0] in module axil_bridge is either unconnected or has no load
WARNING: [Synth 8-7129] Port m_axi_d_bresp[0] in module axil_bridge is either unconnected or has no load
WARNING: [Synth 8-7129] Port wb_valid in module hazard is either unconnected or has no load
WARNING: [Synth 8-7129] Port wb_rd_we in module hazard is either unconnected or has no load
WARNING: [Synth 8-7129] Port wb_rd_idx[4] in module hazard is either unconnected or has no load
WARNING: [Synth 8-7129] Port wb_rd_idx[3] in module hazard is either unconnected or has no load
WARNING: [Synth 8-7129] Port wb_rd_idx[2] in module hazard is either unconnected or has no load
WARNING: [Synth 8-7129] Port wb_rd_idx[1] in module hazard is either unconnected or has no load
WARNING: [Synth 8-7129] Port wb_rd_idx[0] in module hazard is either unconnected or has no load
WARNING: [Synth 8-7129] Port wb_is_load in module hazard is either unconnected or has no load
INFO: [Common 17-14] Message 'Synth 8-7129' appears 100 times and further instances of the messages will be disabled. Use the Tcl command set_msg_config to change the current settings.
---------------------------------------------------------------------------------
Finished RTL Elaboration : Time (s): cpu = 00:00:03 ; elapsed = 00:00:04 . Memory (MB): peak = 2080.930 ; gain = 558.977 ; free physical = 91517 ; free virtual = 115731
---------------------------------------------------------------------------------
---------------------------------------------------------------------------------
Start Handling Custom Attributes
---------------------------------------------------------------------------------
---------------------------------------------------------------------------------
Finished Handling Custom Attributes : Time (s): cpu = 00:00:03 ; elapsed = 00:00:04 . Memory (MB): peak = 2098.742 ; gain = 576.789 ; free physical = 91517 ; free virtual = 115731
---------------------------------------------------------------------------------
---------------------------------------------------------------------------------
Finished RTL Optimization Phase 1 : Time (s): cpu = 00:00:03 ; elapsed = 00:00:04 . Memory (MB): peak = 2098.742 ; gain = 576.789 ; free physical = 91517 ; free virtual = 115731
---------------------------------------------------------------------------------
Netlist sorting complete. Time (s): cpu = 00:00:00.04 ; elapsed = 00:00:00.04 . Memory (MB): peak = 2098.742 ; gain = 0.000 ; free physical = 91515 ; free virtual = 115729
INFO: [Project 1-570] Preparing netlist for logic optimization

Processing XDC Constraints
Initializing timing engine
Parsing XDC File [/home/edauser/project/SOC/Magpie_M1/flow/fpga/pynq_z2/synth_pynq.xdc]
Finished Parsing XDC File [/home/edauser/project/SOC/Magpie_M1/flow/fpga/pynq_z2/synth_pynq.xdc]
INFO: [Project 1-236] Implementation specific constraints were found while reading constraint file [/home/edauser/project/SOC/Magpie_M1/flow/fpga/pynq_z2/synth_pynq.xdc]. These constraints will be ignored for synthesis but will be used in implementation. Impacted constraints are listed in the file [.Xil/system_pynq_m1_propImpl.xdc].
Resolution: To avoid this warning, move constraints listed in [.Xil/system_pynq_m1_propImpl.xdc] to another XDC file and exclude this new file from synthesis with the used_in_synthesis property (File Properties dialog in GUI) and re-run elaboration/synthesis.
Completed Processing XDC Constraints

Netlist sorting complete. Time (s): cpu = 00:00:00 ; elapsed = 00:00:00 . Memory (MB): peak = 2273.180 ; gain = 0.000 ; free physical = 91496 ; free virtual = 115710
INFO: [Project 1-111] Unisim Transformation Summary:
No Unisim elements were transformed.

Constraint Validation Runtime : Time (s): cpu = 00:00:00.02 ; elapsed = 00:00:00.02 . Memory (MB): peak = 2273.180 ; gain = 0.000 ; free physical = 91496 ; free virtual = 115710
---------------------------------------------------------------------------------
Finished Constraint Validation : Time (s): cpu = 00:00:08 ; elapsed = 00:00:08 . Memory (MB): peak = 2273.180 ; gain = 751.227 ; free physical = 91495 ; free virtual = 115709
---------------------------------------------------------------------------------
---------------------------------------------------------------------------------
Start Loading Part and Timing Information
---------------------------------------------------------------------------------
Loading part: xc7z020clg400-1
---------------------------------------------------------------------------------
Finished Loading Part and Timing Information : Time (s): cpu = 00:00:08 ; elapsed = 00:00:08 . Memory (MB): peak = 2285.391 ; gain = 763.438 ; free physical = 91495 ; free virtual = 115709
---------------------------------------------------------------------------------
---------------------------------------------------------------------------------
Start Applying 'set_property' XDC Constraints
---------------------------------------------------------------------------------
---------------------------------------------------------------------------------
Finished applying 'set_property' XDC Constraints : Time (s): cpu = 00:00:08 ; elapsed = 00:00:08 . Memory (MB): peak = 2285.391 ; gain = 763.438 ; free physical = 91495 ; free virtual = 115709
---------------------------------------------------------------------------------
INFO: [Synth 8-802] inferred FSM for state register 'state_reg' in module 'div'
INFO: [Synth 8-802] inferred FSM for state register 'i_state_reg' in module 'axil_bridge'
INFO: [Synth 8-802] inferred FSM for state register 'd_state_reg' in module 'axil_bridge'
---------------------------------------------------------------------------------------------------
                   State |                     New Encoding |                Previous Encoding 
---------------------------------------------------------------------------------------------------
                    IDLE |                             0001 |                               00
                    WORK |                             0010 |                               01
                   FIXUP |                             0100 |                               10
                    DONE |                             1000 |                               11
---------------------------------------------------------------------------------------------------
INFO: [Synth 8-3354] encoded FSM with state register 'state_reg' using encoding 'one-hot' in module 'div'
---------------------------------------------------------------------------------------------------
                   State |                     New Encoding |                Previous Encoding 
---------------------------------------------------------------------------------------------------
                  I_IDLE |                              001 |                               00
                    I_AR |                              010 |                               01
                     I_R |                              100 |                               10
---------------------------------------------------------------------------------------------------
INFO: [Synth 8-3354] encoded FSM with state register 'i_state_reg' using encoding 'one-hot' in module 'axil_bridge'
---------------------------------------------------------------------------------------------------
                   State |                     New Encoding |                Previous Encoding 
---------------------------------------------------------------------------------------------------
                  D_IDLE |                               01 |                               00
                    D_AW |                               00 |                               11
                    D_AR |                               11 |                               01
                     D_R |                               10 |                               10
---------------------------------------------------------------------------------------------------
INFO: [Synth 8-3354] encoded FSM with state register 'd_state_reg' using encoding 'sequential' in module 'axil_bridge'
INFO: [Synth 8-3971] The signal "axil_dp_bram:/mem_reg" was recognized as a true dual port RAM template.
---------------------------------------------------------------------------------
Finished RTL Optimization Phase 2 : Time (s): cpu = 00:00:09 ; elapsed = 00:00:09 . Memory (MB): peak = 2285.391 ; gain = 763.438 ; free physical = 91491 ; free virtual = 115707
---------------------------------------------------------------------------------
---------------------------------------------------------------------------------
Start RTL Component Statistics 
---------------------------------------------------------------------------------
Detailed RTL Component Info : 
+---Adders : 
	   2 Input   64 Bit       Adders := 1     
	   3 Input   33 Bit       Adders := 1     
	   2 Input   32 Bit       Adders := 11    
	   3 Input   32 Bit       Adders := 1     
	   2 Input    6 Bit       Adders := 1     
	   2 Input    4 Bit       Adders := 1     
	   2 Input    3 Bit       Adders := 2     
	   2 Input    2 Bit       Adders := 3     
+---XORs : 
	   2 Input     32 Bit         XORs := 1     
	   2 Input      1 Bit         XORs := 2     
+---Registers : 
	               32 Bit    Registers := 151   
	               30 Bit    Registers := 1     
	               26 Bit    Registers := 64    
	               18 Bit    Registers := 1     
	               16 Bit    Registers := 4     
	               12 Bit    Registers := 3     
	                6 Bit    Registers := 1     
	                5 Bit    Registers := 2     
	                4 Bit    Registers := 6     
	                3 Bit    Registers := 5     
	                2 Bit    Registers := 68    
	                1 Bit    Registers := 170   
+---RAMs : 
	             128K Bit	(4096 X 32 bit)          RAMs := 1     
+---Muxes : 
	   2 Input   33 Bit        Muxes := 2     
	   2 Input   32 Bit        Muxes := 68    
	   4 Input   32 Bit        Muxes := 11    
	   6 Input   32 Bit        Muxes := 1     
	   3 Input   32 Bit        Muxes := 2     
	   2 Input   30 Bit        Muxes := 2     
	   2 Input   16 Bit        Muxes := 3     
	   2 Input   12 Bit        Muxes := 1     
	   4 Input    8 Bit        Muxes := 2     
	   2 Input    8 Bit        Muxes := 1     
	   4 Input    6 Bit        Muxes := 1     
	   8 Input    4 Bit        Muxes := 2     
	   2 Input    4 Bit        Muxes := 12    
	   4 Input    4 Bit        Muxes := 2     
	   2 Input    3 Bit        Muxes := 6     
	   6 Input    3 Bit        Muxes := 1     
	   2 Input    2 Bit        Muxes := 9     
	   3 Input    2 Bit        Muxes := 1     
	   4 Input    2 Bit        Muxes := 1     
	   8 Input    1 Bit        Muxes := 2     
	   2 Input    1 Bit        Muxes := 150   
	   5 Input    1 Bit        Muxes := 2     
	   4 Input    1 Bit        Muxes := 10    
	   3 Input    1 Bit        Muxes := 3     
---------------------------------------------------------------------------------
Finished RTL Component Statistics 
---------------------------------------------------------------------------------
---------------------------------------------------------------------------------
Start Part Resource Summary
---------------------------------------------------------------------------------
Part Resources:
DSPs: 220 (col length:60)
BRAMs: 280 (col length: RAMB18 60 RAMB36 30)
---------------------------------------------------------------------------------
Finished Part Resource Summary
---------------------------------------------------------------------------------
---------------------------------------------------------------------------------
Start Cross Boundary and Area Optimization
---------------------------------------------------------------------------------
WARNING: [Synth 8-7080] Parallel synthesis criteria is not met
DSP Report: Generating DSP product_w, operation Mode is: A2*B2.
DSP Report: register opa_r_reg is absorbed into DSP product_w.
DSP Report: register product_w is absorbed into DSP product_w.
DSP Report: operator product_w is absorbed into DSP product_w.
DSP Report: operator product_w is absorbed into DSP product_w.
DSP Report: Generating DSP product_w, operation Mode is: (PCIN>>17)+A2*B2.
DSP Report: register opa_r_reg is absorbed into DSP product_w.
DSP Report: register opb_r_reg is absorbed into DSP product_w.
DSP Report: operator product_w is absorbed into DSP product_w.
DSP Report: operator product_w is absorbed into DSP product_w.
DSP Report: Generating DSP product_w, operation Mode is: A2*B2.
DSP Report: register product_w is absorbed into DSP product_w.
DSP Report: register product_w is absorbed into DSP product_w.
DSP Report: operator product_w is absorbed into DSP product_w.
DSP Report: operator product_w is absorbed into DSP product_w.
DSP Report: Generating DSP product_w, operation Mode is: (PCIN>>17)+A2*B2.
DSP Report: register opb_r_reg is absorbed into DSP product_w.
DSP Report: register product_w is absorbed into DSP product_w.
DSP Report: operator product_w is absorbed into DSP product_w.
DSP Report: operator product_w is absorbed into DSP product_w.
INFO: [Synth 8-3971] The signal "system_pynq_m1/u_bram/mem_reg" was recognized as a true dual port RAM template.
---------------------------------------------------------------------------------
Finished Cross Boundary and Area Optimization : Time (s): cpu = 00:00:35 ; elapsed = 00:00:35 . Memory (MB): peak = 2291.391 ; gain = 769.438 ; free physical = 91408 ; free virtual = 115637
---------------------------------------------------------------------------------
 Sort Area is  product_w_3 : 0 0 : 2737 5078 : Used 1 time 0
 Sort Area is  product_w_3 : 0 1 : 2341 5078 : Used 1 time 0
 Sort Area is  product_w_0 : 0 0 : 2338 4396 : Used 1 time 0
 Sort Area is  product_w_0 : 0 1 : 2058 4396 : Used 1 time 0
---------------------------------------------------------------------------------
Start ROM, RAM, DSP, Shift Register and Retiming Reporting
---------------------------------------------------------------------------------

Block RAM: Preliminary Mapping Report (see note below)
-------NONE-------
Note: The table above is a preliminary report that shows the Block RAMs at the current stage of the synthesis flow. Some Block RAMs may be reimplemented as non Block RAM primitives later in the synthesis flow. Multiple instantiated Block RAMs are reported only once. 

DSP: Preliminary Mapping Report (see note below. The ' indicates corresponding REG is set)
+------------+------------------+--------+--------+--------+--------+--------+------+------+------+------+-------+------+------+
|Module Name | DSP Mapping      | A Size | B Size | C Size | D Size | P Size | AREG | BREG | CREG | DREG | ADREG | MREG | PREG | 
+------------+------------------+--------+--------+--------+--------+--------+------+------+------+------+-------+------+------+
|mul         | A2*B2            | 18     | 16     | -      | -      | 48     | 1    | 1    | -    | -    | -     | 0    | 0    | 
|mul         | (PCIN>>17)+A2*B2 | 16     | 16     | -      | -      | 30     | 1    | 1    | -    | -    | -     | 0    | 0    | 
|mul         | A2*B2            | 18     | 18     | -      | -      | 48     | 1    | 1    | -    | -    | -     | 0    | 0    | 
|mul         | (PCIN>>17)+A2*B2 | 18     | 16     | -      | -      | 47     | 1    | 1    | -    | -    | -     | 0    | 0    | 
+------------+------------------+--------+--------+--------+--------+--------+------+------+------+------+-------+------+------+

Note: The table above is a preliminary report that shows the DSPs inferred at the current stage of the synthesis flow. Some DSP may be reimplemented as non DSP primitives later in the synthesis flow. Multiple instantiated DSPs are reported only once.
---------------------------------------------------------------------------------
Finished ROM, RAM, DSP, Shift Register and Retiming Reporting
---------------------------------------------------------------------------------
---------------------------------------------------------------------------------
Start Applying XDC Timing Constraints
---------------------------------------------------------------------------------
---------------------------------------------------------------------------------
Finished Applying XDC Timing Constraints : Time (s): cpu = 00:00:38 ; elapsed = 00:00:39 . Memory (MB): peak = 2358.391 ; gain = 836.438 ; free physical = 91343 ; free virtual = 115572
---------------------------------------------------------------------------------
---------------------------------------------------------------------------------
Start Timing Optimization
---------------------------------------------------------------------------------
---------------------------------------------------------------------------------
Finished Timing Optimization : Time (s): cpu = 00:00:40 ; elapsed = 00:00:41 . Memory (MB): peak = 2378.391 ; gain = 856.438 ; free physical = 91325 ; free virtual = 115554
---------------------------------------------------------------------------------
---------------------------------------------------------------------------------
Start ROM, RAM, DSP, Shift Register and Retiming Reporting
---------------------------------------------------------------------------------

Block RAM: Final Mapping Report
-------NONE-------
---------------------------------------------------------------------------------
Finished ROM, RAM, DSP, Shift Register and Retiming Reporting
---------------------------------------------------------------------------------
---------------------------------------------------------------------------------
Start Technology Mapping
---------------------------------------------------------------------------------
INFO: [Synth 8-7052] The timing for the instance u_bram/mem_reg_1_0 (implemented as a Block RAM) might be sub-optimal as no optional output register could be merged into the ram block. Providing additional output register may help in improving timing.
INFO: [Synth 8-7052] The timing for the instance u_bram/mem_reg_2_0 (implemented as a Block RAM) might be sub-optimal as no optional output register could be merged into the ram block. Providing additional output register may help in improving timing.
INFO: [Synth 8-7052] The timing for the instance u_bram/mem_reg_2_1 (implemented as a Block RAM) might be sub-optimal as no optional output register could be merged into the ram block. Providing additional output register may help in improving timing.
INFO: [Synth 8-7052] The timing for the instance u_bram/mem_reg_2_2 (implemented as a Block RAM) might be sub-optimal as no optional output register could be merged into the ram block. Providing additional output register may help in improving timing.
INFO: [Synth 8-7052] The timing for the instance u_bram/mem_reg_2_3 (implemented as a Block RAM) might be sub-optimal as no optional output register could be merged into the ram block. Providing additional output register may help in improving timing.
---------------------------------------------------------------------------------
Finished Technology Mapping : Time (s): cpu = 00:00:43 ; elapsed = 00:00:43 . Memory (MB): peak = 2492.438 ; gain = 970.484 ; free physical = 91212 ; free virtual = 115441
---------------------------------------------------------------------------------
---------------------------------------------------------------------------------
Start IO Insertion
---------------------------------------------------------------------------------
---------------------------------------------------------------------------------
Start Flattening Before IO Insertion
---------------------------------------------------------------------------------
---------------------------------------------------------------------------------
Finished Flattening Before IO Insertion
---------------------------------------------------------------------------------
---------------------------------------------------------------------------------
Start Final Netlist Cleanup
---------------------------------------------------------------------------------
---------------------------------------------------------------------------------
Finished Final Netlist Cleanup
---------------------------------------------------------------------------------
---------------------------------------------------------------------------------
Finished IO Insertion : Time (s): cpu = 00:00:45 ; elapsed = 00:00:45 . Memory (MB): peak = 2553.250 ; gain = 1031.297 ; free physical = 91169 ; free virtual = 115398
---------------------------------------------------------------------------------
---------------------------------------------------------------------------------
Start Renaming Generated Instances
---------------------------------------------------------------------------------
---------------------------------------------------------------------------------
Finished Renaming Generated Instances : Time (s): cpu = 00:00:45 ; elapsed = 00:00:45 . Memory (MB): peak = 2553.250 ; gain = 1031.297 ; free physical = 91168 ; free virtual = 115397
---------------------------------------------------------------------------------
---------------------------------------------------------------------------------
Start Rebuilding User Hierarchy
---------------------------------------------------------------------------------
---------------------------------------------------------------------------------
Finished Rebuilding User Hierarchy : Time (s): cpu = 00:00:45 ; elapsed = 00:00:46 . Memory (MB): peak = 2553.250 ; gain = 1031.297 ; free physical = 91159 ; free virtual = 115389
---------------------------------------------------------------------------------
---------------------------------------------------------------------------------
Start Renaming Generated Ports
---------------------------------------------------------------------------------
---------------------------------------------------------------------------------
Finished Renaming Generated Ports : Time (s): cpu = 00:00:45 ; elapsed = 00:00:46 . Memory (MB): peak = 2553.250 ; gain = 1031.297 ; free physical = 91159 ; free virtual = 115389
---------------------------------------------------------------------------------
---------------------------------------------------------------------------------
Start Handling Custom Attributes
---------------------------------------------------------------------------------
---------------------------------------------------------------------------------
Finished Handling Custom Attributes : Time (s): cpu = 00:00:45 ; elapsed = 00:00:46 . Memory (MB): peak = 2563.156 ; gain = 1041.203 ; free physical = 91159 ; free virtual = 115389
---------------------------------------------------------------------------------
---------------------------------------------------------------------------------
Start Renaming Generated Nets
---------------------------------------------------------------------------------
---------------------------------------------------------------------------------
Finished Renaming Generated Nets : Time (s): cpu = 00:00:45 ; elapsed = 00:00:46 . Memory (MB): peak = 2563.156 ; gain = 1041.203 ; free physical = 91159 ; free virtual = 115389
---------------------------------------------------------------------------------
---------------------------------------------------------------------------------
Start Writing Synthesis Report
---------------------------------------------------------------------------------

DSP Final Report (the ' indicates corresponding REG is set)
+------------+----------------+--------+--------+--------+--------+--------+------+------+------+------+-------+------+------+
|Module Name | DSP Mapping    | A Size | B Size | C Size | D Size | P Size | AREG | BREG | CREG | DREG | ADREG | MREG | PREG | 
+------------+----------------+--------+--------+--------+--------+--------+------+------+------+------+-------+------+------+
|mul         | A'*B'          | 17     | 18     | -      | -      | 48     | 1    | 1    | -    | -    | -     | 0    | 0    | 
|mul         | PCIN>>17+A'*B' | 30     | 18     | -      | -      | 30     | 1    | 1    | -    | -    | -     | 0    | 0    | 
|mul         | A'*B'          | 17     | 17     | -      | -      | 48     | 1    | 1    | -    | -    | -     | 0    | 0    | 
|mul         | PCIN>>17+A'*B' | 17     | 18     | -      | -      | 47     | 1    | 1    | -    | -    | -     | 0    | 0    | 
+------------+----------------+--------+--------+--------+--------+--------+------+------+------+------+-------+------+------+


Report BlackBoxes: 
+-+--------------+----------+
| |BlackBox name |Instances |
+-+--------------+----------+
+-+--------------+----------+

Report Cell Usage: 
+------+---------+------+
|      |Cell     |Count |
+------+---------+------+
|1     |BUFG     |     1|
|2     |CARRY4   |   184|
|3     |DSP48E1  |     4|
|4     |LUT1     |   144|
|5     |LUT2     |   318|
|6     |LUT3     |   484|
|7     |LUT4     |   311|
|8     |LUT5     |   613|
|9     |LUT6     |  3433|
|10    |MUXF7    |  1007|
|11    |MUXF8    |   291|
|12    |RAMB36E1 |     8|
|19    |FDRE     |  6820|
|20    |FDSE     |    68|
|21    |IBUF     |     2|
|22    |OBUF     |     4|
+------+---------+------+
---------------------------------------------------------------------------------
Finished Writing Synthesis Report : Time (s): cpu = 00:00:45 ; elapsed = 00:00:46 . Memory (MB): peak = 2563.156 ; gain = 1041.203 ; free physical = 91159 ; free virtual = 115389
---------------------------------------------------------------------------------
Synthesis finished with 0 errors, 0 critical warnings and 12 warnings.
Synthesis Optimization Runtime : Time (s): cpu = 00:00:44 ; elapsed = 00:00:45 . Memory (MB): peak = 2563.156 ; gain = 866.766 ; free physical = 91159 ; free virtual = 115389
Synthesis Optimization Complete : Time (s): cpu = 00:00:45 ; elapsed = 00:00:46 . Memory (MB): peak = 2563.164 ; gain = 1041.203 ; free physical = 91159 ; free virtual = 115389
INFO: [Project 1-571] Translating synthesized netlist
Netlist sorting complete. Time (s): cpu = 00:00:00.04 ; elapsed = 00:00:00.04 . Memory (MB): peak = 2563.164 ; gain = 0.000 ; free physical = 91323 ; free virtual = 115553
INFO: [Netlist 29-17] Analyzing 1494 Unisim elements for replacement
INFO: [Netlist 29-28] Unisim Transformation completed in 0 CPU seconds
INFO: [Project 1-570] Preparing netlist for logic optimization
Parsing XDC File [/home/edauser/project/SOC/Magpie_M1/flow/fpga/pynq_z2/synth_pynq.xdc]
Finished Parsing XDC File [/home/edauser/project/SOC/Magpie_M1/flow/fpga/pynq_z2/synth_pynq.xdc]
INFO: [Opt 31-138] Pushed 0 inverter(s) to 0 load pin(s).
Netlist sorting complete. Time (s): cpu = 00:00:00 ; elapsed = 00:00:00 . Memory (MB): peak = 2648.633 ; gain = 0.000 ; free physical = 91329 ; free virtual = 115559
INFO: [Project 1-111] Unisim Transformation Summary:
No Unisim elements were transformed.

Synth Design complete | Checksum: d237a4d0
INFO: [Common 17-83] Releasing license: Synthesis
74 Infos, 108 Warnings, 0 Critical Warnings and 0 Errors encountered.
synth_design completed successfully
synth_design: Time (s): cpu = 00:00:50 ; elapsed = 00:00:50 . Memory (MB): peak = 2648.633 ; gain = 1229.211 ; free physical = 91329 ; free virtual = 115559
INFO: [Common 17-2834] synth_design peak Physical Memory [PSS] (MB): overall = 1948.858; main = 1941.719; forked = 323.899
INFO: [Common 17-2834] synth_design peak Virtual Memory [VSS] (MB): overall = 3329.246; main = 2648.633; forked = 952.855
# opt_design
Command: opt_design
Attempting to get a license for feature 'Implementation' and/or device 'xc7z020'
INFO: [Common 17-349] Got license for feature 'Implementation' and/or device 'xc7z020'
Running DRC as a precondition to command opt_design

Starting DRC Task
INFO: [DRC 23-27] Running DRC with 8 threads
INFO: [Project 1-461] DRC finished with 0 Errors
INFO: [Project 1-462] Please refer to the DRC report (report_drc) for more information.

Time (s): cpu = 00:00:01 ; elapsed = 00:00:00.35 . Memory (MB): peak = 2648.633 ; gain = 0.000 ; free physical = 91321 ; free virtual = 115552

Starting Cache Timing Information Task
INFO: [Timing 38-35] Done setting XDC timing constraints.
Ending Cache Timing Information Task | Checksum: 203d402f6

Time (s): cpu = 00:00:03 ; elapsed = 00:00:03 . Memory (MB): peak = 2752.445 ; gain = 103.812 ; free physical = 91242 ; free virtual = 115472

Starting Logic Optimization Task

Phase 1 Initialization

Phase 1.1 Core Generation And Design Setup
Phase 1.1 Core Generation And Design Setup | Checksum: 203d402f6

Time (s): cpu = 00:00:00 ; elapsed = 00:00:00 . Memory (MB): peak = 3022.352 ; gain = 0.000 ; free physical = 90956 ; free virtual = 115186

Phase 1.2 Setup Constraints And Sort Netlist
Phase 1.2 Setup Constraints And Sort Netlist | Checksum: 203d402f6

Time (s): cpu = 00:00:00.01 ; elapsed = 00:00:00 . Memory (MB): peak = 3022.352 ; gain = 0.000 ; free physical = 90956 ; free virtual = 115186
Phase 1 Initialization | Checksum: 203d402f6

Time (s): cpu = 00:00:00.01 ; elapsed = 00:00:00 . Memory (MB): peak = 3022.352 ; gain = 0.000 ; free physical = 90956 ; free virtual = 115186

Phase 2 Timer Update And Timing Data Collection

Phase 2.1 Timer Update
Phase 2.1 Timer Update | Checksum: 203d402f6

Time (s): cpu = 00:00:00.25 ; elapsed = 00:00:00.11 . Memory (MB): peak = 3022.352 ; gain = 0.000 ; free physical = 90955 ; free virtual = 115186

Phase 2.2 Timing Data Collection
Phase 2.2 Timing Data Collection | Checksum: 203d402f6

Time (s): cpu = 00:00:00.26 ; elapsed = 00:00:00.12 . Memory (MB): peak = 3022.352 ; gain = 0.000 ; free physical = 90955 ; free virtual = 115186
Phase 2 Timer Update And Timing Data Collection | Checksum: 203d402f6

Time (s): cpu = 00:00:00.26 ; elapsed = 00:00:00.12 . Memory (MB): peak = 3022.352 ; gain = 0.000 ; free physical = 90955 ; free virtual = 115186

Phase 3 Retarget
INFO: [Opt 31-1851] Number of loadless carry chains removed were: 0
INFO: [Opt 31-1834] Total Chains To Be Transformed Were: 0 AND Number of Transformed insts Created are: 0
INFO: [Opt 31-1566] Pulled 37 inverters resulting in an inversion of 162 pins
INFO: [Opt 31-138] Pushed 0 inverter(s) to 0 load pin(s).
INFO: [Opt 31-49] Retargeted 0 cell(s).
Phase 3 Retarget | Checksum: 22bf79fc5

Time (s): cpu = 00:00:00.4 ; elapsed = 00:00:00.21 . Memory (MB): peak = 3022.352 ; gain = 0.000 ; free physical = 90955 ; free virtual = 115186
Retarget | Checksum: 22bf79fc5
INFO: [Opt 31-389] Phase Retarget created 0 cells and removed 38 cells

Phase 4 Constant propagation
INFO: [Opt 31-138] Pushed 0 inverter(s) to 0 load pin(s).
Phase 4 Constant propagation | Checksum: 198ca8175

Time (s): cpu = 00:00:00.45 ; elapsed = 00:00:00.26 . Memory (MB): peak = 3022.352 ; gain = 0.000 ; free physical = 90955 ; free virtual = 115185
Constant propagation | Checksum: 198ca8175
INFO: [Opt 31-389] Phase Constant propagation created 0 cells and removed 0 cells

Phase 5 Sweep
INFO: [Constraints 18-11670] Building netlist checker database with flags, 0x8
Done building netlist checker database: Time (s): cpu = 00:00:00 ; elapsed = 00:00:00 . Memory (MB): peak = 3022.352 ; gain = 0.000 ; free physical = 90955 ; free virtual = 115185
Phase 5 Sweep | Checksum: 19677a06e

Time (s): cpu = 00:00:00.52 ; elapsed = 00:00:00.33 . Memory (MB): peak = 3022.352 ; gain = 0.000 ; free physical = 90955 ; free virtual = 115185
Sweep | Checksum: 19677a06e
INFO: [Opt 31-389] Phase Sweep created 0 cells and removed 0 cells

Phase 6 BUFG optimization
Phase 6 BUFG optimization | Checksum: 19677a06e

Time (s): cpu = 00:00:00.58 ; elapsed = 00:00:00.37 . Memory (MB): peak = 3071.195 ; gain = 48.844 ; free physical = 90955 ; free virtual = 115185
BUFG optimization | Checksum: 19677a06e
INFO: [Opt 31-662] Phase BUFG optimization created 0 cells of which 0 are BUFGs and removed 0 cells.

Phase 7 Shift Register Optimization
INFO: [Opt 31-1064] SRL Remap converted 0 SRLs to 0 registers and converted 0 registers of register chains to 0 SRLs
Phase 7 Shift Register Optimization | Checksum: 19677a06e

Time (s): cpu = 00:00:00.58 ; elapsed = 00:00:00.38 . Memory (MB): peak = 3071.195 ; gain = 48.844 ; free physical = 90955 ; free virtual = 115185
Shift Register Optimization | Checksum: 19677a06e
INFO: [Opt 31-389] Phase Shift Register Optimization created 0 cells and removed 0 cells

Phase 8 Post Processing Netlist
Phase 8 Post Processing Netlist | Checksum: 19677a06e

Time (s): cpu = 00:00:00.61 ; elapsed = 00:00:00.4 . Memory (MB): peak = 3071.195 ; gain = 48.844 ; free physical = 90955 ; free virtual = 115185
Post Processing Netlist | Checksum: 19677a06e
INFO: [Opt 31-389] Phase Post Processing Netlist created 0 cells and removed 0 cells

Phase 9 Finalization

Phase 9.1 Finalizing Design Cores and Updating Shapes
Phase 9.1 Finalizing Design Cores and Updating Shapes | Checksum: 1919a62e2

Time (s): cpu = 00:00:00.71 ; elapsed = 00:00:00.45 . Memory (MB): peak = 3071.195 ; gain = 48.844 ; free physical = 90955 ; free virtual = 115185

Phase 9.2 Verifying Netlist Connectivity

Starting Connectivity Check Task

Time (s): cpu = 00:00:00 ; elapsed = 00:00:00.01 . Memory (MB): peak = 3071.195 ; gain = 0.000 ; free physical = 90955 ; free virtual = 115185
Phase 9.2 Verifying Netlist Connectivity | Checksum: 1919a62e2

Time (s): cpu = 00:00:00.72 ; elapsed = 00:00:00.46 . Memory (MB): peak = 3071.195 ; gain = 48.844 ; free physical = 90955 ; free virtual = 115185
Phase 9 Finalization | Checksum: 1919a62e2

Time (s): cpu = 00:00:00.72 ; elapsed = 00:00:00.46 . Memory (MB): peak = 3071.195 ; gain = 48.844 ; free physical = 90955 ; free virtual = 115185
Opt_design Change Summary
=========================


-------------------------------------------------------------------------------------------------------------------------
|  Phase                        |  #Cells created  |  #Cells Removed  |  #Constrained objects preventing optimizations  |
-------------------------------------------------------------------------------------------------------------------------
|  Retarget                     |               0  |              38  |                                              0  |
|  Constant propagation         |               0  |               0  |                                              0  |
|  Sweep                        |               0  |               0  |                                              0  |
|  BUFG optimization            |               0  |               0  |                                              0  |
|  Shift Register Optimization  |               0  |               0  |                                              0  |
|  Post Processing Netlist      |               0  |               0  |                                              0  |
-------------------------------------------------------------------------------------------------------------------------


Ending Logic Optimization Task | Checksum: 1919a62e2

Time (s): cpu = 00:00:00.72 ; elapsed = 00:00:00.46 . Memory (MB): peak = 3071.195 ; gain = 48.844 ; free physical = 90955 ; free virtual = 115185

Starting Power Optimization Task
INFO: [Pwropt 34-132] Skipping clock gating for clocks with a period < 2.00 ns.
INFO: [Timing 38-35] Done setting XDC timing constraints.
INFO: [Pwropt 34-9] Applying IDT optimizations ...
INFO: [Pwropt 34-10] Applying ODC optimizations ...
Running Vector-less Activity Propagation...

Finished Running Vector-less Activity Propagation


Starting PowerOpt Patch Enables Task
INFO: [Pwropt 34-162] WRITE_MODE attribute of 0 BRAM(s) out of a total of 8 has been updated to save power. Run report_power_opt to get a complete listing of the BRAMs updated.
INFO: [Pwropt 34-201] Structural ODC has moved 0 WE to EN ports
Number of BRAM Ports augmented: 8 newly gated: 0 Total Ports: 16
Ending PowerOpt Patch Enables Task | Checksum: 192629979

Time (s): cpu = 00:00:00.04 ; elapsed = 00:00:00.05 . Memory (MB): peak = 3314.156 ; gain = 0.000 ; free physical = 90912 ; free virtual = 115143
Ending Power Optimization Task | Checksum: 192629979

Time (s): cpu = 00:00:03 ; elapsed = 00:00:00.97 . Memory (MB): peak = 3314.156 ; gain = 242.961 ; free physical = 90912 ; free virtual = 115143

Starting Final Cleanup Task
Ending Final Cleanup Task | Checksum: 192629979

Time (s): cpu = 00:00:00.01 ; elapsed = 00:00:00 . Memory (MB): peak = 3314.156 ; gain = 0.000 ; free physical = 90912 ; free virtual = 115143

Starting Netlist Obfuscation Task
Netlist sorting complete. Time (s): cpu = 00:00:00 ; elapsed = 00:00:00.01 . Memory (MB): peak = 3314.156 ; gain = 0.000 ; free physical = 90912 ; free virtual = 115143
Ending Netlist Obfuscation Task | Checksum: 19124bbd9

Time (s): cpu = 00:00:00 ; elapsed = 00:00:00.01 . Memory (MB): peak = 3314.156 ; gain = 0.000 ; free physical = 90912 ; free virtual = 115143
INFO: [Common 17-83] Releasing license: Implementation
26 Infos, 0 Warnings, 0 Critical Warnings and 0 Errors encountered.
opt_design completed successfully
opt_design: Time (s): cpu = 00:00:09 ; elapsed = 00:00:06 . Memory (MB): peak = 3314.156 ; gain = 665.523 ; free physical = 90912 ; free virtual = 115143
# place_design
Command: place_design
Attempting to get a license for feature 'Implementation' and/or device 'xc7z020'
INFO: [Common 17-349] Got license for feature 'Implementation' and/or device 'xc7z020'
INFO: [Common 17-83] Releasing license: Implementation
INFO: [DRC 23-27] Running DRC with 8 threads
INFO: [Vivado_Tcl 4-198] DRC finished with 0 Errors
INFO: [Vivado_Tcl 4-199] Please refer to the DRC report (report_drc) for more information.
Running DRC as a precondition to command place_design
INFO: [DRC 23-27] Running DRC with 8 threads
INFO: [Vivado_Tcl 4-198] DRC finished with 0 Errors
INFO: [Vivado_Tcl 4-199] Please refer to the DRC report (report_drc) for more information.
INFO: [Place 30-611] Multithreading enabled for place_design using a maximum of 8 CPUs

Starting Placer Task

Phase 1 Placer Initialization

Phase 1.1 Placer Initialization Netlist Sorting
Netlist sorting complete. Time (s): cpu = 00:00:00 ; elapsed = 00:00:00 . Memory (MB): peak = 3314.156 ; gain = 0.000 ; free physical = 90910 ; free virtual = 115141
Phase 1.1 Placer Initialization Netlist Sorting | Checksum: 12ad34699

Time (s): cpu = 00:00:00.01 ; elapsed = 00:00:00 . Memory (MB): peak = 3314.156 ; gain = 0.000 ; free physical = 90910 ; free virtual = 115141
Netlist sorting complete. Time (s): cpu = 00:00:00 ; elapsed = 00:00:00 . Memory (MB): peak = 3314.156 ; gain = 0.000 ; free physical = 90910 ; free virtual = 115141

Phase 1.2 IO Placement/ Clock Placement/ Build Placer Device
INFO: [Timing 38-35] Done setting XDC timing constraints.
Phase 1.2 IO Placement/ Clock Placement/ Build Placer Device | Checksum: c9f0787e

Time (s): cpu = 00:00:00.88 ; elapsed = 00:00:00.32 . Memory (MB): peak = 3314.156 ; gain = 0.000 ; free physical = 90910 ; free virtual = 115141

Phase 1.3 Build Placer Netlist Model
Phase 1.3 Build Placer Netlist Model | Checksum: 1aaa061ec

Time (s): cpu = 00:00:03 ; elapsed = 00:00:01 . Memory (MB): peak = 3314.156 ; gain = 0.000 ; free physical = 90907 ; free virtual = 115138

Phase 1.4 Constrain Clocks/Macros
Phase 1.4 Constrain Clocks/Macros | Checksum: 1aaa061ec

Time (s): cpu = 00:00:03 ; elapsed = 00:00:01 . Memory (MB): peak = 3314.156 ; gain = 0.000 ; free physical = 90907 ; free virtual = 115138
Phase 1 Placer Initialization | Checksum: 1aaa061ec

Time (s): cpu = 00:00:03 ; elapsed = 00:00:01 . Memory (MB): peak = 3314.156 ; gain = 0.000 ; free physical = 90907 ; free virtual = 115138

Phase 2 Global Placement

Phase 2.1 Floorplanning
Phase 2.1 Floorplanning | Checksum: 14546b762

Time (s): cpu = 00:00:04 ; elapsed = 00:00:02 . Memory (MB): peak = 3314.156 ; gain = 0.000 ; free physical = 90899 ; free virtual = 115129

Phase 2.2 Update Timing before SLR Path Opt
Phase 2.2 Update Timing before SLR Path Opt | Checksum: 1997f1405

Time (s): cpu = 00:00:05 ; elapsed = 00:00:02 . Memory (MB): peak = 3314.156 ; gain = 0.000 ; free physical = 90905 ; free virtual = 115136

Phase 2.3 Post-Processing in Floorplanning
Phase 2.3 Post-Processing in Floorplanning | Checksum: 1997f1405

Time (s): cpu = 00:00:05 ; elapsed = 00:00:02 . Memory (MB): peak = 3314.156 ; gain = 0.000 ; free physical = 90905 ; free virtual = 115136

Phase 2.4 Global Place Phase1
Phase 2.4 Global Place Phase1 | Checksum: 164495e45

Time (s): cpu = 00:00:14 ; elapsed = 00:00:06 . Memory (MB): peak = 3314.156 ; gain = 0.000 ; free physical = 90909 ; free virtual = 115139

Phase 2.5 Global Place Phase2

Phase 2.5.1 UpdateTiming Before Physical Synthesis
Phase 2.5.1 UpdateTiming Before Physical Synthesis | Checksum: 20eb61caf

Time (s): cpu = 00:00:15 ; elapsed = 00:00:06 . Memory (MB): peak = 3314.156 ; gain = 0.000 ; free physical = 90914 ; free virtual = 115145

Phase 2.5.2 Physical Synthesis In Placer
INFO: [Physopt 32-1035] Found 0 LUTNM shape to break, 230 LUT instances to create LUTNM shape
INFO: [Physopt 32-1044] Break lutnm for timing: one critical 0, two critical 0, total 0, new lutff created 0
INFO: [Physopt 32-1138] End 1 Pass. Optimized 97 nets or LUTs. Breaked 0 LUT, combined 97 existing LUTs and moved 0 existing LUT
INFO: [Physopt 32-65] No nets found for high-fanout optimization.
INFO: [Physopt 32-232] Optimized 0 net. Created 0 new instance.
INFO: [Physopt 32-775] End 1 Pass. Optimized 0 net or cell. Created 0 new cell, deleted 0 existing cell and moved 0 existing cell
INFO: [Physopt 32-670] No setup violation found.  DSP Register Optimization was not performed.
INFO: [Physopt 32-670] No setup violation found.  Shift Register to Pipeline Optimization was not performed.
INFO: [Physopt 32-670] No setup violation found.  Shift Register Optimization was not performed.
INFO: [Physopt 32-670] No setup violation found.  BRAM Register Optimization was not performed.
INFO: [Physopt 32-670] No setup violation found.  URAM Register Optimization was not performed.
INFO: [Physopt 32-949] No candidate nets found for dynamic/static region interface net replication
INFO: [Physopt 32-775] End 1 Pass. Optimized 0 net or cell. Created 0 new cell, deleted 0 existing cell and moved 0 existing cell
Netlist sorting complete. Time (s): cpu = 00:00:00 ; elapsed = 00:00:00 . Memory (MB): peak = 3314.156 ; gain = 0.000 ; free physical = 90914 ; free virtual = 115144

Summary of Physical Synthesis Optimizations
============================================


-----------------------------------------------------------------------------------------------------------------------------------------------------------
|  Optimization                                     |  Added Cells  |  Removed Cells  |  Optimized Cells/Nets  |  Dont Touch  |  Iterations  |  Elapsed   |
-----------------------------------------------------------------------------------------------------------------------------------------------------------
|  LUT Combining                                    |            0  |             97  |                    97  |           0  |           1  |  00:00:00  |
|  Retime                                           |            0  |              0  |                     0  |           0  |           1  |  00:00:00  |
|  Very High Fanout                                 |            0  |              0  |                     0  |           0  |           1  |  00:00:00  |
|  DSP Register                                     |            0  |              0  |                     0  |           0  |           0  |  00:00:00  |
|  Shift Register to Pipeline                       |            0  |              0  |                     0  |           0  |           0  |  00:00:00  |
|  Shift Register                                   |            0  |              0  |                     0  |           0  |           0  |  00:00:00  |
|  BRAM Register                                    |            0  |              0  |                     0  |           0  |           0  |  00:00:00  |
|  URAM Register                                    |            0  |              0  |                     0  |           0  |           0  |  00:00:00  |
|  Dynamic/Static Region Interface Net Replication  |            0  |              0  |                     0  |           0  |           1  |  00:00:00  |
|  Total                                            |            0  |             97  |                    97  |           0  |           4  |  00:00:00  |
-----------------------------------------------------------------------------------------------------------------------------------------------------------


Phase 2.5.2 Physical Synthesis In Placer | Checksum: 2726a09a9

Time (s): cpu = 00:00:16 ; elapsed = 00:00:07 . Memory (MB): peak = 3314.156 ; gain = 0.000 ; free physical = 90912 ; free virtual = 115143
Phase 2.5 Global Place Phase2 | Checksum: 1d76be583

Time (s): cpu = 00:00:17 ; elapsed = 00:00:07 . Memory (MB): peak = 3314.156 ; gain = 0.000 ; free physical = 90911 ; free virtual = 115141
Phase 2 Global Placement | Checksum: 1d76be583

Time (s): cpu = 00:00:17 ; elapsed = 00:00:07 . Memory (MB): peak = 3314.156 ; gain = 0.000 ; free physical = 90916 ; free virtual = 115147

Phase 3 Detail Placement

Phase 3.1 Commit Multi Column Macros
Phase 3.1 Commit Multi Column Macros | Checksum: 24c706804

Time (s): cpu = 00:00:18 ; elapsed = 00:00:07 . Memory (MB): peak = 3314.156 ; gain = 0.000 ; free physical = 90911 ; free virtual = 115142

Phase 3.2 Commit Most Macros & LUTRAMs
Phase 3.2 Commit Most Macros & LUTRAMs | Checksum: 1ebcb6666

Time (s): cpu = 00:00:20 ; elapsed = 00:00:08 . Memory (MB): peak = 3314.156 ; gain = 0.000 ; free physical = 90911 ; free virtual = 115142

Phase 3.3 Area Swap Optimization
Phase 3.3 Area Swap Optimization | Checksum: 1ddb1c627

Time (s): cpu = 00:00:20 ; elapsed = 00:00:08 . Memory (MB): peak = 3314.156 ; gain = 0.000 ; free physical = 90911 ; free virtual = 115142

Phase 3.4 Pipeline Register Optimization
Phase 3.4 Pipeline Register Optimization | Checksum: 1e837b336

Time (s): cpu = 00:00:20 ; elapsed = 00:00:08 . Memory (MB): peak = 3314.156 ; gain = 0.000 ; free physical = 90911 ; free virtual = 115142

Phase 3.5 Small Shape Detail Placement
Phase 3.5 Small Shape Detail Placement | Checksum: 19321f341

Time (s): cpu = 00:00:23 ; elapsed = 00:00:12 . Memory (MB): peak = 3314.156 ; gain = 0.000 ; free physical = 90901 ; free virtual = 115132

Phase 3.6 Re-assign LUT pins
Phase 3.6 Re-assign LUT pins | Checksum: 1e44816bd

Time (s): cpu = 00:00:23 ; elapsed = 00:00:12 . Memory (MB): peak = 3314.156 ; gain = 0.000 ; free physical = 90901 ; free virtual = 115132

Phase 3.7 Pipeline Register Optimization
Phase 3.7 Pipeline Register Optimization | Checksum: 1dc1a09cc

Time (s): cpu = 00:00:23 ; elapsed = 00:00:13 . Memory (MB): peak = 3314.156 ; gain = 0.000 ; free physical = 90901 ; free virtual = 115132
Phase 3 Detail Placement | Checksum: 1dc1a09cc

Time (s): cpu = 00:00:23 ; elapsed = 00:00:13 . Memory (MB): peak = 3314.156 ; gain = 0.000 ; free physical = 90901 ; free virtual = 115132

Phase 4 Post Placement Optimization and Clean-Up

Phase 4.1 Post Commit Optimization
INFO: [Timing 38-35] Done setting XDC timing constraints.

Phase 4.1.1 Post Placement Optimization
Post Placement Optimization Initialization | Checksum: 25f722f7d

Phase 4.1.1.1 BUFG Insertion

Starting Physical Synthesis Task

Phase 1 Physical Synthesis Initialization
INFO: [Physopt 32-721] Multithreading enabled for phys_opt_design using a maximum of 8 CPUs
INFO: [Physopt 32-619] Estimated Timing Summary | WNS=4.363 | TNS=0.000 |
Phase 1 Physical Synthesis Initialization | Checksum: 1cb1ce3eb

Time (s): cpu = 00:00:00.54 ; elapsed = 00:00:00.2 . Memory (MB): peak = 3314.156 ; gain = 0.000 ; free physical = 90898 ; free virtual = 115129
INFO: [Place 46-33] Processed net u_cpu/u_cpu/u_core/u_bp/resetn_reg, BUFG insertion was skipped due to placement/routing conflicts.
INFO: [Place 46-56] BUFG insertion identified 1 candidate nets. Inserted BUFG: 0, Replicated BUFG Driver: 0, Skipped due to Placement/Routing Conflicts: 1, Skipped due to Timing Degradation: 0, Skipped due to netlist editing failed: 0.
Ending Physical Synthesis Task | Checksum: 257d1a1e6

Time (s): cpu = 00:00:00.78 ; elapsed = 00:00:00.38 . Memory (MB): peak = 3314.156 ; gain = 0.000 ; free physical = 90898 ; free virtual = 115129
Phase 4.1.1.1 BUFG Insertion | Checksum: 25f722f7d

Time (s): cpu = 00:00:27 ; elapsed = 00:00:14 . Memory (MB): peak = 3314.156 ; gain = 0.000 ; free physical = 90898 ; free virtual = 115129

Phase 4.1.1.2 Post Placement Timing Optimization
INFO: [Place 30-746] Post Placement Timing Summary WNS=4.363. For the most accurate timing information please run report_timing.
Phase 4.1.1.2 Post Placement Timing Optimization | Checksum: 2b01a69ae

Time (s): cpu = 00:00:27 ; elapsed = 00:00:14 . Memory (MB): peak = 3314.156 ; gain = 0.000 ; free physical = 90898 ; free virtual = 115129

Time (s): cpu = 00:00:27 ; elapsed = 00:00:14 . Memory (MB): peak = 3314.156 ; gain = 0.000 ; free physical = 90898 ; free virtual = 115129
Phase 4.1 Post Commit Optimization | Checksum: 2b01a69ae

Time (s): cpu = 00:00:27 ; elapsed = 00:00:14 . Memory (MB): peak = 3314.156 ; gain = 0.000 ; free physical = 90898 ; free virtual = 115129

Phase 4.2 Post Placement Cleanup
Phase 4.2 Post Placement Cleanup | Checksum: 2b01a69ae

Time (s): cpu = 00:00:27 ; elapsed = 00:00:14 . Memory (MB): peak = 3314.156 ; gain = 0.000 ; free physical = 90898 ; free virtual = 115129

Phase 4.3 Placer Reporting

Phase 4.3.1 Print Estimated Congestion
INFO: [Place 30-612] Post-Placement Estimated Congestion 
 ____________________________________________________
|           | Global Congestion | Short Congestion  |
| Direction | Region Size       | Region Size       |
|___________|___________________|___________________|
|      North|                1x1|                1x1|
|___________|___________________|___________________|
|      South|                1x1|                1x1|
|___________|___________________|___________________|
|       East|                1x1|                1x1|
|___________|___________________|___________________|
|       West|                1x1|                1x1|
|___________|___________________|___________________|

Phase 4.3.1 Print Estimated Congestion | Checksum: 2b01a69ae

Time (s): cpu = 00:00:27 ; elapsed = 00:00:14 . Memory (MB): peak = 3314.156 ; gain = 0.000 ; free physical = 90898 ; free virtual = 115129
Phase 4.3 Placer Reporting | Checksum: 2b01a69ae

Time (s): cpu = 00:00:27 ; elapsed = 00:00:14 . Memory (MB): peak = 3314.156 ; gain = 0.000 ; free physical = 90898 ; free virtual = 115129

Phase 4.4 Final Placement Cleanup
Netlist sorting complete. Time (s): cpu = 00:00:00 ; elapsed = 00:00:00.01 . Memory (MB): peak = 3314.156 ; gain = 0.000 ; free physical = 90898 ; free virtual = 115129

Time (s): cpu = 00:00:27 ; elapsed = 00:00:14 . Memory (MB): peak = 3314.156 ; gain = 0.000 ; free physical = 90898 ; free virtual = 115129
Phase 4 Post Placement Optimization and Clean-Up | Checksum: 1dfac0603

Time (s): cpu = 00:00:27 ; elapsed = 00:00:14 . Memory (MB): peak = 3314.156 ; gain = 0.000 ; free physical = 90898 ; free virtual = 115129
Ending Placer Task | Checksum: 12111c8fb

Time (s): cpu = 00:00:27 ; elapsed = 00:00:15 . Memory (MB): peak = 3314.156 ; gain = 0.000 ; free physical = 90898 ; free virtual = 115129
30 Infos, 0 Warnings, 0 Critical Warnings and 0 Errors encountered.
place_design completed successfully
place_design: Time (s): cpu = 00:00:29 ; elapsed = 00:00:15 . Memory (MB): peak = 3314.156 ; gain = 0.000 ; free physical = 90898 ; free virtual = 115129
# phys_opt_design
Command: phys_opt_design
Attempting to get a license for feature 'Implementation' and/or device 'xc7z020'
INFO: [Common 17-349] Got license for feature 'Implementation' and/or device 'xc7z020'

Starting Initial Update Timing Task

Time (s): cpu = 00:00:02 ; elapsed = 00:00:00.56 . Memory (MB): peak = 3314.156 ; gain = 0.000 ; free physical = 90897 ; free virtual = 115128
INFO: [Vivado_Tcl 4-2279] Estimated Timing Summary | WNS= 4.363 | TNS= 0.000 | 
INFO: [Vivado_Tcl 4-383] Design worst setup slack (WNS) is greater than or equal to 0.000 ns. All physical synthesis setup optimizations will be skipped.
INFO: [Vivado_Tcl 4-232] No setup violation found. The netlist was not modified.
INFO: [Common 17-83] Releasing license: Implementation
5 Infos, 0 Warnings, 0 Critical Warnings and 0 Errors encountered.
phys_opt_design completed successfully
# route_design
Command: route_design
Attempting to get a license for feature 'Implementation' and/or device 'xc7z020'
INFO: [Common 17-349] Got license for feature 'Implementation' and/or device 'xc7z020'


Starting Routing Task
INFO: [Route 35-254] Multithreading enabled for route_design using a maximum of 8 CPUs

Phase 1 Build RT Design
Checksum: PlaceDB: e4ad4de2 ConstDB: 0 ShapeSum: 266b0829 RouteDB: 15f972f0
Post Restoration Checksum: NetGraph: a8d1c9cc | NumContArr: f84688fd | Constraints: c2a8fa9d | Timing: c2a8fa9d
Phase 1 Build RT Design | Checksum: 3266a4803

Time (s): cpu = 00:00:12 ; elapsed = 00:00:09 . Memory (MB): peak = 3314.156 ; gain = 0.000 ; free physical = 90891 ; free virtual = 115122

Phase 2 Router Initialization

Phase 2.1 Fix Topology Constraints
Phase 2.1 Fix Topology Constraints | Checksum: 3266a4803

Time (s): cpu = 00:00:12 ; elapsed = 00:00:09 . Memory (MB): peak = 3314.156 ; gain = 0.000 ; free physical = 90891 ; free virtual = 115122

Phase 2.2 Pre Route Cleanup
Phase 2.2 Pre Route Cleanup | Checksum: 3266a4803

Time (s): cpu = 00:00:12 ; elapsed = 00:00:09 . Memory (MB): peak = 3314.156 ; gain = 0.000 ; free physical = 90891 ; free virtual = 115122
 Number of Nodes with overlaps = 0

Phase 2.3 Update Timing
Phase 2.3 Update Timing | Checksum: 236fd41a5

Time (s): cpu = 00:00:15 ; elapsed = 00:00:10 . Memory (MB): peak = 3314.156 ; gain = 0.000 ; free physical = 90887 ; free virtual = 115118
INFO: [Route 35-416] Intermediate Timing Summary | WNS=4.306  | TNS=0.000  | WHS=-0.143 | THS=-23.479|


Router Utilization Summary
  Global Vertical Routing Utilization    = 0 %
  Global Horizontal Routing Utilization  = 0 %
  Routable Net Status*
  *Does not include unroutable nets such as driverless and loadless.
  Run report_route_status for detailed report.
  Number of Failed Nets               = 10615
    (Failed Nets is the sum of unrouted and partially routed nets)
  Number of Unrouted Nets             = 10615
  Number of Partially Routed Nets     = 0
  Number of Node Overlaps             = 0

Phase 2 Router Initialization | Checksum: 29c52969f

Time (s): cpu = 00:00:16 ; elapsed = 00:00:11 . Memory (MB): peak = 3314.156 ; gain = 0.000 ; free physical = 90887 ; free virtual = 115118

Phase 3 Global Routing
Phase 3 Global Routing | Checksum: 29c52969f

Time (s): cpu = 00:00:16 ; elapsed = 00:00:11 . Memory (MB): peak = 3314.156 ; gain = 0.000 ; free physical = 90887 ; free virtual = 115118

Phase 4 Initial Routing

Phase 4.1 Initial Net Routing Pass
Phase 4.1 Initial Net Routing Pass | Checksum: 1c74ca9d1

Time (s): cpu = 00:00:19 ; elapsed = 00:00:12 . Memory (MB): peak = 3314.156 ; gain = 0.000 ; free physical = 90887 ; free virtual = 115118
Phase 4 Initial Routing | Checksum: 1c74ca9d1

Time (s): cpu = 00:00:19 ; elapsed = 00:00:12 . Memory (MB): peak = 3314.156 ; gain = 0.000 ; free physical = 90887 ; free virtual = 115118

Phase 5 Rip-up And Reroute

Phase 5.1 Global Iteration 0
 Number of Nodes with overlaps = 2325
 Number of Nodes with overlaps = 426
 Number of Nodes with overlaps = 100
 Number of Nodes with overlaps = 20
 Number of Nodes with overlaps = 2
 Number of Nodes with overlaps = 1
 Number of Nodes with overlaps = 0
INFO: [Route 35-416] Intermediate Timing Summary | WNS=4.122  | TNS=0.000  | WHS=N/A    | THS=N/A    |

Phase 5.1 Global Iteration 0 | Checksum: 2e4e76435

Time (s): cpu = 00:00:26 ; elapsed = 00:00:17 . Memory (MB): peak = 3314.156 ; gain = 0.000 ; free physical = 90888 ; free virtual = 115119
Phase 5 Rip-up And Reroute | Checksum: 2e4e76435

Time (s): cpu = 00:00:26 ; elapsed = 00:00:17 . Memory (MB): peak = 3314.156 ; gain = 0.000 ; free physical = 90888 ; free virtual = 115119

Phase 6 Delay and Skew Optimization

Phase 6.1 Delay CleanUp

Phase 6.1.1 Update Timing
Phase 6.1.1 Update Timing | Checksum: 2819c27ff

Time (s): cpu = 00:00:27 ; elapsed = 00:00:17 . Memory (MB): peak = 3314.156 ; gain = 0.000 ; free physical = 90888 ; free virtual = 115119
INFO: [Route 35-416] Intermediate Timing Summary | WNS=4.237  | TNS=0.000  | WHS=N/A    | THS=N/A    |

Phase 6.1 Delay CleanUp | Checksum: 2819c27ff

Time (s): cpu = 00:00:27 ; elapsed = 00:00:17 . Memory (MB): peak = 3314.156 ; gain = 0.000 ; free physical = 90888 ; free virtual = 115119

Phase 6.2 Clock Skew Optimization
Phase 6.2 Clock Skew Optimization | Checksum: 2819c27ff

Time (s): cpu = 00:00:27 ; elapsed = 00:00:17 . Memory (MB): peak = 3314.156 ; gain = 0.000 ; free physical = 90888 ; free virtual = 115119
Phase 6 Delay and Skew Optimization | Checksum: 2819c27ff

Time (s): cpu = 00:00:27 ; elapsed = 00:00:17 . Memory (MB): peak = 3314.156 ; gain = 0.000 ; free physical = 90888 ; free virtual = 115119

Phase 7 Post Hold Fix

Phase 7.1 Hold Fix Iter
INFO: [Route 35-416] Intermediate Timing Summary | WNS=4.237  | TNS=0.000  | WHS=0.018  | THS=0.000  |

Phase 7.1 Hold Fix Iter | Checksum: 277c31ad2

Time (s): cpu = 00:00:28 ; elapsed = 00:00:17 . Memory (MB): peak = 3314.156 ; gain = 0.000 ; free physical = 90888 ; free virtual = 115119
Phase 7 Post Hold Fix | Checksum: 277c31ad2

Time (s): cpu = 00:00:28 ; elapsed = 00:00:17 . Memory (MB): peak = 3314.156 ; gain = 0.000 ; free physical = 90888 ; free virtual = 115119

Phase 8 Route finalize

Router Utilization Summary
  Global Vertical Routing Utilization    = 3.31361 %
  Global Horizontal Routing Utilization  = 3.85294 %
  Routable Net Status*
  *Does not include unroutable nets such as driverless and loadless.
  Run report_route_status for detailed report.
  Number of Failed Nets               = 0
    (Failed Nets is the sum of unrouted and partially routed nets)
  Number of Unrouted Nets             = 0
  Number of Partially Routed Nets     = 0
  Number of Node Overlaps             = 0

Phase 8 Route finalize | Checksum: 277c31ad2

Time (s): cpu = 00:00:28 ; elapsed = 00:00:17 . Memory (MB): peak = 3314.156 ; gain = 0.000 ; free physical = 90888 ; free virtual = 115119

Phase 9 Verifying routed nets

 Verification completed successfully
Phase 9 Verifying routed nets | Checksum: 277c31ad2

Time (s): cpu = 00:00:28 ; elapsed = 00:00:17 . Memory (MB): peak = 3314.156 ; gain = 0.000 ; free physical = 90888 ; free virtual = 115119

Phase 10 Depositing Routes
Phase 10 Depositing Routes | Checksum: 250a294c6

Time (s): cpu = 00:00:29 ; elapsed = 00:00:18 . Memory (MB): peak = 3314.156 ; gain = 0.000 ; free physical = 90888 ; free virtual = 115119

Phase 11 Post Process Routing
Phase 11 Post Process Routing | Checksum: 250a294c6

Time (s): cpu = 00:00:29 ; elapsed = 00:00:18 . Memory (MB): peak = 3314.156 ; gain = 0.000 ; free physical = 90888 ; free virtual = 115119

Phase 12 Post Router Timing
INFO: [Route 35-57] Estimated Timing Summary | WNS=4.237  | TNS=0.000  | WHS=0.018  | THS=0.000  |

INFO: [Route 35-327] The final timing numbers are based on the router estimated timing analysis. For a complete and accurate timing signoff, please run report_timing_summary.
Phase 12 Post Router Timing | Checksum: 250a294c6

Time (s): cpu = 00:00:29 ; elapsed = 00:00:18 . Memory (MB): peak = 3314.156 ; gain = 0.000 ; free physical = 90888 ; free virtual = 115119
Total Elapsed time in route_design: 17.63 secs

Phase 13 Post-Route Event Processing
Phase 13 Post-Route Event Processing | Checksum: 13edeb9fb

Time (s): cpu = 00:00:29 ; elapsed = 00:00:18 . Memory (MB): peak = 3314.156 ; gain = 0.000 ; free physical = 90888 ; free virtual = 115119
INFO: [Route 35-16] Router Completed Successfully
Ending Routing Task | Checksum: 13edeb9fb

Time (s): cpu = 00:00:29 ; elapsed = 00:00:18 . Memory (MB): peak = 3314.156 ; gain = 0.000 ; free physical = 90888 ; free virtual = 115119

Routing Is Done.
INFO: [Common 17-83] Releasing license: Implementation
10 Infos, 0 Warnings, 0 Critical Warnings and 0 Errors encountered.
route_design completed successfully
route_design: Time (s): cpu = 00:00:29 ; elapsed = 00:00:18 . Memory (MB): peak = 3314.156 ; gain = 0.000 ; free physical = 90887 ; free virtual = 115118
# report_utilization -file utilization.rpt
# report_timing_summary -file timing.rpt
INFO: [Timing 38-91] UpdateTimingParams: Speed grade: -1, Delay Type: min_max.
INFO: [Timing 38-191] Multithreading enabled for timing update using a maximum of 8 CPUs
# write_checkpoint -force system_pynq_m1.dcp
INFO: [Timing 38-480] Writing timing data to binary archive.
Write ShapeDB Complete: Time (s): cpu = 00:00:00.04 ; elapsed = 00:00:00.01 . Memory (MB): peak = 3314.156 ; gain = 0.000 ; free physical = 90887 ; free virtual = 115119
Wrote PlaceDB: Time (s): cpu = 00:00:00.72 ; elapsed = 00:00:00.44 . Memory (MB): peak = 3314.156 ; gain = 0.000 ; free physical = 90875 ; free virtual = 115120
Wrote PulsedLatchDB: Time (s): cpu = 00:00:00 ; elapsed = 00:00:00 . Memory (MB): peak = 3314.156 ; gain = 0.000 ; free physical = 90875 ; free virtual = 115120
Writing XDEF routing.
Writing XDEF routing logical nets.
Writing XDEF routing special nets.
Wrote RouteStorage: Time (s): cpu = 00:00:00.16 ; elapsed = 00:00:00.15 . Memory (MB): peak = 3314.156 ; gain = 0.000 ; free physical = 90872 ; free virtual = 115119
Wrote Netlist Cache: Time (s): cpu = 00:00:00.02 ; elapsed = 00:00:00.01 . Memory (MB): peak = 3314.156 ; gain = 0.000 ; free physical = 90871 ; free virtual = 115119
Wrote Device Cache: Time (s): cpu = 00:00:00 ; elapsed = 00:00:00.01 . Memory (MB): peak = 3314.156 ; gain = 0.000 ; free physical = 90870 ; free virtual = 115120
Write Physdb Complete: Time (s): cpu = 00:00:00.9 ; elapsed = 00:00:00.61 . Memory (MB): peak = 3314.156 ; gain = 0.000 ; free physical = 90870 ; free virtual = 115120
INFO: [Common 17-1381] The checkpoint '/home/edauser/project/SOC/Magpie_M1/flow/fpga/pynq_z2/system_pynq_m1.dcp' has been generated.
# write_bitstream -force system_pynq_m1.bit
Command: write_bitstream -force system_pynq_m1.bit
Attempting to get a license for feature 'Implementation' and/or device 'xc7z020'
INFO: [Common 17-349] Got license for feature 'Implementation' and/or device 'xc7z020'
Running DRC as a precondition to command write_bitstream
INFO: [IP_Flow 19-234] Refreshing IP repositories
INFO: [IP_Flow 19-1704] No user IP repositories specified
INFO: [IP_Flow 19-2313] Loaded Vivado IP repository '/tools/Xilinx/Vivado/2024.2/data/ip'.
INFO: [DRC 23-27] Running DRC with 8 threads
INFO: [Vivado 12-3199] DRC finished with 0 Errors
INFO: [Vivado 12-3200] Please refer to the DRC report (report_drc) for more information.
INFO: [Designutils 20-2272] Running write_bitstream with 8 threads.
Loading data files...
Loading site data...
Loading route data...
Processing options...
Creating bitmap...
Creating bitstream...
Writing bitstream ./system_pynq_m1.bit...
INFO: [Vivado 12-1842] Bitgen Completed Successfully.
INFO: [Project 1-1876] WebTalk data collection is mandatory when using a ULT device. To see the specific WebTalk data collected for your design, open the usage_statistics_webtalk.html or usage_statistics_webtalk.xml file in the implementation directory.
INFO: [Common 17-83] Releasing license: Implementation
11 Infos, 0 Warnings, 0 Critical Warnings and 0 Errors encountered.
write_bitstream completed successfully
write_bitstream: Time (s): cpu = 00:00:16 ; elapsed = 00:00:06 . Memory (MB): peak = 3465.098 ; gain = 150.941 ; free physical = 90560 ; free virtual = 114792
INFO: [Common 17-206] Exiting Vivado at Wed Jun 10 12:16:46 2026...
