Copyright 1986-2022 Xilinx, Inc. All Rights Reserved. Copyright 2022-2024 Advanced Micro Devices, Inc. All Rights Reserved.
---------------------------------------------------------------------------------------------------------------------------------------------
| Tool Version : Vivado v.2024.2 (lin64) Build 5239630 Fri Nov 08 22:34:34 MST 2024
| Date         : Wed Jun 10 12:16:40 2026
| Host         : eda running 64-bit AlmaLinux release 8.10 (Cerulean Leopard)
| Command      : report_timing_summary -file timing.rpt
| Design       : system_pynq_m1
| Device       : 7z020-clg400
| Speed File   : -1  PRODUCTION 1.12 2019-11-22
| Design State : Routed
---------------------------------------------------------------------------------------------------------------------------------------------

Timing Summary Report

------------------------------------------------------------------------------------------------
| Timer Settings
| --------------
------------------------------------------------------------------------------------------------

  Enable Multi Corner Analysis               :  Yes
  Enable Pessimism Removal                   :  Yes
  Pessimism Removal Resolution               :  Nearest Common Node
  Enable Input Delay Default Clock           :  No
  Enable Preset / Clear Arcs                 :  No
  Disable Flight Delays                      :  No
  Ignore I/O Paths                           :  No
  Timing Early Launch at Borrowing Latches   :  No
  Borrow Time for Max Delay Exceptions       :  Yes
  Merge Timing Exceptions                    :  Yes
  Inter-SLR Compensation                     :  Conservative

  Corner  Analyze    Analyze    
  Name    Max Paths  Min Paths  
  ------  ---------  ---------  
  Slow    Yes        Yes        
  Fast    Yes        Yes        


------------------------------------------------------------------------------------------------
| Report Methodology
| ------------------
------------------------------------------------------------------------------------------------

No report available as report_methodology has not been run prior. Run report_methodology on the current design for the summary of methodology violations.



check_timing report

Table of Contents
-----------------
1. checking no_clock (0)
2. checking constant_clock (0)
3. checking pulse_width_clock (0)
4. checking unconstrained_internal_endpoints (0)
5. checking no_input_delay (1)
6. checking no_output_delay (4)
7. checking multiple_clock (0)
8. checking generated_clocks (0)
9. checking loops (0)
10. checking partial_input_delay (0)
11. checking partial_output_delay (0)
12. checking latch_loops (0)

1. checking no_clock (0)
------------------------
 There are 0 register/latch pins with no clock.


2. checking constant_clock (0)
------------------------------
 There are 0 register/latch pins with constant_clock.


3. checking pulse_width_clock (0)
---------------------------------
 There are 0 register/latch pins which need pulse_width check


4. checking unconstrained_internal_endpoints (0)
------------------------------------------------
 There are 0 pins that are not constrained for maximum delay.

 There are 0 pins that are not constrained for maximum delay due to constant clock.


5. checking no_input_delay (1)
------------------------------
 There is 1 input port with no input delay specified. (HIGH)

 There are 0 input ports with no input delay but user has a false path constraint.


6. checking no_output_delay (4)
-------------------------------
 There are 4 ports with no output delay specified. (HIGH)

 There are 0 ports with no output delay but user has a false path constraint

 There are 0 ports with no output delay but with a timing clock defined on it or propagating through it


7. checking multiple_clock (0)
------------------------------
 There are 0 register/latch pins with multiple clocks.


8. checking generated_clocks (0)
--------------------------------
 There are 0 generated clocks that are not connected to a clock source.


9. checking loops (0)
---------------------
 There are 0 combinational loops in the design.


10. checking partial_input_delay (0)
------------------------------------
 There are 0 input ports with partial input delay specified.


11. checking partial_output_delay (0)
-------------------------------------
 There are 0 ports with partial output delay specified.


12. checking latch_loops (0)
----------------------------
 There are 0 combinational latch loops in the design through latch input



------------------------------------------------------------------------------------------------
| Design Timing Summary
| ---------------------
------------------------------------------------------------------------------------------------

    WNS(ns)      TNS(ns)  TNS Failing Endpoints  TNS Total Endpoints      WHS(ns)      THS(ns)  THS Failing Endpoints  THS Total Endpoints     WPWS(ns)     TPWS(ns)  TPWS Failing Endpoints  TPWS Total Endpoints  
    -------      -------  ---------------------  -------------------      -------      -------  ---------------------  -------------------     --------     --------  ----------------------  --------------------  
      4.241        0.000                      0                19178        0.018        0.000                      0                19178        9.500        0.000                       0                  6905  


All user specified timing constraints are met.


------------------------------------------------------------------------------------------------
| Clock Summary
| -------------
------------------------------------------------------------------------------------------------

Clock        Waveform(ns)       Period(ns)      Frequency(MHz)
-----        ------------       ----------      --------------
sys_clk_pin  {0.000 10.000}     20.000          50.000          


------------------------------------------------------------------------------------------------
| Intra Clock Table
| -----------------
------------------------------------------------------------------------------------------------

Clock             WNS(ns)      TNS(ns)  TNS Failing Endpoints  TNS Total Endpoints      WHS(ns)      THS(ns)  THS Failing Endpoints  THS Total Endpoints     WPWS(ns)     TPWS(ns)  TPWS Failing Endpoints  TPWS Total Endpoints  
-----             -------      -------  ---------------------  -------------------      -------      -------  ---------------------  -------------------     --------     --------  ----------------------  --------------------  
sys_clk_pin         4.241        0.000                      0                19178        0.018        0.000                      0                19178        9.500        0.000                       0                  6905  


------------------------------------------------------------------------------------------------
| Inter Clock Table
| -----------------
------------------------------------------------------------------------------------------------

From Clock    To Clock          WNS(ns)      TNS(ns)  TNS Failing Endpoints  TNS Total Endpoints      WHS(ns)      THS(ns)  THS Failing Endpoints  THS Total Endpoints  
----------    --------          -------      -------  ---------------------  -------------------      -------      -------  ---------------------  -------------------  


------------------------------------------------------------------------------------------------
| Other Path Groups Table
| -----------------------
------------------------------------------------------------------------------------------------

Path Group    From Clock    To Clock          WNS(ns)      TNS(ns)  TNS Failing Endpoints  TNS Total Endpoints      WHS(ns)      THS(ns)  THS Failing Endpoints  THS Total Endpoints  
----------    ----------    --------          -------      -------  ---------------------  -------------------      -------      -------  ---------------------  -------------------  


------------------------------------------------------------------------------------------------
| Timing Details
| --------------
------------------------------------------------------------------------------------------------


---------------------------------------------------------------------------------------------------
From Clock:  sys_clk_pin
  To Clock:  sys_clk_pin

Setup :            0  Failing Endpoints,  Worst Slack        4.241ns,  Total Violation        0.000ns
Hold  :            0  Failing Endpoints,  Worst Slack        0.018ns,  Total Violation        0.000ns
PW    :            0  Failing Endpoints,  Worst Slack        9.500ns,  Total Violation        0.000ns
---------------------------------------------------------------------------------------------------


Max Delay Paths
--------------------------------------------------------------------------------------
Slack (MET) :             4.241ns  (required time - arrival time)
  Source:                 u_cpu/u_cpu/u_core/u_ifu/pc_reg_reg[3]/C
                            (rising edge-triggered cell FDRE clocked by sys_clk_pin  {rise@0.000ns fall@10.000ns period=20.000ns})
  Destination:            u_cpu/u_cpu/i_addr_q_reg[29]/D
                            (rising edge-triggered cell FDRE clocked by sys_clk_pin  {rise@0.000ns fall@10.000ns period=20.000ns})
  Path Group:             sys_clk_pin
  Path Type:              Setup (Max at Slow Process Corner)
  Requirement:            20.000ns  (sys_clk_pin rise@20.000ns - sys_clk_pin rise@0.000ns)
  Data Path Delay:        15.680ns  (logic 2.685ns (17.124%)  route 12.995ns (82.876%))
  Logic Levels:           9  (CARRY4=2 LUT5=1 LUT6=5 MUXF7=1)
  Clock Path Skew:        -0.013ns (DCD - SCD + CPR)
    Destination Clock Delay (DCD):    5.285ns = ( 25.285 - 20.000 ) 
    Source Clock Delay      (SCD):    5.722ns
    Clock Pessimism Removal (CPR):    0.423ns
  Clock Uncertainty:      0.035ns  ((TSJ^2 + TIJ^2)^1/2 + DJ) / 2 + PE
    Total System Jitter     (TSJ):    0.071ns
    Total Input Jitter      (TIJ):    0.000ns
    Discrete Jitter          (DJ):    0.000ns
    Phase Error              (PE):    0.000ns

    Location             Delay type                Incr(ns)  Path(ns)    Netlist Resource(s)
  -------------------------------------------------------------------    -------------------
                         (clock sys_clk_pin rise edge)
                                                      0.000     0.000 r  
    H16                                               0.000     0.000 r  clk (IN)
                         net (fo=0)                   0.000     0.000    clk
    H16                  IBUF (Prop_ibuf_I_O)         1.451     1.451 r  clk_IBUF_inst/O
                         net (fo=1, routed)           2.522     3.973    clk_IBUF
    BUFGCTRL_X0Y16       BUFG (Prop_bufg_I_O)         0.101     4.074 r  clk_IBUF_BUFG_inst/O
                         net (fo=6908, routed)        1.648     5.722    u_cpu/u_cpu/u_core/u_ifu/clk_IBUF_BUFG
    SLICE_X33Y62         FDRE                                         r  u_cpu/u_cpu/u_core/u_ifu/pc_reg_reg[3]/C
  -------------------------------------------------------------------    -------------------
    SLICE_X33Y62         FDRE (Prop_fdre_C_Q)         0.419     6.141 r  u_cpu/u_cpu/u_core/u_ifu/pc_reg_reg[3]/Q
                         net (fo=487, routed)         3.127     9.267    u_cpu/u_cpu/u_core/u_bp/if_ex_pred_taken_reg_i_9[2]
    SLICE_X31Y118        MUXF7 (Prop_muxf7_S_O)       0.471     9.738 r  u_cpu/u_cpu/u_core/u_bp/if_ex_pred_taken_reg_i_170/O
                         net (fo=1, routed)           0.881    10.619    u_cpu/u_cpu/u_core/u_ifu/if_ex_pred_taken_i_56_5
    SLICE_X35Y117        LUT6 (Prop_lut6_I5_O)        0.298    10.917 r  u_cpu/u_cpu/u_core/u_ifu/if_ex_pred_taken_i_92/O
                         net (fo=1, routed)           0.853    11.770    u_cpu/u_cpu/u_core/u_ifu/if_ex_pred_taken_i_92_n_0
    SLICE_X36Y106        LUT6 (Prop_lut6_I4_O)        0.124    11.894 r  u_cpu/u_cpu/u_core/u_ifu/if_ex_pred_taken_i_56/O
                         net (fo=1, routed)           0.000    11.894    u_cpu/u_cpu/u_core/u_ifu/if_ex_pred_taken_i_56_n_0
    SLICE_X36Y106        CARRY4 (Prop_carry4_S[2]_CO[3])
                                                      0.380    12.274 r  u_cpu/u_cpu/u_core/u_ifu/if_ex_pred_taken_reg_i_24/CO[3]
                         net (fo=1, routed)           0.000    12.274    u_cpu/u_cpu/u_core/u_ifu/if_ex_pred_taken_reg_i_24_n_0
    SLICE_X36Y107        CARRY4 (Prop_carry4_CI_CO[0])
                                                      0.254    12.528 f  u_cpu/u_cpu/u_core/u_ifu/if_ex_pred_taken_reg_i_9/CO[0]
                         net (fo=1, routed)           1.401    13.929    u_cpu/u_cpu/u_core/u_bp/CO[0]
    SLICE_X59Y117        LUT6 (Prop_lut6_I2_O)        0.367    14.296 f  u_cpu/u_cpu/u_core/u_bp/if_ex_pred_taken_i_3/O
                         net (fo=1, routed)           0.965    15.261    u_cpu/u_cpu/u_core/u_bp/predict_from_way0
    SLICE_X60Y107        LUT5 (Prop_lut5_I0_O)        0.124    15.385 f  u_cpu/u_cpu/u_core/u_bp/if_ex_pred_taken_i_2/O
                         net (fo=80, routed)          3.212    18.598    u_cpu/u_cpu/u_core/u_ifu/bp_predict_taken
    SLICE_X33Y61         LUT6 (Prop_lut6_I4_O)        0.124    18.722 r  u_cpu/u_cpu/u_core/u_ifu/residue[15]_i_6/O
                         net (fo=17, routed)          1.329    20.050    u_cpu/u_cpu/u_core/u_ifu/i_rdata_q_reg[1]
    SLICE_X33Y72         LUT6 (Prop_lut6_I1_O)        0.124    20.174 r  u_cpu/u_cpu/u_core/u_ifu/i_addr_q[29]_i_1/O
                         net (fo=2, routed)           1.227    21.401    u_cpu/u_cpu/core_i_mem_addr[29]
    SLICE_X26Y56         FDRE                                         r  u_cpu/u_cpu/i_addr_q_reg[29]/D
  -------------------------------------------------------------------    -------------------

                         (clock sys_clk_pin rise edge)
                                                     20.000    20.000 r  
    H16                                               0.000    20.000 r  clk (IN)
                         net (fo=0)                   0.000    20.000    clk
    H16                  IBUF (Prop_ibuf_I_O)         1.380    21.380 r  clk_IBUF_inst/O
                         net (fo=1, routed)           2.293    23.673    clk_IBUF
    BUFGCTRL_X0Y16       BUFG (Prop_bufg_I_O)         0.091    23.764 r  clk_IBUF_BUFG_inst/O
                         net (fo=6908, routed)        1.521    25.285    u_cpu/u_cpu/clk_IBUF_BUFG
    SLICE_X26Y56         FDRE                                         r  u_cpu/u_cpu/i_addr_q_reg[29]/C
                         clock pessimism              0.423    25.709    
                         clock uncertainty           -0.035    25.673    
    SLICE_X26Y56         FDRE (Setup_fdre_C_D)       -0.031    25.642    u_cpu/u_cpu/i_addr_q_reg[29]
  -------------------------------------------------------------------
                         required time                         25.642    
                         arrival time                         -21.401    
  -------------------------------------------------------------------
                         slack                                  4.241    





Min Delay Paths
--------------------------------------------------------------------------------------
Slack (MET) :             0.018ns  (arrival time - required time)
  Source:                 u_cpu/u_cpu/u_core/ex_mem_is_ecall_r_reg/C
                            (rising edge-triggered cell FDRE clocked by sys_clk_pin  {rise@0.000ns fall@10.000ns period=20.000ns})
  Destination:            u_cpu/u_cpu/u_core/ex_wb_is_ecall_r_reg/D
                            (rising edge-triggered cell FDRE clocked by sys_clk_pin  {rise@0.000ns fall@10.000ns period=20.000ns})
  Path Group:             sys_clk_pin
  Path Type:              Hold (Min at Fast Process Corner)
  Requirement:            0.000ns  (sys_clk_pin rise@0.000ns - sys_clk_pin rise@0.000ns)
  Data Path Delay:        0.287ns  (logic 0.128ns (44.586%)  route 0.159ns (55.414%))
  Logic Levels:           0  
  Clock Path Skew:        0.260ns (DCD - SCD - CPR)
    Destination Clock Delay (DCD):    2.161ns
    Source Clock Delay      (SCD):    1.640ns
    Clock Pessimism Removal (CPR):    0.261ns

    Location             Delay type                Incr(ns)  Path(ns)    Netlist Resource(s)
  -------------------------------------------------------------------    -------------------
                         (clock sys_clk_pin rise edge)
                                                      0.000     0.000 r  
    H16                                               0.000     0.000 r  clk (IN)
                         net (fo=0)                   0.000     0.000    clk
    H16                  IBUF (Prop_ibuf_I_O)         0.219     0.219 r  clk_IBUF_inst/O
                         net (fo=1, routed)           0.842     1.060    clk_IBUF
    BUFGCTRL_X0Y16       BUFG (Prop_bufg_I_O)         0.026     1.086 r  clk_IBUF_BUFG_inst/O
                         net (fo=6908, routed)        0.554     1.640    u_cpu/u_cpu/u_core/clk_IBUF_BUFG
    SLICE_X48Y58         FDRE                                         r  u_cpu/u_cpu/u_core/ex_mem_is_ecall_r_reg/C
  -------------------------------------------------------------------    -------------------
    SLICE_X48Y58         FDRE (Prop_fdre_C_Q)         0.128     1.768 r  u_cpu/u_cpu/u_core/ex_mem_is_ecall_r_reg/Q
                         net (fo=1, routed)           0.159     1.927    u_cpu/u_cpu/u_core/ex_mem_is_ecall_r
    SLICE_X50Y59         FDRE                                         r  u_cpu/u_cpu/u_core/ex_wb_is_ecall_r_reg/D
  -------------------------------------------------------------------    -------------------

                         (clock sys_clk_pin rise edge)
                                                      0.000     0.000 r  
    H16                                               0.000     0.000 r  clk (IN)
                         net (fo=0)                   0.000     0.000    clk
    H16                  IBUF (Prop_ibuf_I_O)         0.406     0.406 r  clk_IBUF_inst/O
                         net (fo=1, routed)           0.907     1.313    clk_IBUF
    BUFGCTRL_X0Y16       BUFG (Prop_bufg_I_O)         0.029     1.342 r  clk_IBUF_BUFG_inst/O
                         net (fo=6908, routed)        0.819     2.161    u_cpu/u_cpu/u_core/clk_IBUF_BUFG
    SLICE_X50Y59         FDRE                                         r  u_cpu/u_cpu/u_core/ex_wb_is_ecall_r_reg/C
                         clock pessimism             -0.261     1.900    
    SLICE_X50Y59         FDRE (Hold_fdre_C_D)         0.009     1.909    u_cpu/u_cpu/u_core/ex_wb_is_ecall_r_reg
  -------------------------------------------------------------------
                         required time                         -1.909    
                         arrival time                           1.927    
  -------------------------------------------------------------------
                         slack                                  0.018    





Pulse Width Checks
--------------------------------------------------------------------------------------
Clock Name:         sys_clk_pin
Waveform(ns):       { 0.000 10.000 }
Period(ns):         20.000
Sources:            { clk }

Check Type        Corner  Lib Pin             Reference Pin  Required(ns)  Actual(ns)  Slack(ns)  Location      Pin
Min Period        n/a     RAMB36E1/CLKARDCLK  n/a            2.944         20.000      17.056     RAMB36_X3Y10  u_bram/mem_reg_1_0/CLKARDCLK
Low Pulse Width   Slow    FDRE/C              n/a            0.500         10.000      9.500      SLICE_X43Y51  d_rd_sel_led_q_reg/C
High Pulse Width  Slow    FDRE/C              n/a            0.500         10.000      9.500      SLICE_X43Y51  d_rd_sel_led_q_reg/C



