 
****************************************
Report : area
Design : mat_engine_LANES1
Version: X-2025.06-SP2
Date   : Tue Jul  7 14:11:12 2026
****************************************

Library(s) Used:

    tcbn28hpcplusbwp40p140tt0p9v25c (File: /home/edauser/project/PDK/TSMC28/logic/tcbn28hpcplusbwp40p140_180b/AN61001_20180509/TSMCHOME/digital/Front_End/timing_power_noise/NLDM/tcbn28hpcplusbwp40p140_180a/tcbn28hpcplusbwp40p140tt0p9v25c.db)

Number of ports:                          759
Number of nets:                         67833
Number of cells:                        65080
Number of combinational cells:          56394
Number of sequential cells:              8686
Number of macros/black boxes:               0
Number of buf/inv:                       5766
Number of references:                     111

Combinational area:              34064.478068
Buf/Inv area:                     1608.138011
Noncombinational area:           16450.433879
Macro/Black Box area:                0.000000
Net Interconnect area:      undefined  (Wire load has zero net area)

Total cell area:                 50514.911947
Total area:                 undefined
1
