Information: Updating design information... (UID-85)
Warning: Design 'mat_engine_LANES1' contains 1 high-fanout nets. A fanout number of 1000 will be used for delay calculations involving these nets. (TIM-134)
 
****************************************
Report : qor
Design : mat_engine_LANES1
Version: X-2025.06-SP2
Date   : Tue Jul  7 14:11:12 2026
****************************************


  Timing Path Group 'clk'
  -----------------------------------
  Levels of Logic:              32.00
  Critical Path Length:          0.81
  Critical Path Slack:           0.00
  Critical Path Clk Period:      1.20
  Total Negative Slack:          0.00
  No. of Violating Paths:        0.00
  Worst Hold Violation:          0.00
  Total Hold Violation:          0.00
  No. of Hold Violations:        0.00
  -----------------------------------


  Cell Count
  -----------------------------------
  Hierarchical Cell Count:          0
  Hierarchical Port Count:          0
  Leaf Cell Count:              65080
  Buf/Inv Cell Count:            5766
  Buf Cell Count:                 960
  Inv Cell Count:                4806
  CT Buf/Inv Cell Count:            0
  Combinational Cell Count:     56394
  Sequential Cell Count:         8686
  Macro Count:                      0
  -----------------------------------


  Area
  -----------------------------------
  Combinational Area:    34064.478068
  Noncombinational Area: 16450.433879
  Buf/Inv Area:           1608.138011
  Total Buffer Area:           370.44
  Total Inverter Area:        1237.70
  Macro/Black Box Area:      0.000000
  Net Area:                  0.000000
  -----------------------------------
  Cell Area:             50514.911947
  Design Area:           50514.911947


  Design Rules
  -----------------------------------
  Total Number of Nets:         67833
  Nets With Violations:             0
  Max Trans Violations:             0
  Max Cap Violations:               0
  -----------------------------------


  Hostname: eda

  Compile CPU Statistics
  -----------------------------------------
  Resource Sharing:                   65.48
  Logic Optimization:                 57.95
  Mapping Optimization:               97.92
  -----------------------------------------
  Overall Compile Time:              414.33
  Overall Compile Wall Clock Time:   415.93

  --------------------------------------------------------------------

  Design  WNS: 0.00  TNS: 0.00  Number of Violating Paths: 0


  Design (Hold)  WNS: 0.00  TNS: 0.00  Number of Violating Paths: 0

  --------------------------------------------------------------------


1
