###############################################################
 # This report contains names of design units along with parameter
 # values and self instances.
 # Some parameters may have more than one possible values for that
 # design unit, values will be unique for instances. It is indicated as
 # "Multiple Values".
 # In some cases instance count shown may be less than actual instance
 # count in the design due to optimizations. It is indicated as
 # "Optimized".
###############################################################


Design Unit Name: 'axil_bridge_formal', (axil_bridge_formal.sv:4)
    Parameters (Total 0)
    Instances (Total: 0)
=============================================


Design Unit Name: 'axil_bridge', (../../../IP/cpu_m1/rtl/axil_bridge.v:18)
    Parameters (Total 7)
        I_IDLE = 2'b0  (default: 2'b0)
        I_AR = 2'b1  (default: 2'b1)
        I_R = 2'd2  (default: 2'd2)
        D_IDLE = 2'b0  (default: 2'b0)
        D_AR = 2'b1  (default: 2'b1)
        D_R = 2'd2  (default: 2'd2)
        D_AW = 2'd3  (default: 2'd3)
    Instances (Total 1)(Optimized)
        axil_bridge_formal.dut
=============================================


