/home/edauser/miniforge3/envs/magpie_claude/bin/verilator --binary -j 4 --trace --trace-depth 2 --trace-structs --top-module tb_mem_wrapper --timescale 1ns/1ns -I../../../IP/cpu_m1/rtl/pipeline_v2/ch2_lab08e -Wall -Wno-PROCASSINIT -Wno-DECLFILENAME -Wno-TIMESCALEMOD -Wno-UNUSEDSIGNAL -Wno-SYNCASYNCNET ../../../IP/cpu_m1/rtl/pipeline_v2/ch2_lab08e/rfu.v ../../../IP/cpu_m1/rtl/pipeline_v2/ch2_lab08e/alu.v ../../../IP/cpu_m1/rtl/pipeline_v2/ch2_lab08e/idu.v ../../../IP/cpu_m1/rtl/pipeline_v2/ch2_lab08e/ifu.v ../../../IP/cpu_m1/rtl/pipeline_v2/ch2_lab08e/lsu.v ../../../IP/cpu_m1/rtl/pipeline_v2/ch2_lab08e/csr.v ../../../IP/cpu_m1/rtl/pipeline_v2/ch2_lab08e/mul.v ../../../IP/cpu_m1/rtl/pipeline_v2/ch2_lab08e/div.v ../../../IP/cpu_m1/rtl/pipeline_v2/ch2_lab08e/forward.v ../../../IP/cpu_m1/rtl/pipeline_v2/ch2_lab08e/hazard.v ../../../IP/cpu_m1/rtl/pipeline_v2/ch2_lab08e/bp.v ../../../IP/cpu_m1/rtl/pipeline_v2/ch2_lab08e/ras.v ../../../IP/cpu_m1/rtl/pipeline_v2/ch2_lab08e/cdec.v ../../../IP/cpu_m1/rtl/pipeline_v2/ch2_lab08e/core.v ../../../IP/cpu_m1/rtl/pipeline_v2/ch2_lab08e/cpu_m1_top.v tb_mem_wrapper.v
make[1]: Entering directory '/home/edauser/project/SOC/Magpie_M1/flow/v2_pipeline/phase_02_01_mem_wrapper/obj_dir'
/home/edauser/miniforge3/envs/magpie_claude/bin/x86_64-conda-linux-gnu-c++ -Os  -I.  -MMD -I/home/edauser/miniforge3/envs/magpie_claude/share/verilator/include -I/home/edauser/miniforge3/envs/magpie_claude/share/verilator/include/vltstd -DVERILATOR=1 -DVM_COVERAGE=0 -DVM_SC=0 -DVM_TIMING=1 -DVM_TRACE=1 -DVM_TRACE_FST=0 -DVM_TRACE_VCD=1 -DVM_TRACE_SAIF=0 -faligned-new -fcf-protection=none -Wno-bool-operation -Wno-int-in-bool-context -Wno-shadow -Wno-sign-compare -Wno-subobject-linkage -Wno-tautological-compare -Wno-uninitialized -Wno-unused-but-set-parameter -Wno-unused-but-set-variable -Wno-unused-parameter -Wno-unused-variable    -DVL_TIME_CONTEXT   -fcoroutines -c -o verilated.o /home/edauser/miniforge3/envs/magpie_claude/share/verilator/include/verilated.cpp
/home/edauser/miniforge3/envs/magpie_claude/bin/x86_64-conda-linux-gnu-c++ -Os  -I.  -MMD -I/home/edauser/miniforge3/envs/magpie_claude/share/verilator/include -I/home/edauser/miniforge3/envs/magpie_claude/share/verilator/include/vltstd -DVERILATOR=1 -DVM_COVERAGE=0 -DVM_SC=0 -DVM_TIMING=1 -DVM_TRACE=1 -DVM_TRACE_FST=0 -DVM_TRACE_VCD=1 -DVM_TRACE_SAIF=0 -faligned-new -fcf-protection=none -Wno-bool-operation -Wno-int-in-bool-context -Wno-shadow -Wno-sign-compare -Wno-subobject-linkage -Wno-tautological-compare -Wno-uninitialized -Wno-unused-but-set-parameter -Wno-unused-but-set-variable -Wno-unused-parameter -Wno-unused-variable    -DVL_TIME_CONTEXT   -fcoroutines -c -o verilated_vcd_c.o /home/edauser/miniforge3/envs/magpie_claude/share/verilator/include/verilated_vcd_c.cpp
/home/edauser/miniforge3/envs/magpie_claude/bin/x86_64-conda-linux-gnu-c++ -Os  -I.  -MMD -I/home/edauser/miniforge3/envs/magpie_claude/share/verilator/include -I/home/edauser/miniforge3/envs/magpie_claude/share/verilator/include/vltstd -DVERILATOR=1 -DVM_COVERAGE=0 -DVM_SC=0 -DVM_TIMING=1 -DVM_TRACE=1 -DVM_TRACE_FST=0 -DVM_TRACE_VCD=1 -DVM_TRACE_SAIF=0 -faligned-new -fcf-protection=none -Wno-bool-operation -Wno-int-in-bool-context -Wno-shadow -Wno-sign-compare -Wno-subobject-linkage -Wno-tautological-compare -Wno-uninitialized -Wno-unused-but-set-parameter -Wno-unused-but-set-variable -Wno-unused-parameter -Wno-unused-variable    -DVL_TIME_CONTEXT   -fcoroutines -c -o verilated_timing.o /home/edauser/miniforge3/envs/magpie_claude/share/verilator/include/verilated_timing.cpp
/home/edauser/miniforge3/envs/magpie_claude/bin/x86_64-conda-linux-gnu-c++ -Os  -I.  -MMD -I/home/edauser/miniforge3/envs/magpie_claude/share/verilator/include -I/home/edauser/miniforge3/envs/magpie_claude/share/verilator/include/vltstd -DVERILATOR=1 -DVM_COVERAGE=0 -DVM_SC=0 -DVM_TIMING=1 -DVM_TRACE=1 -DVM_TRACE_FST=0 -DVM_TRACE_VCD=1 -DVM_TRACE_SAIF=0 -faligned-new -fcf-protection=none -Wno-bool-operation -Wno-int-in-bool-context -Wno-shadow -Wno-sign-compare -Wno-subobject-linkage -Wno-tautological-compare -Wno-uninitialized -Wno-unused-but-set-parameter -Wno-unused-but-set-variable -Wno-unused-parameter -Wno-unused-variable    -DVL_TIME_CONTEXT   -fcoroutines -c -o verilated_threads.o /home/edauser/miniforge3/envs/magpie_claude/share/verilator/include/verilated_threads.cpp
python3 /home/edauser/miniforge3/envs/magpie_claude/share/verilator/bin/verilator_includer -DVL_INCLUDE_OPT=include Vtb_mem_wrapper.cpp Vtb_mem_wrapper___024root__0.cpp Vtb_mem_wrapper_core__0.cpp Vtb_mem_wrapper__main.cpp Vtb_mem_wrapper__Trace__0.cpp Vtb_mem_wrapper__ConstPool__0__Slow.cpp Vtb_mem_wrapper___024root__Slow.cpp Vtb_mem_wrapper___024root__0__Slow.cpp Vtb_mem_wrapper_core__Slow.cpp Vtb_mem_wrapper_core__0__Slow.cpp Vtb_mem_wrapper__Syms__Slow.cpp Vtb_mem_wrapper__Trace__0__Slow.cpp Vtb_mem_wrapper__TraceDecls__0__Slow.cpp > Vtb_mem_wrapper__ALL.cpp
/home/edauser/miniforge3/envs/magpie_claude/bin/x86_64-conda-linux-gnu-c++ -Os  -I.  -MMD -I/home/edauser/miniforge3/envs/magpie_claude/share/verilator/include -I/home/edauser/miniforge3/envs/magpie_claude/share/verilator/include/vltstd -DVERILATOR=1 -DVM_COVERAGE=0 -DVM_SC=0 -DVM_TIMING=1 -DVM_TRACE=1 -DVM_TRACE_FST=0 -DVM_TRACE_VCD=1 -DVM_TRACE_SAIF=0 -faligned-new -fcf-protection=none -Wno-bool-operation -Wno-int-in-bool-context -Wno-shadow -Wno-sign-compare -Wno-subobject-linkage -Wno-tautological-compare -Wno-uninitialized -Wno-unused-but-set-parameter -Wno-unused-but-set-variable -Wno-unused-parameter -Wno-unused-variable    -DVL_TIME_CONTEXT   -fcoroutines -c -o Vtb_mem_wrapper__ALL.o Vtb_mem_wrapper__ALL.cpp
/home/edauser/miniforge3/envs/magpie_claude/bin/x86_64-conda-linux-gnu-c++    verilated.o verilated_vcd_c.o verilated_timing.o verilated_threads.o Vtb_mem_wrapper__ALL.a    -pthread -lpthread -latomic   -o Vtb_mem_wrapper
rm Vtb_mem_wrapper__ALL.verilator_deplist.tmp
make[1]: Leaving directory '/home/edauser/project/SOC/Magpie_M1/flow/v2_pipeline/phase_02_01_mem_wrapper/obj_dir'
- V e r i l a t i o n   R e p o r t: Verilator 5.046 2026-02-28 rev conda-forge build 0
- Verilator: Built from 1.149 MB sources in 17 modules, into 1.679 MB in 13 C++ files needing 0.002 MB
- Verilator: Walltime 5.817 s (elab=0.007, cvt=0.080, bld=5.708); cpu 0.126 s on 4 threads; allocated 309.586 MB
./obj_dir/Vtb_mem_wrapper | tee sim.log
TRACE_A cyc=0 ref_term=0 top_term=0 ref_v=0 top_v=0 ref_count=0 top_count=0
         if_pc=00000002 if_ex_valid=1 any_stall=0 at_cross=0 upcoming=0 warmup=0
TRACE_A cyc=1 ref_term=0 top_term=0 ref_v=0 top_v=0 ref_count=0 top_count=0
         if_pc=00000004 if_ex_valid=1 any_stall=0 at_cross=0 upcoming=0 warmup=0
TRACE_A cyc=2 ref_term=1 top_term=1 ref_v=1 top_v=1 ref_count=0 top_count=0
         if_pc=00000008 if_ex_valid=1 any_stall=0 at_cross=0 upcoming=0 warmup=0
TRACE_A top commit[0] pc=00000000 instr=00004137
ASSERT_A pass: zero-wait baseline equivalence with 1 commits
TRACE_B(        I_WAIT_1) terminal at pc=00000000 is_illegal=1 commit=0
ASSERT_B(        I_WAIT_1) fail: commit count mismatch ref=1 top=0
[215] %Fatal: tb_mem_wrapper.v:435: Assertion failed in tb_mem_wrapper.run_backpressure
%Error: tb_mem_wrapper.v:435: Verilog $stop
Aborting...
FAIL: mem wrapper tb did not pass
make: *** [Makefile:55: sim.log] Error 1
