core   0: >>>>  $xrv32i2p1_m2p0_c2p0_zicsr2p0_zifencei2p0_zmmul1p0
core   0: 0x80000000 (0x00004137) lui     sp, 0x4
core   0: 3 0x80000000 (0x00004137) x2  0x00004000
core   0: 0x80000004 (0x00010113) mv      sp, sp
core   0: 3 0x80000004 (0x00010113) x2  0x00004000
core   0: 0x80000008 (0x00000f97) auipc   t6, 0x0
core   0: 3 0x80000008 (0x00000f97) x31 0x80000008
core   0: 0x8000000c (0x138f8f93) addi    t6, t6, 312
core   0: 3 0x8000000c (0x138f8f93) x31 0x80000140
core   0: 0x80000010 (0x00004f1d) c.li    t5, 7
core   0: 3 0x80000010 (0x4f1d) x30 0x00000007
core   0: 0x80000012 (0x30800293) li      t0, 776
core   0: 3 0x80000012 (0x30800293) x5  0x00000308
core   0: 0x80000016 (0x6e500313) li      t1, 1765
core   0: 3 0x80000016 (0x6e500313) x6  0x000006e5
core   0: 0x8000001a (0x13900393) li      t2, 313
core   0: 3 0x8000001a (0x13900393) x7  0x00000139
core   0: 0x8000001e (0x16c00413) li      s0, 364
core   0: 3 0x8000001e (0x16c00413) x8  0x0000016c
core   0: 0x80000022 (0x1e000493) li      s1, 480
core   0: 3 0x80000022 (0x1e000493) x9  0x000001e0
core   0: 0x80000026 (0x1e700513) li      a0, 487
core   0: 3 0x80000026 (0x1e700513) x10 0x000001e7
core   0: 0x8000002a (0x04800593) li      a1, 72
core   0: 3 0x8000002a (0x04800593) x11 0x00000048
core   0: 0x8000002e (0x35e00613) li      a2, 862
core   0: 3 0x8000002e (0x35e00613) x12 0x0000035e
core   0: 0x80000032 (0x33700693) li      a3, 823
core   0: 3 0x80000032 (0x33700693) x13 0x00000337
core   0: 0x80000036 (0x25a00713) li      a4, 602
core   0: 3 0x80000036 (0x25a00713) x14 0x0000025a
core   0: 0x8000003a (0x5bf00793) li      a5, 1471
core   0: 3 0x8000003a (0x5bf00793) x15 0x000005bf
core   0: 0x8000003e (0x11600813) li      a6, 278
core   0: 3 0x8000003e (0x11600813) x16 0x00000116
core   0: 0x80000042 (0x17c00893) li      a7, 380
core   0: 3 0x80000042 (0x17c00893) x17 0x0000017c
core   0: 0x80000046 (0x4d800913) li      s2, 1240
core   0: 3 0x80000046 (0x4d800913) x18 0x000004d8
core   0: 0x8000004a (0x6f800993) li      s3, 1784
core   0: 3 0x8000004a (0x6f800993) x19 0x000006f8
core   0: 0x8000004e (0x36800a13) li      s4, 872
core   0: 3 0x8000004e (0x36800a13) x20 0x00000368
core   0: 0x80000052 (0x76a00a93) li      s5, 1898
core   0: 3 0x80000052 (0x76a00a93) x21 0x0000076a
core   0: 0x80000056 (0x23f00b13) li      s6, 575
core   0: 3 0x80000056 (0x23f00b13) x22 0x0000023f
core   0: 0x8000005a (0x3a300b93) li      s7, 931
core   0: 3 0x8000005a (0x3a300b93) x23 0x000003a3
core   0: 0x8000005e (0x7b500c13) li      s8, 1973
core   0: 3 0x8000005e (0x7b500c13) x24 0x000007b5
core   0: 0x80000062 (0x71300c93) li      s9, 1811
core   0: 3 0x80000062 (0x71300c93) x25 0x00000713
core   0: 0x80000066 (0x3cc00d13) li      s10, 972
core   0: 3 0x80000066 (0x3cc00d13) x26 0x000003cc
core   0: 0x8000006a (0x50300d93) li      s11, 1283
core   0: 3 0x8000006a (0x50300d93) x27 0x00000503
core   0: 0x8000006e (0x6c000e13) li      t3, 1728
core   0: 3 0x8000006e (0x6c000e13) x28 0x000006c0
core   0: 0x80000072 (0x45700e93) li      t4, 1111
core   0: 3 0x80000072 (0x45700e93) x29 0x00000457
core   0: 0x80000076 (0x00004405) c.li    s0, 1
core   0: 3 0x80000076 (0x4405) x8  0x00000001
core   0: 0x80000078 (0x00000409) c.addi  s0, 2
core   0: 3 0x80000078 (0x0409) x8  0x00000003
core   0: 0x8000007a (0x000084a2) c.mv    s1, s0
core   0: 3 0x8000007a (0x84a2) x9  0x00000003
core   0: 0x8000007c (0x00441d13) slli    s10, s0, 4
core   0: 3 0x8000007c (0x00441d13) x26 0x00000030
core   0: 0x80000080 (0x03e64833) div     a6, a2, t5
core   0: 3 0x80000080 (0x03e64833) x16 0x0000007b
core   0: 0x80000084 (0x00875413) srli    s0, a4, 8
core   0: 3 0x80000084 (0x00875413) x8  0x00000002
core   0: 0x80000088 (0x01c6a2b3) slt     t0, a3, t3
core   0: 3 0x80000088 (0x01c6a2b3) x5  0x00000001
core   0: 0x8000008c (0x019508b3) add     a7, a0, s9
core   0: 3 0x8000008c (0x019508b3) x17 0x000008fa
core   0: 0x80000090 (0x00df9123) sh      a3, 2(t6)
core   0: 3 0x80000090 (0x00df9123) mem 0x80000142 0x0337
core   0: 0x80000094 (0x006bd933) srl     s2, s7, t1
core   0: 3 0x80000094 (0x006bd933) x18 0x0000001d
core   0: 0x80000098 (0x42282313) slti    t1, a6, 1058
core   0: 3 0x80000098 (0x42282313) x6  0x00000001
core   0: 0x8000009c (0xe25c4913) xori    s2, s8, -475
core   0: 3 0x8000009c (0xe25c4913) x18 0xfffff990
core   0: 0x800000a0 (0x009f8683) lb      a3, 9(t6)
core   0: 3 0x800000a0 (0x009f8683) x13 0xffffff80 mem 0x80000149
core   0: 0x800000a4 (0x01793733) sltu    a4, s2, s7
core   0: 3 0x800000a4 (0x01793733) x14 0x00000000
core   0: 0x800000a8 (0x00af8303) lb      t1, 10(t6)
core   0: 3 0x800000a8 (0x00af8303) x6  0xffffff85 mem 0x8000014a
core   0: 0x800000ac (0x005fc403) lbu     s0, 5(t6)
core   0: 3 0x800000ac (0x005fc403) x8  0x0000001d mem 0x80000145
core   0: 0x800000b0 (0x016f9f23) sh      s6, 30(t6)
core   0: 3 0x800000b0 (0x016f9f23) mem 0x8000015e 0x023f
core   0: 0x800000b4 (0x027fa423) sw      t2, 40(t6)
core   0: 3 0x800000b4 (0x027fa423) mem 0x80000168 0x00000139
core   0: 0x800000b8 (0x008fac03) lw      s8, 8(t6)
core   0: 3 0x800000b8 (0x008fac03) x24 0xd2858015 mem 0x80000148
core   0: 0x800000bc (0x004f9983) lh      s3, 4(t6)
core   0: 3 0x800000bc (0x004f9983) x19 0x00001ddc mem 0x80000144
core   0: 0x800000c0 (0x00af8123) sb      a0, 2(t6)
core   0: 3 0x800000c0 (0x00af8123) mem 0x80000142 0xe7
core   0: 0x800000c4 (0x41935ab3) sra     s5, t1, s9
core   0: 3 0x800000c4 (0x41935ab3) x21 0xffffffff
core   0: 0x800000c8 (0x00f65933) srl     s2, a2, a5
core   0: 3 0x800000c8 (0x00f65933) x18 0x00000000
core   0: 0x800000cc (0x41655c13) srai    s8, a0, 22
core   0: 3 0x800000cc (0x41655c13) x24 0x00000000
core   0: 0x800000d0 (0x01da0333) add     t1, s4, t4
core   0: 3 0x800000d0 (0x01da0333) x6  0x000007bf
core   0: 0x800000d4 (0x009c87b3) add     a5, s9, s1
core   0: 3 0x800000d4 (0x009c87b3) x15 0x00000716
core   0: 0x800000d8 (0x029e1333) mulh    t1, t3, s1
core   0: 3 0x800000d8 (0x029e1333) x6  0x00000000
core   0: 0x800000dc (0x8bb5f393) andi    t2, a1, -1861
core   0: 3 0x800000dc (0x8bb5f393) x7  0x00000008
core   0: 0x800000e0 (0x40f2d413) srai    s0, t0, 15
core   0: 3 0x800000e0 (0x40f2d413) x8  0x00000000
core   0: 0x800000e4 (0x6be58893) addi    a7, a1, 1726
core   0: 3 0x800000e4 (0x6be58893) x17 0x00000706
core   0: 0x800000e8 (0x03e34db3) div     s11, t1, t5
core   0: 3 0x800000e8 (0x03e34db3) x27 0x00000000
core   0: 0x800000ec (0x015a5433) srl     s0, s4, s5
core   0: 3 0x800000ec (0x015a5433) x8  0x00000000
core   0: 0x800000f0 (0x00c59c93) slli    s9, a1, 12
core   0: 3 0x800000f0 (0x00c59c93) x25 0x00048000
core   0: 0x800000f4 (0x40eedd33) sra     s10, t4, a4
core   0: 3 0x800000f4 (0x40eedd33) x26 0x00000457
core   0: 0x800000f8 (0x00fab5b3) sltu    a1, s5, a5
core   0: 3 0x800000f8 (0x00fab5b3) x11 0x00000000
core   0: 0x800000fc (0x41a4dcb3) sra     s9, s1, s10
core   0: 3 0x800000fc (0x41a4dcb3) x25 0x00000000
core   0: 0x80000100 (0x624bf813) andi    a6, s7, 1572
core   0: 3 0x80000100 (0x624bf813) x16 0x00000220
core   0: 0x80000104 (0x00fb69b3) or      s3, s6, a5
core   0: 3 0x80000104 (0x00fb69b3) x19 0x0000073f
core   0: 0x80000108 (0x015c5d93) srli    s11, s8, 21
core   0: 3 0x80000108 (0x015c5d93) x27 0x00000000
core   0: 0x8000010c (0x0357b833) mulhu   a6, a5, s5
core   0: 3 0x8000010c (0x0357b833) x16 0x00000715
core   0: 0x80000110 (0x026fae23) sw      t1, 60(t6)
core   0: 3 0x80000110 (0x026fae23) mem 0x8000017c 0x00000000
core   0: 0x80000114 (0x00df9223) sh      a3, 4(t6)
core   0: 3 0x80000114 (0x00df9223) mem 0x80000144 0xff80
core   0: 0x80000118 (0x03230eb3) mul     t4, t1, s2
core   0: 3 0x80000118 (0x03230eb3) x29 0x00000000
core   0: 0x8000011c (0xcf36bb13) sltiu   s6, a3, -781
core   0: 3 0x8000011c (0xcf36bb13) x22 0x00000000
core   0: 0x80000120 (0x001bd513) srli    a0, s7, 1
core   0: 3 0x80000120 (0x001bd513) x10 0x000001d1
core   0: 0x80000124 (0x01c317b3) sll     a5, t1, t3
core   0: 3 0x80000124 (0x01c317b3) x15 0x00000000
core   0: 0x80000128 (0x01c654b3) srl     s1, a2, t3
core   0: 3 0x80000128 (0x01c654b3) x9  0x0000035e
core   0: 0x8000012c (0x407c06b3) sub     a3, s8, t2
core   0: 3 0x8000012c (0x407c06b3) x13 0xfffffff8
core   0: 0x80000130 (0x41bc52b3) sra     t0, s8, s11
core   0: 3 0x80000130 (0x41bc52b3) x5  0x00000000
core   0: 0x80000134 (0x407bd393) srai    t2, s7, 7
core   0: 3 0x80000134 (0x407bd393) x7  0x00000007
core   0: 0x80000138 (0x5326eb13) ori     s6, a3, 1330
core   0: 3 0x80000138 (0x5326eb13) x22 0xfffffffa
core   0: 0x8000013c (0x00009002) c.ebreak
core   0: exception trap_breakpoint, epc 0x8000013c
core   0:           tval 0x8000013c
