core   0: >>>>  
core   0: 0x80000000 (0x00004281) c.li    t0, 0
core   0: 3 0x80000000 (0x4281) x5  0x00000000
core   0: 0x80000002 (0x000043c1) c.li    t2, 16
core   0: 3 0x80000002 (0x43c1) x7  0x00000010
core   0: 0x80000004 (0x0000a081) c.j     pc + 64
core   0: 3 0x80000004 (0xa081)
core   0: 0x80000044 (0x0000a875) c.j     pc + 188
core   0: 3 0x80000044 (0xa875)
core   0: 0x80000100 (0x00000363) beqz    zero, pc + 6
core   0: 3 0x80000100 (0x00000363)
core   0: 0x80000106 (0x0000a8ad) c.j     pc + 122
core   0: 3 0x80000106 (0xa8ad)
core   0: 0x80000180 (0x00000363) beqz    zero, pc + 6
core   0: 3 0x80000180 (0x00000363)
core   0: 0x80000186 (0x00000285) c.addi  t0, 1
core   0: 3 0x80000186 (0x0285) x5  0x00000001
core   0: 0x80000188 (0xea72cee3) blt     t0, t2, pc - 324
core   0: 3 0x80000188 (0xea72cee3)
core   0: 0x80000044 (0x0000a875) c.j     pc + 188
core   0: 3 0x80000044 (0xa875)
core   0: 0x80000100 (0x00000363) beqz    zero, pc + 6
core   0: 3 0x80000100 (0x00000363)
core   0: 0x80000106 (0x0000a8ad) c.j     pc + 122
core   0: 3 0x80000106 (0xa8ad)
core   0: 0x80000180 (0x00000363) beqz    zero, pc + 6
core   0: 3 0x80000180 (0x00000363)
core   0: 0x80000186 (0x00000285) c.addi  t0, 1
core   0: 3 0x80000186 (0x0285) x5  0x00000002
core   0: 0x80000188 (0xea72cee3) blt     t0, t2, pc - 324
core   0: 3 0x80000188 (0xea72cee3)
core   0: 0x80000044 (0x0000a875) c.j     pc + 188
core   0: 3 0x80000044 (0xa875)
core   0: 0x80000100 (0x00000363) beqz    zero, pc + 6
core   0: 3 0x80000100 (0x00000363)
core   0: 0x80000106 (0x0000a8ad) c.j     pc + 122
core   0: 3 0x80000106 (0xa8ad)
core   0: 0x80000180 (0x00000363) beqz    zero, pc + 6
core   0: 3 0x80000180 (0x00000363)
core   0: 0x80000186 (0x00000285) c.addi  t0, 1
core   0: 3 0x80000186 (0x0285) x5  0x00000003
core   0: 0x80000188 (0xea72cee3) blt     t0, t2, pc - 324
core   0: 3 0x80000188 (0xea72cee3)
core   0: 0x80000044 (0x0000a875) c.j     pc + 188
core   0: 3 0x80000044 (0xa875)
core   0: 0x80000100 (0x00000363) beqz    zero, pc + 6
core   0: 3 0x80000100 (0x00000363)
core   0: 0x80000106 (0x0000a8ad) c.j     pc + 122
core   0: 3 0x80000106 (0xa8ad)
core   0: 0x80000180 (0x00000363) beqz    zero, pc + 6
core   0: 3 0x80000180 (0x00000363)
core   0: 0x80000186 (0x00000285) c.addi  t0, 1
core   0: 3 0x80000186 (0x0285) x5  0x00000004
core   0: 0x80000188 (0xea72cee3) blt     t0, t2, pc - 324
core   0: 3 0x80000188 (0xea72cee3)
core   0: 0x80000044 (0x0000a875) c.j     pc + 188
core   0: 3 0x80000044 (0xa875)
core   0: 0x80000100 (0x00000363) beqz    zero, pc + 6
core   0: 3 0x80000100 (0x00000363)
core   0: 0x80000106 (0x0000a8ad) c.j     pc + 122
core   0: 3 0x80000106 (0xa8ad)
core   0: 0x80000180 (0x00000363) beqz    zero, pc + 6
core   0: 3 0x80000180 (0x00000363)
core   0: 0x80000186 (0x00000285) c.addi  t0, 1
core   0: 3 0x80000186 (0x0285) x5  0x00000005
core   0: 0x80000188 (0xea72cee3) blt     t0, t2, pc - 324
core   0: 3 0x80000188 (0xea72cee3)
core   0: 0x80000044 (0x0000a875) c.j     pc + 188
core   0: 3 0x80000044 (0xa875)
core   0: 0x80000100 (0x00000363) beqz    zero, pc + 6
core   0: 3 0x80000100 (0x00000363)
core   0: 0x80000106 (0x0000a8ad) c.j     pc + 122
core   0: 3 0x80000106 (0xa8ad)
core   0: 0x80000180 (0x00000363) beqz    zero, pc + 6
core   0: 3 0x80000180 (0x00000363)
core   0: 0x80000186 (0x00000285) c.addi  t0, 1
core   0: 3 0x80000186 (0x0285) x5  0x00000006
core   0: 0x80000188 (0xea72cee3) blt     t0, t2, pc - 324
core   0: 3 0x80000188 (0xea72cee3)
core   0: 0x80000044 (0x0000a875) c.j     pc + 188
core   0: 3 0x80000044 (0xa875)
core   0: 0x80000100 (0x00000363) beqz    zero, pc + 6
core   0: 3 0x80000100 (0x00000363)
core   0: 0x80000106 (0x0000a8ad) c.j     pc + 122
core   0: 3 0x80000106 (0xa8ad)
core   0: 0x80000180 (0x00000363) beqz    zero, pc + 6
core   0: 3 0x80000180 (0x00000363)
core   0: 0x80000186 (0x00000285) c.addi  t0, 1
core   0: 3 0x80000186 (0x0285) x5  0x00000007
core   0: 0x80000188 (0xea72cee3) blt     t0, t2, pc - 324
core   0: 3 0x80000188 (0xea72cee3)
core   0: 0x80000044 (0x0000a875) c.j     pc + 188
core   0: 3 0x80000044 (0xa875)
core   0: 0x80000100 (0x00000363) beqz    zero, pc + 6
core   0: 3 0x80000100 (0x00000363)
core   0: 0x80000106 (0x0000a8ad) c.j     pc + 122
core   0: 3 0x80000106 (0xa8ad)
core   0: 0x80000180 (0x00000363) beqz    zero, pc + 6
core   0: 3 0x80000180 (0x00000363)
core   0: 0x80000186 (0x00000285) c.addi  t0, 1
core   0: 3 0x80000186 (0x0285) x5  0x00000008
core   0: 0x80000188 (0xea72cee3) blt     t0, t2, pc - 324
core   0: 3 0x80000188 (0xea72cee3)
core   0: 0x80000044 (0x0000a875) c.j     pc + 188
core   0: 3 0x80000044 (0xa875)
core   0: 0x80000100 (0x00000363) beqz    zero, pc + 6
core   0: 3 0x80000100 (0x00000363)
core   0: 0x80000106 (0x0000a8ad) c.j     pc + 122
core   0: 3 0x80000106 (0xa8ad)
core   0: 0x80000180 (0x00000363) beqz    zero, pc + 6
core   0: 3 0x80000180 (0x00000363)
core   0: 0x80000186 (0x00000285) c.addi  t0, 1
core   0: 3 0x80000186 (0x0285) x5  0x00000009
core   0: 0x80000188 (0xea72cee3) blt     t0, t2, pc - 324
core   0: 3 0x80000188 (0xea72cee3)
core   0: 0x80000044 (0x0000a875) c.j     pc + 188
core   0: 3 0x80000044 (0xa875)
core   0: 0x80000100 (0x00000363) beqz    zero, pc + 6
core   0: 3 0x80000100 (0x00000363)
core   0: 0x80000106 (0x0000a8ad) c.j     pc + 122
core   0: 3 0x80000106 (0xa8ad)
core   0: 0x80000180 (0x00000363) beqz    zero, pc + 6
core   0: 3 0x80000180 (0x00000363)
core   0: 0x80000186 (0x00000285) c.addi  t0, 1
core   0: 3 0x80000186 (0x0285) x5  0x0000000a
core   0: 0x80000188 (0xea72cee3) blt     t0, t2, pc - 324
core   0: 3 0x80000188 (0xea72cee3)
core   0: 0x80000044 (0x0000a875) c.j     pc + 188
core   0: 3 0x80000044 (0xa875)
core   0: 0x80000100 (0x00000363) beqz    zero, pc + 6
core   0: 3 0x80000100 (0x00000363)
core   0: 0x80000106 (0x0000a8ad) c.j     pc + 122
core   0: 3 0x80000106 (0xa8ad)
core   0: 0x80000180 (0x00000363) beqz    zero, pc + 6
core   0: 3 0x80000180 (0x00000363)
core   0: 0x80000186 (0x00000285) c.addi  t0, 1
core   0: 3 0x80000186 (0x0285) x5  0x0000000b
core   0: 0x80000188 (0xea72cee3) blt     t0, t2, pc - 324
core   0: 3 0x80000188 (0xea72cee3)
core   0: 0x80000044 (0x0000a875) c.j     pc + 188
core   0: 3 0x80000044 (0xa875)
core   0: 0x80000100 (0x00000363) beqz    zero, pc + 6
core   0: 3 0x80000100 (0x00000363)
core   0: 0x80000106 (0x0000a8ad) c.j     pc + 122
core   0: 3 0x80000106 (0xa8ad)
core   0: 0x80000180 (0x00000363) beqz    zero, pc + 6
core   0: 3 0x80000180 (0x00000363)
core   0: 0x80000186 (0x00000285) c.addi  t0, 1
core   0: 3 0x80000186 (0x0285) x5  0x0000000c
core   0: 0x80000188 (0xea72cee3) blt     t0, t2, pc - 324
core   0: 3 0x80000188 (0xea72cee3)
core   0: 0x80000044 (0x0000a875) c.j     pc + 188
core   0: 3 0x80000044 (0xa875)
core   0: 0x80000100 (0x00000363) beqz    zero, pc + 6
core   0: 3 0x80000100 (0x00000363)
core   0: 0x80000106 (0x0000a8ad) c.j     pc + 122
core   0: 3 0x80000106 (0xa8ad)
core   0: 0x80000180 (0x00000363) beqz    zero, pc + 6
core   0: 3 0x80000180 (0x00000363)
core   0: 0x80000186 (0x00000285) c.addi  t0, 1
core   0: 3 0x80000186 (0x0285) x5  0x0000000d
core   0: 0x80000188 (0xea72cee3) blt     t0, t2, pc - 324
core   0: 3 0x80000188 (0xea72cee3)
core   0: 0x80000044 (0x0000a875) c.j     pc + 188
core   0: 3 0x80000044 (0xa875)
core   0: 0x80000100 (0x00000363) beqz    zero, pc + 6
core   0: 3 0x80000100 (0x00000363)
core   0: 0x80000106 (0x0000a8ad) c.j     pc + 122
core   0: 3 0x80000106 (0xa8ad)
core   0: 0x80000180 (0x00000363) beqz    zero, pc + 6
core   0: 3 0x80000180 (0x00000363)
core   0: 0x80000186 (0x00000285) c.addi  t0, 1
core   0: 3 0x80000186 (0x0285) x5  0x0000000e
core   0: 0x80000188 (0xea72cee3) blt     t0, t2, pc - 324
core   0: 3 0x80000188 (0xea72cee3)
core   0: 0x80000044 (0x0000a875) c.j     pc + 188
core   0: 3 0x80000044 (0xa875)
core   0: 0x80000100 (0x00000363) beqz    zero, pc + 6
core   0: 3 0x80000100 (0x00000363)
core   0: 0x80000106 (0x0000a8ad) c.j     pc + 122
core   0: 3 0x80000106 (0xa8ad)
core   0: 0x80000180 (0x00000363) beqz    zero, pc + 6
core   0: 3 0x80000180 (0x00000363)
core   0: 0x80000186 (0x00000285) c.addi  t0, 1
core   0: 3 0x80000186 (0x0285) x5  0x0000000f
core   0: 0x80000188 (0xea72cee3) blt     t0, t2, pc - 324
core   0: 3 0x80000188 (0xea72cee3)
core   0: 0x80000044 (0x0000a875) c.j     pc + 188
core   0: 3 0x80000044 (0xa875)
core   0: 0x80000100 (0x00000363) beqz    zero, pc + 6
core   0: 3 0x80000100 (0x00000363)
core   0: 0x80000106 (0x0000a8ad) c.j     pc + 122
core   0: 3 0x80000106 (0xa8ad)
core   0: 0x80000180 (0x00000363) beqz    zero, pc + 6
core   0: 3 0x80000180 (0x00000363)
core   0: 0x80000186 (0x00000285) c.addi  t0, 1
core   0: 3 0x80000186 (0x0285) x5  0x00000010
core   0: 0x80000188 (0xea72cee3) blt     t0, t2, pc - 324
core   0: 3 0x80000188 (0xea72cee3)
core   0: 0x8000018c (0x10000f37) lui     t5, 0x10000
core   0: 3 0x8000018c (0x10000f37) x30 0x10000000
core   0: 0x80000190 (0x00006f99) c.lui   t6, 0x6
core   0: 3 0x80000190 (0x6f99) x31 0x00006000
core   0: 0x80000192 (0x00000fb5) c.addi  t6, 13
core   0: 3 0x80000192 (0x0fb5) x31 0x0000600d
core   0: 0x80000194 (0x01ff2023) sw      t6, 0(t5)
core   0: exception trap_store_access_fault, epc 0x80000194
core   0:           tval 0x10000000
