Information: Updating design information... (UID-85)
 
****************************************
Report : qor
Design : npu_dma_DMA_DATA_W256
Version: X-2025.06-SP2
Date   : Wed Jul  8 16:01:38 2026
****************************************


  Timing Path Group 'clk'
  -----------------------------------
  Levels of Logic:              24.00
  Critical Path Length:          0.77
  Critical Path Slack:           0.04
  Critical Path Clk Period:      1.20
  Total Negative Slack:          0.00
  No. of Violating Paths:        0.00
  Worst Hold Violation:          0.00
  Total Hold Violation:          0.00
  No. of Hold Violations:        0.00
  -----------------------------------


  Cell Count
  -----------------------------------
  Hierarchical Cell Count:          0
  Hierarchical Port Count:          0
  Leaf Cell Count:               1562
  Buf/Inv Cell Count:             126
  Buf Cell Count:                   4
  Inv Cell Count:                 122
  CT Buf/Inv Cell Count:            0
  Combinational Cell Count:      1386
  Sequential Cell Count:          176
  Macro Count:                      0
  -----------------------------------


  Area
  -----------------------------------
  Combinational Area:      808.163994
  Noncombinational Area:   334.655998
  Buf/Inv Area:             32.256000
  Total Buffer Area:             1.51
  Total Inverter Area:          30.74
  Macro/Black Box Area:      0.000000
  Net Area:                  0.000000
  -----------------------------------
  Cell Area:              1142.819992
  Design Area:            1142.819992


  Design Rules
  -----------------------------------
  Total Number of Nets:          2159
  Nets With Violations:             0
  Max Trans Violations:             0
  Max Cap Violations:               0
  -----------------------------------


  Hostname: eda

  Compile CPU Statistics
  -----------------------------------------
  Resource Sharing:                    0.29
  Logic Optimization:                  0.32
  Mapping Optimization:                1.48
  -----------------------------------------
  Overall Compile Time:               11.75
  Overall Compile Wall Clock Time:    12.13

  --------------------------------------------------------------------

  Design  WNS: 0.00  TNS: 0.00  Number of Violating Paths: 0


  Design (Hold)  WNS: 0.00  TNS: 0.00  Number of Violating Paths: 0

  --------------------------------------------------------------------


1
