################################################################################
#
# This file has been generated by SpyGlass:
#     Report Created by: edauser
#     Report Created on: Tue Jun  9 21:41:33 2026
#     Working Directory: /home/edauser/project/SOC/Magpie_M1/flow/v2_pipeline/phase_p_lint_current
#     Report Location  : ./cpu_m1_phase_p_lint_current/cpu_m1_top/lint/lint_rtl/spyglass_reports/SpyGlass/checksum.rpt
#     SpyGlass Version : SpyGlass_vX-2025.06-SP1
#     Policy Name      : SpyGlass(SpyGlass_vX-2025.06-SP1)
#     Comment          : This report contains md5sum of design file(s)
#
################################################################################

=====================================================================================
                         MD5SUM CHECKSUM OF DESIGN FILES 
=====================================================================================
MD5SUM CHECKSUM                   SOURCE              PATH OF DESIGN FILE       
-------------------------------------------------------------------------------------
f45dbffb8bf92ceed6fdd4c0f4d95a20  1      /home/edauser/project/SOC/Magpie_M1/IP/cpu_m1/rtl/rfu.v  
9ace20409f9258e1eae6b031d6c14bce  1      /home/edauser/project/SOC/Magpie_M1/IP/cpu_m1/rtl/alu.v  
437dc87e551e9d2aff32c2feecdece6d  1      /home/edauser/project/SOC/Magpie_M1/IP/cpu_m1/rtl/idu.v  
9d0fda66d3f446fd6fdb14a69febdf0e  1      /home/edauser/project/SOC/Magpie_M1/IP/cpu_m1/rtl/ifu.v  
2520b87a40f28496d1f09af990f7f511  1      /home/edauser/project/SOC/Magpie_M1/IP/cpu_m1/rtl/lsu.v  
f1fd686971ce45ed78c4d876c17d7052  1      /home/edauser/project/SOC/Magpie_M1/IP/cpu_m1/rtl/csr.v  
e187b2cbf4677ff3b520ac4cb8e30ecc  1      /home/edauser/project/SOC/Magpie_M1/IP/cpu_m1/rtl/mul.v  
6571efa6da6f32c65cc444c1d4d69561  1      /home/edauser/project/SOC/Magpie_M1/IP/cpu_m1/rtl/div.v  
26c45b05939363dfc1574d37aa273702  1      /home/edauser/project/SOC/Magpie_M1/IP/cpu_m1/rtl/forward.v  
5a7d9a3508a5fef72a1afbfe33eab714  1      /home/edauser/project/SOC/Magpie_M1/IP/cpu_m1/rtl/hazard.v  
0a77add6a1a772e71d1aa9d359a098da  1      /home/edauser/project/SOC/Magpie_M1/IP/cpu_m1/rtl/bp.v  
30d09ac9c2e117ee3451de169cbee226  1      /home/edauser/project/SOC/Magpie_M1/IP/cpu_m1/rtl/ras.v  
c38eefb5befb0f6652a5fb3326a5b367  1      /home/edauser/project/SOC/Magpie_M1/IP/cpu_m1/rtl/cdec.v  
75b4142a3b505a77e04fa08b9c4b2bde  1      /home/edauser/project/SOC/Magpie_M1/IP/cpu_m1/rtl/core.v  
7c3a4482767f248924bb6990c0cce7b1  1      /home/edauser/project/SOC/Magpie_M1/IP/cpu_m1/rtl/cpu_m1_top.v  
