
################################################################################
#
# This file has been generated by SpyGlass:
#     Report Name      : moresimple
#     Report Created by: edauser
#     Report Created on:  Tue Jun  9 21:41:32 2026
#     Working Directory: /home/edauser/project/SOC/Magpie_M1/flow/v2_pipeline/phase_p_lint_current
#     SpyGlass Version : SpyGlass_vX-2025.06-SP1
#     Policy Name      : SpyGlass(SpyGlass_vX-2025.06-SP1)
#                        clock-reset(SpyGlass_vX-2025.06-SP1)
#                        erc(SpyGlass_vX-2025.06-SP1)
#                        latch(SpyGlass_vX-2025.06-SP1)
#                        lint(SpyGlass_vX-2025.06-SP1)
#                        morelint(SpyGlass_vX-2025.06-SP1)
#                        openmore(SpyGlass_vX-2025.06-SP1)
#                        power_est(SpyGlass_vX-2025.06-SP1)
#                        simulation(SpyGlass_vX-2025.06-SP1)
#                        starc(SpyGlass_vX-2025.06-SP1)
#                        starc2005(SpyGlass_vX-2025.06-SP1)
#
#     Total Number of Generated Messages :         27
#     Number of Waived Messages          :         24
#     Number of Reported Messages        :          3
#     Number of Overlimit Messages       :          0
#
#
################################################################################

+++++++++++++++++++++++++++++++++++++++++++++++++++++++++++++++++++++++
MORESIMPLE REPORT:


############### BuiltIn -> RuleGroup=Design Read ###############
+++++++++++++++++++++++++++++++++++++++++++++++++++++++++++++++++++++++++++++++++++++++
ID       Rule                    Alias                   Severity    File                                                                                                 Line    Wt    Message
======================================================================================
[1]      DetectTopDesignUnits    DetectTopDesignUnits    Info        ../../../IP/cpu_m1/rtl/cpu_m1_top.v                                                                  29      2     Module cpu_m1_top is a top level design unit
[0]      ElabSummary             ElabSummary             Info        ./cpu_m1_phase_p_lint_current/cpu_m1_top/lint/lint_rtl/spyglass_reports/SpyGlass/elab_summary.rpt    0       2     Please refer file './cpu_m1_phase_p_lint_current/cpu_m1_top/lint/lint_rtl/spyglass_reports/SpyGlass/elab_summary.rpt' for elab summary report
+++++++++++++++++++++++++++++++++++++++++++++++++++++++++++++++++++++++++++++++++++++++


############### Non-BuiltIn -> Goal=lint/lint_rtl ###############
+++++++++++++++++++++++++++++++++++++++++++++++++++++++++++++++++++++++++++++++++++++++
ID       Rule    Alias    Severity    File                                                                                                  Line    Wt    Message
======================================================================================
[A]      W528             Info        ./cpu_m1_phase_p_lint_current/cpu_m1_top/lint/lint_rtl/spyglass_reports/lint/SignalUsageReport.rpt    0       10    Please refer to 'SignalUsageReport.rpt' for details of violating bits
+++++++++++++++++++++++++++++++++++++++++++++++++++++++++++++++++++++++++++++++++++++++
