
################################################################################
#
# This file has been generated by SpyGlass:
#     Report Name      : waiver
#     Report Created by: edauser
#     Report Created on:  Tue Jun  9 21:41:32 2026
#     Working Directory: /home/edauser/project/SOC/Magpie_M1/flow/v2_pipeline/phase_p_lint_current
#     SpyGlass Version : SpyGlass_vX-2025.06-SP1
#     Policy Name      : SpyGlass(SpyGlass_vX-2025.06-SP1)
#                        clock-reset(SpyGlass_vX-2025.06-SP1)
#                        erc(SpyGlass_vX-2025.06-SP1)
#                        latch(SpyGlass_vX-2025.06-SP1)
#                        lint(SpyGlass_vX-2025.06-SP1)
#                        morelint(SpyGlass_vX-2025.06-SP1)
#                        openmore(SpyGlass_vX-2025.06-SP1)
#                        power_est(SpyGlass_vX-2025.06-SP1)
#                        simulation(SpyGlass_vX-2025.06-SP1)
#                        starc(SpyGlass_vX-2025.06-SP1)
#                        starc2005(SpyGlass_vX-2025.06-SP1)
#
#     Total Number of Generated Messages :         27
#     Number of Waived Messages          :         24
#     Number of Reported Messages        :          3
#     Number of Overlimit Messages       :          0
#
#     Total Number of Waivers                            :         24
#     Number of Waivers Applied                          :         24
#     Number of Waivers with Regex and/or wildcard       :         14
#     Number of Waivers with -rule                       :         24
#     Number of Waivers with line number and/or file info:         24
#     Number of Waive -IP commands                       :          0
#
#
################################################################################

WAIVER REPORT:
+++++++++++++++++++++++++++++++++++++++++++++++++++++++++++++++++++++++++++++++

Design Issues Waiver Report
+++++++++++++++++++++++++++++++++++++++++++++++++++++++++++++++++++++++++++++++

Waiver comment : rfu.regs simulation-only register-file initialization; synthesis ignores this initialization by construction.
waive -file_line "../../../IP/cpu_m1/rtl/rfu.v" 36 \
      -msg q%rfu -> Initial block is ignored for synthesis% \
      -rule "SYNTH_5143" 
#spg_backref : "magpie_m1_lint_waivers.awl" 7

1 message(s) waived:
===============================================================================
Index    Rule       Severity         File                         Line Wt   Message
===============================================================================
[1B]     SYNTH_5143 SynthesisWarning ../../../IP/cpu_m1/rtl/rfu.v 36   1000 rfu -> Initial block is ignored for synthesis
===============================================================================

Waiver comment : mstatus_mie mret restore intentionally overrides the default CSR sequential value.
waive -file_line "../../../IP/cpu_m1/rtl/csr.v" 196 \
      -msg q%Flipflop 'mstatus_mie' is assigned over the same signal in an always construct for sequential circuits (at line '170')% \
      -rule q%STARC05-2.2.3.3% 
#spg_backref : "magpie_m1_lint_waivers.awl" 19

1 message(s) waived:
===============================================================================
Index    Rule            Severity File                         Line Wt Message
===============================================================================
[14]     STARC05-2.2.3.3 Warning  ../../../IP/cpu_m1/rtl/csr.v 196  5  Flipflop 'mstatus_mie' is assigned over the same signal in an always construct for sequential circuits (at line '170')
===============================================================================

Waiver comment : mstatus_mpie mret restore intentionally overrides the default CSR sequential value.
waive -file_line "../../../IP/cpu_m1/rtl/csr.v" 197 \
      -msg q%Flipflop 'mstatus_mpie' is assigned over the same signal in an always construct for sequential circuits (at line '171')% \
      -rule q%STARC05-2.2.3.3% 
#spg_backref : "magpie_m1_lint_waivers.awl" 20

1 message(s) waived:
===============================================================================
Index    Rule            Severity File                         Line Wt Message
===============================================================================
[15]     STARC05-2.2.3.3 Warning  ../../../IP/cpu_m1/rtl/csr.v 197  5  Flipflop 'mstatus_mpie' is assigned over the same signal in an always construct for sequential circuits (at line '171')
===============================================================================

Waiver comment : csr_rdata is an intentional combinational read mux with default assignment followed by CSR-specific override.
waive -regexp 1 \
      -file_line m%../../../IP/cpu_m1/rtl/csr.v% 122 \
      -msg m%Signal csr_rdata is being assigned multiple times*% \
      -rule m%W415a% 
#spg_backref : "magpie_m1_lint_waivers.awl" 22

1 message(s) waived:
===============================================================================
Index    Rule  Severity File                         Line Wt Message
===============================================================================
[16]     W415a Warning  ../../../IP/cpu_m1/rtl/csr.v 122  5  Signal csr_rdata is being assigned multiple times ( previous assignment at line 100 ) in same always block [Hierarchy: ':cpu_m1_top:u_core@core:u_csr@csr']
===============================================================================

Waiver comment : mepc_reg trap-over-CSR sequential priority is intentional last-write-wins behavior.
waive -regexp 1 \
      -file_line m%../../../IP/cpu_m1/rtl/csr.v% 190 \
      -msg m%Signal mepc_reg is being assigned multiple times*% \
      -rule m%W415a% 
#spg_backref : "magpie_m1_lint_waivers.awl" 23

1 message(s) waived:
===============================================================================
Index    Rule  Severity File                         Line Wt Message
===============================================================================
[17]     W415a Warning  ../../../IP/cpu_m1/rtl/csr.v 190  5  Signal mepc_reg is being assigned multiple times ( previous assignment at line 177 ) in same always block [Hierarchy: ':cpu_m1_top:u_core@core:u_csr@csr']
===============================================================================

Waiver comment : mcause_reg trap-over-CSR sequential priority is intentional last-write-wins behavior.
waive -regexp 1 \
      -file_line m%../../../IP/cpu_m1/rtl/csr.v% 191 \
      -msg m%Signal mcause_reg is being assigned multiple times*% \
      -rule m%W415a% 
#spg_backref : "magpie_m1_lint_waivers.awl" 24

1 message(s) waived:
===============================================================================
Index    Rule  Severity File                         Line Wt Message
===============================================================================
[18]     W415a Warning  ../../../IP/cpu_m1/rtl/csr.v 191  5  Signal mcause_reg is being assigned multiple times ( previous assignment at line 178 ) in same always block [Hierarchy: ':cpu_m1_top:u_core@core:u_csr@csr']
===============================================================================

Waiver comment : mtval_reg trap-over-CSR sequential priority is intentional last-write-wins behavior.
waive -regexp 1 \
      -file_line m%../../../IP/cpu_m1/rtl/csr.v% 192 \
      -msg m%Signal mtval_reg is being assigned multiple times*% \
      -rule m%W415a% 
#spg_backref : "magpie_m1_lint_waivers.awl" 25

1 message(s) waived:
===============================================================================
Index    Rule  Severity File                         Line Wt Message
===============================================================================
[19]     W415a Warning  ../../../IP/cpu_m1/rtl/csr.v 192  5  Signal mtval_reg is being assigned multiple times ( previous assignment at line 179 ) in same always block [Hierarchy: ':cpu_m1_top:u_core@core:u_csr@csr']
===============================================================================

Waiver comment : ID-stage dual-use LSU instance intentionally leaves ld_result unconnected because only address-side decode is used there.
waive -regexp 1 \
      -msg m%Instance output port 'ld_result' is not connected% \
      -file m%../../../IP/cpu_m1/rtl/core.v% \
      -rule m%W287b% 
#spg_backref : "magpie_m1_lint_waivers.awl" 27

1 message(s) waived:
===============================================================================
Index    Rule  Severity File                          Line Wt Message
===============================================================================
[5]      W287b Warning  ../../../IP/cpu_m1/rtl/core.v 614  5  Instance output port 'ld_result' is not connected
===============================================================================

Waiver comment : WB-stage dual-use LSU instance intentionally leaves store data output unconnected because only load result behavior is used there.
waive -regexp 1 \
      -msg m%Instance output port 'mem_wdata' is not connected% \
      -file m%../../../IP/cpu_m1/rtl/core.v% \
      -rule m%W287b% 
#spg_backref : "magpie_m1_lint_waivers.awl" 28

1 message(s) waived:
===============================================================================
Index    Rule  Severity File                          Line Wt Message
===============================================================================
[6]      W287b Warning  ../../../IP/cpu_m1/rtl/core.v 981  5  Instance output port 'mem_wdata' is not connected
===============================================================================

Waiver comment : WB-stage dual-use LSU instance intentionally leaves store strobe output unconnected because only load result behavior is used there.
waive -regexp 1 \
      -msg m%Instance output port 'mem_wstrb' is not connected% \
      -file m%../../../IP/cpu_m1/rtl/core.v% \
      -rule m%W287b% 
#spg_backref : "magpie_m1_lint_waivers.awl" 29

1 message(s) waived:
===============================================================================
Index    Rule  Severity File                          Line Wt Message
===============================================================================
[7]      W287b Warning  ../../../IP/cpu_m1/rtl/core.v 982  5  Instance output port 'mem_wstrb' is not connected
===============================================================================

Waiver comment : rs1_q0_3 is a dead intermediate compressed-decode wire retained for decode structure readability.
waive -regexp 1 \
      -msg m%Variable 'rs1_q0_3\[2:0\]' set but not read.*% \
      -file m%../../../IP/cpu_m1/rtl/cdec.v% \
      -rule m%W528% 
#spg_backref : "magpie_m1_lint_waivers.awl" 31

1 message(s) waived:
===============================================================================
Index    Rule Severity File                          Line Wt Message
===============================================================================
[B]      W528 Warning  ../../../IP/cpu_m1/rtl/cdec.v 41   10 Variable 'rs1_q0_3[2:0]' set but not read.[Hierarchy: ':cpu_m1_top:u_core@core:u_cdec@cdec']
===============================================================================

Waiver comment : div.state intentionally uses a single always block to keep divider state and next-state updates local.
waive -file_line "../../../IP/cpu_m1/rtl/div.v" 69 \
      -msg q%Combinational and sequential parts of an FSM 'div.state' described in same always block% \
      -rule q%STARC05-2.11.3.1% 
#spg_backref : "magpie_m1_lint_waivers.awl" 9

1 message(s) waived:
===============================================================================
Index    Rule             Severity File                         Line Wt Message
===============================================================================
[E]      STARC05-2.11.3.1 Warning  ../../../IP/cpu_m1/rtl/div.v 69   10 Combinational and sequential parts of an FSM 'div.state' described in same always block
===============================================================================

Waiver comment : rd_q0_3 is a dead intermediate compressed-decode wire retained for decode structure readability.
waive -regexp 1 \
      -msg m%Variable 'rd_q0_3\[2:0\]' set but not read.*% \
      -file m%../../../IP/cpu_m1/rtl/cdec.v% \
      -rule m%W528% 
#spg_backref : "magpie_m1_lint_waivers.awl" 32

1 message(s) waived:
===============================================================================
Index    Rule Severity File                          Line Wt Message
===============================================================================
[C]      W528 Warning  ../../../IP/cpu_m1/rtl/cdec.v 42   10 Variable 'rd_q0_3[2:0]' set but not read.[Hierarchy: ':cpu_m1_top:u_core@core:u_cdec@cdec']
===============================================================================

Waiver comment : cdec.illegal is a verification/diagnostic output checked by the unit TB + a sim-only invariant assertion (ADR-0016); reserved detection is via idu (expanded=0); not a synthesis trap signal.
waive -regexp 1 \
      -msg m%Variable 'cdec_illegal' set but not read.*% \
      -file m%../../../IP/cpu_m1/rtl/core.v% \
      -rule m%W528% 
#spg_backref : "magpie_m1_lint_waivers.awl" 33

1 message(s) waived:
===============================================================================
Index    Rule Severity File                          Line Wt Message
===============================================================================
[8]      W528 Warning  ../../../IP/cpu_m1/rtl/core.v 146  10 Variable 'cdec_illegal' set but not read.[Hierarchy: ':cpu_m1_top:u_core@core']
===============================================================================

Waiver comment : ex_wb_is_store_r is an unused pipeline register left from symmetric EX/WB control staging.
waive -regexp 1 \
      -msg m%Variable 'ex_wb_is_store_r' set but not read.*% \
      -file m%../../../IP/cpu_m1/rtl/core.v% \
      -rule m%W528% 
#spg_backref : "magpie_m1_lint_waivers.awl" 34

1 message(s) waived:
===============================================================================
Index    Rule Severity File                          Line Wt Message
===============================================================================
[9]      W528 Warning  ../../../IP/cpu_m1/rtl/core.v 893  10 Variable 'ex_wb_is_store_r' set but not read.[Hierarchy: ':cpu_m1_top:u_core@core']
===============================================================================

Waiver comment : _unused_wb_is_load follows the Verilator unused-signal convention; SpyGlass does not infer that convention.
waive -regexp 1 \
      -file_line m%../../../IP/cpu_m1/rtl/forward.v% 60 \
      -msg m%Variable '_unused_wb_is_load' set but not read.*% \
      -rule m%W528% 
#spg_backref : "magpie_m1_lint_waivers.awl" 35

1 message(s) waived:
===============================================================================
Index    Rule Severity File                             Line Wt Message
===============================================================================
[D]      W528 Warning  ../../../IP/cpu_m1/rtl/forward.v 60   10 Variable '_unused_wb_is_load' set but not read.[Hierarchy: ':cpu_m1_top:u_core@core:u_forward@forward']
===============================================================================

Waiver comment : _unused_wb_signals follows the Verilator unused-signal convention; SpyGlass does not infer that convention.
waive -regexp 1 \
      -file_line m%../../../IP/cpu_m1/rtl/hazard.v% 51 \
      -msg m%Variable '_unused_wb_signals' set but not read.*% \
      -rule m%W528% 
#spg_backref : "magpie_m1_lint_waivers.awl" 36

1 message(s) waived:
===============================================================================
Index    Rule Severity File                            Line Wt Message
===============================================================================
[1A]     W528 Warning  ../../../IP/cpu_m1/rtl/hazard.v 51   10 Variable '_unused_wb_signals' set but not read.[Hierarchy: ':cpu_m1_top:u_core@core:u_hazard@hazard']
===============================================================================

Waiver comment : primed uses explicit boot-prime sequential priority; later assignment intentionally overrides the reset/default path.
waive -file_line "../../../IP/cpu_m1/rtl/cpu_m1_top.v" 114 \
      -msg q%Flipflop 'primed' is assigned over the same signal in an always construct for sequential circuits (at line '103')% \
      -rule q%STARC05-2.2.3.3% 
#spg_backref : "magpie_m1_lint_waivers.awl" 11

1 message(s) waived:
===============================================================================
Index    Rule            Severity File                                Line Wt Message
===============================================================================
[2]      STARC05-2.2.3.3 Warning  ../../../IP/cpu_m1/rtl/cpu_m1_top.v 114  5  Flipflop 'primed' is assigned over the same signal in an always construct for sequential circuits (at line '103')
===============================================================================

Waiver comment : primed boot-prime priority is intentional last-write-wins sequential logic.
waive -regexp 1 \
      -file_line m%../../../IP/cpu_m1/rtl/cpu_m1_top.v% 114 \
      -msg m%Signal primed is being assigned multiple times*% \
      -rule m%W415a% 
#spg_backref : "magpie_m1_lint_waivers.awl" 12

1 message(s) waived:
===============================================================================
Index    Rule  Severity File                                Line Wt Message
===============================================================================
[3]      W415a Warning  ../../../IP/cpu_m1/rtl/cpu_m1_top.v 114  5  Signal primed is being assigned multiple times ( previous assignment at line 103 ) in same always block [Hierarchy: ':cpu_m1_top']
===============================================================================

Waiver comment : mepc_reg trap update intentionally has priority over CSR write in the sequential CSR block.
waive -file_line "../../../IP/cpu_m1/rtl/csr.v" 190 \
      -msg q%Flipflop 'mepc_reg' is assigned over the same signal in an always construct for sequential circuits (at line '177')% \
      -rule q%STARC05-2.2.3.3% 
#spg_backref : "magpie_m1_lint_waivers.awl" 14

1 message(s) waived:
===============================================================================
Index    Rule            Severity File                         Line Wt Message
===============================================================================
[F]      STARC05-2.2.3.3 Warning  ../../../IP/cpu_m1/rtl/csr.v 190  5  Flipflop 'mepc_reg' is assigned over the same signal in an always construct for sequential circuits (at line '177')
===============================================================================

Waiver comment : mcause_reg trap update intentionally has priority over CSR write in the sequential CSR block.
waive -file_line "../../../IP/cpu_m1/rtl/csr.v" 191 \
      -msg q%Flipflop 'mcause_reg' is assigned over the same signal in an always construct for sequential circuits (at line '178')% \
      -rule q%STARC05-2.2.3.3% 
#spg_backref : "magpie_m1_lint_waivers.awl" 15

1 message(s) waived:
===============================================================================
Index    Rule            Severity File                         Line Wt Message
===============================================================================
[10]     STARC05-2.2.3.3 Warning  ../../../IP/cpu_m1/rtl/csr.v 191  5  Flipflop 'mcause_reg' is assigned over the same signal in an always construct for sequential circuits (at line '178')
===============================================================================

Waiver comment : mtval_reg trap update intentionally has priority over CSR write in the sequential CSR block.
waive -file_line "../../../IP/cpu_m1/rtl/csr.v" 192 \
      -msg q%Flipflop 'mtval_reg' is assigned over the same signal in an always construct for sequential circuits (at line '179')% \
      -rule q%STARC05-2.2.3.3% 
#spg_backref : "magpie_m1_lint_waivers.awl" 16

1 message(s) waived:
===============================================================================
Index    Rule            Severity File                         Line Wt Message
===============================================================================
[11]     STARC05-2.2.3.3 Warning  ../../../IP/cpu_m1/rtl/csr.v 192  5  Flipflop 'mtval_reg' is assigned over the same signal in an always construct for sequential circuits (at line '179')
===============================================================================

Waiver comment : mstatus_mpie trap/return sequencing intentionally uses ordered last-write-wins CSR priority.
waive -file_line "../../../IP/cpu_m1/rtl/csr.v" 193 \
      -msg q%Flipflop 'mstatus_mpie' is assigned over the same signal in an always construct for sequential circuits (at line '171')% \
      -rule q%STARC05-2.2.3.3% 
#spg_backref : "magpie_m1_lint_waivers.awl" 17

1 message(s) waived:
===============================================================================
Index    Rule            Severity File                         Line Wt Message
===============================================================================
[12]     STARC05-2.2.3.3 Warning  ../../../IP/cpu_m1/rtl/csr.v 193  5  Flipflop 'mstatus_mpie' is assigned over the same signal in an always construct for sequential circuits (at line '171')
===============================================================================

Waiver comment : mstatus_mie trap/return sequencing intentionally uses ordered last-write-wins CSR priority.
waive -file_line "../../../IP/cpu_m1/rtl/csr.v" 194 \
      -msg q%Flipflop 'mstatus_mie' is assigned over the same signal in an always construct for sequential circuits (at line '170')% \
      -rule q%STARC05-2.2.3.3% 
#spg_backref : "magpie_m1_lint_waivers.awl" 18

1 message(s) waived:
===============================================================================
Index    Rule            Severity File                         Line Wt Message
===============================================================================
[13]     STARC05-2.2.3.3 Warning  ../../../IP/cpu_m1/rtl/csr.v 194  5  Flipflop 'mstatus_mie' is assigned over the same signal in an always construct for sequential circuits (at line '170')
===============================================================================

