idx,pc,instr,rd,wdata
0,00000000,00000297,5,00000000
1,00000004,04028293,5,00000040
2,00000008,30529073,0,00000000
3,0000000c,00004d81,27,00000000
4,00000040,34202373,6,00000002
5,00000044,00004389,7,00000002
6,00000046,00731a63,0,00000000
7,0000004a,00000d85,27,00000001
8,0000004c,34102373,6,0000000e
9,00000050,00000311,6,00000012
10,00000052,34131073,0,00000000
11,00000056,30200073,0,00000000
12,00000040,34202373,6,00000002
13,00000044,00004389,7,00000002
14,00000046,00731a63,0,00000000
15,0000004a,00000d85,27,00000002
16,0000004c,34102373,6,00000012
17,00000050,00000311,6,00000016
18,00000052,34131073,0,00000000
19,00000056,30200073,0,00000000
20,00000040,34202373,6,00000002
21,00000044,00004389,7,00000002
22,00000046,00731a63,0,00000000
23,0000004a,00000d85,27,00000003
24,0000004c,34102373,6,00000016
25,00000050,00000311,6,0000001a
26,00000052,34131073,0,00000000
27,00000056,30200073,0,00000000
28,00000040,34202373,6,00000002
29,00000044,00004389,7,00000002
30,00000046,00731a63,0,00000000
31,0000004a,00000d85,27,00000004
32,0000004c,34102373,6,0000001a
33,00000050,00000311,6,0000001e
34,00000052,34131073,0,00000000
35,00000056,30200073,0,00000000
36,0000001e,06400913,18,00000064
37,00000022,0000499d,19,00000007
38,00000040,34202373,6,00000002
39,00000044,00004389,7,00000002
40,00000046,00731a63,0,00000000
41,0000004a,00000d85,27,00000005
42,0000004c,34102373,6,00000024
43,00000050,00000311,6,00000028
44,00000052,34131073,0,00000000
45,00000056,30200073,0,00000000
46,00000028,03394a33,20,0000000e
47,0000002c,00006a89,21,00002000
48,0000002e,880a8a93,21,00001880
49,00000040,34202373,6,00000002
50,00000044,00004389,7,00000002
51,00000046,00731a63,0,00000000
52,0000004a,00000d85,27,00000006
53,0000004c,34102373,6,00000032
54,00000050,00000311,6,00000036
55,00000052,34131073,0,00000000
56,00000056,30200073,0,00000000
57,00000036,03394b33,22,0000000e
58,0000003a,0000856e,10,00000006
