core   0: >>>>  
core   0: 0x80000000 (0x00006405) c.lui   s0, 0x1
core   0: 3 0x80000000 (0x6405) x8  0x00001000
core   0: 0x80000002 (0x23440413) addi    s0, s0, 564
core   0: 3 0x80000002 (0x23440413) x8  0x00001234
core   0: 0x80000006 (0x000054cd) c.li    s1, -13
core   0: 3 0x80000006 (0x54cd) x9  0xfffffff3
core   0: 0x80000008 (0x80000937) lui     s2, 0x80000
core   0: 3 0x80000008 (0x80000937) x18 0x80000000
core   0: 0x8000000c (0x0000197d) c.addi  s2, -1
core   0: 3 0x8000000c (0x197d) x18 0x7fffffff
core   0: 0x8000000e (0x800009b7) lui     s3, 0x80000
core   0: 3 0x8000000e (0x800009b7) x19 0x80000000
core   0: 0x80000012 (0x0f000a13) li      s4, 240
core   0: 3 0x80000012 (0x0f000a13) x20 0x000000f0
core   0: 0x80000016 (0x00004a81) c.li    s5, 0
core   0: 3 0x80000016 (0x4a81) x21 0x00000000
core   0: 0x80000018 (0x30102573) csrr    a0, misa
core   0: 3 0x80000018 (0x30102573) x10 0x40001106
core   0: 0x8000001c (0x214422b3) sh1add  t0, s0, s4
core   0: 3 0x8000001c (0x214422b3) x5  0x00002558
core   0: 0x80000020 (0x21444333) sh2add  t1, s0, s4
core   0: 3 0x80000020 (0x21444333) x6  0x000049c0
core   0: 0x80000024 (0x214463b3) sh3add  t2, s0, s4
core   0: 3 0x80000024 (0x214463b3) x7  0x00009290
core   0: 0x80000028 (0x2124ae33) sh1add  t3, s1, s2
core   0: 3 0x80000028 (0x2124ae33) x28 0x7fffffe5
core   0: 0x8000002c (0x2139eeb3) sh3add  t4, s3, s3
core   0: 3 0x8000002c (0x2139eeb3) x29 0x80000000
core   0: 0x80000030 (0x414475b3) andn    a1, s0, s4
core   0: 3 0x80000030 (0x414475b3) x11 0x00001204
core   0: 0x80000034 (0x4085e633) orn     a2, a1, s0
core   0: 3 0x80000034 (0x4085e633) x12 0xffffffcf
core   0: 0x80000038 (0x40b646b3) xnor    a3, a2, a1
core   0: 3 0x80000038 (0x40b646b3) x13 0x00001234
core   0: 0x8000003c (0x600a9713) clz     a4, s5
core   0: 3 0x8000003c (0x600a9713) x14 0x00000020
core   0: 0x80000040 (0x60099793) clz     a5, s3
core   0: 3 0x80000040 (0x60099793) x15 0x00000000
core   0: 0x80000044 (0x601a9813) ctz     a6, s5
core   0: 3 0x80000044 (0x601a9813) x16 0x00000020
core   0: 0x80000048 (0x60141893) ctz     a7, s0
core   0: 3 0x80000048 (0x60141893) x17 0x00000002
core   0: 0x8000004c (0x602a9f13) cpop    t5, s5
core   0: 3 0x8000004c (0x602a9f13) x30 0x00000000
core   0: 0x80000050 (0x60291f93) cpop    t6, s2
core   0: 3 0x80000050 (0x60291f93) x31 0x0000001f
core   0: 0x80000054 (0x0b44c2b3) min     t0, s1, s4
core   0: 3 0x80000054 (0x0b44c2b3) x5  0xfffffff3
core   0: 0x80000058 (0x0b44d333) minu    t1, s1, s4
core   0: 3 0x80000058 (0x0b44d333) x6  0x000000f0
core   0: 0x8000005c (0x0b44e3b3) max     t2, s1, s4
core   0: 3 0x8000005c (0x0b44e3b3) x7  0x000000f0
core   0: 0x80000060 (0x0b29fe33) maxu    t3, s3, s2
core   0: 3 0x80000060 (0x0b29fe33) x28 0x80000000
core   0: 0x80000064 (0x60441e93) sext.b  t4, s0
core   0: 3 0x80000064 (0x60441e93) x29 0x00000034
core   0: 0x80000068 (0x60599f13) sext.h  t5, s3
core   0: 3 0x80000068 (0x60599f13) x30 0x00000000
core   0: 0x8000006c (0x0804cfb3) zext.h  t6, s1
core   0: 3 0x8000006c (0x0804cfb3) x31 0x0000fff3
core   0: 0x80000070 (0x614415b3) rol     a1, s0, s4
core   0: 3 0x80000070 (0x614415b3) x11 0x12340000
core   0: 0x80000074 (0x61445633) ror     a2, s0, s4
core   0: 3 0x80000074 (0x61445633) x12 0x12340000
core   0: 0x80000078 (0x60545693) rori    a3, s0, 5
core   0: 3 0x80000078 (0x60545693) x13 0xa0000091
core   0: 0x8000007c (0x60045713) rori    a4, s0, 0
core   0: 3 0x8000007c (0x60045713) x14 0x00001234
core   0: 0x80000080 (0x28745793) orc.b   a5, s0
core   0: 3 0x80000080 (0x28745793) x15 0x0000ffff
core   0: 0x80000084 (0x69845813) rev8.rv32 (args unknown)
core   0: 3 0x80000084 (0x69845813) x16 0x34120000
core   0: 0x80000088 (0x494912b3) bclr    t0, s2, s4
core   0: 3 0x80000088 (0x494912b3) x5  0x7ffeffff
core   0: 0x8000008c (0x4949d333) bext    t1, s3, s4
core   0: 3 0x8000008c (0x4949d333) x6  0x00000000
core   0: 0x80000090 (0x694413b3) binv    t2, s0, s4
core   0: 3 0x80000090 (0x694413b3) x7  0x00011234
core   0: 0x80000094 (0x294a9e33) bset    t3, s5, s4
core   0: 3 0x80000094 (0x294a9e33) x28 0x00010000
core   0: 0x80000098 (0x49f91e93) bclri   t4, s2, 31
core   0: 3 0x80000098 (0x49f91e93) x29 0x7fffffff
core   0: 0x8000009c (0x49f9df13) bexti   t5, s3, 31
core   0: 3 0x8000009c (0x49f9df13) x30 0x00000001
core   0: 0x800000a0 (0x68041f93) binvi   t6, s0, 0
core   0: 3 0x800000a0 (0x68041f93) x31 0x00001235
core   0: 0x800000a4 (0x29fa9593) bseti   a1, s5, 31
core   0: 3 0x800000a4 (0x29fa9593) x11 0x80000000
core   0: 0x800000a8 (0x0f545633) czero.eqz a2, s0, s5
core   0: 3 0x800000a8 (0x0f545633) x12 0x00000000
core   0: 0x800000ac (0x0f4456b3) czero.eqz a3, s0, s4
core   0: 3 0x800000ac (0x0f4456b3) x13 0x00001234
core   0: 0x800000b0 (0x0f547733) czero.nez a4, s0, s5
core   0: 3 0x800000b0 (0x0f547733) x14 0x00001234
core   0: 0x800000b4 (0x0f4477b3) czero.nez a5, s0, s4
core   0: 3 0x800000b4 (0x0f4477b3) x15 0x00000000
core   0: 0x800000b8 (0x21444833) sh2add  a6, s0, s4
core   0: 3 0x800000b8 (0x21444833) x16 0x000049c0
core   0: 0x800000bc (0x009808b3) add     a7, a6, s1
core   0: 3 0x800000bc (0x009808b3) x17 0x000049b3
core   0: 0x800000c0 (0x00000297) auipc   t0, 0x0
core   0: 3 0x800000c0 (0x00000297) x5  0x800000c0
core   0: 0x800000c4 (0x02028293) addi    t0, t0, 32
core   0: 3 0x800000c4 (0x02028293) x5  0x800000e0
core   0: 0x800000c8 (0x205aa333) sh1add  t1, s5, t0
core   0: 3 0x800000c8 (0x205aa333) x6  0x800000e0
core   0: 0x800000cc (0x01032023) sw      a6, 0(t1)
core   0: 3 0x800000cc (0x01032023) mem 0x800000e0 0x000049c0
core   0: 0x800000d0 (0x00032383) lw      t2, 0(t1)
core   0: 3 0x800000d0 (0x00032383) x7  0x000049c0 mem 0x800000e0
core   0: 0x800000d4 (0x02880e33) mul     t3, a6, s0
core   0: 3 0x800000d4 (0x02880e33) x28 0x053e7b00
core   0: 0x800000d8 (0x602e1e93) cpop    t4, t3
core   0: 3 0x800000d8 (0x602e1e93) x29 0x0000000d
core   0: 0x800000dc (0x00009002) c.ebreak
core   0: exception trap_breakpoint, epc 0x800000dc
core   0:           tval 0x800000dc
