(2026-06-09 23:11:18),0.000316541,0,start,845.207,13,RegisterApps : 
(2026-06-09 23:11:19),0.013945,0,start,1263.17,430,LicenseMgr Init : 
(2026-06-09 23:11:19),0.0210888,0,end,1268.43,431,LicenseMgr Init : 
(2026-06-09 23:11:19),0.0213816,0,end,1339.15,432,RegisterApps : 
(2026-06-09 23:11:20),0.0288804,0,start,1389.85,481,VCS Read Task : 
(2026-06-09 23:11:21),0.045093,0,end,1391.52,483,VCS Read Task : 
(2026-06-09 23:11:21),0.0453898,0,start,1391.58,480,Load VCS Message: 
(2026-06-09 23:11:21),0.0456299,0,end,1391.58,481,Load VCS Message: 
(2026-06-09 23:11:21),0.0456304,0,start,1391.58,481,NLDM Creation : 
(2026-06-09 23:11:21),0.0456308,0,start,1391.58,481,LoadCircuitModel : 
(2026-06-09 23:11:21),0.0456403,0,start,1391.58,481,VsiLib_Restore : 
(2026-06-09 23:11:21),0.0456409,0,end,1391.58,481,VsiLib_Restore : 
(2026-06-09 23:11:21),0.0456412,0,end,1391.58,481,LoadCircuitModel : 
(2026-06-09 23:11:21),0.045642,0,start,1391.58,481,BuildNetlist : 
(2026-06-09 23:11:21),0.0456427,0,start,1391.58,481,NLDM Build : 
(2026-06-09 23:11:21),0.045733,0,start,1412.17,503,XMR_Resolution : Total:0 : 
(2026-06-09 23:11:21),0.0457334,0,end,1412.17,503,XMR_Resolution : Success:0 : 
(2026-06-09 23:11:21),0.045734,0,end,1412.17,503,NLDM Build : 
(2026-06-09 23:11:21),0.0457364,1,start,1412.17,503,Cell properties : 
(2026-06-09 23:11:21),0.0457378,1,end,1412.17,503,Cell properties : 
(2026-06-09 23:11:21),0.045738,0,end,1412.17,503,BuildNetlist : 
(2026-06-09 23:11:21),0.0457388,0,end,1412.17,503,NLDM Creation : 
(2026-06-09 23:11:21),0.045755,0,start,1412.17,503,PropertyLoad: Formal Property : 
(2026-06-09 23:11:21),0.0457663,0,end,1412.17,503,PropertyLoad: Formal Property : 
(2026-06-09 23:11:21),0.0457678,0,start,1412.17,503,PropertyLoad: Formal Property : 
(2026-06-09 23:11:21),0.0457681,0,end,1412.17,503,PropertyLoad: Formal Property : 
(2026-06-09 23:11:21),0.0457692,0,start,1412.17,503,PropertyLoad: Formal Property : 
(2026-06-09 23:11:21),0.0457695,0,end,1412.17,503,PropertyLoad: Formal Property : 
(2026-06-09 23:11:21),0.0457718,0,start,1412.17,503,StaticCheck: StaticCheckProcess : 
(2026-06-09 23:11:21),0.0457727,0,start,1412.17,503,StaticCheck: NldfgFlatDesign : 
(2026-06-09 23:11:21),0.0457731,0,start,1412.17,503,StaticCheck: createFlatDesign : 
(2026-06-09 23:11:21),0.0458765,0,end,1421.19,512,StaticCheck: createFlatDesign : 
(2026-06-09 23:11:21),0.0458769,0,start,1421.19,512,StaticCheck: legalize : 
(2026-06-09 23:11:21),0.0458783,0,end,1421.19,512,StaticCheck: legalize : 
(2026-06-09 23:11:21),0.0458791,0,start,1421.19,512,StaticCheck: reduceBidirectionals : 
(2026-06-09 23:11:21),0.0458794,0,end,1421.19,512,StaticCheck: reduceBidirectionals : 
(2026-06-09 23:11:21),0.0458796,0,start,1421.19,512,StaticCheck: computeNetEquivalences : 
(2026-06-09 23:11:21),0.04588,0,end,1421.19,512,StaticCheck: computeNetEquivalences : 
(2026-06-09 23:11:21),0.0458802,0,start,1421.19,512,StaticCheck: eliminateBidirectionals : 
(2026-06-09 23:11:21),0.0458805,0,end,1421.19,512,StaticCheck: eliminateBidirectionals : 
(2026-06-09 23:11:21),0.0458809,0,end,1421.19,512,StaticCheck: NldfgFlatDesign : 
(2026-06-09 23:11:21),0.0458812,0,start,1421.19,512,StaticCheck: CombLoopCheck  : 
(2026-06-09 23:11:21),0.0458815,0,start,1421.19,512,CombLoop : Topo Order 
(2026-06-09 23:11:21),0.0458828,0,end,1421.19,512,CombLoop : Topo Order 
(2026-06-09 23:11:21),0.0458834,0,start,1421.19,512,CombLoop : Compute Segments 
(2026-06-09 23:11:21),0.0458837,0,end,1421.19,512,CombLoop : Compute Segments 
(2026-06-09 23:11:21),0.045884,0,end,1421.19,512,StaticCheck: CombLoopCheck  : 
(2026-06-09 23:11:21),0.0458843,0,start,1421.19,512,StaticCheck: MultiDriverCheck  : 
(2026-06-09 23:11:21),0.0458853,0,end,1421.19,512,StaticCheck: MultiDriverCheck  : 
(2026-06-09 23:11:21),0.0458861,0,end,1421.19,503,StaticCheck: StaticCheckProcess : 
(2026-06-09 23:11:21),0.0458867,0,start,1421.19,503,createWordSplitBaseNetCacheUtil
(2026-06-09 23:11:21),0.0458871,0,end,1421.19,503,createWordSplitBaseNetCacheUtil
(2026-06-09 23:11:21),0.0458875,0,start,1421.19,503,populate SSF data: 
(2026-06-09 23:11:21),0.0458878,0,end,1421.19,503,populate SSF data: 
(2026-06-09 23:11:21),0.045888,0,start,1421.19,503,DumpGateCountStats : 
(2026-06-09 23:11:21),0.0458906,0,end,1421.19,503,DumpGateCountStats : 
(2026-06-09 23:11:21),0.0458919,0,start,1421.19,503,DataModelStats : 
(2026-06-09 23:11:21),0.0458941,0,end,1421.19,503,DataModelStats : 
(2026-06-09 23:11:21),0.0458991,1,start,1421.19,512,ModuleDesignPropagation : 
(2026-06-09 23:11:21),0.045901,1,end,1421.19,512,ModuleDesignPropagation : 
(2026-06-09 23:11:21),0.0480205,0,start,1431.48,523,XMR_Resolution : Total:1 : 
(2026-06-09 23:11:21),0.0480226,0,end,1431.48,523,XMR_Resolution : Success:1 : 
(2026-06-09 23:11:21),0.0480246,0,start,1431.48,523,sim build substep: 
(2026-06-09 23:11:21),0.0480477,0,end,1431.48,523,sim build substep: 
(2026-06-09 23:11:21),0.0480484,0,start,1431.48,523,sim run substep: 
(2026-06-09 23:11:21),0.0482634,0,end,1438.29,530,sim run substep: 
(2026-06-09 23:11:21),0.0482849,0,start,1438.29,530,sim_save_reset : 
(2026-06-09 23:11:21),0.0486748,0,end,1447.92,516,sim_save_reset : 
(2026-06-09 23:11:21),0.048681,0,start,1447.92,516,Check: check_fv : 
(2026-06-09 23:11:21),0.0486861,0,start,1447.92,516,Check: BuildFormal : 
(2026-06-09 23:11:21),0.0486868,0,start,1447.92,516,Check: Init : 
(2026-06-09 23:11:21),0.0486871,0,end,1447.92,516,Check: Init : 
(2026-06-09 23:11:21),0.0486874,0,start,1447.92,516,Check: ResetSetup : 
(2026-06-09 23:11:21),0.0486877,0,start,1447.92,516,Check: EnvInstrumentation : 
(2026-06-09 23:11:21),0.0486879,0,end,1447.92,516,Check: EnvInstrumentation : 
(2026-06-09 23:11:21),0.0486885,0,end,1447.92,516,Check: ResetSetup : 
(2026-06-09 23:11:21),0.0486887,0,start,1447.92,516,Check: BotEotInstr : 
(2026-06-09 23:11:21),0.0486891,0,end,1447.92,516,Check: BotEotInstr : 
(2026-06-09 23:11:21),0.0486893,0,start,1447.92,516,Check: VPSetup : 
(2026-06-09 23:11:21),0.048692,0,end,1447.92,516,Check: VPSetup : 
(2026-06-09 23:11:21),0.0486924,0,start,1447.92,516,Check: VPReset : 
(2026-06-09 23:11:21),0.0486943,0,end,1447.92,516,Check: VPReset : 
(2026-06-09 23:11:21),0.0486946,0,start,1447.92,516,Check: InitApp : 
(2026-06-09 23:11:21),0.0487087,0,end,1447.92,516,Check: InitApp : 
(2026-06-09 23:11:21),0.0487102,0,start,1447.92,516,Check: FormalModel : 
(2026-06-09 23:11:21),0.0487105,0,start,1447.92,516,DfgBuild: Setup : 
(2026-06-09 23:11:21),0.0487108,0,start,1447.92,516,DfgBuild: ValidateNLDMOperators : 
(2026-06-09 23:11:21),0.0487118,0,end,1447.92,516,DfgBuild: ValidateNLDMOperators : 
(2026-06-09 23:11:21),0.0487122,0,end,1447.92,516,DfgBuild: Setup : 
(2026-06-09 23:11:21),0.0487125,0,start,1447.92,516,DfgBuild: ReuseCheck : 
(2026-06-09 23:11:21),0.048713,0,end,1447.92,516,DfgBuild: ReuseCheck : 
(2026-06-09 23:11:21),0.0487133,0,start,1447.92,516,DfgBuild: Flatten : 
(2026-06-09 23:11:21),0.0487694,0,end,1447.92,525,DfgBuild: Flatten : 
(2026-06-09 23:11:21),0.0487701,0,start,1447.92,525,DfgBuild: ClockSetup : 
(2026-06-09 23:11:21),0.0487712,0,end,1447.92,525,DfgBuild: ClockSetup : 
(2026-06-09 23:11:21),0.0487718,0,start,1447.92,525,DfgBuild: Modeling : 
(2026-06-09 23:11:21),0.0487731,0,end,1447.92,525,DfgBuild: Modeling : 
(2026-06-09 23:11:21),0.0487734,0,start,1447.92,525,DfgBuild: FlatRemodel : 
(2026-06-09 23:11:21),0.0487753,0,end,1447.92,525,DfgBuild: FlatRemodel : 
(2026-06-09 23:11:21),0.0487759,0,start,1447.92,525,DfgBuild: NldfgBuild : 
(2026-06-09 23:11:21),0.0487773,0,start,1447.92,525,NldfgBuild : Print statistics 
(2026-06-09 23:11:21),0.0487779,0,end,1447.92,525,NldfgBuild : Print statistics 
(2026-06-09 23:11:21),0.0487783,0,start,1447.92,525,NldfgBuild : Reduce bidirectionals 
(2026-06-09 23:11:21),0.0487785,0,end,1447.92,525,NldfgBuild : Reduce bidirectionals 
(2026-06-09 23:11:21),0.0487788,0,start,1447.92,525,NldfgBuild : Cutpoint Insertion 
(2026-06-09 23:11:21),0.0487806,0,end,1447.92,525,NldfgBuild : Cutpoint Insertion 
(2026-06-09 23:11:21),0.0487809,0,start,1447.92,525,NldfgBuild : Compute net equivalences 
(2026-06-09 23:11:21),0.0487813,0,end,1447.92,525,NldfgBuild : Compute net equivalences 
(2026-06-09 23:11:21),0.0487816,0,start,1447.92,525,NldfgBuild : Eliminate bidirectionals 
(2026-06-09 23:11:21),0.0487818,0,end,1447.92,525,NldfgBuild : Eliminate bidirectionals 
(2026-06-09 23:11:21),0.0487821,0,start,1447.92,525,NldfgBuild : Remove false combo loops 
(2026-06-09 23:11:21),0.0487835,0,end,1447.92,525,NldfgBuild : Remove false combo loops 
(2026-06-09 23:11:21),0.0487845,0,start,1447.92,525,NldfgBuild : Create dfg 
(2026-06-09 23:11:21),0.0487848,0,start,1447.92,525,NldfgBuild : Create graph function 
(2026-06-09 23:11:21),0.0487916,0,end,1447.92,525,NldfgBuild : Create graph function 
(2026-06-09 23:11:21),0.0487918,0,start,1447.92,525,NldfgBuild : Create scopes 
(2026-06-09 23:11:21),0.0487929,0,end,1447.92,525,NldfgBuild : Create scopes 
(2026-06-09 23:11:21),0.0487935,0,start,1447.92,525,NldfgBuild : Initial setup 
(2026-06-09 23:11:21),0.0487938,0,end,1447.92,525,NldfgBuild : Initial setup 
(2026-06-09 23:11:21),0.0487942,0,start,1447.92,525,NldfgBuild : Create graph 
(2026-06-09 23:11:21),0.0487958,0,end,1447.92,525,NldfgBuild : Create graph 
(2026-06-09 23:11:21),0.0487964,0,start,1447.92,525,NldfgBuild : Create terminal sinks and sources 
(2026-06-09 23:11:21),0.0487988,0,end,1447.92,525,NldfgBuild : Create terminal sinks and sources 
(2026-06-09 23:11:21),0.0488005,0,start,1447.92,525,NldfgBuild : Compute dependencies 
(2026-06-09 23:11:21),0.0488017,0,end,1447.92,525,NldfgBuild : Compute dependencies 
(2026-06-09 23:11:21),0.0488021,0,start,1447.92,525,NldfgBuild : Compute combinational SCCs 
(2026-06-09 23:11:21),0.0488024,0,end,1447.92,525,NldfgBuild : Compute combinational SCCs 
(2026-06-09 23:11:21),0.0488028,0,start,1447.92,525,NldfgBuild : Compute templates 
(2026-06-09 23:11:21),0.0488088,0,end,1447.92,525,NldfgBuild : Compute templates 
(2026-06-09 23:11:21),0.0488091,0,start,1447.92,525,NldfgBuild : Eliminate combinational SCCs 
(2026-06-09 23:11:21),0.0488095,0,end,1447.92,525,NldfgBuild : Eliminate combinational SCCs 
(2026-06-09 23:11:21),0.0488098,0,start,1447.92,525,NldfgBuild : Computing sequential SCCs 
(2026-06-09 23:11:21),0.0488106,0,end,1447.92,525,NldfgBuild : Computing sequential SCCs 
(2026-06-09 23:11:21),0.0488112,0,start,1447.92,525,NldfgBuild : Create simulator clocks, changeAts and Triggers 
(2026-06-09 23:11:21),0.0488115,0,end,1447.92,525,NldfgBuild : Create simulator clocks, changeAts and Triggers 
(2026-06-09 23:11:21),0.0488118,0,start,1447.92,525,NldfgBuild : SymSimulator Analysis and computation 
(2026-06-09 23:11:21),0.0488183,0,end,1447.92,525,NldfgBuild : SymSimulator Analysis and computation 
(2026-06-09 23:11:21),0.0488186,0,start,1447.92,525,NldfgBuild : Collect Aeps 
(2026-06-09 23:11:21),0.0488191,0,end,1447.92,525,NldfgBuild : Collect Aeps 
(2026-06-09 23:11:21),0.0488193,0,start,1447.92,525,NldfgBuild : Cleanup Simulator 
(2026-06-09 23:11:21),0.048821,0,end,1447.92,525,NldfgBuild : Cleanup Simulator 
(2026-06-09 23:11:21),0.0488216,0,start,1447.92,525,NldfgBuild : Cleanup Samplers 
(2026-06-09 23:11:21),0.0488223,0,end,1447.92,525,NldfgBuild : Cleanup Samplers 
(2026-06-09 23:11:21),0.0488225,0,end,1447.92,525,NldfgBuild : Create dfg 
(2026-06-09 23:11:21),0.0488229,0,end,1447.92,525,DfgBuild: NldfgBuild : 
(2026-06-09 23:11:21),0.0488233,0,start,1447.92,525,StaticCheck: StaticCheckProcess : 
(2026-06-09 23:11:21),0.0488242,0,start,1447.92,525,StaticCheck: NldfgFlatDesign : 
(2026-06-09 23:11:21),0.0488245,0,end,1447.92,525,StaticCheck: NldfgFlatDesign : 
(2026-06-09 23:11:21),0.0488248,0,start,1447.92,525,StaticCheck: CombLoopCheck  : 
(2026-06-09 23:11:21),0.048825,0,start,1447.92,525,CombLoop : Topo Order 
(2026-06-09 23:11:21),0.0488261,0,end,1447.92,525,CombLoop : Topo Order 
(2026-06-09 23:11:21),0.0488264,0,start,1447.92,525,CombLoop : Compute Segments 
(2026-06-09 23:11:21),0.0488266,0,end,1447.92,525,CombLoop : Compute Segments 
(2026-06-09 23:11:21),0.0488269,0,end,1447.92,525,StaticCheck: CombLoopCheck  : 
(2026-06-09 23:11:21),0.0488271,0,start,1447.92,525,StaticCheck: MultiDriverCheck  : 
(2026-06-09 23:11:21),0.0488275,0,end,1447.92,525,StaticCheck: MultiDriverCheck  : 
(2026-06-09 23:11:21),0.0488278,0,end,1447.92,525,StaticCheck: StaticCheckProcess : 
(2026-06-09 23:11:21),0.048828,0,start,1447.92,525,DfgBuild: DfgRemodel : 
(2026-06-09 23:11:21),0.0488467,0,end,1447.92,525,DfgBuild: DfgRemodel : 
(2026-06-09 23:11:21),0.0488481,0,end,1447.92,516,Check: FormalModel : 
(2026-06-09 23:11:21),0.0488489,0,end,1447.92,516,Check: BuildFormal : 
(2026-06-09 23:11:21),0.0488492,0,start,1447.92,516,Check: GCDB : 
(2026-06-09 23:11:21),0.048853,0,end,1447.92,516,Check: GCDB : 
(2026-06-09 23:11:21),0.0488665,0,start,1447.92,516,Check: Tanglewood : 
(2026-06-09 23:11:21),0.0491054,0,start,1447.92,516,perf_diagnostics_alerts: report_fv : 
(2026-06-09 23:11:21),0.0491622,0,end,1447.92,518,perf_diagnostics_alerts: report_fv : 
(2026-06-09 23:11:21),0.0491693,0,start,1447.92,518,orc_perf_debug diagnostics: orc_perf_debug -mode lite : 
(2026-06-09 23:11:21),0.0491733,0,end,1447.92,518,orc_perf_debug diagnostics: orc_perf_debug -mode lite : 
(2026-06-09 23:11:21),0.0491783,0,end,1447.92,518,Check: Tanglewood : 
(2026-06-09 23:11:21),0.0491787,0,end,1447.92,518,Check: check_fv : 
(2026-06-09 23:11:25),0.112053,0,start,1447.92,518,perf_diagnostics_alerts: report_fv : 
(2026-06-09 23:11:25),0.112116,0,end,1447.92,518,perf_diagnostics_alerts: report_fv : 
(2026-06-09 23:11:25),0.112117,0,start,1447.92,518,orc_perf_debug diagnostics: orc_perf_debug -mode lite : 
(2026-06-09 23:11:25),0.112141,0,end,1447.92,518,orc_perf_debug diagnostics: orc_perf_debug -mode lite : 
