core   0: >>>>  $xrv32i2p1_m2p0_zicsr2p0_zifencei2p0_zmmul1p0
core   0: 0x80000000 (0x00020a97) auipc   s5, 0x20
core   0: 3 0x80000000 (0x00020a97) x21 0x80020000
core   0: 0x80000004 (0x00010997) auipc   s3, 0x10
core   0: 3 0x80000004 (0x00010997) x19 0x80010004
core   0: 0x80000008 (0xffc98993) addi    s3, s3, -4
core   0: 3 0x80000008 (0xffc98993) x19 0x80010000
core   0: 0x8000000c (0x00001a17) auipc   s4, 0x1
core   0: 3 0x8000000c (0x00001a17) x20 0x8000100c
core   0: 0x80000010 (0xef4a0a13) addi    s4, s4, -268
core   0: 3 0x80000010 (0xef4a0a13) x20 0x80000f00
core   0: 0x80000014 (0x00000b17) auipc   s6, 0x0
core   0: 3 0x80000014 (0x00000b17) x22 0x80000014
core   0: 0x80000018 (0x3ecb0b13) addi    s6, s6, 1004
core   0: 3 0x80000018 (0x3ecb0b13) x22 0x80000400
core   0: 0x8000001c (0x00001137) lui     sp, 0x1
core   0: 3 0x8000001c (0x00001137) x2  0x00001000
core   0: 0x80000020 (0xf0010113) addi    sp, sp, -256
core   0: 3 0x80000020 (0xf0010113) x2  0x00000f00
core   0: 0x80000024 (0x04caa283) lw      t0, 76(s5)
core   0: 3 0x80000024 (0x04caa283) x5  0x00000001 mem 0x8002004c
core   0: 0x80000028 (0x048aa303) lw      t1, 72(s5)
core   0: 3 0x80000028 (0x048aa303) x6  0x00000000 mem 0x80020048
core   0: 0x8000002c (0x40000393) li      t2, 1024
core   0: 3 0x8000002c (0x40000393) x7  0x00000400
core   0: 0x80000030 (0x027aa023) sw      t2, 32(s5)
core   0: 3 0x80000030 (0x027aa023) mem 0x80020020 0x00000400
core   0: 0x80000034 (0x3c000393) li      t2, 960
core   0: 3 0x80000034 (0x3c000393) x7  0x000003c0
core   0: 0x80000038 (0x027aa223) sw      t2, 36(s5)
core   0: 3 0x80000038 (0x027aa223) mem 0x80020024 0x000003c0
core   0: 0x8000003c (0x00400393) li      t2, 4
core   0: 3 0x8000003c (0x00400393) x7  0x00000004
core   0: 0x80000040 (0x027aa423) sw      t2, 40(s5)
core   0: 3 0x80000040 (0x027aa423) mem 0x80020028 0x00000004
core   0: 0x80000044 (0x00100393) li      t2, 1
core   0: 3 0x80000044 (0x00100393) x7  0x00000001
core   0: 0x80000048 (0x027aa623) sw      t2, 44(s5)
core   0: 3 0x80000048 (0x027aa623) mem 0x8002002c 0x00000001
core   0: 0x8000004c (0x04000413) li      s0, 64
core   0: 3 0x8000004c (0x04000413) x8  0x00000040
core   0: 0x80000050 (0xfff40413) addi    s0, s0, -1
core   0: 3 0x80000050 (0xfff40413) x8  0x0000003f
core   0: 0x80000054 (0xfe041ee3) bnez    s0, pc - 4
core   0: 3 0x80000054 (0xfe041ee3)
core   0: 0x80000050 (0xfff40413) addi    s0, s0, -1
core   0: 3 0x80000050 (0xfff40413) x8  0x0000003e
core   0: 0x80000054 (0xfe041ee3) bnez    s0, pc - 4
core   0: 3 0x80000054 (0xfe041ee3)
core   0: 0x80000050 (0xfff40413) addi    s0, s0, -1
core   0: 3 0x80000050 (0xfff40413) x8  0x0000003d
core   0: 0x80000054 (0xfe041ee3) bnez    s0, pc - 4
core   0: 3 0x80000054 (0xfe041ee3)
core   0: 0x80000050 (0xfff40413) addi    s0, s0, -1
core   0: 3 0x80000050 (0xfff40413) x8  0x0000003c
core   0: 0x80000054 (0xfe041ee3) bnez    s0, pc - 4
core   0: 3 0x80000054 (0xfe041ee3)
core   0: 0x80000050 (0xfff40413) addi    s0, s0, -1
core   0: 3 0x80000050 (0xfff40413) x8  0x0000003b
core   0: 0x80000054 (0xfe041ee3) bnez    s0, pc - 4
core   0: 3 0x80000054 (0xfe041ee3)
core   0: 0x80000050 (0xfff40413) addi    s0, s0, -1
core   0: 3 0x80000050 (0xfff40413) x8  0x0000003a
core   0: 0x80000054 (0xfe041ee3) bnez    s0, pc - 4
core   0: 3 0x80000054 (0xfe041ee3)
core   0: 0x80000050 (0xfff40413) addi    s0, s0, -1
core   0: 3 0x80000050 (0xfff40413) x8  0x00000039
core   0: 0x80000054 (0xfe041ee3) bnez    s0, pc - 4
core   0: 3 0x80000054 (0xfe041ee3)
core   0: 0x80000050 (0xfff40413) addi    s0, s0, -1
core   0: 3 0x80000050 (0xfff40413) x8  0x00000038
core   0: 0x80000054 (0xfe041ee3) bnez    s0, pc - 4
core   0: 3 0x80000054 (0xfe041ee3)
core   0: 0x80000050 (0xfff40413) addi    s0, s0, -1
core   0: 3 0x80000050 (0xfff40413) x8  0x00000037
core   0: 0x80000054 (0xfe041ee3) bnez    s0, pc - 4
core   0: 3 0x80000054 (0xfe041ee3)
core   0: 0x80000050 (0xfff40413) addi    s0, s0, -1
core   0: 3 0x80000050 (0xfff40413) x8  0x00000036
core   0: 0x80000054 (0xfe041ee3) bnez    s0, pc - 4
core   0: 3 0x80000054 (0xfe041ee3)
core   0: 0x80000050 (0xfff40413) addi    s0, s0, -1
core   0: 3 0x80000050 (0xfff40413) x8  0x00000035
core   0: 0x80000054 (0xfe041ee3) bnez    s0, pc - 4
core   0: 3 0x80000054 (0xfe041ee3)
core   0: 0x80000050 (0xfff40413) addi    s0, s0, -1
core   0: 3 0x80000050 (0xfff40413) x8  0x00000034
core   0: 0x80000054 (0xfe041ee3) bnez    s0, pc - 4
core   0: 3 0x80000054 (0xfe041ee3)
core   0: 0x80000050 (0xfff40413) addi    s0, s0, -1
core   0: 3 0x80000050 (0xfff40413) x8  0x00000033
core   0: 0x80000054 (0xfe041ee3) bnez    s0, pc - 4
core   0: 3 0x80000054 (0xfe041ee3)
core   0: 0x80000050 (0xfff40413) addi    s0, s0, -1
core   0: 3 0x80000050 (0xfff40413) x8  0x00000032
core   0: 0x80000054 (0xfe041ee3) bnez    s0, pc - 4
core   0: 3 0x80000054 (0xfe041ee3)
core   0: 0x80000050 (0xfff40413) addi    s0, s0, -1
core   0: 3 0x80000050 (0xfff40413) x8  0x00000031
core   0: 0x80000054 (0xfe041ee3) bnez    s0, pc - 4
core   0: 3 0x80000054 (0xfe041ee3)
core   0: 0x80000050 (0xfff40413) addi    s0, s0, -1
core   0: 3 0x80000050 (0xfff40413) x8  0x00000030
core   0: 0x80000054 (0xfe041ee3) bnez    s0, pc - 4
core   0: 3 0x80000054 (0xfe041ee3)
core   0: 0x80000050 (0xfff40413) addi    s0, s0, -1
core   0: 3 0x80000050 (0xfff40413) x8  0x0000002f
core   0: 0x80000054 (0xfe041ee3) bnez    s0, pc - 4
core   0: 3 0x80000054 (0xfe041ee3)
core   0: 0x80000050 (0xfff40413) addi    s0, s0, -1
core   0: 3 0x80000050 (0xfff40413) x8  0x0000002e
core   0: 0x80000054 (0xfe041ee3) bnez    s0, pc - 4
core   0: 3 0x80000054 (0xfe041ee3)
core   0: 0x80000050 (0xfff40413) addi    s0, s0, -1
core   0: 3 0x80000050 (0xfff40413) x8  0x0000002d
core   0: 0x80000054 (0xfe041ee3) bnez    s0, pc - 4
core   0: 3 0x80000054 (0xfe041ee3)
core   0: 0x80000050 (0xfff40413) addi    s0, s0, -1
core   0: 3 0x80000050 (0xfff40413) x8  0x0000002c
core   0: 0x80000054 (0xfe041ee3) bnez    s0, pc - 4
core   0: 3 0x80000054 (0xfe041ee3)
core   0: 0x80000050 (0xfff40413) addi    s0, s0, -1
core   0: 3 0x80000050 (0xfff40413) x8  0x0000002b
core   0: 0x80000054 (0xfe041ee3) bnez    s0, pc - 4
core   0: 3 0x80000054 (0xfe041ee3)
core   0: 0x80000050 (0xfff40413) addi    s0, s0, -1
core   0: 3 0x80000050 (0xfff40413) x8  0x0000002a
core   0: 0x80000054 (0xfe041ee3) bnez    s0, pc - 4
core   0: 3 0x80000054 (0xfe041ee3)
core   0: 0x80000050 (0xfff40413) addi    s0, s0, -1
core   0: 3 0x80000050 (0xfff40413) x8  0x00000029
core   0: 0x80000054 (0xfe041ee3) bnez    s0, pc - 4
core   0: 3 0x80000054 (0xfe041ee3)
core   0: 0x80000050 (0xfff40413) addi    s0, s0, -1
core   0: 3 0x80000050 (0xfff40413) x8  0x00000028
core   0: 0x80000054 (0xfe041ee3) bnez    s0, pc - 4
core   0: 3 0x80000054 (0xfe041ee3)
core   0: 0x80000050 (0xfff40413) addi    s0, s0, -1
core   0: 3 0x80000050 (0xfff40413) x8  0x00000027
core   0: 0x80000054 (0xfe041ee3) bnez    s0, pc - 4
core   0: 3 0x80000054 (0xfe041ee3)
core   0: 0x80000050 (0xfff40413) addi    s0, s0, -1
core   0: 3 0x80000050 (0xfff40413) x8  0x00000026
core   0: 0x80000054 (0xfe041ee3) bnez    s0, pc - 4
core   0: 3 0x80000054 (0xfe041ee3)
core   0: 0x80000050 (0xfff40413) addi    s0, s0, -1
core   0: 3 0x80000050 (0xfff40413) x8  0x00000025
core   0: 0x80000054 (0xfe041ee3) bnez    s0, pc - 4
core   0: 3 0x80000054 (0xfe041ee3)
core   0: 0x80000050 (0xfff40413) addi    s0, s0, -1
core   0: 3 0x80000050 (0xfff40413) x8  0x00000024
core   0: 0x80000054 (0xfe041ee3) bnez    s0, pc - 4
core   0: 3 0x80000054 (0xfe041ee3)
core   0: 0x80000050 (0xfff40413) addi    s0, s0, -1
core   0: 3 0x80000050 (0xfff40413) x8  0x00000023
core   0: 0x80000054 (0xfe041ee3) bnez    s0, pc - 4
core   0: 3 0x80000054 (0xfe041ee3)
core   0: 0x80000050 (0xfff40413) addi    s0, s0, -1
core   0: 3 0x80000050 (0xfff40413) x8  0x00000022
core   0: 0x80000054 (0xfe041ee3) bnez    s0, pc - 4
core   0: 3 0x80000054 (0xfe041ee3)
core   0: 0x80000050 (0xfff40413) addi    s0, s0, -1
core   0: 3 0x80000050 (0xfff40413) x8  0x00000021
core   0: 0x80000054 (0xfe041ee3) bnez    s0, pc - 4
core   0: 3 0x80000054 (0xfe041ee3)
core   0: 0x80000050 (0xfff40413) addi    s0, s0, -1
core   0: 3 0x80000050 (0xfff40413) x8  0x00000020
core   0: 0x80000054 (0xfe041ee3) bnez    s0, pc - 4
core   0: 3 0x80000054 (0xfe041ee3)
core   0: 0x80000050 (0xfff40413) addi    s0, s0, -1
core   0: 3 0x80000050 (0xfff40413) x8  0x0000001f
core   0: 0x80000054 (0xfe041ee3) bnez    s0, pc - 4
core   0: 3 0x80000054 (0xfe041ee3)
core   0: 0x80000050 (0xfff40413) addi    s0, s0, -1
core   0: 3 0x80000050 (0xfff40413) x8  0x0000001e
core   0: 0x80000054 (0xfe041ee3) bnez    s0, pc - 4
core   0: 3 0x80000054 (0xfe041ee3)
core   0: 0x80000050 (0xfff40413) addi    s0, s0, -1
core   0: 3 0x80000050 (0xfff40413) x8  0x0000001d
core   0: 0x80000054 (0xfe041ee3) bnez    s0, pc - 4
core   0: 3 0x80000054 (0xfe041ee3)
core   0: 0x80000050 (0xfff40413) addi    s0, s0, -1
core   0: 3 0x80000050 (0xfff40413) x8  0x0000001c
core   0: 0x80000054 (0xfe041ee3) bnez    s0, pc - 4
core   0: 3 0x80000054 (0xfe041ee3)
core   0: 0x80000050 (0xfff40413) addi    s0, s0, -1
core   0: 3 0x80000050 (0xfff40413) x8  0x0000001b
core   0: 0x80000054 (0xfe041ee3) bnez    s0, pc - 4
core   0: 3 0x80000054 (0xfe041ee3)
core   0: 0x80000050 (0xfff40413) addi    s0, s0, -1
core   0: 3 0x80000050 (0xfff40413) x8  0x0000001a
core   0: 0x80000054 (0xfe041ee3) bnez    s0, pc - 4
core   0: 3 0x80000054 (0xfe041ee3)
core   0: 0x80000050 (0xfff40413) addi    s0, s0, -1
core   0: 3 0x80000050 (0xfff40413) x8  0x00000019
core   0: 0x80000054 (0xfe041ee3) bnez    s0, pc - 4
core   0: 3 0x80000054 (0xfe041ee3)
core   0: 0x80000050 (0xfff40413) addi    s0, s0, -1
core   0: 3 0x80000050 (0xfff40413) x8  0x00000018
core   0: 0x80000054 (0xfe041ee3) bnez    s0, pc - 4
core   0: 3 0x80000054 (0xfe041ee3)
core   0: 0x80000050 (0xfff40413) addi    s0, s0, -1
core   0: 3 0x80000050 (0xfff40413) x8  0x00000017
core   0: 0x80000054 (0xfe041ee3) bnez    s0, pc - 4
core   0: 3 0x80000054 (0xfe041ee3)
core   0: 0x80000050 (0xfff40413) addi    s0, s0, -1
core   0: 3 0x80000050 (0xfff40413) x8  0x00000016
core   0: 0x80000054 (0xfe041ee3) bnez    s0, pc - 4
core   0: 3 0x80000054 (0xfe041ee3)
core   0: 0x80000050 (0xfff40413) addi    s0, s0, -1
core   0: 3 0x80000050 (0xfff40413) x8  0x00000015
core   0: 0x80000054 (0xfe041ee3) bnez    s0, pc - 4
core   0: 3 0x80000054 (0xfe041ee3)
core   0: 0x80000050 (0xfff40413) addi    s0, s0, -1
core   0: 3 0x80000050 (0xfff40413) x8  0x00000014
core   0: 0x80000054 (0xfe041ee3) bnez    s0, pc - 4
core   0: 3 0x80000054 (0xfe041ee3)
core   0: 0x80000050 (0xfff40413) addi    s0, s0, -1
core   0: 3 0x80000050 (0xfff40413) x8  0x00000013
core   0: 0x80000054 (0xfe041ee3) bnez    s0, pc - 4
core   0: 3 0x80000054 (0xfe041ee3)
core   0: 0x80000050 (0xfff40413) addi    s0, s0, -1
core   0: 3 0x80000050 (0xfff40413) x8  0x00000012
core   0: 0x80000054 (0xfe041ee3) bnez    s0, pc - 4
core   0: 3 0x80000054 (0xfe041ee3)
core   0: 0x80000050 (0xfff40413) addi    s0, s0, -1
core   0: 3 0x80000050 (0xfff40413) x8  0x00000011
core   0: 0x80000054 (0xfe041ee3) bnez    s0, pc - 4
core   0: 3 0x80000054 (0xfe041ee3)
core   0: 0x80000050 (0xfff40413) addi    s0, s0, -1
core   0: 3 0x80000050 (0xfff40413) x8  0x00000010
core   0: 0x80000054 (0xfe041ee3) bnez    s0, pc - 4
core   0: 3 0x80000054 (0xfe041ee3)
core   0: 0x80000050 (0xfff40413) addi    s0, s0, -1
core   0: 3 0x80000050 (0xfff40413) x8  0x0000000f
core   0: 0x80000054 (0xfe041ee3) bnez    s0, pc - 4
core   0: 3 0x80000054 (0xfe041ee3)
core   0: 0x80000050 (0xfff40413) addi    s0, s0, -1
core   0: 3 0x80000050 (0xfff40413) x8  0x0000000e
core   0: 0x80000054 (0xfe041ee3) bnez    s0, pc - 4
core   0: 3 0x80000054 (0xfe041ee3)
core   0: 0x80000050 (0xfff40413) addi    s0, s0, -1
core   0: 3 0x80000050 (0xfff40413) x8  0x0000000d
core   0: 0x80000054 (0xfe041ee3) bnez    s0, pc - 4
core   0: 3 0x80000054 (0xfe041ee3)
core   0: 0x80000050 (0xfff40413) addi    s0, s0, -1
core   0: 3 0x80000050 (0xfff40413) x8  0x0000000c
core   0: 0x80000054 (0xfe041ee3) bnez    s0, pc - 4
core   0: 3 0x80000054 (0xfe041ee3)
core   0: 0x80000050 (0xfff40413) addi    s0, s0, -1
core   0: 3 0x80000050 (0xfff40413) x8  0x0000000b
core   0: 0x80000054 (0xfe041ee3) bnez    s0, pc - 4
core   0: 3 0x80000054 (0xfe041ee3)
core   0: 0x80000050 (0xfff40413) addi    s0, s0, -1
core   0: 3 0x80000050 (0xfff40413) x8  0x0000000a
core   0: 0x80000054 (0xfe041ee3) bnez    s0, pc - 4
core   0: 3 0x80000054 (0xfe041ee3)
core   0: 0x80000050 (0xfff40413) addi    s0, s0, -1
core   0: 3 0x80000050 (0xfff40413) x8  0x00000009
core   0: 0x80000054 (0xfe041ee3) bnez    s0, pc - 4
core   0: 3 0x80000054 (0xfe041ee3)
core   0: 0x80000050 (0xfff40413) addi    s0, s0, -1
core   0: 3 0x80000050 (0xfff40413) x8  0x00000008
core   0: 0x80000054 (0xfe041ee3) bnez    s0, pc - 4
core   0: 3 0x80000054 (0xfe041ee3)
core   0: 0x80000050 (0xfff40413) addi    s0, s0, -1
core   0: 3 0x80000050 (0xfff40413) x8  0x00000007
core   0: 0x80000054 (0xfe041ee3) bnez    s0, pc - 4
core   0: 3 0x80000054 (0xfe041ee3)
core   0: 0x80000050 (0xfff40413) addi    s0, s0, -1
core   0: 3 0x80000050 (0xfff40413) x8  0x00000006
core   0: 0x80000054 (0xfe041ee3) bnez    s0, pc - 4
core   0: 3 0x80000054 (0xfe041ee3)
core   0: 0x80000050 (0xfff40413) addi    s0, s0, -1
core   0: 3 0x80000050 (0xfff40413) x8  0x00000005
core   0: 0x80000054 (0xfe041ee3) bnez    s0, pc - 4
core   0: 3 0x80000054 (0xfe041ee3)
core   0: 0x80000050 (0xfff40413) addi    s0, s0, -1
core   0: 3 0x80000050 (0xfff40413) x8  0x00000004
core   0: 0x80000054 (0xfe041ee3) bnez    s0, pc - 4
core   0: 3 0x80000054 (0xfe041ee3)
core   0: 0x80000050 (0xfff40413) addi    s0, s0, -1
core   0: 3 0x80000050 (0xfff40413) x8  0x00000003
core   0: 0x80000054 (0xfe041ee3) bnez    s0, pc - 4
core   0: 3 0x80000054 (0xfe041ee3)
core   0: 0x80000050 (0xfff40413) addi    s0, s0, -1
core   0: 3 0x80000050 (0xfff40413) x8  0x00000002
core   0: 0x80000054 (0xfe041ee3) bnez    s0, pc - 4
core   0: 3 0x80000054 (0xfe041ee3)
core   0: 0x80000050 (0xfff40413) addi    s0, s0, -1
core   0: 3 0x80000050 (0xfff40413) x8  0x00000001
core   0: 0x80000054 (0xfe041ee3) bnez    s0, pc - 4
core   0: 3 0x80000054 (0xfe041ee3)
core   0: 0x80000050 (0xfff40413) addi    s0, s0, -1
core   0: 3 0x80000050 (0xfff40413) x8  0x00000000
core   0: 0x80000054 (0xfe041ee3) bnez    s0, pc - 4
core   0: 3 0x80000054 (0xfe041ee3)
core   0: 0x80000058 (0x008aa483) lw      s1, 8(s5)
core   0: 3 0x80000058 (0x008aa483) x9  0x00000019 mem 0x80020008
core   0: 0x8000005c (0x000a2503) lw      a0, 0(s4)
core   0: 3 0x8000005c (0x000a2503) x10 0x00000002 mem 0x80000f00
core   0: 0x80000060 (0x004a2583) lw      a1, 4(s4)
core   0: 3 0x80000060 (0x004a2583) x11 0x00000800 mem 0x80000f04
core   0: 0x80000064 (0x008a2603) lw      a2, 8(s4)
core   0: 3 0x80000064 (0x008a2603) x12 0x00000000 mem 0x80000f08
core   0: 0x80000068 (0x00ca2683) lw      a3, 12(s4)
core   0: 3 0x80000068 (0x00ca2683) x13 0x00000202 mem 0x80000f0c
core   0: 0x8000006c (0x02baa023) sw      a1, 32(s5)
core   0: 3 0x8000006c (0x02baa023) mem 0x80020020 0x00000800
core   0: 0x80000070 (0x10000393) li      t2, 256
core   0: 3 0x80000070 (0x10000393) x7  0x00000100
core   0: 0x80000074 (0x027aa223) sw      t2, 36(s5)
core   0: 3 0x80000074 (0x027aa223) mem 0x80020024 0x00000100
core   0: 0x80000078 (0x00400393) li      t2, 4
core   0: 3 0x80000078 (0x00400393) x7  0x00000004
core   0: 0x8000007c (0x027aa423) sw      t2, 40(s5)
core   0: 3 0x8000007c (0x027aa423) mem 0x80020028 0x00000004
core   0: 0x80000080 (0x00100393) li      t2, 1
core   0: 3 0x80000080 (0x00100393) x7  0x00000001
core   0: 0x80000084 (0x027aa623) sw      t2, 44(s5)
core   0: 3 0x80000084 (0x027aa623) mem 0x8002002c 0x00000001
core   0: 0x80000088 (0x04000413) li      s0, 64
core   0: 3 0x80000088 (0x04000413) x8  0x00000040
core   0: 0x8000008c (0xfff40413) addi    s0, s0, -1
core   0: 3 0x8000008c (0xfff40413) x8  0x0000003f
core   0: 0x80000090 (0xfe041ee3) bnez    s0, pc - 4
core   0: 3 0x80000090 (0xfe041ee3)
core   0: 0x8000008c (0xfff40413) addi    s0, s0, -1
core   0: 3 0x8000008c (0xfff40413) x8  0x0000003e
core   0: 0x80000090 (0xfe041ee3) bnez    s0, pc - 4
core   0: 3 0x80000090 (0xfe041ee3)
core   0: 0x8000008c (0xfff40413) addi    s0, s0, -1
core   0: 3 0x8000008c (0xfff40413) x8  0x0000003d
core   0: 0x80000090 (0xfe041ee3) bnez    s0, pc - 4
core   0: 3 0x80000090 (0xfe041ee3)
core   0: 0x8000008c (0xfff40413) addi    s0, s0, -1
core   0: 3 0x8000008c (0xfff40413) x8  0x0000003c
core   0: 0x80000090 (0xfe041ee3) bnez    s0, pc - 4
core   0: 3 0x80000090 (0xfe041ee3)
core   0: 0x8000008c (0xfff40413) addi    s0, s0, -1
core   0: 3 0x8000008c (0xfff40413) x8  0x0000003b
core   0: 0x80000090 (0xfe041ee3) bnez    s0, pc - 4
core   0: 3 0x80000090 (0xfe041ee3)
core   0: 0x8000008c (0xfff40413) addi    s0, s0, -1
core   0: 3 0x8000008c (0xfff40413) x8  0x0000003a
core   0: 0x80000090 (0xfe041ee3) bnez    s0, pc - 4
core   0: 3 0x80000090 (0xfe041ee3)
core   0: 0x8000008c (0xfff40413) addi    s0, s0, -1
core   0: 3 0x8000008c (0xfff40413) x8  0x00000039
core   0: 0x80000090 (0xfe041ee3) bnez    s0, pc - 4
core   0: 3 0x80000090 (0xfe041ee3)
core   0: 0x8000008c (0xfff40413) addi    s0, s0, -1
core   0: 3 0x8000008c (0xfff40413) x8  0x00000038
core   0: 0x80000090 (0xfe041ee3) bnez    s0, pc - 4
core   0: 3 0x80000090 (0xfe041ee3)
core   0: 0x8000008c (0xfff40413) addi    s0, s0, -1
core   0: 3 0x8000008c (0xfff40413) x8  0x00000037
core   0: 0x80000090 (0xfe041ee3) bnez    s0, pc - 4
core   0: 3 0x80000090 (0xfe041ee3)
core   0: 0x8000008c (0xfff40413) addi    s0, s0, -1
core   0: 3 0x8000008c (0xfff40413) x8  0x00000036
core   0: 0x80000090 (0xfe041ee3) bnez    s0, pc - 4
core   0: 3 0x80000090 (0xfe041ee3)
core   0: 0x8000008c (0xfff40413) addi    s0, s0, -1
core   0: 3 0x8000008c (0xfff40413) x8  0x00000035
core   0: 0x80000090 (0xfe041ee3) bnez    s0, pc - 4
core   0: 3 0x80000090 (0xfe041ee3)
core   0: 0x8000008c (0xfff40413) addi    s0, s0, -1
core   0: 3 0x8000008c (0xfff40413) x8  0x00000034
core   0: 0x80000090 (0xfe041ee3) bnez    s0, pc - 4
core   0: 3 0x80000090 (0xfe041ee3)
core   0: 0x8000008c (0xfff40413) addi    s0, s0, -1
core   0: 3 0x8000008c (0xfff40413) x8  0x00000033
core   0: 0x80000090 (0xfe041ee3) bnez    s0, pc - 4
core   0: 3 0x80000090 (0xfe041ee3)
core   0: 0x8000008c (0xfff40413) addi    s0, s0, -1
core   0: 3 0x8000008c (0xfff40413) x8  0x00000032
core   0: 0x80000090 (0xfe041ee3) bnez    s0, pc - 4
core   0: 3 0x80000090 (0xfe041ee3)
core   0: 0x8000008c (0xfff40413) addi    s0, s0, -1
core   0: 3 0x8000008c (0xfff40413) x8  0x00000031
core   0: 0x80000090 (0xfe041ee3) bnez    s0, pc - 4
core   0: 3 0x80000090 (0xfe041ee3)
core   0: 0x8000008c (0xfff40413) addi    s0, s0, -1
core   0: 3 0x8000008c (0xfff40413) x8  0x00000030
core   0: 0x80000090 (0xfe041ee3) bnez    s0, pc - 4
core   0: 3 0x80000090 (0xfe041ee3)
core   0: 0x8000008c (0xfff40413) addi    s0, s0, -1
core   0: 3 0x8000008c (0xfff40413) x8  0x0000002f
core   0: 0x80000090 (0xfe041ee3) bnez    s0, pc - 4
core   0: 3 0x80000090 (0xfe041ee3)
core   0: 0x8000008c (0xfff40413) addi    s0, s0, -1
core   0: 3 0x8000008c (0xfff40413) x8  0x0000002e
core   0: 0x80000090 (0xfe041ee3) bnez    s0, pc - 4
core   0: 3 0x80000090 (0xfe041ee3)
core   0: 0x8000008c (0xfff40413) addi    s0, s0, -1
core   0: 3 0x8000008c (0xfff40413) x8  0x0000002d
core   0: 0x80000090 (0xfe041ee3) bnez    s0, pc - 4
core   0: 3 0x80000090 (0xfe041ee3)
core   0: 0x8000008c (0xfff40413) addi    s0, s0, -1
core   0: 3 0x8000008c (0xfff40413) x8  0x0000002c
core   0: 0x80000090 (0xfe041ee3) bnez    s0, pc - 4
core   0: 3 0x80000090 (0xfe041ee3)
core   0: 0x8000008c (0xfff40413) addi    s0, s0, -1
core   0: 3 0x8000008c (0xfff40413) x8  0x0000002b
core   0: 0x80000090 (0xfe041ee3) bnez    s0, pc - 4
core   0: 3 0x80000090 (0xfe041ee3)
core   0: 0x8000008c (0xfff40413) addi    s0, s0, -1
core   0: 3 0x8000008c (0xfff40413) x8  0x0000002a
core   0: 0x80000090 (0xfe041ee3) bnez    s0, pc - 4
core   0: 3 0x80000090 (0xfe041ee3)
core   0: 0x8000008c (0xfff40413) addi    s0, s0, -1
core   0: 3 0x8000008c (0xfff40413) x8  0x00000029
core   0: 0x80000090 (0xfe041ee3) bnez    s0, pc - 4
core   0: 3 0x80000090 (0xfe041ee3)
core   0: 0x8000008c (0xfff40413) addi    s0, s0, -1
core   0: 3 0x8000008c (0xfff40413) x8  0x00000028
core   0: 0x80000090 (0xfe041ee3) bnez    s0, pc - 4
core   0: 3 0x80000090 (0xfe041ee3)
core   0: 0x8000008c (0xfff40413) addi    s0, s0, -1
core   0: 3 0x8000008c (0xfff40413) x8  0x00000027
core   0: 0x80000090 (0xfe041ee3) bnez    s0, pc - 4
core   0: 3 0x80000090 (0xfe041ee3)
core   0: 0x8000008c (0xfff40413) addi    s0, s0, -1
core   0: 3 0x8000008c (0xfff40413) x8  0x00000026
core   0: 0x80000090 (0xfe041ee3) bnez    s0, pc - 4
core   0: 3 0x80000090 (0xfe041ee3)
core   0: 0x8000008c (0xfff40413) addi    s0, s0, -1
core   0: 3 0x8000008c (0xfff40413) x8  0x00000025
core   0: 0x80000090 (0xfe041ee3) bnez    s0, pc - 4
core   0: 3 0x80000090 (0xfe041ee3)
core   0: 0x8000008c (0xfff40413) addi    s0, s0, -1
core   0: 3 0x8000008c (0xfff40413) x8  0x00000024
core   0: 0x80000090 (0xfe041ee3) bnez    s0, pc - 4
core   0: 3 0x80000090 (0xfe041ee3)
core   0: 0x8000008c (0xfff40413) addi    s0, s0, -1
core   0: 3 0x8000008c (0xfff40413) x8  0x00000023
core   0: 0x80000090 (0xfe041ee3) bnez    s0, pc - 4
core   0: 3 0x80000090 (0xfe041ee3)
core   0: 0x8000008c (0xfff40413) addi    s0, s0, -1
core   0: 3 0x8000008c (0xfff40413) x8  0x00000022
core   0: 0x80000090 (0xfe041ee3) bnez    s0, pc - 4
core   0: 3 0x80000090 (0xfe041ee3)
core   0: 0x8000008c (0xfff40413) addi    s0, s0, -1
core   0: 3 0x8000008c (0xfff40413) x8  0x00000021
core   0: 0x80000090 (0xfe041ee3) bnez    s0, pc - 4
core   0: 3 0x80000090 (0xfe041ee3)
core   0: 0x8000008c (0xfff40413) addi    s0, s0, -1
core   0: 3 0x8000008c (0xfff40413) x8  0x00000020
core   0: 0x80000090 (0xfe041ee3) bnez    s0, pc - 4
core   0: 3 0x80000090 (0xfe041ee3)
core   0: 0x8000008c (0xfff40413) addi    s0, s0, -1
core   0: 3 0x8000008c (0xfff40413) x8  0x0000001f
core   0: 0x80000090 (0xfe041ee3) bnez    s0, pc - 4
core   0: 3 0x80000090 (0xfe041ee3)
core   0: 0x8000008c (0xfff40413) addi    s0, s0, -1
core   0: 3 0x8000008c (0xfff40413) x8  0x0000001e
core   0: 0x80000090 (0xfe041ee3) bnez    s0, pc - 4
core   0: 3 0x80000090 (0xfe041ee3)
core   0: 0x8000008c (0xfff40413) addi    s0, s0, -1
core   0: 3 0x8000008c (0xfff40413) x8  0x0000001d
core   0: 0x80000090 (0xfe041ee3) bnez    s0, pc - 4
core   0: 3 0x80000090 (0xfe041ee3)
core   0: 0x8000008c (0xfff40413) addi    s0, s0, -1
core   0: 3 0x8000008c (0xfff40413) x8  0x0000001c
core   0: 0x80000090 (0xfe041ee3) bnez    s0, pc - 4
core   0: 3 0x80000090 (0xfe041ee3)
core   0: 0x8000008c (0xfff40413) addi    s0, s0, -1
core   0: 3 0x8000008c (0xfff40413) x8  0x0000001b
core   0: 0x80000090 (0xfe041ee3) bnez    s0, pc - 4
core   0: 3 0x80000090 (0xfe041ee3)
core   0: 0x8000008c (0xfff40413) addi    s0, s0, -1
core   0: 3 0x8000008c (0xfff40413) x8  0x0000001a
core   0: 0x80000090 (0xfe041ee3) bnez    s0, pc - 4
core   0: 3 0x80000090 (0xfe041ee3)
core   0: 0x8000008c (0xfff40413) addi    s0, s0, -1
core   0: 3 0x8000008c (0xfff40413) x8  0x00000019
core   0: 0x80000090 (0xfe041ee3) bnez    s0, pc - 4
core   0: 3 0x80000090 (0xfe041ee3)
core   0: 0x8000008c (0xfff40413) addi    s0, s0, -1
core   0: 3 0x8000008c (0xfff40413) x8  0x00000018
core   0: 0x80000090 (0xfe041ee3) bnez    s0, pc - 4
core   0: 3 0x80000090 (0xfe041ee3)
core   0: 0x8000008c (0xfff40413) addi    s0, s0, -1
core   0: 3 0x8000008c (0xfff40413) x8  0x00000017
core   0: 0x80000090 (0xfe041ee3) bnez    s0, pc - 4
core   0: 3 0x80000090 (0xfe041ee3)
core   0: 0x8000008c (0xfff40413) addi    s0, s0, -1
core   0: 3 0x8000008c (0xfff40413) x8  0x00000016
core   0: 0x80000090 (0xfe041ee3) bnez    s0, pc - 4
core   0: 3 0x80000090 (0xfe041ee3)
core   0: 0x8000008c (0xfff40413) addi    s0, s0, -1
core   0: 3 0x8000008c (0xfff40413) x8  0x00000015
core   0: 0x80000090 (0xfe041ee3) bnez    s0, pc - 4
core   0: 3 0x80000090 (0xfe041ee3)
core   0: 0x8000008c (0xfff40413) addi    s0, s0, -1
core   0: 3 0x8000008c (0xfff40413) x8  0x00000014
core   0: 0x80000090 (0xfe041ee3) bnez    s0, pc - 4
core   0: 3 0x80000090 (0xfe041ee3)
core   0: 0x8000008c (0xfff40413) addi    s0, s0, -1
core   0: 3 0x8000008c (0xfff40413) x8  0x00000013
core   0: 0x80000090 (0xfe041ee3) bnez    s0, pc - 4
core   0: 3 0x80000090 (0xfe041ee3)
core   0: 0x8000008c (0xfff40413) addi    s0, s0, -1
core   0: 3 0x8000008c (0xfff40413) x8  0x00000012
core   0: 0x80000090 (0xfe041ee3) bnez    s0, pc - 4
core   0: 3 0x80000090 (0xfe041ee3)
core   0: 0x8000008c (0xfff40413) addi    s0, s0, -1
core   0: 3 0x8000008c (0xfff40413) x8  0x00000011
core   0: 0x80000090 (0xfe041ee3) bnez    s0, pc - 4
core   0: 3 0x80000090 (0xfe041ee3)
core   0: 0x8000008c (0xfff40413) addi    s0, s0, -1
core   0: 3 0x8000008c (0xfff40413) x8  0x00000010
core   0: 0x80000090 (0xfe041ee3) bnez    s0, pc - 4
core   0: 3 0x80000090 (0xfe041ee3)
core   0: 0x8000008c (0xfff40413) addi    s0, s0, -1
core   0: 3 0x8000008c (0xfff40413) x8  0x0000000f
core   0: 0x80000090 (0xfe041ee3) bnez    s0, pc - 4
core   0: 3 0x80000090 (0xfe041ee3)
core   0: 0x8000008c (0xfff40413) addi    s0, s0, -1
core   0: 3 0x8000008c (0xfff40413) x8  0x0000000e
core   0: 0x80000090 (0xfe041ee3) bnez    s0, pc - 4
core   0: 3 0x80000090 (0xfe041ee3)
core   0: 0x8000008c (0xfff40413) addi    s0, s0, -1
core   0: 3 0x8000008c (0xfff40413) x8  0x0000000d
core   0: 0x80000090 (0xfe041ee3) bnez    s0, pc - 4
core   0: 3 0x80000090 (0xfe041ee3)
core   0: 0x8000008c (0xfff40413) addi    s0, s0, -1
core   0: 3 0x8000008c (0xfff40413) x8  0x0000000c
core   0: 0x80000090 (0xfe041ee3) bnez    s0, pc - 4
core   0: 3 0x80000090 (0xfe041ee3)
core   0: 0x8000008c (0xfff40413) addi    s0, s0, -1
core   0: 3 0x8000008c (0xfff40413) x8  0x0000000b
core   0: 0x80000090 (0xfe041ee3) bnez    s0, pc - 4
core   0: 3 0x80000090 (0xfe041ee3)
core   0: 0x8000008c (0xfff40413) addi    s0, s0, -1
core   0: 3 0x8000008c (0xfff40413) x8  0x0000000a
core   0: 0x80000090 (0xfe041ee3) bnez    s0, pc - 4
core   0: 3 0x80000090 (0xfe041ee3)
core   0: 0x8000008c (0xfff40413) addi    s0, s0, -1
core   0: 3 0x8000008c (0xfff40413) x8  0x00000009
core   0: 0x80000090 (0xfe041ee3) bnez    s0, pc - 4
core   0: 3 0x80000090 (0xfe041ee3)
core   0: 0x8000008c (0xfff40413) addi    s0, s0, -1
core   0: 3 0x8000008c (0xfff40413) x8  0x00000008
core   0: 0x80000090 (0xfe041ee3) bnez    s0, pc - 4
core   0: 3 0x80000090 (0xfe041ee3)
core   0: 0x8000008c (0xfff40413) addi    s0, s0, -1
core   0: 3 0x8000008c (0xfff40413) x8  0x00000007
core   0: 0x80000090 (0xfe041ee3) bnez    s0, pc - 4
core   0: 3 0x80000090 (0xfe041ee3)
core   0: 0x8000008c (0xfff40413) addi    s0, s0, -1
core   0: 3 0x8000008c (0xfff40413) x8  0x00000006
core   0: 0x80000090 (0xfe041ee3) bnez    s0, pc - 4
core   0: 3 0x80000090 (0xfe041ee3)
core   0: 0x8000008c (0xfff40413) addi    s0, s0, -1
core   0: 3 0x8000008c (0xfff40413) x8  0x00000005
core   0: 0x80000090 (0xfe041ee3) bnez    s0, pc - 4
core   0: 3 0x80000090 (0xfe041ee3)
core   0: 0x8000008c (0xfff40413) addi    s0, s0, -1
core   0: 3 0x8000008c (0xfff40413) x8  0x00000004
core   0: 0x80000090 (0xfe041ee3) bnez    s0, pc - 4
core   0: 3 0x80000090 (0xfe041ee3)
core   0: 0x8000008c (0xfff40413) addi    s0, s0, -1
core   0: 3 0x8000008c (0xfff40413) x8  0x00000003
core   0: 0x80000090 (0xfe041ee3) bnez    s0, pc - 4
core   0: 3 0x80000090 (0xfe041ee3)
core   0: 0x8000008c (0xfff40413) addi    s0, s0, -1
core   0: 3 0x8000008c (0xfff40413) x8  0x00000002
core   0: 0x80000090 (0xfe041ee3) bnez    s0, pc - 4
core   0: 3 0x80000090 (0xfe041ee3)
core   0: 0x8000008c (0xfff40413) addi    s0, s0, -1
core   0: 3 0x8000008c (0xfff40413) x8  0x00000001
core   0: 0x80000090 (0xfe041ee3) bnez    s0, pc - 4
core   0: 3 0x80000090 (0xfe041ee3)
core   0: 0x8000008c (0xfff40413) addi    s0, s0, -1
core   0: 3 0x8000008c (0xfff40413) x8  0x00000000
core   0: 0x80000090 (0xfe041ee3) bnez    s0, pc - 4
core   0: 3 0x80000090 (0xfe041ee3)
core   0: 0x80000094 (0x008aa703) lw      a4, 8(s5)
core   0: 3 0x80000094 (0x008aa703) x14 0x00000019 mem 0x80020008
core   0: 0x80000098 (0x000b2783) lw      a5, 0(s6)
core   0: 3 0x80000098 (0x000b2783) x15 0x5a5a0000 mem 0x80000400
core   0: 0x8000009c (0x004b2803) lw      a6, 4(s6)
core   0: 3 0x8000009c (0x004b2803) x16 0x5a5a0001 mem 0x80000404
core   0: 0x800000a0 (0x008b2883) lw      a7, 8(s6)
core   0: 3 0x800000a0 (0x008b2883) x17 0x5a5a0002 mem 0x80000408
core   0: 0x800000a4 (0x00cb2903) lw      s2, 12(s6)
core   0: 3 0x800000a4 (0x00cb2903) x18 0x5a5a0003 mem 0x8000040c
core   0: 0x800000a8 (0x00130313) addi    t1, t1, 1
core   0: 3 0x800000a8 (0x00130313) x6  0x00000001
core   0: 0x800000ac (0x046aa423) sw      t1, 72(s5)
core   0: 3 0x800000ac (0x046aa423) mem 0x80020048 0x00000001
core   0: 0x800000b0 (0x00100393) li      t2, 1
core   0: 3 0x800000b0 (0x00100393) x7  0x00000001
core   0: 0x800000b4 (0x0079a023) sw      t2, 0(s3)
core   0: 3 0x800000b4 (0x0079a023) mem 0x80010000 0x00000001
core   0: 0x800000b8 (0x00100073) ebreak
core   0: exception trap_breakpoint, epc 0x800000b8
core   0:           tval 0x800000b8
