 
****************************************
Report : area
Design : mat_engine_LANES2
Version: X-2025.06-SP2
Date   : Tue Jul  7 14:04:01 2026
****************************************

Library(s) Used:

    tcbn28hpcplusbwp40p140tt0p9v25c (File: /home/edauser/project/PDK/TSMC28/logic/tcbn28hpcplusbwp40p140_180b/AN61001_20180509/TSMCHOME/digital/Front_End/timing_power_noise/NLDM/tcbn28hpcplusbwp40p140_180a/tcbn28hpcplusbwp40p140tt0p9v25c.db)

Number of ports:                          759
Number of nets:                         81274
Number of cells:                        75451
Number of combinational cells:          66766
Number of sequential cells:              8685
Number of macros/black boxes:               0
Number of buf/inv:                       6008
Number of references:                     117

Combinational area:              45202.122027
Buf/Inv area:                     1632.078014
Noncombinational area:           16442.243873
Macro/Black Box area:                0.000000
Net Interconnect area:      undefined  (Wire load has zero net area)

Total cell area:                 61644.365900
Total area:                 undefined
1
