Information: Updating design information... (UID-85)
Warning: Design 'mat_engine_LANES2' contains 1 high-fanout nets. A fanout number of 1000 will be used for delay calculations involving these nets. (TIM-134)
 
****************************************
Report : qor
Design : mat_engine_LANES2
Version: X-2025.06-SP2
Date   : Tue Jul  7 14:04:01 2026
****************************************


  Timing Path Group 'clk'
  -----------------------------------
  Levels of Logic:              27.00
  Critical Path Length:          0.82
  Critical Path Slack:           0.00
  Critical Path Clk Period:      1.20
  Total Negative Slack:          0.00
  No. of Violating Paths:        0.00
  Worst Hold Violation:          0.00
  Total Hold Violation:          0.00
  No. of Hold Violations:        0.00
  -----------------------------------


  Cell Count
  -----------------------------------
  Hierarchical Cell Count:          0
  Hierarchical Port Count:          0
  Leaf Cell Count:              75451
  Buf/Inv Cell Count:            6008
  Buf Cell Count:                 834
  Inv Cell Count:                5174
  CT Buf/Inv Cell Count:            0
  Combinational Cell Count:     66766
  Sequential Cell Count:         8685
  Macro Count:                      0
  -----------------------------------


  Area
  -----------------------------------
  Combinational Area:    45202.122027
  Noncombinational Area: 16442.243873
  Buf/Inv Area:           1632.078014
  Total Buffer Area:           322.81
  Total Inverter Area:        1309.27
  Macro/Black Box Area:      0.000000
  Net Area:                  0.000000
  -----------------------------------
  Cell Area:             61644.365900
  Design Area:           61644.365900


  Design Rules
  -----------------------------------
  Total Number of Nets:         81274
  Nets With Violations:             0
  Max Trans Violations:             0
  Max Cap Violations:               0
  -----------------------------------


  Hostname: eda

  Compile CPU Statistics
  -----------------------------------------
  Resource Sharing:                   70.42
  Logic Optimization:                 70.49
  Mapping Optimization:              138.07
  -----------------------------------------
  Overall Compile Time:              510.10
  Overall Compile Wall Clock Time:   511.68

  --------------------------------------------------------------------

  Design  WNS: 0.00  TNS: 0.00  Number of Violating Paths: 0


  Design (Hold)  WNS: 0.00  TNS: 0.00  Number of Violating Paths: 0

  --------------------------------------------------------------------


1
