 
****************************************
Report : timing
        -path full
        -delay max
        -nworst 4
        -max_paths 8
Design : mat_engine_LANES2
Version: X-2025.06-SP2
Date   : Tue Jul  7 14:04:01 2026
****************************************

 # A fanout number of 1000 was used for high fanout net computations.

Operating Conditions: tt0p9v25c   Library: tcbn28hpcplusbwp40p140tt0p9v25c
Wire Load Model Mode: segmented

  Startpoint: t_a_rdata[105]
              (input port clocked by clk)
  Endpoint: acc_reg[0][41][31]
            (rising edge-triggered flip-flop clocked by clk)
  Path Group: clk
  Path Type: max

  Des/Clust/Port     Wire Load Model       Library
  ------------------------------------------------
  mat_engine_LANES2  ZeroWireload          tcbn28hpcplusbwp40p140tt0p9v25c

  Point                                                   Incr       Path
  --------------------------------------------------------------------------
  clock clk (rise edge)                                   0.00       0.00
  clock network delay (ideal)                             0.00       0.00
  input external delay                                    0.36       0.36 r
  t_a_rdata[105] (in)                                     0.00       0.36 r
  U29865/ZN (XNR2OPTND8BWP40P140)                         0.03       0.39 r
  U29458/ZN (ND2OPTIBD4BWP40P140)                         0.06       0.45 f
  U52656/ZN (OAI22D0BWP40P140)                            0.05       0.50 r
  U52715/S (FA1D1BWP40P140)                               0.07       0.57 f
  U52676/CO (FA1D1BWP40P140)                              0.03       0.60 f
  U27371/Z (CKAN2D1BWP40P140)                             0.02       0.62 f
  U52814/CO (FA1D1BWP40P140)                              0.04       0.67 f
  U52852/S (FA1D1BWP40P140)                               0.07       0.74 r
  U52854/S (FA1D1BWP40P140)                               0.06       0.80 f
  U52858/ZN (ND2OPTIBD1BWP40P140)                         0.02       0.81 r
  U52860/ZN (OAI21D0P7BWP40P140)                          0.02       0.83 f
  U27021/ZN (AOI21D1BWP40P140)                            0.02       0.86 r
  U52957/ZN (OAI21D1P5BWP40P140)                          0.02       0.87 f
  U26970/ZN (AOI21D1BWP40P140)                            0.02       0.89 r
  U52965/ZN (OAI21D1BWP40P140)                            0.02       0.92 f
  U26908/ZN (AOI21D1BWP40P140)                            0.02       0.94 r
  U63939/ZN (OAI21D1BWP40P140)                            0.03       0.97 f
  U28607/ZN (AOI21OPTREPBD1BWP40P140)                     0.02       0.99 r
  U67938/ZN (OAI21D1BWP40P140)                            0.02       1.01 f
  U28608/ZN (AOI21OPTREPBD1BWP40P140)                     0.02       1.03 r
  U69433/ZN (OAI21D1BWP40P140)                            0.02       1.05 f
  U28609/ZN (AOI21OPTREPBD1BWP40P140)                     0.02       1.08 r
  U76608/ZN (OAI21D1BWP40P140)                            0.02       1.10 f
  U76839/Z (AO21D1BWP40P140)                              0.03       1.13 f
  U28606/Z (XOR2OPTND2BWP40P140)                          0.01       1.14 r
  U76841/ZN (OAI21D1BWP40P140)                            0.02       1.16 f
  U76848/ZN (OAI21D0P7BWP40P140)                          0.02       1.18 r
  acc_reg[0][41][31]/D (DFQD1BWP40P140)                   0.00       1.18 r
  data arrival time                                                  1.18

  clock clk (rise edge)                                   1.20       1.20
  clock network delay (ideal)                             0.00       1.20
  acc_reg[0][41][31]/CP (DFQD1BWP40P140)                  0.00       1.20 r
  library setup time                                     -0.02       1.18
  data required time                                                 1.18
  --------------------------------------------------------------------------
  data required time                                                 1.18
  data arrival time                                                 -1.18
  --------------------------------------------------------------------------
  slack (MET)                                                        0.00


  Startpoint: t_a_rdata[105]
              (input port clocked by clk)
  Endpoint: acc_reg[2][41][31]
            (rising edge-triggered flip-flop clocked by clk)
  Path Group: clk
  Path Type: max

  Des/Clust/Port     Wire Load Model       Library
  ------------------------------------------------
  mat_engine_LANES2  ZeroWireload          tcbn28hpcplusbwp40p140tt0p9v25c

  Point                                                   Incr       Path
  --------------------------------------------------------------------------
  clock clk (rise edge)                                   0.00       0.00
  clock network delay (ideal)                             0.00       0.00
  input external delay                                    0.36       0.36 r
  t_a_rdata[105] (in)                                     0.00       0.36 r
  U29865/ZN (XNR2OPTND8BWP40P140)                         0.03       0.39 r
  U29458/ZN (ND2OPTIBD4BWP40P140)                         0.06       0.45 f
  U52656/ZN (OAI22D0BWP40P140)                            0.05       0.50 r
  U52715/S (FA1D1BWP40P140)                               0.07       0.57 f
  U52676/CO (FA1D1BWP40P140)                              0.03       0.60 f
  U27371/Z (CKAN2D1BWP40P140)                             0.02       0.62 f
  U52814/CO (FA1D1BWP40P140)                              0.04       0.67 f
  U52852/S (FA1D1BWP40P140)                               0.07       0.74 r
  U52854/S (FA1D1BWP40P140)                               0.06       0.80 f
  U52858/ZN (ND2OPTIBD1BWP40P140)                         0.02       0.81 r
  U52860/ZN (OAI21D0P7BWP40P140)                          0.02       0.83 f
  U27021/ZN (AOI21D1BWP40P140)                            0.02       0.86 r
  U52957/ZN (OAI21D1P5BWP40P140)                          0.02       0.87 f
  U26970/ZN (AOI21D1BWP40P140)                            0.02       0.89 r
  U52965/ZN (OAI21D1BWP40P140)                            0.02       0.92 f
  U26908/ZN (AOI21D1BWP40P140)                            0.02       0.94 r
  U63939/ZN (OAI21D1BWP40P140)                            0.03       0.97 f
  U28607/ZN (AOI21OPTREPBD1BWP40P140)                     0.02       0.99 r
  U67938/ZN (OAI21D1BWP40P140)                            0.02       1.01 f
  U28608/ZN (AOI21OPTREPBD1BWP40P140)                     0.02       1.03 r
  U69433/ZN (OAI21D1BWP40P140)                            0.02       1.05 f
  U28609/ZN (AOI21OPTREPBD1BWP40P140)                     0.02       1.08 r
  U76608/ZN (OAI21D1BWP40P140)                            0.02       1.10 f
  U76839/Z (AO21D1BWP40P140)                              0.03       1.13 f
  U28606/Z (XOR2OPTND2BWP40P140)                          0.01       1.14 r
  U76841/ZN (OAI21D1BWP40P140)                            0.02       1.16 f
  U76845/ZN (OAI21D0P7BWP40P140)                          0.02       1.18 r
  acc_reg[2][41][31]/D (DFQD1BWP40P140)                   0.00       1.18 r
  data arrival time                                                  1.18

  clock clk (rise edge)                                   1.20       1.20
  clock network delay (ideal)                             0.00       1.20
  acc_reg[2][41][31]/CP (DFQD1BWP40P140)                  0.00       1.20 r
  library setup time                                     -0.02       1.18
  data required time                                                 1.18
  --------------------------------------------------------------------------
  data required time                                                 1.18
  data arrival time                                                 -1.18
  --------------------------------------------------------------------------
  slack (MET)                                                        0.00


  Startpoint: t_a_rdata[105]
              (input port clocked by clk)
  Endpoint: acc_reg[3][41][31]
            (rising edge-triggered flip-flop clocked by clk)
  Path Group: clk
  Path Type: max

  Des/Clust/Port     Wire Load Model       Library
  ------------------------------------------------
  mat_engine_LANES2  ZeroWireload          tcbn28hpcplusbwp40p140tt0p9v25c

  Point                                                   Incr       Path
  --------------------------------------------------------------------------
  clock clk (rise edge)                                   0.00       0.00
  clock network delay (ideal)                             0.00       0.00
  input external delay                                    0.36       0.36 r
  t_a_rdata[105] (in)                                     0.00       0.36 r
  U29865/ZN (XNR2OPTND8BWP40P140)                         0.03       0.39 r
  U29458/ZN (ND2OPTIBD4BWP40P140)                         0.06       0.45 f
  U52656/ZN (OAI22D0BWP40P140)                            0.05       0.50 r
  U52715/S (FA1D1BWP40P140)                               0.07       0.57 f
  U52676/CO (FA1D1BWP40P140)                              0.03       0.60 f
  U27371/Z (CKAN2D1BWP40P140)                             0.02       0.62 f
  U52814/CO (FA1D1BWP40P140)                              0.04       0.67 f
  U52852/S (FA1D1BWP40P140)                               0.07       0.74 r
  U52854/S (FA1D1BWP40P140)                               0.06       0.80 f
  U52858/ZN (ND2OPTIBD1BWP40P140)                         0.02       0.81 r
  U52860/ZN (OAI21D0P7BWP40P140)                          0.02       0.83 f
  U27021/ZN (AOI21D1BWP40P140)                            0.02       0.86 r
  U52957/ZN (OAI21D1P5BWP40P140)                          0.02       0.87 f
  U26970/ZN (AOI21D1BWP40P140)                            0.02       0.89 r
  U52965/ZN (OAI21D1BWP40P140)                            0.02       0.92 f
  U26908/ZN (AOI21D1BWP40P140)                            0.02       0.94 r
  U63939/ZN (OAI21D1BWP40P140)                            0.03       0.97 f
  U28607/ZN (AOI21OPTREPBD1BWP40P140)                     0.02       0.99 r
  U67938/ZN (OAI21D1BWP40P140)                            0.02       1.01 f
  U28608/ZN (AOI21OPTREPBD1BWP40P140)                     0.02       1.03 r
  U69433/ZN (OAI21D1BWP40P140)                            0.02       1.05 f
  U28609/ZN (AOI21OPTREPBD1BWP40P140)                     0.02       1.08 r
  U76608/ZN (OAI21D1BWP40P140)                            0.02       1.10 f
  U76839/Z (AO21D1BWP40P140)                              0.03       1.13 f
  U28606/Z (XOR2OPTND2BWP40P140)                          0.01       1.14 r
  U76841/ZN (OAI21D1BWP40P140)                            0.02       1.16 f
  U76843/ZN (OAI21D0P7BWP40P140)                          0.02       1.18 r
  acc_reg[3][41][31]/D (DFQD1BWP40P140)                   0.00       1.18 r
  data arrival time                                                  1.18

  clock clk (rise edge)                                   1.20       1.20
  clock network delay (ideal)                             0.00       1.20
  acc_reg[3][41][31]/CP (DFQD1BWP40P140)                  0.00       1.20 r
  library setup time                                     -0.02       1.18
  data required time                                                 1.18
  --------------------------------------------------------------------------
  data required time                                                 1.18
  data arrival time                                                 -1.18
  --------------------------------------------------------------------------
  slack (MET)                                                        0.00


  Startpoint: t_a_rdata[49]
              (input port clocked by clk)
  Endpoint: acc_reg[2][50][31]
            (rising edge-triggered flip-flop clocked by clk)
  Path Group: clk
  Path Type: max

  Des/Clust/Port     Wire Load Model       Library
  ------------------------------------------------
  mat_engine_LANES2  ZeroWireload          tcbn28hpcplusbwp40p140tt0p9v25c

  Point                                                   Incr       Path
  --------------------------------------------------------------------------
  clock clk (rise edge)                                   0.00       0.00
  clock network delay (ideal)                             0.00       0.00
  input external delay                                    0.36       0.36 r
  t_a_rdata[49] (in)                                      0.00       0.36 r
  U32702/ZN (INVD1BWP40P140)                              0.01       0.37 f
  U30021/ZN (INVD1BWP40P140)                              0.03       0.40 r
  U89523/ZN (XNR2UD0BWP40P140)                            0.04       0.44 r
  U89530/ZN (OAI22D0BWP40P140)                            0.02       0.46 f
  U89531/Z (CKAN2D1BWP40P140)                             0.03       0.49 f
  U28484/CO (FA1D1BWP40P140)                              0.04       0.53 f
  U29232/CO (FA1D1BWP40P140)                              0.04       0.57 f
  U28013/CO (FA1D1BWP40P140)                              0.04       0.61 f
  U89545/CO (FA1D1BWP40P140)                              0.04       0.64 f
  U89542/CO (FA1D1BWP40P140)                              0.04       0.68 f
  U27605/CO (FA1D1BWP40P140)                              0.04       0.72 f
  U89537/S (FA1D1BWP40P140)                               0.05       0.76 f
  U89571/ZN (ND2OPTIBD1BWP40P140)                         0.01       0.78 r
  U89572/ZN (INVD1BWP40P140)                              0.01       0.79 f
  U89573/ZN (AOI21D1BWP40P140)                            0.02       0.81 r
  U89575/ZN (OAI21D1BWP40P140)                            0.02       0.83 f
  U89625/ZN (AOI21D1BWP40P140)                            0.02       0.85 r
  U89722/ZN (OAI21D1P5BWP40P140)                          0.02       0.87 f
  U89727/ZN (AOI21D1P5BWP40P140)                          0.02       0.88 r
  U89731/ZN (OAI21D1BWP40P140)                            0.02       0.91 f
  U89736/ZN (AOI21D1BWP40P140)                            0.02       0.93 r
  U89740/ZN (OAI21D1BWP40P140)                            0.02       0.95 f
  U89743/ZN (AOI21D1BWP40P140)                            0.02       0.98 r
  U89747/ZN (OAI21D1BWP40P140)                            0.02       1.00 f
  U89752/ZN (AOI21D1BWP40P140)                            0.02       1.03 r
  U89756/ZN (OAI21D1BWP40P140)                            0.02       1.05 f
  U89761/ZN (AOI21D1BWP40P140)                            0.02       1.07 r
  U89764/ZN (OAI21D1BWP40P140)                            0.02       1.10 f
  U90147/Z (AO21D1BWP40P140)                              0.03       1.12 f
  U90149/Z (XOR2UD1BWP40P140)                             0.01       1.14 r
  U90150/ZN (OAI21D1BWP40P140)                            0.02       1.16 f
  U90154/ZN (OAI21D0P7BWP40P140)                          0.02       1.18 r
  acc_reg[2][50][31]/D (DFQD1BWP40P140)                   0.00       1.18 r
  data arrival time                                                  1.18

  clock clk (rise edge)                                   1.20       1.20
  clock network delay (ideal)                             0.00       1.20
  acc_reg[2][50][31]/CP (DFQD1BWP40P140)                  0.00       1.20 r
  library setup time                                     -0.02       1.18
  data required time                                                 1.18
  --------------------------------------------------------------------------
  data required time                                                 1.18
  data arrival time                                                 -1.18
  --------------------------------------------------------------------------
  slack (MET)                                                        0.00


  Startpoint: t_a_rdata[37]
              (input port clocked by clk)
  Endpoint: acc_reg[3][32][31]
            (rising edge-triggered flip-flop clocked by clk)
  Path Group: clk
  Path Type: max

  Des/Clust/Port     Wire Load Model       Library
  ------------------------------------------------
  mat_engine_LANES2  ZeroWireload          tcbn28hpcplusbwp40p140tt0p9v25c

  Point                                                   Incr       Path
  --------------------------------------------------------------------------
  clock clk (rise edge)                                   0.00       0.00
  clock network delay (ideal)                             0.00       0.00
  input external delay                                    0.36       0.36 r
  t_a_rdata[37] (in)                                      0.00       0.36 r
  U29830/ZN (XNR2OPTND6BWP40P140)                         0.04       0.40 r
  U29773/ZN (ND2OPTIBD6BWP40P140)                         0.04       0.44 f
  U51263/ZN (OAI22D0BWP40P140)                            0.04       0.48 r
  U57634/CO (HA1D1BWP40P140)                              0.03       0.51 r
  U57663/S (FA1D1BWP40P140)                               0.06       0.57 f
  U57650/CO (FA1D1BWP40P140)                              0.03       0.60 f
  U57651/Z (CKAN2D1BWP40P140)                             0.02       0.63 f
  U57699/CO (FA1D1BWP40P140)                              0.04       0.66 f
  U60780/S (FA1D1BWP40P140)                               0.06       0.73 r
  U60785/S (FA1D1BWP40P140)                               0.06       0.78 f
  U57701/ZN (NR2D1BWP40P140)                              0.02       0.80 r
  U60766/ZN (OAI21D0P7BWP40P140)                          0.02       0.82 f
  U60767/ZN (AOI21D1BWP40P140)                            0.03       0.85 r
  U63493/ZN (OAI21OPTREPBD2BWP40P140)                     0.01       0.86 f
  U63664/ZN (AOI21D1BWP40P140)                            0.02       0.88 r
  U66123/ZN (OAI21D1BWP40P140)                            0.02       0.90 f
  U66128/ZN (AOI21D1BWP40P140)                            0.02       0.93 r
  U66132/ZN (OAI21D1BWP40P140)                            0.02       0.95 f
  U66136/ZN (AOI21D1BWP40P140)                            0.02       0.98 r
  U66140/ZN (OAI21D1BWP40P140)                            0.02       1.00 f
  U66145/ZN (AOI21D1BWP40P140)                            0.02       1.02 r
  U84117/ZN (OAI21D1BWP40P140)                            0.02       1.05 f
  U84122/ZN (AOI21D1BWP40P140)                            0.02       1.07 r
  U84125/ZN (OAI21D1BWP40P140)                            0.02       1.10 f
  U84365/Z (AO21D1BWP40P140)                              0.03       1.12 f
  U84367/Z (XOR2UD1BWP40P140)                             0.01       1.13 r
  U84368/ZN (OAI21D1BWP40P140)                            0.02       1.16 f
  U84370/ZN (OAI21D0P7BWP40P140)                          0.02       1.18 r
  acc_reg[3][32][31]/D (DFQD1BWP40P140)                   0.00       1.18 r
  data arrival time                                                  1.18

  clock clk (rise edge)                                   1.20       1.20
  clock network delay (ideal)                             0.00       1.20
  acc_reg[3][32][31]/CP (DFQD1BWP40P140)                  0.00       1.20 r
  library setup time                                     -0.02       1.18
  data required time                                                 1.18
  --------------------------------------------------------------------------
  data required time                                                 1.18
  data arrival time                                                 -1.18
  --------------------------------------------------------------------------
  slack (MET)                                                        0.00


  Startpoint: t_a_rdata[37]
              (input port clocked by clk)
  Endpoint: acc_reg[0][32][31]
            (rising edge-triggered flip-flop clocked by clk)
  Path Group: clk
  Path Type: max

  Des/Clust/Port     Wire Load Model       Library
  ------------------------------------------------
  mat_engine_LANES2  ZeroWireload          tcbn28hpcplusbwp40p140tt0p9v25c

  Point                                                   Incr       Path
  --------------------------------------------------------------------------
  clock clk (rise edge)                                   0.00       0.00
  clock network delay (ideal)                             0.00       0.00
  input external delay                                    0.36       0.36 r
  t_a_rdata[37] (in)                                      0.00       0.36 r
  U29830/ZN (XNR2OPTND6BWP40P140)                         0.04       0.40 r
  U29773/ZN (ND2OPTIBD6BWP40P140)                         0.04       0.44 f
  U51263/ZN (OAI22D0BWP40P140)                            0.04       0.48 r
  U57634/CO (HA1D1BWP40P140)                              0.03       0.51 r
  U57663/S (FA1D1BWP40P140)                               0.06       0.57 f
  U57650/CO (FA1D1BWP40P140)                              0.03       0.60 f
  U57651/Z (CKAN2D1BWP40P140)                             0.02       0.63 f
  U57699/CO (FA1D1BWP40P140)                              0.04       0.66 f
  U60780/S (FA1D1BWP40P140)                               0.06       0.73 r
  U60785/S (FA1D1BWP40P140)                               0.06       0.78 f
  U57701/ZN (NR2D1BWP40P140)                              0.02       0.80 r
  U60766/ZN (OAI21D0P7BWP40P140)                          0.02       0.82 f
  U60767/ZN (AOI21D1BWP40P140)                            0.03       0.85 r
  U63493/ZN (OAI21OPTREPBD2BWP40P140)                     0.01       0.86 f
  U63664/ZN (AOI21D1BWP40P140)                            0.02       0.88 r
  U66123/ZN (OAI21D1BWP40P140)                            0.02       0.90 f
  U66128/ZN (AOI21D1BWP40P140)                            0.02       0.93 r
  U66132/ZN (OAI21D1BWP40P140)                            0.02       0.95 f
  U66136/ZN (AOI21D1BWP40P140)                            0.02       0.98 r
  U66140/ZN (OAI21D1BWP40P140)                            0.02       1.00 f
  U66145/ZN (AOI21D1BWP40P140)                            0.02       1.02 r
  U84117/ZN (OAI21D1BWP40P140)                            0.02       1.05 f
  U84122/ZN (AOI21D1BWP40P140)                            0.02       1.07 r
  U84125/ZN (OAI21D1BWP40P140)                            0.02       1.10 f
  U84365/Z (AO21D1BWP40P140)                              0.03       1.12 f
  U84367/Z (XOR2UD1BWP40P140)                             0.01       1.13 r
  U84368/ZN (OAI21D1BWP40P140)                            0.02       1.16 f
  U84376/ZN (OAI21D0P7BWP40P140)                          0.02       1.18 r
  acc_reg[0][32][31]/D (DFQD1BWP40P140)                   0.00       1.18 r
  data arrival time                                                  1.18

  clock clk (rise edge)                                   1.20       1.20
  clock network delay (ideal)                             0.00       1.20
  acc_reg[0][32][31]/CP (DFQD1BWP40P140)                  0.00       1.20 r
  library setup time                                     -0.02       1.18
  data required time                                                 1.18
  --------------------------------------------------------------------------
  data required time                                                 1.18
  data arrival time                                                 -1.18
  --------------------------------------------------------------------------
  slack (MET)                                                        0.00


  Startpoint: t_a_rdata[37]
              (input port clocked by clk)
  Endpoint: acc_reg[2][32][31]
            (rising edge-triggered flip-flop clocked by clk)
  Path Group: clk
  Path Type: max

  Des/Clust/Port     Wire Load Model       Library
  ------------------------------------------------
  mat_engine_LANES2  ZeroWireload          tcbn28hpcplusbwp40p140tt0p9v25c

  Point                                                   Incr       Path
  --------------------------------------------------------------------------
  clock clk (rise edge)                                   0.00       0.00
  clock network delay (ideal)                             0.00       0.00
  input external delay                                    0.36       0.36 r
  t_a_rdata[37] (in)                                      0.00       0.36 r
  U29830/ZN (XNR2OPTND6BWP40P140)                         0.04       0.40 r
  U29773/ZN (ND2OPTIBD6BWP40P140)                         0.04       0.44 f
  U51263/ZN (OAI22D0BWP40P140)                            0.04       0.48 r
  U57634/CO (HA1D1BWP40P140)                              0.03       0.51 r
  U57663/S (FA1D1BWP40P140)                               0.06       0.57 f
  U57650/CO (FA1D1BWP40P140)                              0.03       0.60 f
  U57651/Z (CKAN2D1BWP40P140)                             0.02       0.63 f
  U57699/CO (FA1D1BWP40P140)                              0.04       0.66 f
  U60780/S (FA1D1BWP40P140)                               0.06       0.73 r
  U60785/S (FA1D1BWP40P140)                               0.06       0.78 f
  U57701/ZN (NR2D1BWP40P140)                              0.02       0.80 r
  U60766/ZN (OAI21D0P7BWP40P140)                          0.02       0.82 f
  U60767/ZN (AOI21D1BWP40P140)                            0.03       0.85 r
  U63493/ZN (OAI21OPTREPBD2BWP40P140)                     0.01       0.86 f
  U63664/ZN (AOI21D1BWP40P140)                            0.02       0.88 r
  U66123/ZN (OAI21D1BWP40P140)                            0.02       0.90 f
  U66128/ZN (AOI21D1BWP40P140)                            0.02       0.93 r
  U66132/ZN (OAI21D1BWP40P140)                            0.02       0.95 f
  U66136/ZN (AOI21D1BWP40P140)                            0.02       0.98 r
  U66140/ZN (OAI21D1BWP40P140)                            0.02       1.00 f
  U66145/ZN (AOI21D1BWP40P140)                            0.02       1.02 r
  U84117/ZN (OAI21D1BWP40P140)                            0.02       1.05 f
  U84122/ZN (AOI21D1BWP40P140)                            0.02       1.07 r
  U84125/ZN (OAI21D1BWP40P140)                            0.02       1.10 f
  U84365/Z (AO21D1BWP40P140)                              0.03       1.12 f
  U84367/Z (XOR2UD1BWP40P140)                             0.01       1.13 r
  U84368/ZN (OAI21D1BWP40P140)                            0.02       1.16 f
  U84372/ZN (OAI21D0P7BWP40P140)                          0.02       1.18 r
  acc_reg[2][32][31]/D (DFQD1BWP40P140)                   0.00       1.18 r
  data arrival time                                                  1.18

  clock clk (rise edge)                                   1.20       1.20
  clock network delay (ideal)                             0.00       1.20
  acc_reg[2][32][31]/CP (DFQD1BWP40P140)                  0.00       1.20 r
  library setup time                                     -0.02       1.18
  data required time                                                 1.18
  --------------------------------------------------------------------------
  data required time                                                 1.18
  data arrival time                                                 -1.18
  --------------------------------------------------------------------------
  slack (MET)                                                        0.00


  Startpoint: t_a_rdata[37]
              (input port clocked by clk)
  Endpoint: acc_reg[1][32][31]
            (rising edge-triggered flip-flop clocked by clk)
  Path Group: clk
  Path Type: max

  Des/Clust/Port     Wire Load Model       Library
  ------------------------------------------------
  mat_engine_LANES2  ZeroWireload          tcbn28hpcplusbwp40p140tt0p9v25c

  Point                                                   Incr       Path
  --------------------------------------------------------------------------
  clock clk (rise edge)                                   0.00       0.00
  clock network delay (ideal)                             0.00       0.00
  input external delay                                    0.36       0.36 r
  t_a_rdata[37] (in)                                      0.00       0.36 r
  U29830/ZN (XNR2OPTND6BWP40P140)                         0.04       0.40 r
  U29773/ZN (ND2OPTIBD6BWP40P140)                         0.04       0.44 f
  U51263/ZN (OAI22D0BWP40P140)                            0.04       0.48 r
  U57634/CO (HA1D1BWP40P140)                              0.03       0.51 r
  U57663/S (FA1D1BWP40P140)                               0.06       0.57 f
  U57650/CO (FA1D1BWP40P140)                              0.03       0.60 f
  U57651/Z (CKAN2D1BWP40P140)                             0.02       0.63 f
  U57699/CO (FA1D1BWP40P140)                              0.04       0.66 f
  U60780/S (FA1D1BWP40P140)                               0.06       0.73 r
  U60785/S (FA1D1BWP40P140)                               0.06       0.78 f
  U57701/ZN (NR2D1BWP40P140)                              0.02       0.80 r
  U60766/ZN (OAI21D0P7BWP40P140)                          0.02       0.82 f
  U60767/ZN (AOI21D1BWP40P140)                            0.03       0.85 r
  U63493/ZN (OAI21OPTREPBD2BWP40P140)                     0.01       0.86 f
  U63664/ZN (AOI21D1BWP40P140)                            0.02       0.88 r
  U66123/ZN (OAI21D1BWP40P140)                            0.02       0.90 f
  U66128/ZN (AOI21D1BWP40P140)                            0.02       0.93 r
  U66132/ZN (OAI21D1BWP40P140)                            0.02       0.95 f
  U66136/ZN (AOI21D1BWP40P140)                            0.02       0.98 r
  U66140/ZN (OAI21D1BWP40P140)                            0.02       1.00 f
  U66145/ZN (AOI21D1BWP40P140)                            0.02       1.02 r
  U84117/ZN (OAI21D1BWP40P140)                            0.02       1.05 f
  U84122/ZN (AOI21D1BWP40P140)                            0.02       1.07 r
  U84125/ZN (OAI21D1BWP40P140)                            0.02       1.10 f
  U84365/Z (AO21D1BWP40P140)                              0.03       1.12 f
  U84367/Z (XOR2UD1BWP40P140)                             0.01       1.13 r
  U84368/ZN (OAI21D1BWP40P140)                            0.02       1.16 f
  U84374/ZN (OAI21D0P7BWP40P140)                          0.02       1.18 r
  acc_reg[1][32][31]/D (DFQD1BWP40P140)                   0.00       1.18 r
  data arrival time                                                  1.18

  clock clk (rise edge)                                   1.20       1.20
  clock network delay (ideal)                             0.00       1.20
  acc_reg[1][32][31]/CP (DFQD1BWP40P140)                  0.00       1.20 r
  library setup time                                     -0.02       1.18
  data required time                                                 1.18
  --------------------------------------------------------------------------
  data required time                                                 1.18
  data arrival time                                                 -1.18
  --------------------------------------------------------------------------
  slack (MET)                                                        0.00


1
