core   0: >>>>  
core   0: 0x80000000 (0x00004137) lui     sp, 0x4
core   0: 3 0x80000000 (0x00004137) x2  0x00004000
core   0: 0x80000004 (0x00010113) mv      sp, sp
core   0: 3 0x80000004 (0x00010113) x2  0x00004000
core   0: 0x80000008 (0x00000297) auipc   t0, 0x0
core   0: 3 0x80000008 (0x00000297) x5  0x80000008
core   0: 0x8000000c (0x0f828293) addi    t0, t0, 248
core   0: 3 0x8000000c (0x0f828293) x5  0x80000100
core   0: 0x80000010 (0x30529073) csrw    mtvec, t0
core   0: 3 0x80000010 (0x30529073) c773_mtvec 0x80000100
core   0: 0x80000014 (0x00006285) c.lui   t0, 0x1
core   0: 3 0x80000014 (0x6285) x5  0x00001000
core   0: 0x80000016 (0x80028293) addi    t0, t0, -2048
core   0: 3 0x80000016 (0x80028293) x5  0x00000800
core   0: 0x8000001a (0x3042a073) csrs    mie, t0
core   0: 3 0x8000001a (0x3042a073) c772_mie 0x00000800
core   0: 0x8000001e (0x000042a1) c.li    t0, 8
core   0: 3 0x8000001e (0x42a1) x5  0x00000008
core   0: 0x80000020 (0x3002a073) csrs    mstatus, t0
core   0: 3 0x80000020 (0x3002a073) c768_mstatus 0x00001808
core   0: 0x80000024 (0x0000490d) c.li    s2, 3
core   0: 3 0x80000024 (0x490d) x18 0x00000003
core   0: 0x80000026 (0x00490993) addi    s3, s2, 4
core   0: 3 0x80000026 (0x00490993) x19 0x00000007
core   0: 0x8000002a (0x0000a899) c.j     pc + 86
core   0: 3 0x8000002a (0xa899)
core   0: 0x80000080 (0x00000405) c.addi  s0, 1
core   0: 3 0x80000080 (0x0405) x8  0x00000001
core   0: 0x80000082 (0x00004489) c.li    s1, 2
core   0: 3 0x80000082 (0x4489) x9  0x00000002
core   0: 0x80000084 (0x100002b7) lui     t0, 0x10000
core   0: 3 0x80000084 (0x100002b7) x5  0x10000000
core   0: 0x80000088 (0x00006319) c.lui   t1, 0x6
core   0: 3 0x80000088 (0x6319) x6  0x00006000
core   0: 0x8000008a (0x00000335) c.addi  t1, 13
core   0: 3 0x8000008a (0x0335) x6  0x0000600d
core   0: 0x8000008c (0x0062a623) sw      t1, 12(t0)
core   0: exception trap_store_access_fault, epc 0x8000008c
core   0:           tval 0x1000000c
