(2026-06-12 10:17:04),0.00028674,0,start,845.207,13,RegisterApps : 
(2026-06-12 10:17:05),0.00981274,0,start,1263.17,430,LicenseMgr Init : 
(2026-06-12 10:17:05),0.015085,0,end,1268.43,431,LicenseMgr Init : 
(2026-06-12 10:17:05),0.0152369,0,end,1339.15,432,RegisterApps : 
(2026-06-12 10:17:05),0.0199939,0,start,1389.72,481,VCS Read Task : 
(2026-06-12 10:17:06),0.0336036,0,end,1389.97,481,VCS Read Task : 
(2026-06-12 10:17:06),0.0338915,0,start,1390.1,478,Load VCS Message: 
(2026-06-12 10:17:06),0.0338938,0,end,1390.1,478,Load VCS Message: 
(2026-06-12 10:17:06),0.0338942,0,start,1390.1,478,NLDM Creation : 
(2026-06-12 10:17:06),0.0338946,0,start,1390.1,478,LoadCircuitModel : 
(2026-06-12 10:17:06),0.0339027,0,start,1390.1,478,VsiLib_Restore : 
(2026-06-12 10:17:06),0.0339033,0,end,1390.1,478,VsiLib_Restore : 
(2026-06-12 10:17:06),0.0339035,0,end,1390.1,478,LoadCircuitModel : 
(2026-06-12 10:17:06),0.033904,0,start,1390.1,478,BuildNetlist : 
(2026-06-12 10:17:06),0.0339047,0,start,1390.1,478,NLDM Build : 
(2026-06-12 10:17:06),0.0339679,0,start,1410.55,500,XMR_Resolution : Total:0 : 
(2026-06-12 10:17:06),0.0339683,0,end,1410.55,500,XMR_Resolution : Success:0 : 
(2026-06-12 10:17:06),0.0339689,0,end,1410.55,500,NLDM Build : 
(2026-06-12 10:17:06),0.0339702,1,start,1410.55,500,Cell properties : 
(2026-06-12 10:17:06),0.0339713,1,end,1410.55,500,Cell properties : 
(2026-06-12 10:17:06),0.0339716,0,end,1410.55,500,BuildNetlist : 
(2026-06-12 10:17:06),0.0339723,0,end,1410.55,500,NLDM Creation : 
(2026-06-12 10:17:06),0.0339871,0,start,1410.55,500,PropertyLoad: Formal Property : 
(2026-06-12 10:17:06),0.0339929,0,end,1410.55,500,PropertyLoad: Formal Property : 
(2026-06-12 10:17:06),0.0339934,0,start,1410.55,500,PropertyLoad: Formal Property : 
(2026-06-12 10:17:06),0.0339936,0,end,1410.55,500,PropertyLoad: Formal Property : 
(2026-06-12 10:17:06),0.0339939,0,start,1410.55,500,PropertyLoad: Formal Property : 
(2026-06-12 10:17:06),0.0339941,0,end,1410.55,500,PropertyLoad: Formal Property : 
(2026-06-12 10:17:06),0.0339959,0,start,1410.55,500,StaticCheck: StaticCheckProcess : 
(2026-06-12 10:17:06),0.0339967,0,start,1410.55,500,StaticCheck: NldfgFlatDesign : 
(2026-06-12 10:17:06),0.033997,0,start,1410.55,500,StaticCheck: createFlatDesign : 
(2026-06-12 10:17:06),0.0340213,0,end,1419.57,509,StaticCheck: createFlatDesign : 
(2026-06-12 10:17:06),0.0340216,0,start,1419.57,509,StaticCheck: legalize : 
(2026-06-12 10:17:06),0.0340224,0,end,1419.57,509,StaticCheck: legalize : 
(2026-06-12 10:17:06),0.0340226,0,start,1419.57,509,StaticCheck: reduceBidirectionals : 
(2026-06-12 10:17:06),0.0340229,0,end,1419.57,509,StaticCheck: reduceBidirectionals : 
(2026-06-12 10:17:06),0.0340231,0,start,1419.57,509,StaticCheck: computeNetEquivalences : 
(2026-06-12 10:17:06),0.0340234,0,end,1419.57,509,StaticCheck: computeNetEquivalences : 
(2026-06-12 10:17:06),0.0340236,0,start,1419.57,509,StaticCheck: eliminateBidirectionals : 
(2026-06-12 10:17:06),0.0340239,0,end,1419.57,509,StaticCheck: eliminateBidirectionals : 
(2026-06-12 10:17:06),0.0340243,0,end,1419.57,509,StaticCheck: NldfgFlatDesign : 
(2026-06-12 10:17:06),0.0340246,0,start,1419.57,509,StaticCheck: CombLoopCheck  : 
(2026-06-12 10:17:06),0.0340248,0,start,1419.57,509,CombLoop : Topo Order 
(2026-06-12 10:17:06),0.0340257,0,end,1419.57,509,CombLoop : Topo Order 
(2026-06-12 10:17:06),0.034026,0,start,1419.57,509,CombLoop : Compute Segments 
(2026-06-12 10:17:06),0.0340262,0,end,1419.57,509,CombLoop : Compute Segments 
(2026-06-12 10:17:06),0.0340265,0,end,1419.57,509,StaticCheck: CombLoopCheck  : 
(2026-06-12 10:17:06),0.0340267,0,start,1419.57,509,StaticCheck: MultiDriverCheck  : 
(2026-06-12 10:17:06),0.0340272,0,end,1419.57,509,StaticCheck: MultiDriverCheck  : 
(2026-06-12 10:17:06),0.0340276,0,end,1419.57,500,StaticCheck: StaticCheckProcess : 
(2026-06-12 10:17:06),0.034028,0,start,1419.57,500,createWordSplitBaseNetCacheUtil
(2026-06-12 10:17:06),0.0340293,0,end,1419.57,500,createWordSplitBaseNetCacheUtil
(2026-06-12 10:17:06),0.0340298,0,start,1419.57,500,populate SSF data: 
(2026-06-12 10:17:06),0.0340301,0,end,1419.57,500,populate SSF data: 
(2026-06-12 10:17:06),0.0340304,0,start,1419.57,500,DumpGateCountStats : 
(2026-06-12 10:17:06),0.0340331,0,end,1419.57,500,DumpGateCountStats : 
(2026-06-12 10:17:06),0.0340337,0,start,1419.57,500,DataModelStats : 
(2026-06-12 10:17:06),0.0340345,0,end,1419.57,500,DataModelStats : 
(2026-06-12 10:17:06),0.0340376,1,start,1419.57,509,ModuleDesignPropagation : 
(2026-06-12 10:17:06),0.034038,1,end,1419.57,509,ModuleDesignPropagation : 
(2026-06-12 10:17:06),0.0356925,0,start,1420.32,512,Check: check_fv : 
(2026-06-12 10:17:06),0.0356962,0,start,1420.32,512,Check: BuildFormal : 
(2026-06-12 10:17:06),0.0356966,0,start,1420.32,512,Check: Init : 
(2026-06-12 10:17:06),0.0356969,0,end,1420.32,512,Check: Init : 
(2026-06-12 10:17:06),0.0356971,0,start,1420.32,512,Check: ResetSetup : 
(2026-06-12 10:17:06),0.0356974,0,start,1420.32,512,Check: EnvInstrumentation : 
(2026-06-12 10:17:06),0.0356978,0,end,1420.32,512,Check: EnvInstrumentation : 
(2026-06-12 10:17:06),0.0357235,0,start,1420.32,512,sim_save_reset : 
(2026-06-12 10:17:06),0.0362496,0,end,1444.43,512,sim_save_reset : 
(2026-06-12 10:17:06),0.0362503,0,end,1444.43,512,Check: ResetSetup : 
(2026-06-12 10:17:06),0.0362507,0,start,1444.43,512,Check: BotEotInstr : 
(2026-06-12 10:17:06),0.0362518,0,end,1444.43,512,Check: BotEotInstr : 
(2026-06-12 10:17:06),0.0362522,0,start,1444.43,512,Check: VPSetup : 
(2026-06-12 10:17:06),0.0362549,0,end,1444.43,512,Check: VPSetup : 
(2026-06-12 10:17:06),0.0362552,0,start,1444.43,512,Check: VPReset : 
(2026-06-12 10:17:06),0.0362565,0,end,1444.43,512,Check: VPReset : 
(2026-06-12 10:17:06),0.0362569,0,start,1444.43,512,Check: InitApp : 
(2026-06-12 10:17:06),0.0362713,0,end,1444.43,512,Check: InitApp : 
(2026-06-12 10:17:06),0.0362716,0,start,1444.43,512,Check: FormalModel : 
(2026-06-12 10:17:06),0.0362719,0,start,1444.43,512,DfgBuild: Setup : 
(2026-06-12 10:17:06),0.0362722,0,start,1444.43,512,DfgBuild: ValidateNLDMOperators : 
(2026-06-12 10:17:06),0.0362733,0,end,1444.43,512,DfgBuild: ValidateNLDMOperators : 
(2026-06-12 10:17:06),0.0362736,0,end,1444.43,512,DfgBuild: Setup : 
(2026-06-12 10:17:06),0.0362739,0,start,1444.43,512,DfgBuild: ReuseCheck : 
(2026-06-12 10:17:06),0.0362743,0,end,1444.43,512,DfgBuild: ReuseCheck : 
(2026-06-12 10:17:06),0.0362746,0,start,1444.43,512,DfgBuild: Flatten : 
(2026-06-12 10:17:06),0.0362801,0,end,1444.43,521,DfgBuild: Flatten : 
(2026-06-12 10:17:06),0.0362803,0,start,1444.43,521,DfgBuild: ClockSetup : 
(2026-06-12 10:17:06),0.0362806,0,end,1444.43,521,DfgBuild: ClockSetup : 
(2026-06-12 10:17:06),0.0362808,0,start,1444.43,521,DfgBuild: Modeling : 
(2026-06-12 10:17:06),0.0362815,0,end,1444.43,521,DfgBuild: Modeling : 
(2026-06-12 10:17:06),0.0362818,0,start,1444.43,521,DfgBuild: FlatRemodel : 
(2026-06-12 10:17:06),0.0362831,0,end,1444.43,521,DfgBuild: FlatRemodel : 
(2026-06-12 10:17:06),0.0362833,0,start,1444.43,521,DfgBuild: NldfgBuild : 
(2026-06-12 10:17:06),0.036284,0,start,1444.43,521,NldfgBuild : Print statistics 
(2026-06-12 10:17:06),0.0362843,0,end,1444.43,521,NldfgBuild : Print statistics 
(2026-06-12 10:17:06),0.0362845,0,start,1444.43,521,NldfgBuild : Reduce bidirectionals 
(2026-06-12 10:17:06),0.0362848,0,end,1444.43,521,NldfgBuild : Reduce bidirectionals 
(2026-06-12 10:17:06),0.036285,0,start,1444.43,521,NldfgBuild : Cutpoint Insertion 
(2026-06-12 10:17:06),0.0362864,0,end,1444.43,521,NldfgBuild : Cutpoint Insertion 
(2026-06-12 10:17:06),0.0362866,0,start,1444.43,521,NldfgBuild : Compute net equivalences 
(2026-06-12 10:17:06),0.0362869,0,end,1444.43,521,NldfgBuild : Compute net equivalences 
(2026-06-12 10:17:06),0.0362871,0,start,1444.43,521,NldfgBuild : Eliminate bidirectionals 
(2026-06-12 10:17:06),0.0362874,0,end,1444.43,521,NldfgBuild : Eliminate bidirectionals 
(2026-06-12 10:17:06),0.0362876,0,start,1444.43,521,NldfgBuild : Remove false combo loops 
(2026-06-12 10:17:06),0.0362885,0,end,1444.43,521,NldfgBuild : Remove false combo loops 
(2026-06-12 10:17:06),0.0362889,0,start,1444.43,521,NldfgBuild : Create dfg 
(2026-06-12 10:17:06),0.0362891,0,start,1444.43,521,NldfgBuild : Create graph function 
(2026-06-12 10:17:06),0.0362963,0,end,1444.43,521,NldfgBuild : Create graph function 
(2026-06-12 10:17:06),0.0362966,0,start,1444.43,521,NldfgBuild : Create scopes 
(2026-06-12 10:17:06),0.0362971,0,end,1444.43,521,NldfgBuild : Create scopes 
(2026-06-12 10:17:06),0.0362973,0,start,1444.43,521,NldfgBuild : Initial setup 
(2026-06-12 10:17:06),0.0362975,0,end,1444.43,521,NldfgBuild : Initial setup 
(2026-06-12 10:17:06),0.0362978,0,start,1444.43,521,NldfgBuild : Create graph 
(2026-06-12 10:17:06),0.0362989,0,end,1444.43,521,NldfgBuild : Create graph 
(2026-06-12 10:17:06),0.0362992,0,start,1444.43,521,NldfgBuild : Create terminal sinks and sources 
(2026-06-12 10:17:06),0.0363009,0,end,1444.43,521,NldfgBuild : Create terminal sinks and sources 
(2026-06-12 10:17:06),0.0363011,0,start,1444.43,521,NldfgBuild : Compute dependencies 
(2026-06-12 10:17:06),0.0363014,0,end,1444.43,521,NldfgBuild : Compute dependencies 
(2026-06-12 10:17:06),0.0363016,0,start,1444.43,521,NldfgBuild : Compute combinational SCCs 
(2026-06-12 10:17:06),0.0363019,0,end,1444.43,521,NldfgBuild : Compute combinational SCCs 
(2026-06-12 10:17:06),0.0363021,0,start,1444.43,521,NldfgBuild : Compute templates 
(2026-06-12 10:17:06),0.0363092,0,end,1444.43,521,NldfgBuild : Compute templates 
(2026-06-12 10:17:06),0.0363095,0,start,1444.43,521,NldfgBuild : Eliminate combinational SCCs 
(2026-06-12 10:17:06),0.0363097,0,end,1444.43,521,NldfgBuild : Eliminate combinational SCCs 
(2026-06-12 10:17:06),0.03631,0,start,1444.43,521,NldfgBuild : Computing sequential SCCs 
(2026-06-12 10:17:06),0.0363103,0,end,1444.43,521,NldfgBuild : Computing sequential SCCs 
(2026-06-12 10:17:06),0.0363105,0,start,1444.43,521,NldfgBuild : Create simulator clocks, changeAts and Triggers 
(2026-06-12 10:17:06),0.0363107,0,end,1444.43,521,NldfgBuild : Create simulator clocks, changeAts and Triggers 
(2026-06-12 10:17:06),0.036311,0,start,1444.43,521,NldfgBuild : SymSimulator Analysis and computation 
(2026-06-12 10:17:06),0.0363143,0,end,1444.43,521,NldfgBuild : SymSimulator Analysis and computation 
(2026-06-12 10:17:06),0.0363146,0,start,1444.43,521,NldfgBuild : Collect Aeps 
(2026-06-12 10:17:06),0.0363149,0,end,1444.43,521,NldfgBuild : Collect Aeps 
(2026-06-12 10:17:06),0.0363151,0,start,1444.43,521,NldfgBuild : Cleanup Simulator 
(2026-06-12 10:17:06),0.0363155,0,end,1444.43,521,NldfgBuild : Cleanup Simulator 
(2026-06-12 10:17:06),0.0363157,0,start,1444.43,521,NldfgBuild : Cleanup Samplers 
(2026-06-12 10:17:06),0.0363164,0,end,1444.43,521,NldfgBuild : Cleanup Samplers 
(2026-06-12 10:17:06),0.0363166,0,end,1444.43,521,NldfgBuild : Create dfg 
(2026-06-12 10:17:06),0.036317,0,end,1444.43,521,DfgBuild: NldfgBuild : 
(2026-06-12 10:17:06),0.0363172,0,start,1444.43,521,StaticCheck: StaticCheckProcess : 
(2026-06-12 10:17:06),0.0363181,0,start,1444.43,521,StaticCheck: NldfgFlatDesign : 
(2026-06-12 10:17:06),0.0363184,0,end,1444.43,521,StaticCheck: NldfgFlatDesign : 
(2026-06-12 10:17:06),0.0363186,0,start,1444.43,521,StaticCheck: CombLoopCheck  : 
(2026-06-12 10:17:06),0.0363189,0,start,1444.43,521,CombLoop : Topo Order 
(2026-06-12 10:17:06),0.0363198,0,end,1444.43,521,CombLoop : Topo Order 
(2026-06-12 10:17:06),0.03632,0,start,1444.43,521,CombLoop : Compute Segments 
(2026-06-12 10:17:06),0.0363203,0,end,1444.43,521,CombLoop : Compute Segments 
(2026-06-12 10:17:06),0.0363205,0,end,1444.43,521,StaticCheck: CombLoopCheck  : 
(2026-06-12 10:17:06),0.0363208,0,start,1444.43,521,StaticCheck: MultiDriverCheck  : 
(2026-06-12 10:17:06),0.0363211,0,end,1444.43,521,StaticCheck: MultiDriverCheck  : 
(2026-06-12 10:17:06),0.0363214,0,end,1444.43,521,StaticCheck: StaticCheckProcess : 
(2026-06-12 10:17:06),0.0363216,0,start,1444.43,521,DfgBuild: DfgRemodel : 
(2026-06-12 10:17:06),0.0363331,0,end,1444.43,522,DfgBuild: DfgRemodel : 
(2026-06-12 10:17:06),0.0363336,0,end,1444.43,512,Check: FormalModel : 
(2026-06-12 10:17:06),0.036334,0,end,1444.43,512,Check: BuildFormal : 
(2026-06-12 10:17:06),0.0363343,0,start,1444.43,512,Check: GCDB : 
(2026-06-12 10:17:06),0.036336,0,end,1444.43,512,Check: GCDB : 
(2026-06-12 10:17:06),0.0363498,0,start,1444.43,512,Check: Tanglewood : 
(2026-06-12 10:17:06),0.0365341,0,start,1444.43,513,perf_diagnostics_alerts: report_fv : 
(2026-06-12 10:17:06),0.0365843,0,end,1444.43,515,perf_diagnostics_alerts: report_fv : 
(2026-06-12 10:17:06),0.0365884,0,start,1444.43,515,orc_perf_debug diagnostics: orc_perf_debug -mode lite : 
(2026-06-12 10:17:06),0.0365921,0,end,1444.43,515,orc_perf_debug diagnostics: orc_perf_debug -mode lite : 
(2026-06-12 10:17:06),0.0365947,0,end,1444.43,515,Check: Tanglewood : 
(2026-06-12 10:17:06),0.0365949,0,end,1444.43,515,Check: check_fv : 
(2026-06-12 10:17:08),0.0603302,0,start,1444.43,515,perf_diagnostics_alerts: report_fv : 
(2026-06-12 10:17:08),0.060378,0,end,1444.43,515,perf_diagnostics_alerts: report_fv : 
(2026-06-12 10:17:08),0.0603786,0,start,1444.43,515,orc_perf_debug diagnostics: orc_perf_debug -mode lite : 
(2026-06-12 10:17:08),0.0603997,0,end,1444.43,515,orc_perf_debug diagnostics: orc_perf_debug -mode lite : 
