################################################################################
#
# This file has been generated by SpyGlass:
#     Report Name      : moresimple
#     Report Created by: edauser
#     Report Created on:  Mon Jun  8 14:15:17 2026
#     Working Directory: /home/edauser/project/SOC/Magpie_M1/flow/v2_pipeline/phase_05_00_lint
#     SpyGlass Version : SpyGlass_vX-2025.06-SP1
#     Policy Name      : SpyGlass(SpyGlass_vX-2025.06-SP1)
#                        clock-reset(SpyGlass_vX-2025.06-SP1)
#                        erc(SpyGlass_vX-2025.06-SP1)
#                        latch(SpyGlass_vX-2025.06-SP1)
#                        lint(SpyGlass_vX-2025.06-SP1)
#                        morelint(SpyGlass_vX-2025.06-SP1)
#                        openmore(SpyGlass_vX-2025.06-SP1)
#                        power_est(SpyGlass_vX-2025.06-SP1)
#                        simulation(SpyGlass_vX-2025.06-SP1)
#                        starc(SpyGlass_vX-2025.06-SP1)
#                        starc2005(SpyGlass_vX-2025.06-SP1)
#
#     Total Number of Generated Messages :         27
#     Number of Waived Messages          :          0
#     Number of Reported Messages        :         27
#     Number of Overlimit Messages       :          0
#
#
################################################################################
+++++++++++++++++++++++++++++++++++++++++++++++++++++++++++++++++++++++
MORESIMPLE REPORT:
############### BuiltIn -> RuleGroup=Design Read ###############
+++++++++++++++++++++++++++++++++++++++++++++++++++++++++++++++++++++++++++++++++++++++
ID       Rule                    Alias                   Severity            File                                                                                             Line    Wt      Message
======================================================================================
+++++++++++++++++++++++++++++++++++++++++++++++++++++++++++++++++++++++++++++++++++++++
############### Non-BuiltIn -> Goal=lint/lint_rtl ###############
+++++++++++++++++++++++++++++++++++++++++++++++++++++++++++++++++++++++++++++++++++++++
ID       Rule                Alias                Severity    File                                                                                              Line    Wt    Message
======================================================================================
[F]      STARC05-2.11.3.1    SepStateNextLogic    Warning     ../../../IP/cpu_m1/rtl/pipeline_v2/ch2_lab08e/div.v                                               68      10    Combinational and sequential parts of an FSM 'div.state' described in same always block
[2]      STARC05-2.2.3.3     InitValUsingNBA      Warning     ../../../IP/cpu_m1/rtl/pipeline_v2/ch2_lab08e/cpu_m1_top.v                                        109     5     Flipflop 'primed' is assigned over the same signal in an always construct for sequential circuits (at line '98')
[10]     STARC05-2.2.3.3     InitValUsingNBA      Warning     ../../../IP/cpu_m1/rtl/pipeline_v2/ch2_lab08e/csr.v                                               175     5     Flipflop 'mepc_reg' is assigned over the same signal in an always construct for sequential circuits (at line '162')
[11]     STARC05-2.2.3.3     InitValUsingNBA      Warning     ../../../IP/cpu_m1/rtl/pipeline_v2/ch2_lab08e/csr.v                                               176     5     Flipflop 'mcause_reg' is assigned over the same signal in an always construct for sequential circuits (at line '163')
[12]     STARC05-2.2.3.3     InitValUsingNBA      Warning     ../../../IP/cpu_m1/rtl/pipeline_v2/ch2_lab08e/csr.v                                               177     5     Flipflop 'mtval_reg' is assigned over the same signal in an always construct for sequential circuits (at line '164')
[13]     STARC05-2.2.3.3     InitValUsingNBA      Warning     ../../../IP/cpu_m1/rtl/pipeline_v2/ch2_lab08e/csr.v                                               178     5     Flipflop 'mstatus_mpie' is assigned over the same signal in an always construct for sequential circuits (at line '157')
[14]     STARC05-2.2.3.3     InitValUsingNBA      Warning     ../../../IP/cpu_m1/rtl/pipeline_v2/ch2_lab08e/csr.v                                               179     5     Flipflop 'mstatus_mie' is assigned over the same signal in an always construct for sequential circuits (at line '156')
[15]     STARC05-2.2.3.3     InitValUsingNBA      Warning     ../../../IP/cpu_m1/rtl/pipeline_v2/ch2_lab08e/csr.v                                               181     5     Flipflop 'mstatus_mie' is assigned over the same signal in an always construct for sequential circuits (at line '156')
[16]     STARC05-2.2.3.3     InitValUsingNBA      Warning     ../../../IP/cpu_m1/rtl/pipeline_v2/ch2_lab08e/csr.v                                               182     5     Flipflop 'mstatus_mpie' is assigned over the same signal in an always construct for sequential circuits (at line '157')
+++++++++++++++++++++++++++++++++++++++++++++++++++++++++++++++++++++++++++++++++++++++
