 
****************************************
Report : area
Design : mat_engine
Version: X-2025.06-SP2
Date   : Sun Jul  5 12:59:40 2026
****************************************

Library(s) Used:

    tcbn28hpcplusbwp40p140tt0p9v25c (File: /home/edauser/project/PDK/TSMC28/logic/tcbn28hpcplusbwp40p140_180b/AN61001_20180509/TSMCHOME/digital/Front_End/timing_power_noise/NLDM/tcbn28hpcplusbwp40p140_180a/tcbn28hpcplusbwp40p140tt0p9v25c.db)

Number of ports:                          759
Number of nets:                         98059
Number of cells:                        85749
Number of combinational cells:          77068
Number of sequential cells:              8681
Number of macros/black boxes:               0
Number of buf/inv:                       9179
Number of references:                     153

Combinational area:              60302.465886
Buf/Inv area:                     2631.510029
Noncombinational area:           23178.834362
Macro/Black Box area:                0.000000
Net Interconnect area:      undefined  (Wire load has zero net area)

Total cell area:                 83481.300248
Total area:                 undefined
1
