core   0: >>>>  _start
core   0: 0x80000000 (0x00300297) auipc   t0, 0x300
core   0: 3 0x80000000 (0x00300297) x5  0x80300000
core   0: 0x80000004 (0x00028293) mv      t0, t0
core   0: 3 0x80000004 (0x00028293) x5  0x80300000
core   0: 0x80000008 (0x00028067) jr      t0
core   0: 3 0x80000008 (0x00028067)
core   0: 0x80300000 (0x00004137) lui     sp, 0x4
core   0: 3 0x80300000 (0x00004137) x2  0x00004000
core   0: 0x80300004 (0x00010113) mv      sp, sp
core   0: 3 0x80300004 (0x00010113) x2  0x00004000
core   0: 0x80300008 (0x00000297) auipc   t0, 0x0
core   0: 3 0x80300008 (0x00000297) x5  0x80300008
core   0: 0x8030000c (0x08828293) addi    t0, t0, 136
core   0: 3 0x8030000c (0x08828293) x5  0x80300090
core   0: 0x80300010 (0x30529073) csrw    mtvec, t0
core   0: 3 0x80300010 (0x30529073) c773_mtvec 0x80300090
core   0: 0x80300014 (0x00000417) auipc   s0, 0x0
core   0: 3 0x80300014 (0x00000417) x8  0x80300014
core   0: 0x80300018 (0x0ac40413) addi    s0, s0, 172
core   0: 3 0x80300018 (0x0ac40413) x8  0x803000c0
core   0: 0x8030001c (0x00100493) li      s1, 1
core   0: 3 0x8030001c (0x00100493) x9  0x00000001
core   0: 0x80300020 (0x00000073) ecall
core   0: exception trap_machine_ecall, epc 0x80300020
