 
****************************************
Report : area
Design : npu_dma_DMA_DATA_W32
Version: X-2025.06-SP2
Date   : Wed Jul  8 16:00:54 2026
****************************************

Library(s) Used:

    tcbn28hpcplusbwp40p140tt0p9v25c (File: /home/edauser/project/PDK/TSMC28/logic/tcbn28hpcplusbwp40p140_180b/AN61001_20180509/TSMCHOME/digital/Front_End/timing_power_noise/NLDM/tcbn28hpcplusbwp40p140_180a/tcbn28hpcplusbwp40p140tt0p9v25c.db)

Number of ports:                          334
Number of nets:                           961
Number of cells:                          818
Number of combinational cells:            643
Number of sequential cells:               175
Number of macros/black boxes:               0
Number of buf/inv:                        102
Number of references:                      45

Combinational area:                358.595997
Buf/Inv area:                       25.704000
Noncombinational area:             330.749997
Macro/Black Box area:                0.000000
Net Interconnect area:      undefined  (Wire load has zero net area)

Total cell area:                   689.345995
Total area:                 undefined
1
