 
****************************************
Report : power
        -analysis_effort low
Design : npu_dma_DMA_DATA_W32
Version: X-2025.06-SP2
Date   : Wed Jul  8 16:00:54 2026
****************************************


Library(s) Used:

    tcbn28hpcplusbwp40p140tt0p9v25c (File: /home/edauser/project/PDK/TSMC28/logic/tcbn28hpcplusbwp40p140_180b/AN61001_20180509/TSMCHOME/digital/Front_End/timing_power_noise/NLDM/tcbn28hpcplusbwp40p140_180a/tcbn28hpcplusbwp40p140tt0p9v25c.db)


Operating Conditions: tt0p9v25c   Library: tcbn28hpcplusbwp40p140tt0p9v25c
Wire Load Model Mode: segmented

Design        Wire Load Model            Library
------------------------------------------------
npu_dma_DMA_DATA_W32   ZeroWireload      tcbn28hpcplusbwp40p140tt0p9v25c


Global Operating Voltage = 0.9  
Power-specific unit information :
    Voltage Units = 1V
    Capacitance Units = 1.000000pf
    Time Units = 1ns
    Dynamic Power Units = 1mW    (derived from V,C,T units)
    Leakage Power Units = 1nW


Attributes
----------
i - Including register clock pin internal power


  Cell Internal Power  = 477.0836 uW   (98%)
  Net Switching Power  =   7.9957 uW    (2%)
                         ---------
Total Dynamic Power    = 485.0793 uW  (100%)

Cell Leakage Power     = 523.8297 nW


                 Internal         Switching           Leakage            Total
Power Group      Power            Power               Power              Power   (   %    )  Attrs
--------------------------------------------------------------------------------------------------
io_pad             0.0000            0.0000            0.0000            0.0000  (   0.00%)
memory             0.0000            0.0000            0.0000            0.0000  (   0.00%)
black_box          0.0000            0.0000            0.0000            0.0000  (   0.00%)
clock_network      0.4640            0.0000            0.0000            0.4640  (  95.55%)  i
register       6.2453e-03        1.1164e-03          303.2291        7.6647e-03  (   1.58%)
sequential         0.0000            0.0000            0.0000            0.0000  (   0.00%)
combinational  6.8400e-03        6.8794e-03          220.5715        1.3940e-02  (   2.87%)
--------------------------------------------------------------------------------------------------
Total              0.4771 mW     7.9957e-03 mW       523.8007 nW         0.4856 mW
1
