Information: Updating design information... (UID-85)
 
****************************************
Report : qor
Design : npu_dma_DMA_DATA_W32
Version: X-2025.06-SP2
Date   : Wed Jul  8 16:00:54 2026
****************************************


  Timing Path Group 'clk'
  -----------------------------------
  Levels of Logic:               5.00
  Critical Path Length:          0.46
  Critical Path Slack:           0.36
  Critical Path Clk Period:      1.20
  Total Negative Slack:          0.00
  No. of Violating Paths:        0.00
  Worst Hold Violation:          0.00
  Total Hold Violation:          0.00
  No. of Hold Violations:        0.00
  -----------------------------------


  Cell Count
  -----------------------------------
  Hierarchical Cell Count:          0
  Hierarchical Port Count:          0
  Leaf Cell Count:                818
  Buf/Inv Cell Count:             102
  Buf Cell Count:                   0
  Inv Cell Count:                 102
  CT Buf/Inv Cell Count:            0
  Combinational Cell Count:       643
  Sequential Cell Count:          175
  Macro Count:                      0
  -----------------------------------


  Area
  -----------------------------------
  Combinational Area:      358.595997
  Noncombinational Area:   330.749997
  Buf/Inv Area:             25.704000
  Total Buffer Area:             0.00
  Total Inverter Area:          25.70
  Macro/Black Box Area:      0.000000
  Net Area:                  0.000000
  -----------------------------------
  Cell Area:               689.345995
  Design Area:             689.345995


  Design Rules
  -----------------------------------
  Total Number of Nets:           961
  Nets With Violations:             0
  Max Trans Violations:             0
  Max Cap Violations:               0
  -----------------------------------


  Hostname: eda

  Compile CPU Statistics
  -----------------------------------------
  Resource Sharing:                    0.19
  Logic Optimization:                  0.16
  Mapping Optimization:                1.01
  -----------------------------------------
  Overall Compile Time:                9.48
  Overall Compile Wall Clock Time:     9.96

  --------------------------------------------------------------------

  Design  WNS: 0.00  TNS: 0.00  Number of Violating Paths: 0


  Design (Hold)  WNS: 0.00  TNS: 0.00  Number of Violating Paths: 0

  --------------------------------------------------------------------


1
