
                        SpyGlass Predictive Analyzer (R)
                              Synopsys TestMAX(TM)
                            SpyGlass Fault Analysis

               Version X-2025.06-SP1 for linux64 - Sep 02, 2025 

                    Copyright (c) 2001 - 2025 Synopsys, Inc.
   This software and the associated documentation are proprietary to Synopsys,
 Inc. This software may only be used in accordance with the terms and conditions
 of a written license agreement with Synopsys, Inc. All other use, reproduction,
   or distribution of this software is strictly prohibited.  Licensed Products
     communicate with Synopsys servers for the purpose of providing software
    updates, detecting software piracy and verifying that customers are using
    Licensed Products in conformity with the applicable License Key for such
  Licensed Products. Synopsys will use information gathered in connection with
    this process to deliver software updates and pursue software pirates and
                                   infringers.

 Inclusivity & Diversity - Visit SolvNetPlus to read the "Synopsys Statement on
            Inclusivity and Diversity" (Refer to article 000036315 at
                        https://solvnetplus.synopsys.com)



To access quickstart manual, please use `man quickstart'

INFO: executing tcl startup file `/home/edauser/project/SOC/Magpie_M1/flow/v2_pipeline/phase_p_cdc_rdc_xprop/list_goals.tcl' ...
current_methodology: info: methodology is now `/soft/synopsys/spyglass/X-2025.06-SP1/SPYGLASS_HOME/GuideWare/latest/block/rtl_handoff'
set_option incdir { ../../../IP/cpu_m1/rtl }
read_file -type hdl ../../../IP/cpu_m1/rtl/def.vh
read_file -type hdl ../../../IP/cpu_m1/rtl/rfu.v
read_file -type hdl ../../../IP/cpu_m1/rtl/alu.v
read_file -type hdl ../../../IP/cpu_m1/rtl/idu.v
read_file -type hdl ../../../IP/cpu_m1/rtl/ifu.v
read_file -type hdl ../../../IP/cpu_m1/rtl/lsu.v
read_file -type hdl ../../../IP/cpu_m1/rtl/csr.v
read_file -type hdl ../../../IP/cpu_m1/rtl/mul.v
read_file -type hdl ../../../IP/cpu_m1/rtl/div.v
read_file -type hdl ../../../IP/cpu_m1/rtl/forward.v
read_file -type hdl ../../../IP/cpu_m1/rtl/hazard.v
read_file -type hdl ../../../IP/cpu_m1/rtl/bp.v
read_file -type hdl ../../../IP/cpu_m1/rtl/ras.v
read_file -type hdl ../../../IP/cpu_m1/rtl/cdec.v
read_file -type hdl ../../../IP/cpu_m1/rtl/core.v
read_file -type hdl ../../../IP/cpu_m1/rtl/cpu_m1_top.v
current_methodology: info: methodology is now `/soft/synopsys/spyglass/X-2025.06-SP1/SPYGLASS_HOME/GuideWare/latest/block/rtl_handoff'
INFO: available goals matching CDC/RDC/X-prop keywords
invalid command name "list_goal"
