                         Chronologic VCS (TM)
       Version X-2025.06-SP1_Full64 -- Tue Jun  9 20:39:21 2026

                    Copyright (c) 1991 - 2025 Synopsys, Inc.
   This software and the associated documentation are proprietary to Synopsys,
 Inc. This software may only be used in accordance with the terms and conditions
 of a written license agreement with Synopsys, Inc. All other use, reproduction,
   or distribution of this software is strictly prohibited.  Licensed Products
     communicate with Synopsys servers for the purpose of providing software
    updates, detecting software piracy and verifying that customers are using
    Licensed Products in conformity with the applicable License Key for such
  Licensed Products. Synopsys will use information gathered in connection with
    this process to deliver software updates and pursue software pirates and
                                   infringers.

 Inclusivity & Diversity - Visit SolvNetPlus to read the "Synopsys Statement on
            Inclusivity and Diversity" (Refer to article 000036315 at
                        https://solvnetplus.synopsys.com)

Parsing design file '../../../IP/cpu_m1/rtl/alu.v'
Parsing included file '../../../IP/cpu_m1/rtl/def.vh'.
Back to file '../../../IP/cpu_m1/rtl/alu.v'.
Parsing design file '../../../IP/cpu_m1/rtl/bp.v'
Parsing included file '../../../IP/cpu_m1/rtl/def.vh'.
Back to file '../../../IP/cpu_m1/rtl/bp.v'.
Parsing design file '../../../IP/cpu_m1/rtl/cdec.v'
Parsing included file '../../../IP/cpu_m1/rtl/def.vh'.
Back to file '../../../IP/cpu_m1/rtl/cdec.v'.
Parsing design file '../../../IP/cpu_m1/rtl/core.v'
Parsing included file '../../../IP/cpu_m1/rtl/def.vh'.
Back to file '../../../IP/cpu_m1/rtl/core.v'.
Parsing design file '../../../IP/cpu_m1/rtl/cpu_m1_top.v'
Parsing design file '../../../IP/cpu_m1/rtl/csr.v'
Parsing included file '../../../IP/cpu_m1/rtl/def.vh'.
Back to file '../../../IP/cpu_m1/rtl/csr.v'.
Parsing design file '../../../IP/cpu_m1/rtl/div.v'
Parsing included file '../../../IP/cpu_m1/rtl/def.vh'.
Back to file '../../../IP/cpu_m1/rtl/div.v'.
Parsing design file '../../../IP/cpu_m1/rtl/forward.v'
Parsing included file '../../../IP/cpu_m1/rtl/def.vh'.
Back to file '../../../IP/cpu_m1/rtl/forward.v'.
Parsing design file '../../../IP/cpu_m1/rtl/hazard.v'
Parsing included file '../../../IP/cpu_m1/rtl/def.vh'.
Back to file '../../../IP/cpu_m1/rtl/hazard.v'.
Parsing design file '../../../IP/cpu_m1/rtl/idu.v'
Parsing included file '../../../IP/cpu_m1/rtl/def.vh'.
Back to file '../../../IP/cpu_m1/rtl/idu.v'.
Parsing design file '../../../IP/cpu_m1/rtl/ifu.v'
Parsing included file '../../../IP/cpu_m1/rtl/def.vh'.
Back to file '../../../IP/cpu_m1/rtl/ifu.v'.
Parsing design file '../../../IP/cpu_m1/rtl/lsu.v'
Parsing included file '../../../IP/cpu_m1/rtl/def.vh'.
Back to file '../../../IP/cpu_m1/rtl/lsu.v'.
Parsing design file '../../../IP/cpu_m1/rtl/mul.v'
Parsing included file '../../../IP/cpu_m1/rtl/def.vh'.
Back to file '../../../IP/cpu_m1/rtl/mul.v'.
Parsing design file '../../../IP/cpu_m1/rtl/ras.v'
Parsing included file '../../../IP/cpu_m1/rtl/def.vh'.
Back to file '../../../IP/cpu_m1/rtl/ras.v'.
Parsing design file '../../../IP/cpu_m1/rtl/rfu.v'
Parsing included file '../../../IP/cpu_m1/rtl/def.vh'.
Back to file '../../../IP/cpu_m1/rtl/rfu.v'.
Parsing design file 'tb_directed_lockstep.v'
Top Level Modules:
       tb_directed_lockstep
TimeScale is 1 ns / 1 ns
VCS Coverage Metrics Release X-2025.06-SP1_Full64 Copyright (c) 1991-2025 by Synopsys Inc.
Starting vcs inline pass...
12 modules and 0 UDP read.
recompiling module alu
recompiling module csr
recompiling module div
recompiling module forward
recompiling module hazard
recompiling module idu
recompiling module ifu
recompiling module lsu
recompiling module mul
recompiling module ras
recompiling module rfu
recompiling module tb_directed_lockstep
All of 12 modules done
make[1]: Entering directory '/home/edauser/project/SOC/Magpie_M1/flow/v2_pipeline/phase_p18_core_bpras/csrc'
make[1]: Leaving directory '/home/edauser/project/SOC/Magpie_M1/flow/v2_pipeline/phase_p18_core_bpras/csrc'
make[1]: Entering directory '/home/edauser/project/SOC/Magpie_M1/flow/v2_pipeline/phase_p18_core_bpras/csrc'
rm -f _cuarc*.so _csrc*.so pre_vcsobj_*.so share_vcsobj_*.so
if [ -x ../vcs/simv ]; then chmod a-x ../vcs/simv; fi
g++  -o ../vcs/simv      -rdynamic  -Wl,-rpath='$ORIGIN'/simv.daidir -Wl,-rpath=./simv.daidir -Wl,-rpath=/soft/synopsys/vcs/X-2025.06-SP1/linux64/lib -L/soft/synopsys/vcs/X-2025.06-SP1/linux64/lib  -Wl,-rpath-link=./  /usr/lib64/libnuma.so.1   objs/amcQw_d.o  _158509_archive_1.so  SIM_l.o      rmapats_mop.o rmapats.o rmar.o rmar_nd.o  rmar_llvm_0_1.o rmar_llvm_0_0.o            -lvirsim -lerrorinf -lsnpsmalloc -lvfs      -lvcsnew -ldistsimclient -lsimprofile -lreader_common /soft/synopsys/vcs/X-2025.06-SP1/linux64/lib/libBA.a -luclinative /soft/synopsys/vcs/X-2025.06-SP1/linux64/lib/vcs_tls.o   -Wl,-whole-archive  -lvcsucli    -Wl,-no-whole-archive          /soft/synopsys/vcs/X-2025.06-SP1/linux64/lib/vcs_save_restore_new.o -ldl  -lc -lm -lpthread -ldl 
../vcs/simv up to date
make[1]: Leaving directory '/home/edauser/project/SOC/Magpie_M1/flow/v2_pipeline/phase_p18_core_bpras/csrc'
CPU time: .439 seconds to compile + .139 seconds to elab + .080 seconds to link
