
################################################################################
#
# This file has been generated by SpyGlass:
#     Report Name      : moresimple
#     Report Created by: edauser
#     Report Created on:  Thu Jun 11 11:30:39 2026
#     Working Directory: /home/edauser/project/SOC/Magpie_M1/flow/v2_pipeline/phase_p_cdc_rdc_xprop
#     SpyGlass Version : SpyGlass_vX-2025.06-SP1
#     Policy Name      : SpyGlass(SpyGlass_vX-2025.06-SP1)
#                        clock-reset(SpyGlass_vX-2025.06-SP1)
#                        morelint(SpyGlass_vX-2025.06-SP1)
#                        power_est(SpyGlass_vX-2025.06-SP1)
#
#     Total Number of Generated Messages :         46
#     Number of Waived Messages          :          2
#     Number of Reported Messages        :         44
#     Number of Overlimit Messages       :          0
#
#
################################################################################

+++++++++++++++++++++++++++++++++++++++++++++++++++++++++++++++++++++++
MORESIMPLE REPORT:


############### BuiltIn -> RuleGroup=Design Read ###############
+++++++++++++++++++++++++++++++++++++++++++++++++++++++++++++++++++++++++++++++++++++++
ID       Rule                    Alias                   Severity    File                                                                                                          Line    Wt    Message
======================================================================================
[1]      DetectTopDesignUnits    DetectTopDesignUnits    Info        ../../../IP/cpu_m1/rtl/cpu_m1_top.v                                                                           29      2     Module cpu_m1_top is a top level design unit
[0]      ElabSummary             ElabSummary             Info        ./cpu_m1_phase_p_cdc_rdc_xprop/cpu_m1_top/cdc/cdc_verify_struct/spyglass_reports/SpyGlass/elab_summary.rpt    0       2     Please refer file './cpu_m1_phase_p_cdc_rdc_xprop/cpu_m1_top/cdc/cdc_verify_struct/spyglass_reports/SpyGlass/elab_summary.rpt' for elab summary report
[3]      InferBlackBox           inferblackbox           Info        N.A.                                                                                                          0       10    Interfaces for blackbox modules have been inferred. Please refer to AnalyzeBBox violations for more details
[19]     Info_Case_Analysis      showSimVal              Info        ../../../IP/cpu_m1/rtl/cpu_m1_top.v                                                                           29      10    Information for set_case_analysis value propagation for design 'cpu_m1_top' is displayed
+++++++++++++++++++++++++++++++++++++++++++++++++++++++++++++++++++++++++++++++++++++++


############### Non-BuiltIn -> Goal=cdc/cdc_verify_struct ###############
+++++++++++++++++++++++++++++++++++++++++++++++++++++++++++++++++++++++++++++++++++++++
ID       Rule                    Alias    Severity    File                                                                                                                           Line    Wt    Message
======================================================================================
[39]     Ac_crossing01                    Info        ../../../IP/cpu_m1/rtl/cpu_m1_top.v                                                                                            29      10    CrossingMatrix spreadsheet generated for design 'cpu_m1_top'
[1B]     Clock_info01                     Info        ../../../IP/cpu_m1/rtl/cpu_m1_top.v                                                                                            37      2     Candidate clock: cpu_m1_top.clk of type: Primary Clock
[1C]     Clock_info03b                    Info        ../../../IP/cpu_m1/rtl/core.v                                                                                                  388     2     Data pin of flop cpu_m1_top.u_core.if_ex_pmp_fault, clocked by cpu_m1_top.clk , is tied to constant value 0
[1D]     Clock_info03b                    Info        ../../../IP/cpu_m1/rtl/core.v                                                                                                  1206    2     Data pin of flop cpu_m1_top.u_core.ex_mem_is_amo_r, clocked by cpu_m1_top.clk , is tied to constant value 0
[1E]     Clock_info03b                    Info        ../../../IP/cpu_m1/rtl/core.v                                                                                                  1207    2     Data pin of flop cpu_m1_top.u_core.ex_mem_amo_is_lr_r, clocked by cpu_m1_top.clk , is tied to constant value 0
[1F]     Clock_info03b                    Info        ../../../IP/cpu_m1/rtl/core.v                                                                                                  1208    2     Data pin of flop cpu_m1_top.u_core.ex_mem_amo_is_sc_r, clocked by cpu_m1_top.clk , is tied to constant value 0
[20]     Clock_info03b                    Info        ../../../IP/cpu_m1/rtl/core.v                                                                                                  1228    2     Data pin of flop cpu_m1_top.u_core.ex_mem_pmp_if_fault_r, clocked by cpu_m1_top.clk , is tied to constant value 0
[27]     Clock_info03b                    Info        ../../../IP/cpu_m1/rtl/core.v                                                                                                  1303    2     Data pin of flop cpu_m1_top.u_core.amo_result_r[31:0], clocked by cpu_m1_top.clk , is tied to constant value 0
[21]     Clock_info03b                    Info        ../../../IP/cpu_m1/rtl/core.v                                                                                                  1315    2     Data pin of flop cpu_m1_top.u_core.amo_res_valid, clocked by cpu_m1_top.clk , is tied to constant value 0
[26]     Clock_info03b                    Info        ../../../IP/cpu_m1/rtl/core.v                                                                                                  1325    2     Data pin of flop cpu_m1_top.u_core.amo_state[1:0], clocked by cpu_m1_top.clk , is tied to constant value 0
[22]     Clock_info03b                    Info        ../../../IP/cpu_m1/rtl/core.v                                                                                                  1455    2     Data pin of flop cpu_m1_top.u_core.ex_wb_is_amo_r, clocked by cpu_m1_top.clk , is tied to constant value 0
[23]     Clock_info03b                    Info        ../../../IP/cpu_m1/rtl/core.v                                                                                                  1456    2     Data pin of flop cpu_m1_top.u_core.ex_wb_amo_is_sc_r, clocked by cpu_m1_top.clk , is tied to constant value 0
[24]     Clock_info03b                    Info        ../../../IP/cpu_m1/rtl/core.v                                                                                                  1475    2     Data pin of flop cpu_m1_top.u_core.ex_wb_pmp_if_fault_r, clocked by cpu_m1_top.clk , is tied to constant value 0
[25]     Clock_info03b                    Info        ../../../IP/cpu_m1/rtl/core.v                                                                                                  1477    2     Data pin of flop cpu_m1_top.u_core.ex_wb_pmp_data_fault_r, clocked by cpu_m1_top.clk , is tied to constant value 0
[28]     Clock_info03b                    Info        ../../../IP/cpu_m1/rtl/csr.v                                                                                                   356     2     Data pin of flop cpu_m1_top.u_core.u_csr.pmpcfg_r[0][7:0], clocked by cpu_m1_top.clk , is tied to constant value 0
[29]     Clock_info03b                    Info        ../../../IP/cpu_m1/rtl/csr.v                                                                                                   356     2     Data pin of flop cpu_m1_top.u_core.u_csr.pmpcfg_r[1][7:0], clocked by cpu_m1_top.clk , is tied to constant value 0
[2A]     Clock_info03b                    Info        ../../../IP/cpu_m1/rtl/csr.v                                                                                                   356     2     Data pin of flop cpu_m1_top.u_core.u_csr.pmpcfg_r[2][7:0], clocked by cpu_m1_top.clk , is tied to constant value 0
[2B]     Clock_info03b                    Info        ../../../IP/cpu_m1/rtl/csr.v                                                                                                   356     2     Data pin of flop cpu_m1_top.u_core.u_csr.pmpcfg_r[3][7:0], clocked by cpu_m1_top.clk , is tied to constant value 0
[2C]     Clock_info03b                    Info        ../../../IP/cpu_m1/rtl/csr.v                                                                                                   356     2     Data pin of flop cpu_m1_top.u_core.u_csr.pmpcfg_r[4][7:0], clocked by cpu_m1_top.clk , is tied to constant value 0
[2D]     Clock_info03b                    Info        ../../../IP/cpu_m1/rtl/csr.v                                                                                                   356     2     Data pin of flop cpu_m1_top.u_core.u_csr.pmpcfg_r[5][7:0], clocked by cpu_m1_top.clk , is tied to constant value 0
[2E]     Clock_info03b                    Info        ../../../IP/cpu_m1/rtl/csr.v                                                                                                   356     2     Data pin of flop cpu_m1_top.u_core.u_csr.pmpcfg_r[6][7:0], clocked by cpu_m1_top.clk , is tied to constant value 0
[2F]     Clock_info03b                    Info        ../../../IP/cpu_m1/rtl/csr.v                                                                                                   356     2     Data pin of flop cpu_m1_top.u_core.u_csr.pmpcfg_r[7][7:0], clocked by cpu_m1_top.clk , is tied to constant value 0
[30]     Clock_info03b                    Info        ../../../IP/cpu_m1/rtl/csr.v                                                                                                   357     2     Data pin of flop cpu_m1_top.u_core.u_csr.pmpaddr_r[0][31:0], clocked by cpu_m1_top.clk , is tied to constant value 0
[31]     Clock_info03b                    Info        ../../../IP/cpu_m1/rtl/csr.v                                                                                                   357     2     Data pin of flop cpu_m1_top.u_core.u_csr.pmpaddr_r[1][31:0], clocked by cpu_m1_top.clk , is tied to constant value 0
[32]     Clock_info03b                    Info        ../../../IP/cpu_m1/rtl/csr.v                                                                                                   357     2     Data pin of flop cpu_m1_top.u_core.u_csr.pmpaddr_r[2][31:0], clocked by cpu_m1_top.clk , is tied to constant value 0
[33]     Clock_info03b                    Info        ../../../IP/cpu_m1/rtl/csr.v                                                                                                   357     2     Data pin of flop cpu_m1_top.u_core.u_csr.pmpaddr_r[3][31:0], clocked by cpu_m1_top.clk , is tied to constant value 0
[34]     Clock_info03b                    Info        ../../../IP/cpu_m1/rtl/csr.v                                                                                                   357     2     Data pin of flop cpu_m1_top.u_core.u_csr.pmpaddr_r[4][31:0], clocked by cpu_m1_top.clk , is tied to constant value 0
[35]     Clock_info03b                    Info        ../../../IP/cpu_m1/rtl/csr.v                                                                                                   357     2     Data pin of flop cpu_m1_top.u_core.u_csr.pmpaddr_r[5][31:0], clocked by cpu_m1_top.clk , is tied to constant value 0
[36]     Clock_info03b                    Info        ../../../IP/cpu_m1/rtl/csr.v                                                                                                   357     2     Data pin of flop cpu_m1_top.u_core.u_csr.pmpaddr_r[6][31:0], clocked by cpu_m1_top.clk , is tied to constant value 0
[37]     Clock_info03b                    Info        ../../../IP/cpu_m1/rtl/csr.v                                                                                                   357     2     Data pin of flop cpu_m1_top.u_core.u_csr.pmpaddr_r[7][31:0], clocked by cpu_m1_top.clk , is tied to constant value 0
[38]     Clock_info03b                    Info        ../../../IP/cpu_m1/rtl/csr.v                                                                                                   386     2     Data pin of flop cpu_m1_top.u_core.u_csr.dpc_reg[0], clocked by cpu_m1_top.clk , is tied to constant value 0
[5D]     Clock_info15                     Info        N.A.                                                                                                                           0       2     Port-Clock information generated for PortClockMatrix report
[4]      Propagate_Clocks                 Info        ../../../IP/cpu_m1/rtl/cpu_m1_top.v                                                                                            37      2     For cpu_m1_top, clock(s) 'cpu_m1_top.clk' of domain 'clk' propagated
[3C]     Propagate_Resets                 Info        ../../../IP/cpu_m1/rtl/cpu_m1_top.v                                                                                            38      2     For cpu_m1_top, reset 'cpu_m1_top.resetn' propagated
[3A]     Reset_info01                     Info        ../../../IP/cpu_m1/rtl/cpu_m1_top.v                                                                                            38      2     Candidate synchronous set: cpu_m1_top.resetn of type Primary synchronous set
[3B]     Reset_info01                     Info        ../../../IP/cpu_m1/rtl/cpu_m1_top.v                                                                                            38      2     Candidate synchronous clear: cpu_m1_top.resetn of type Primary synchronous clear
[5C]     Setup_blackbox01                 Info        ../../../IP/cpu_m1/rtl/core.v                                                                                                  917     2     Port coverage for black-box 'trigger' (instance: cpu_m1_top.u_core.u_trigger): '0' (0.00 %) pin(s) not fully constrained
[18]     Setup_port01                     Info        ../../../IP/cpu_m1/rtl/cpu_m1_top.v                                                                                            29      2     Port coverage for top design unit 'cpu_m1_top' is: '0' (0.00 %) port(s) not fully constrained
[16]     Setup_port01                     Info        ./cpu_m1_phase_p_cdc_rdc_xprop/cpu_m1_top/cdc/cdc_verify_struct/spyglass_reports/clock-reset/cpu_m1_top_input_abstract.sgdc    0       2     Abstracted sgdc file for input ports of block 'cpu_m1_top' is generated
[1A]     Setup_quasi_static01             Info        ./cpu_m1_phase_p_cdc_rdc_xprop/cpu_m1_top/cdc/cdc_verify_struct/spyglass_reports/clock-reset/auto_quasi_static.sgdc            25      2     For design 'cpu_m1_top', '0' quasi_static constraint(s) inferred
+++++++++++++++++++++++++++++++++++++++++++++++++++++++++++++++++++++++++++++++++++++++
