core   0: >>>>  
core   0: 0x80000000 (0x00004137) lui     sp, 0x4
core   0: 3 0x80000000 (0x00004137) x2  0x00004000
core   0: 0x80000004 (0x00010113) mv      sp, sp
core   0: 3 0x80000004 (0x00010113) x2  0x00004000
core   0: 0x80000008 (0x00004405) c.li    s0, 1
core   0: 3 0x80000008 (0x4405) x8  0x00000001
core   0: 0x8000000a (0x00000409) c.addi  s0, 2
core   0: 3 0x8000000a (0x0409) x8  0x00000003
core   0: 0x8000000c (0x00004495) c.li    s1, 5
core   0: 3 0x8000000c (0x4495) x9  0x00000005
core   0: 0x8000000e (0x00940933) add     s2, s0, s1
core   0: 3 0x8000000e (0x00940933) x18 0x00000008
core   0: 0x80000012 (0x00000297) auipc   t0, 0x0
core   0: 3 0x80000012 (0x00000297) x5  0x80000012
core   0: 0x80000016 (0x0322a123) sw      s2, 34(t0)
core   0: 3 0x80000016 (0x0322a123) mem 0x80000034 0x00000008
core   0: 0x8000001a (0x00000997) auipc   s3, 0x0
core   0: 3 0x8000001a (0x00000997) x19 0x8000001a
core   0: 0x8000001e (0x01a9a983) lw      s3, 26(s3)
core   0: 3 0x8000001e (0x01a9a983) x19 0x00000008 mem 0x80000034
core   0: 0x80000022 (0x01390363) beq     s2, s3, pc + 6
core   0: 3 0x80000022 (0x01390363)
core   0: 0x80000028 (0x00004a09) c.li    s4, 2
core   0: 3 0x80000028 (0x4a09) x20 0x00000002
core   0: 0x8000002a (0x029a0ab3) mul     s5, s4, s1
core   0: 3 0x8000002a (0x029a0ab3) x21 0x0000000a
core   0: 0x8000002e (0xffda8b13) addi    s6, s5, -3
core   0: 3 0x8000002e (0xffda8b13) x22 0x00000007
core   0: 0x80000032 (0x00009002) c.ebreak
core   0: exception trap_breakpoint, epc 0x80000032
core   0:           tval 0x80000032
