[155 ns] CSR mepc write/read observed=00000082 expected=00000082
[265 ns] TRAP idx=0 ex_wb_pc=00000080 trap_pc_for_mepc=00000080 expected=00000080 cause=00000002 mtval=ffffffff
[375 ns] STORE event=0 field=0 value=00000080
[395 ns] STORE event=0 field=1 value=00000002
[415 ns] STORE event=0 field=2 value=ffffffff
[615 ns] TRAP idx=1 ex_wb_pc=0000008e trap_pc_for_mepc=0000008e expected=0000008e cause=00000002 mtval=ffffffff
[725 ns] STORE event=1 field=0 value=0000008e
[745 ns] STORE event=1 field=1 value=00000002
[765 ns] STORE event=1 field=2 value=ffffffff
[955 ns] TRAP idx=2 ex_wb_pc=00000098 trap_pc_for_mepc=00000098 expected=00000098 cause=00000002 mtval=00000000
[1065 ns] STORE event=2 field=0 value=00000098
[1085 ns] STORE event=2 field=1 value=00000002
[1105 ns] STORE event=2 field=2 value=00000000
[1295 ns] TRAP idx=3 ex_wb_pc=000000a0 trap_pc_for_mepc=000000a0 expected=000000a0 cause=00000003 mtval=000000a0
[1405 ns] STORE event=3 field=0 value=000000a0
[1425 ns] STORE event=3 field=1 value=00000003
[1445 ns] STORE event=3 field=2 value=000000a0
[1635 ns] TRAP idx=4 ex_wb_pc=000000a8 trap_pc_for_mepc=000000a8 expected=000000a8 cause=00000004 mtval=00000119
[1745 ns] STORE event=4 field=0 value=000000a8
[1765 ns] STORE event=4 field=1 value=00000004
[1785 ns] STORE event=4 field=2 value=00000119
[1945 ns] DONE marker=0000600d
RESULT idx=0 observed_mepc=00000080 expected_mepc=00000080 handler_mepc=00000080 mcause=00000002 mtval=ffffffff
RESULT idx=1 observed_mepc=0000008e expected_mepc=0000008e handler_mepc=0000008e mcause=00000002 mtval=ffffffff
RESULT idx=2 observed_mepc=00000098 expected_mepc=00000098 handler_mepc=00000098 mcause=00000002 mtval=00000000
RESULT idx=3 observed_mepc=000000a0 expected_mepc=000000a0 handler_mepc=000000a0 mcause=00000003 mtval=000000a0
RESULT idx=4 observed_mepc=000000a8 expected_mepc=000000a8 handler_mepc=000000a8 mcause=00000004 mtval=00000119
PASS: directed mepc CSR mask and synchronous trap precision completed
- tb_mepc_directed.v:189: Verilog $finish
- S i m u l a t i o n   R e p o r t: Verilator 5.046 2026-02-28
- Verilator: $finish at 2us; walltime 0.001 s; speed 1.355 ms/s
- Verilator: cpu 0.001 s on 1 threads; allocated 17 MB
