 
****************************************
Report : area
Design : npu_dma_DMA_DATA_W64
Version: X-2025.06-SP2
Date   : Wed Jul  8 16:01:08 2026
****************************************

Library(s) Used:

    tcbn28hpcplusbwp40p140tt0p9v25c (File: /home/edauser/project/PDK/TSMC28/logic/tcbn28hpcplusbwp40p140_180b/AN61001_20180509/TSMCHOME/digital/Front_End/timing_power_noise/NLDM/tcbn28hpcplusbwp40p140_180a/tcbn28hpcplusbwp40p140tt0p9v25c.db)

Number of ports:                          466
Number of nets:                          1225
Number of cells:                         1015
Number of combinational cells:            839
Number of sequential cells:               176
Number of macros/black boxes:               0
Number of buf/inv:                        121
Number of references:                      47

Combinational area:                476.153998
Buf/Inv area:                       30.492000
Noncombinational area:             333.395997
Macro/Black Box area:                0.000000
Net Interconnect area:      undefined  (Wire load has zero net area)

Total cell area:                   809.549996
Total area:                 undefined
1
