Information: Updating design information... (UID-85)
 
****************************************
Report : qor
Design : npu_dma_DMA_DATA_W64
Version: X-2025.06-SP2
Date   : Wed Jul  8 16:01:08 2026
****************************************


  Timing Path Group 'clk'
  -----------------------------------
  Levels of Logic:              23.00
  Critical Path Length:          0.69
  Critical Path Slack:           0.12
  Critical Path Clk Period:      1.20
  Total Negative Slack:          0.00
  No. of Violating Paths:        0.00
  Worst Hold Violation:          0.00
  Total Hold Violation:          0.00
  No. of Hold Violations:        0.00
  -----------------------------------


  Cell Count
  -----------------------------------
  Hierarchical Cell Count:          0
  Hierarchical Port Count:          0
  Leaf Cell Count:               1015
  Buf/Inv Cell Count:             121
  Buf Cell Count:                   0
  Inv Cell Count:                 121
  CT Buf/Inv Cell Count:            0
  Combinational Cell Count:       839
  Sequential Cell Count:          176
  Macro Count:                      0
  -----------------------------------


  Area
  -----------------------------------
  Combinational Area:      476.153998
  Noncombinational Area:   333.395997
  Buf/Inv Area:             30.492000
  Total Buffer Area:             0.00
  Total Inverter Area:          30.49
  Macro/Black Box Area:      0.000000
  Net Area:                  0.000000
  -----------------------------------
  Cell Area:               809.549996
  Design Area:             809.549996


  Design Rules
  -----------------------------------
  Total Number of Nets:          1225
  Nets With Violations:             0
  Max Trans Violations:             0
  Max Cap Violations:               0
  -----------------------------------


  Hostname: eda

  Compile CPU Statistics
  -----------------------------------------
  Resource Sharing:                    0.22
  Logic Optimization:                  0.18
  Mapping Optimization:                1.14
  -----------------------------------------
  Overall Compile Time:               10.18
  Overall Compile Wall Clock Time:    10.61

  --------------------------------------------------------------------

  Design  WNS: 0.00  TNS: 0.00  Number of Violating Paths: 0


  Design (Hold)  WNS: 0.00  TNS: 0.00  Number of Violating Paths: 0

  --------------------------------------------------------------------


1
