 
****************************************
Report : timing
        -path full
        -delay max
        -nworst 4
        -max_paths 8
Design : npu_dma_DMA_DATA_W64
Version: X-2025.06-SP2
Date   : Wed Jul  8 16:01:08 2026
****************************************

Operating Conditions: tt0p9v25c   Library: tcbn28hpcplusbwp40p140tt0p9v25c
Wire Load Model Mode: segmented

  Startpoint: narrow_i (input port clocked by clk)
  Endpoint: m_awlen_reg[7]
            (rising edge-triggered flip-flop clocked by clk)
  Path Group: clk
  Path Type: max

  Des/Clust/Port     Wire Load Model       Library
  ------------------------------------------------
  npu_dma_DMA_DATA_W64
                     ZeroWireload          tcbn28hpcplusbwp40p140tt0p9v25c

  Point                                    Incr       Path
  -----------------------------------------------------------
  clock clk (rise edge)                    0.00       0.00
  clock network delay (ideal)              0.00       0.00
  input external delay                     0.36       0.36 f
  narrow_i (in)                            0.00       0.36 f
  U900/ZN (AOI22D1BWP40P140)               0.06       0.42 r
  U1409/ZN (INVD1BWP40P140)                0.06       0.48 f
  U1431/ZN (AOI32D0BWP40P140)              0.03       0.51 r
  U1432/ZN (INVD1BWP40P140)                0.02       0.52 f
  U1433/ZN (MAOI222D0BWP40P140)            0.03       0.55 r
  U1434/ZN (MAOI222D0BWP40P140)            0.03       0.58 f
  U1435/ZN (MAOI222D0BWP40P140)            0.03       0.61 r
  U1436/ZN (MAOI222D0BWP40P140)            0.03       0.64 f
  U1437/ZN (MAOI222D0BWP40P140)            0.03       0.68 r
  U1438/ZN (MAOI222D0BWP40P140)            0.03       0.71 f
  U1441/ZN (MAOI222D0BWP40P140)            0.03       0.74 r
  U1442/ZN (OAI21D0P7BWP40P140)            0.05       0.79 f
  U1444/ZN (ND2D1BWP40P140)                0.03       0.82 r
  U1445/ZN (AOI221D1BWP40P140)             0.02       0.83 f
  U1446/ZN (AOI21D1BWP40P140)              0.03       0.87 r
  U1464/ZN (ND2D1BWP40P140)                0.02       0.89 f
  U1466/ZN (NR2D1BWP40P140)                0.02       0.91 r
  U1468/ZN (ND2D1BWP40P140)                0.02       0.93 f
  U1470/ZN (NR2D1BWP40P140)                0.02       0.96 r
  U1473/ZN (ND2D1BWP40P140)                0.02       0.98 f
  U1479/ZN (OAI21D0P7BWP40P140)            0.02       1.00 r
  U1480/ZN (OAI31D0BWP40P140)              0.03       1.03 f
  U708/ZN (MAOI22D1BWP40P140)              0.02       1.05 r
  m_awlen_reg[7]/D (DFQD2BWP40P140)        0.00       1.05 r
  data arrival time                                   1.05

  clock clk (rise edge)                    1.20       1.20
  clock network delay (ideal)              0.00       1.20
  m_awlen_reg[7]/CP (DFQD2BWP40P140)       0.00       1.20 r
  library setup time                      -0.03       1.17
  data required time                                  1.17
  -----------------------------------------------------------
  data required time                                  1.17
  data arrival time                                  -1.05
  -----------------------------------------------------------
  slack (MET)                                         0.12


  Startpoint: narrow_i (input port clocked by clk)
  Endpoint: m_awlen_reg[7]
            (rising edge-triggered flip-flop clocked by clk)
  Path Group: clk
  Path Type: max

  Des/Clust/Port     Wire Load Model       Library
  ------------------------------------------------
  npu_dma_DMA_DATA_W64
                     ZeroWireload          tcbn28hpcplusbwp40p140tt0p9v25c

  Point                                    Incr       Path
  -----------------------------------------------------------
  clock clk (rise edge)                    0.00       0.00
  clock network delay (ideal)              0.00       0.00
  input external delay                     0.36       0.36 f
  narrow_i (in)                            0.00       0.36 f
  U900/ZN (AOI22D1BWP40P140)               0.06       0.42 r
  U1409/ZN (INVD1BWP40P140)                0.06       0.48 f
  U1431/ZN (AOI32D0BWP40P140)              0.03       0.51 r
  U1432/ZN (INVD1BWP40P140)                0.02       0.52 f
  U1433/ZN (MAOI222D0BWP40P140)            0.03       0.55 r
  U1434/ZN (MAOI222D0BWP40P140)            0.03       0.58 f
  U1435/ZN (MAOI222D0BWP40P140)            0.03       0.61 r
  U1436/ZN (MAOI222D0BWP40P140)            0.03       0.64 f
  U1437/ZN (MAOI222D0BWP40P140)            0.03       0.68 r
  U1438/ZN (MAOI222D0BWP40P140)            0.03       0.71 f
  U1441/ZN (MAOI222D0BWP40P140)            0.03       0.74 r
  U1442/ZN (OAI21D0P7BWP40P140)            0.05       0.79 f
  U1444/ZN (ND2D1BWP40P140)                0.03       0.82 r
  U1445/ZN (AOI221D1BWP40P140)             0.02       0.83 f
  U1446/ZN (AOI21D1BWP40P140)              0.03       0.87 r
  U1464/ZN (ND2D1BWP40P140)                0.02       0.89 f
  U1466/ZN (NR2D1BWP40P140)                0.02       0.91 r
  U1468/ZN (ND2D1BWP40P140)                0.02       0.93 f
  U1470/ZN (NR2D1BWP40P140)                0.02       0.96 r
  U1473/ZN (ND2D1BWP40P140)                0.02       0.98 f
  U1479/ZN (OAI21D0P7BWP40P140)            0.02       1.00 r
  U1480/ZN (OAI31D0BWP40P140)              0.03       1.03 f
  U708/ZN (MAOI22D1BWP40P140)              0.02       1.05 r
  m_awlen_reg[7]/D (DFQD2BWP40P140)        0.00       1.05 r
  data arrival time                                   1.05

  clock clk (rise edge)                    1.20       1.20
  clock network delay (ideal)              0.00       1.20
  m_awlen_reg[7]/CP (DFQD2BWP40P140)       0.00       1.20 r
  library setup time                      -0.03       1.17
  data required time                                  1.17
  -----------------------------------------------------------
  data required time                                  1.17
  data arrival time                                  -1.05
  -----------------------------------------------------------
  slack (MET)                                         0.12


  Startpoint: narrow_i (input port clocked by clk)
  Endpoint: m_awlen_reg[7]
            (rising edge-triggered flip-flop clocked by clk)
  Path Group: clk
  Path Type: max

  Des/Clust/Port     Wire Load Model       Library
  ------------------------------------------------
  npu_dma_DMA_DATA_W64
                     ZeroWireload          tcbn28hpcplusbwp40p140tt0p9v25c

  Point                                    Incr       Path
  -----------------------------------------------------------
  clock clk (rise edge)                    0.00       0.00
  clock network delay (ideal)              0.00       0.00
  input external delay                     0.36       0.36 f
  narrow_i (in)                            0.00       0.36 f
  U900/ZN (AOI22D1BWP40P140)               0.06       0.42 r
  U1409/ZN (INVD1BWP40P140)                0.06       0.48 f
  U1431/ZN (AOI32D0BWP40P140)              0.03       0.51 r
  U1432/ZN (INVD1BWP40P140)                0.02       0.52 f
  U1433/ZN (MAOI222D0BWP40P140)            0.03       0.55 r
  U1434/ZN (MAOI222D0BWP40P140)            0.03       0.58 f
  U1435/ZN (MAOI222D0BWP40P140)            0.03       0.61 r
  U1436/ZN (MAOI222D0BWP40P140)            0.03       0.64 f
  U1437/ZN (MAOI222D0BWP40P140)            0.03       0.68 r
  U1438/ZN (MAOI222D0BWP40P140)            0.03       0.71 f
  U1441/ZN (MAOI222D0BWP40P140)            0.03       0.74 r
  U1442/ZN (OAI21D0P7BWP40P140)            0.05       0.79 f
  U1444/ZN (ND2D1BWP40P140)                0.03       0.82 r
  U1445/ZN (AOI221D1BWP40P140)             0.02       0.83 f
  U1446/ZN (AOI21D1BWP40P140)              0.03       0.87 r
  U1464/ZN (ND2D1BWP40P140)                0.02       0.89 f
  U1466/ZN (NR2D1BWP40P140)                0.02       0.91 r
  U1468/ZN (ND2D1BWP40P140)                0.02       0.93 f
  U1470/ZN (NR2D1BWP40P140)                0.02       0.96 r
  U1473/ZN (ND2D1BWP40P140)                0.02       0.98 f
  U1479/ZN (OAI21D0P7BWP40P140)            0.02       1.00 r
  U1480/ZN (OAI31D0BWP40P140)              0.03       1.03 f
  U708/ZN (MAOI22D1BWP40P140)              0.02       1.05 r
  m_awlen_reg[7]/D (DFQD2BWP40P140)        0.00       1.05 r
  data arrival time                                   1.05

  clock clk (rise edge)                    1.20       1.20
  clock network delay (ideal)              0.00       1.20
  m_awlen_reg[7]/CP (DFQD2BWP40P140)       0.00       1.20 r
  library setup time                      -0.03       1.17
  data required time                                  1.17
  -----------------------------------------------------------
  data required time                                  1.17
  data arrival time                                  -1.05
  -----------------------------------------------------------
  slack (MET)                                         0.12


  Startpoint: narrow_i (input port clocked by clk)
  Endpoint: m_awlen_reg[7]
            (rising edge-triggered flip-flop clocked by clk)
  Path Group: clk
  Path Type: max

  Des/Clust/Port     Wire Load Model       Library
  ------------------------------------------------
  npu_dma_DMA_DATA_W64
                     ZeroWireload          tcbn28hpcplusbwp40p140tt0p9v25c

  Point                                    Incr       Path
  -----------------------------------------------------------
  clock clk (rise edge)                    0.00       0.00
  clock network delay (ideal)              0.00       0.00
  input external delay                     0.36       0.36 f
  narrow_i (in)                            0.00       0.36 f
  U900/ZN (AOI22D1BWP40P140)               0.06       0.42 r
  U1409/ZN (INVD1BWP40P140)                0.06       0.48 f
  U1431/ZN (AOI32D0BWP40P140)              0.03       0.51 r
  U1432/ZN (INVD1BWP40P140)                0.02       0.52 f
  U1433/ZN (MAOI222D0BWP40P140)            0.03       0.55 r
  U1434/ZN (MAOI222D0BWP40P140)            0.03       0.58 f
  U1435/ZN (MAOI222D0BWP40P140)            0.03       0.61 r
  U1436/ZN (MAOI222D0BWP40P140)            0.03       0.64 f
  U1437/ZN (MAOI222D0BWP40P140)            0.03       0.68 r
  U1438/ZN (MAOI222D0BWP40P140)            0.03       0.71 f
  U1441/ZN (MAOI222D0BWP40P140)            0.03       0.74 r
  U1442/ZN (OAI21D0P7BWP40P140)            0.05       0.79 f
  U1444/ZN (ND2D1BWP40P140)                0.03       0.82 r
  U1445/ZN (AOI221D1BWP40P140)             0.02       0.83 f
  U1446/ZN (AOI21D1BWP40P140)              0.03       0.87 r
  U1464/ZN (ND2D1BWP40P140)                0.02       0.89 f
  U1466/ZN (NR2D1BWP40P140)                0.02       0.91 r
  U1468/ZN (ND2D1BWP40P140)                0.02       0.93 f
  U1470/ZN (NR2D1BWP40P140)                0.02       0.96 r
  U1473/ZN (ND2D1BWP40P140)                0.02       0.98 f
  U1479/ZN (OAI21D0P7BWP40P140)            0.02       1.00 r
  U1480/ZN (OAI31D0BWP40P140)              0.03       1.03 f
  U708/ZN (MAOI22D1BWP40P140)              0.02       1.05 r
  m_awlen_reg[7]/D (DFQD2BWP40P140)        0.00       1.05 r
  data arrival time                                   1.05

  clock clk (rise edge)                    1.20       1.20
  clock network delay (ideal)              0.00       1.20
  m_awlen_reg[7]/CP (DFQD2BWP40P140)       0.00       1.20 r
  library setup time                      -0.03       1.17
  data required time                                  1.17
  -----------------------------------------------------------
  data required time                                  1.17
  data arrival time                                  -1.05
  -----------------------------------------------------------
  slack (MET)                                         0.12


  Startpoint: narrow_i (input port clocked by clk)
  Endpoint: m_arlen_reg[7]
            (rising edge-triggered flip-flop clocked by clk)
  Path Group: clk
  Path Type: max

  Des/Clust/Port     Wire Load Model       Library
  ------------------------------------------------
  npu_dma_DMA_DATA_W64
                     ZeroWireload          tcbn28hpcplusbwp40p140tt0p9v25c

  Point                                    Incr       Path
  -----------------------------------------------------------
  clock clk (rise edge)                    0.00       0.00
  clock network delay (ideal)              0.00       0.00
  input external delay                     0.36       0.36 f
  narrow_i (in)                            0.00       0.36 f
  U900/ZN (AOI22D1BWP40P140)               0.06       0.42 r
  U1409/ZN (INVD1BWP40P140)                0.06       0.48 f
  U1431/ZN (AOI32D0BWP40P140)              0.03       0.51 r
  U1432/ZN (INVD1BWP40P140)                0.02       0.52 f
  U1433/ZN (MAOI222D0BWP40P140)            0.03       0.55 r
  U1434/ZN (MAOI222D0BWP40P140)            0.03       0.58 f
  U1435/ZN (MAOI222D0BWP40P140)            0.03       0.61 r
  U1436/ZN (MAOI222D0BWP40P140)            0.03       0.64 f
  U1437/ZN (MAOI222D0BWP40P140)            0.03       0.68 r
  U1438/ZN (MAOI222D0BWP40P140)            0.03       0.71 f
  U1441/ZN (MAOI222D0BWP40P140)            0.03       0.74 r
  U1442/ZN (OAI21D0P7BWP40P140)            0.05       0.79 f
  U1444/ZN (ND2D1BWP40P140)                0.03       0.82 r
  U1445/ZN (AOI221D1BWP40P140)             0.02       0.83 f
  U1446/ZN (AOI21D1BWP40P140)              0.03       0.87 r
  U1464/ZN (ND2D1BWP40P140)                0.02       0.89 f
  U1466/ZN (NR2D1BWP40P140)                0.02       0.91 r
  U1468/ZN (ND2D1BWP40P140)                0.02       0.93 f
  U1470/ZN (NR2D1BWP40P140)                0.02       0.96 r
  U1473/ZN (ND2D1BWP40P140)                0.02       0.98 f
  U1479/ZN (OAI21D0P7BWP40P140)            0.02       1.00 r
  U1480/ZN (OAI31D0BWP40P140)              0.03       1.03 f
  U712/ZN (MAOI22D1BWP40P140)              0.02       1.05 r
  m_arlen_reg[7]/D (DFQD2BWP40P140)        0.00       1.05 r
  data arrival time                                   1.05

  clock clk (rise edge)                    1.20       1.20
  clock network delay (ideal)              0.00       1.20
  m_arlen_reg[7]/CP (DFQD2BWP40P140)       0.00       1.20 r
  library setup time                      -0.03       1.17
  data required time                                  1.17
  -----------------------------------------------------------
  data required time                                  1.17
  data arrival time                                  -1.05
  -----------------------------------------------------------
  slack (MET)                                         0.13


  Startpoint: narrow_i (input port clocked by clk)
  Endpoint: m_arlen_reg[7]
            (rising edge-triggered flip-flop clocked by clk)
  Path Group: clk
  Path Type: max

  Des/Clust/Port     Wire Load Model       Library
  ------------------------------------------------
  npu_dma_DMA_DATA_W64
                     ZeroWireload          tcbn28hpcplusbwp40p140tt0p9v25c

  Point                                    Incr       Path
  -----------------------------------------------------------
  clock clk (rise edge)                    0.00       0.00
  clock network delay (ideal)              0.00       0.00
  input external delay                     0.36       0.36 f
  narrow_i (in)                            0.00       0.36 f
  U900/ZN (AOI22D1BWP40P140)               0.06       0.42 r
  U1409/ZN (INVD1BWP40P140)                0.06       0.48 f
  U1431/ZN (AOI32D0BWP40P140)              0.03       0.51 r
  U1432/ZN (INVD1BWP40P140)                0.02       0.52 f
  U1433/ZN (MAOI222D0BWP40P140)            0.03       0.55 r
  U1434/ZN (MAOI222D0BWP40P140)            0.03       0.58 f
  U1435/ZN (MAOI222D0BWP40P140)            0.03       0.61 r
  U1436/ZN (MAOI222D0BWP40P140)            0.03       0.64 f
  U1437/ZN (MAOI222D0BWP40P140)            0.03       0.68 r
  U1438/ZN (MAOI222D0BWP40P140)            0.03       0.71 f
  U1441/ZN (MAOI222D0BWP40P140)            0.03       0.74 r
  U1442/ZN (OAI21D0P7BWP40P140)            0.05       0.79 f
  U1444/ZN (ND2D1BWP40P140)                0.03       0.82 r
  U1445/ZN (AOI221D1BWP40P140)             0.02       0.83 f
  U1446/ZN (AOI21D1BWP40P140)              0.03       0.87 r
  U1464/ZN (ND2D1BWP40P140)                0.02       0.89 f
  U1466/ZN (NR2D1BWP40P140)                0.02       0.91 r
  U1468/ZN (ND2D1BWP40P140)                0.02       0.93 f
  U1470/ZN (NR2D1BWP40P140)                0.02       0.96 r
  U1473/ZN (ND2D1BWP40P140)                0.02       0.98 f
  U1479/ZN (OAI21D0P7BWP40P140)            0.02       1.00 r
  U1480/ZN (OAI31D0BWP40P140)              0.03       1.03 f
  U712/ZN (MAOI22D1BWP40P140)              0.02       1.05 r
  m_arlen_reg[7]/D (DFQD2BWP40P140)        0.00       1.05 r
  data arrival time                                   1.05

  clock clk (rise edge)                    1.20       1.20
  clock network delay (ideal)              0.00       1.20
  m_arlen_reg[7]/CP (DFQD2BWP40P140)       0.00       1.20 r
  library setup time                      -0.03       1.17
  data required time                                  1.17
  -----------------------------------------------------------
  data required time                                  1.17
  data arrival time                                  -1.05
  -----------------------------------------------------------
  slack (MET)                                         0.13


  Startpoint: narrow_i (input port clocked by clk)
  Endpoint: m_arlen_reg[7]
            (rising edge-triggered flip-flop clocked by clk)
  Path Group: clk
  Path Type: max

  Des/Clust/Port     Wire Load Model       Library
  ------------------------------------------------
  npu_dma_DMA_DATA_W64
                     ZeroWireload          tcbn28hpcplusbwp40p140tt0p9v25c

  Point                                    Incr       Path
  -----------------------------------------------------------
  clock clk (rise edge)                    0.00       0.00
  clock network delay (ideal)              0.00       0.00
  input external delay                     0.36       0.36 f
  narrow_i (in)                            0.00       0.36 f
  U900/ZN (AOI22D1BWP40P140)               0.06       0.42 r
  U1409/ZN (INVD1BWP40P140)                0.06       0.48 f
  U1431/ZN (AOI32D0BWP40P140)              0.03       0.51 r
  U1432/ZN (INVD1BWP40P140)                0.02       0.52 f
  U1433/ZN (MAOI222D0BWP40P140)            0.03       0.55 r
  U1434/ZN (MAOI222D0BWP40P140)            0.03       0.58 f
  U1435/ZN (MAOI222D0BWP40P140)            0.03       0.61 r
  U1436/ZN (MAOI222D0BWP40P140)            0.03       0.64 f
  U1437/ZN (MAOI222D0BWP40P140)            0.03       0.68 r
  U1438/ZN (MAOI222D0BWP40P140)            0.03       0.71 f
  U1441/ZN (MAOI222D0BWP40P140)            0.03       0.74 r
  U1442/ZN (OAI21D0P7BWP40P140)            0.05       0.79 f
  U1444/ZN (ND2D1BWP40P140)                0.03       0.82 r
  U1445/ZN (AOI221D1BWP40P140)             0.02       0.83 f
  U1446/ZN (AOI21D1BWP40P140)              0.03       0.87 r
  U1464/ZN (ND2D1BWP40P140)                0.02       0.89 f
  U1466/ZN (NR2D1BWP40P140)                0.02       0.91 r
  U1468/ZN (ND2D1BWP40P140)                0.02       0.93 f
  U1470/ZN (NR2D1BWP40P140)                0.02       0.96 r
  U1473/ZN (ND2D1BWP40P140)                0.02       0.98 f
  U1479/ZN (OAI21D0P7BWP40P140)            0.02       1.00 r
  U1480/ZN (OAI31D0BWP40P140)              0.03       1.03 f
  U712/ZN (MAOI22D1BWP40P140)              0.02       1.05 r
  m_arlen_reg[7]/D (DFQD2BWP40P140)        0.00       1.05 r
  data arrival time                                   1.05

  clock clk (rise edge)                    1.20       1.20
  clock network delay (ideal)              0.00       1.20
  m_arlen_reg[7]/CP (DFQD2BWP40P140)       0.00       1.20 r
  library setup time                      -0.03       1.17
  data required time                                  1.17
  -----------------------------------------------------------
  data required time                                  1.17
  data arrival time                                  -1.05
  -----------------------------------------------------------
  slack (MET)                                         0.13


  Startpoint: narrow_i (input port clocked by clk)
  Endpoint: m_arlen_reg[7]
            (rising edge-triggered flip-flop clocked by clk)
  Path Group: clk
  Path Type: max

  Des/Clust/Port     Wire Load Model       Library
  ------------------------------------------------
  npu_dma_DMA_DATA_W64
                     ZeroWireload          tcbn28hpcplusbwp40p140tt0p9v25c

  Point                                    Incr       Path
  -----------------------------------------------------------
  clock clk (rise edge)                    0.00       0.00
  clock network delay (ideal)              0.00       0.00
  input external delay                     0.36       0.36 f
  narrow_i (in)                            0.00       0.36 f
  U900/ZN (AOI22D1BWP40P140)               0.06       0.42 r
  U1409/ZN (INVD1BWP40P140)                0.06       0.48 f
  U1431/ZN (AOI32D0BWP40P140)              0.03       0.51 r
  U1432/ZN (INVD1BWP40P140)                0.02       0.52 f
  U1433/ZN (MAOI222D0BWP40P140)            0.03       0.55 r
  U1434/ZN (MAOI222D0BWP40P140)            0.03       0.58 f
  U1435/ZN (MAOI222D0BWP40P140)            0.03       0.61 r
  U1436/ZN (MAOI222D0BWP40P140)            0.03       0.64 f
  U1437/ZN (MAOI222D0BWP40P140)            0.03       0.68 r
  U1438/ZN (MAOI222D0BWP40P140)            0.03       0.71 f
  U1441/ZN (MAOI222D0BWP40P140)            0.03       0.74 r
  U1442/ZN (OAI21D0P7BWP40P140)            0.05       0.79 f
  U1444/ZN (ND2D1BWP40P140)                0.03       0.82 r
  U1445/ZN (AOI221D1BWP40P140)             0.02       0.83 f
  U1446/ZN (AOI21D1BWP40P140)              0.03       0.87 r
  U1464/ZN (ND2D1BWP40P140)                0.02       0.89 f
  U1466/ZN (NR2D1BWP40P140)                0.02       0.91 r
  U1468/ZN (ND2D1BWP40P140)                0.02       0.93 f
  U1470/ZN (NR2D1BWP40P140)                0.02       0.96 r
  U1473/ZN (ND2D1BWP40P140)                0.02       0.98 f
  U1479/ZN (OAI21D0P7BWP40P140)            0.02       1.00 r
  U1480/ZN (OAI31D0BWP40P140)              0.03       1.03 f
  U712/ZN (MAOI22D1BWP40P140)              0.02       1.05 r
  m_arlen_reg[7]/D (DFQD2BWP40P140)        0.00       1.05 r
  data arrival time                                   1.05

  clock clk (rise edge)                    1.20       1.20
  clock network delay (ideal)              0.00       1.20
  m_arlen_reg[7]/CP (DFQD2BWP40P140)       0.00       1.20 r
  library setup time                      -0.03       1.17
  data required time                                  1.17
  -----------------------------------------------------------
  data required time                                  1.17
  data arrival time                                  -1.05
  -----------------------------------------------------------
  slack (MET)                                         0.13


1
