 
****************************************
Report : area
Design : cpu_m1_top
Version: X-2025.06-SP2
Date   : Fri Jun 12 16:16:23 2026
****************************************

Library(s) Used:

    tcbn28hpcplusbwp40p140ssg0p81v0c (File: /home/edauser/project/SOC/Magpie_M1A/flow/v2_pipeline/phase_p_multicorner_dc/compiled_db/tcbn28hpcplusbwp40p140ssg0p81v0c.db)

Number of ports:                          749
Number of nets:                         36459
Number of cells:                        35398
Number of combinational cells:          28314
Number of sequential cells:              7081
Number of macros/black boxes:               0
Number of buf/inv:                       4253
Number of references:                     145

Combinational area:              17053.721905
Buf/Inv area:                     1104.012016
Noncombinational area:           13461.713890
Macro/Black Box area:                0.000000
Net Interconnect area:      undefined  (Wire load has zero net area)

Total cell area:                 30515.435795
Total area:                 undefined

Hierarchical area distribution
------------------------------

                                  Global cell area            Local cell area
                                  -------------------  ------------------------------ 
Hierarchical cell                 Absolute    Percent  Combi-      Noncombi-   Black-
                                  Total       Total    national    national    boxes   Design
--------------------------------  ----------  -------  ----------  ----------  ------  ---------
cpu_m1_top                        30515.4358    100.0   7793.2260   4147.7940  0.0000  cpu_m1_top
u_core/u_bmu                       1117.9980      3.7   1117.9980      0.0000  0.0000  bmu
u_core/u_bp                       13361.1659     43.8   5922.1259   7439.0399  0.0000  bp
u_core/u_rfu                       4095.2520     13.4   2220.3720   1874.8800  0.0000  rfu
--------------------------------  ----------  -------  ----------  ----------  ------  ---------
Total                                                  17053.7219  13461.7139  0.0000

1
