 
****************************************
Report : power
        -analysis_effort low
Design : cpu_m1_top
Version: X-2025.06-SP2
Date   : Fri Jun 12 16:16:23 2026
****************************************


Library(s) Used:

    tcbn28hpcplusbwp40p140ssg0p81v0c (File: /home/edauser/project/SOC/Magpie_M1A/flow/v2_pipeline/phase_p_multicorner_dc/compiled_db/tcbn28hpcplusbwp40p140ssg0p81v0c.db)


Operating Conditions: ssg0p81v0c   Library: tcbn28hpcplusbwp40p140ssg0p81v0c
Wire Load Model Mode: segmented

Design        Wire Load Model            Library
------------------------------------------------
cpu_m1_top             ZeroWireload      tcbn28hpcplusbwp40p140ssg0p81v0c
bp                     ZeroWireload      tcbn28hpcplusbwp40p140ssg0p81v0c
rfu                    ZeroWireload      tcbn28hpcplusbwp40p140ssg0p81v0c
bmu                    ZeroWireload      tcbn28hpcplusbwp40p140ssg0p81v0c


Global Operating Voltage = 0.81 
Power-specific unit information :
    Voltage Units = 1V
    Capacitance Units = 1.000000pf
    Time Units = 1ns
    Dynamic Power Units = 1mW    (derived from V,C,T units)
    Leakage Power Units = 1nW


Attributes
----------
i - Including register clock pin internal power


  Cell Internal Power  =  13.4466 mW   (99%)
  Net Switching Power  = 199.3384 uW    (1%)
                         ---------
Total Dynamic Power    =  13.6459 mW  (100%)

Cell Leakage Power     =   3.0333 uW


                 Internal         Switching           Leakage            Total
Power Group      Power            Power               Power              Power   (   %    )  Attrs
--------------------------------------------------------------------------------------------------
io_pad             0.0000            0.0000            0.0000            0.0000  (   0.00%)
memory             0.0000            0.0000            0.0000            0.0000  (   0.00%)
black_box          0.0000            0.0000            0.0000            0.0000  (   0.00%)
clock_network     13.2969            0.0000            0.0000           13.2969  (  97.42%)  i
register       3.9085e-02        1.3330e-02        1.4991e+03        5.3877e-02  (   0.39%)
sequential         0.0000            0.0000            0.0000            0.0000  (   0.00%)
combinational      0.1104            0.1860        1.5342e+03            0.2979  (   2.18%)
--------------------------------------------------------------------------------------------------
Total             13.4463 mW         0.1993 mW     3.0333e+03 nW        13.6487 mW
1
