Information: Updating design information... (UID-85)
Warning: Design 'cpu_m1_top' contains 1 high-fanout nets. A fanout number of 1000 will be used for delay calculations involving these nets. (TIM-134)
 
****************************************
Report : qor
Design : cpu_m1_top
Version: X-2025.06-SP2
Date   : Fri Jun 12 16:16:22 2026
****************************************


  Timing Path Group 'clk'
  -----------------------------------
  Levels of Logic:              44.00
  Critical Path Length:          1.35
  Critical Path Slack:           0.00
  Critical Path Clk Period:      1.43
  Total Negative Slack:          0.00
  No. of Violating Paths:        0.00
  Worst Hold Violation:          0.00
  Total Hold Violation:          0.00
  No. of Hold Violations:        0.00
  -----------------------------------


  Cell Count
  -----------------------------------
  Hierarchical Cell Count:          3
  Hierarchical Port Count:        419
  Leaf Cell Count:              35395
  Buf/Inv Cell Count:            4253
  Buf Cell Count:                 133
  Inv Cell Count:                4120
  CT Buf/Inv Cell Count:            0
  Combinational Cell Count:     28314
  Sequential Cell Count:         7081
  Macro Count:                      0
  -----------------------------------


  Area
  -----------------------------------
  Combinational Area:    17053.721905
  Noncombinational Area: 13461.713890
  Buf/Inv Area:           1104.012016
  Total Buffer Area:            60.10
  Total Inverter Area:        1043.91
  Macro/Black Box Area:      0.000000
  Net Area:                  0.000000
  -----------------------------------
  Cell Area:             30515.435795
  Design Area:           30515.435795


  Design Rules
  -----------------------------------
  Total Number of Nets:         36044
  Nets With Violations:             0
  Max Trans Violations:             0
  Max Cap Violations:               0
  -----------------------------------


  Hostname: eda

  Compile CPU Statistics
  -----------------------------------------
  Resource Sharing:                    7.21
  Logic Optimization:                 26.60
  Mapping Optimization:               45.09
  -----------------------------------------
  Overall Compile Time:              192.34
  Overall Compile Wall Clock Time:   193.20

  --------------------------------------------------------------------

  Design  WNS: 0.00  TNS: 0.00  Number of Violating Paths: 0


  Design (Hold)  WNS: 0.00  TNS: 0.00  Number of Violating Paths: 0

  --------------------------------------------------------------------


1
