 
****************************************
Report : timing
        -path full
        -delay min
        -nworst 5
        -max_paths 20
Design : cpu_m1_top
Version: X-2025.06-SP2
Date   : Fri Jun 12 16:16:23 2026
****************************************

 # A fanout number of 1000 was used for high fanout net computations.

Operating Conditions: ssg0p81v0c   Library: tcbn28hpcplusbwp40p140ssg0p81v0c
Wire Load Model Mode: segmented

  Startpoint: u_core/u_csr/cycle_cnt_reg[0]
              (rising edge-triggered flip-flop clocked by clk)
  Endpoint: u_core/u_csr/cycle_cnt_reg[0]
            (rising edge-triggered flip-flop clocked by clk)
  Path Group: clk
  Path Type: min

  Des/Clust/Port     Wire Load Model       Library
  ------------------------------------------------
  rfu                ZeroWireload          tcbn28hpcplusbwp40p140ssg0p81v0c
  bp                 ZeroWireload          tcbn28hpcplusbwp40p140ssg0p81v0c
  cpu_m1_top         ZeroWireload          tcbn28hpcplusbwp40p140ssg0p81v0c

  Point                                                   Incr       Path
  --------------------------------------------------------------------------
  clock clk (rise edge)                                   0.00       0.00
  clock network delay (ideal)                             0.00       0.00
  u_core/u_csr/cycle_cnt_reg[0]/CP (DFQD1BWP40P140)       0.00 #     0.00 r
  u_core/u_csr/cycle_cnt_reg[0]/Q (DFQD1BWP40P140)        0.07       0.07 r
  U1248/ZN (NR2D0BWP40P140)                               0.01       0.08 f
  u_core/u_csr/cycle_cnt_reg[0]/D (DFQD1BWP40P140)        0.00       0.08 f
  data arrival time                                                  0.08

  clock clk (rise edge)                                   0.00       0.00
  clock network delay (ideal)                             0.00       0.00
  clock uncertainty                                       0.05       0.05
  u_core/u_csr/cycle_cnt_reg[0]/CP (DFQD1BWP40P140)       0.00       0.05 r
  library hold time                                       0.02       0.07
  data required time                                                 0.07
  --------------------------------------------------------------------------
  data required time                                                 0.07
  data arrival time                                                 -0.08
  --------------------------------------------------------------------------
  slack (MET)                                                        0.02


  Startpoint: u_core/ex_mem_trigger_hit_r_reg
              (rising edge-triggered flip-flop clocked by clk)
  Endpoint: u_core/ex_wb_trigger_idx_r_reg[1]
            (rising edge-triggered flip-flop clocked by clk)
  Path Group: clk
  Path Type: min

  Des/Clust/Port     Wire Load Model       Library
  ------------------------------------------------
  rfu                ZeroWireload          tcbn28hpcplusbwp40p140ssg0p81v0c
  bp                 ZeroWireload          tcbn28hpcplusbwp40p140ssg0p81v0c
  cpu_m1_top         ZeroWireload          tcbn28hpcplusbwp40p140ssg0p81v0c

  Point                                                   Incr       Path
  --------------------------------------------------------------------------
  clock clk (rise edge)                                   0.00       0.00
  clock network delay (ideal)                             0.00       0.00
  u_core/ex_mem_trigger_hit_r_reg/CP (DFQD1BWP40P140)     0.00 #     0.00 r
  u_core/ex_mem_trigger_hit_r_reg/Q (DFQD1BWP40P140)      0.07       0.07 r
  U8374/ZN (OAI22D0BWP40P140)                             0.02       0.09 f
  u_core/ex_wb_trigger_idx_r_reg[1]/D (DFQD1BWP40P140)
                                                          0.00       0.09 f
  data arrival time                                                  0.09

  clock clk (rise edge)                                   0.00       0.00
  clock network delay (ideal)                             0.00       0.00
  clock uncertainty                                       0.05       0.05
  u_core/ex_wb_trigger_idx_r_reg[1]/CP (DFQD1BWP40P140)
                                                          0.00       0.05 r
  library hold time                                       0.01       0.06
  data required time                                                 0.06
  --------------------------------------------------------------------------
  data required time                                                 0.06
  data arrival time                                                 -0.09
  --------------------------------------------------------------------------
  slack (MET)                                                        0.02


  Startpoint: primed_reg (rising edge-triggered flip-flop clocked by clk)
  Endpoint: primed_reg (rising edge-triggered flip-flop clocked by clk)
  Path Group: clk
  Path Type: min

  Des/Clust/Port     Wire Load Model       Library
  ------------------------------------------------
  rfu                ZeroWireload          tcbn28hpcplusbwp40p140ssg0p81v0c
  bp                 ZeroWireload          tcbn28hpcplusbwp40p140ssg0p81v0c
  cpu_m1_top         ZeroWireload          tcbn28hpcplusbwp40p140ssg0p81v0c

  Point                                    Incr       Path
  -----------------------------------------------------------
  clock clk (rise edge)                    0.00       0.00
  clock network delay (ideal)              0.00       0.00
  primed_reg/CP (DFQD1BWP40P140)           0.00 #     0.00 r
  primed_reg/Q (DFQD1BWP40P140)            0.07       0.07 r
  U12031/ZN (MUX2ND0BWP40P140)             0.02       0.09 f
  primed_reg/D (DFQD1BWP40P140)            0.00       0.09 f
  data arrival time                                   0.09

  clock clk (rise edge)                    0.00       0.00
  clock network delay (ideal)              0.00       0.00
  clock uncertainty                        0.05       0.05
  primed_reg/CP (DFQD1BWP40P140)           0.00       0.05 r
  library hold time                        0.01       0.06
  data required time                                  0.06
  -----------------------------------------------------------
  data required time                                  0.06
  data arrival time                                  -0.09
  -----------------------------------------------------------
  slack (MET)                                         0.02


  Startpoint: u_core/u_div/iter_reg[3]
              (rising edge-triggered flip-flop clocked by clk)
  Endpoint: u_core/u_div/iter_reg[3]
            (rising edge-triggered flip-flop clocked by clk)
  Path Group: clk
  Path Type: min

  Des/Clust/Port     Wire Load Model       Library
  ------------------------------------------------
  rfu                ZeroWireload          tcbn28hpcplusbwp40p140ssg0p81v0c
  bp                 ZeroWireload          tcbn28hpcplusbwp40p140ssg0p81v0c
  cpu_m1_top         ZeroWireload          tcbn28hpcplusbwp40p140ssg0p81v0c

  Point                                                   Incr       Path
  --------------------------------------------------------------------------
  clock clk (rise edge)                                   0.00       0.00
  clock network delay (ideal)                             0.00       0.00
  u_core/u_div/iter_reg[3]/CP (DFQD1BWP40P140)            0.00 #     0.00 r
  u_core/u_div/iter_reg[3]/Q (DFQD1BWP40P140)             0.06       0.06 r
  U11337/ZN (OAI32D0BWP40P140)                            0.02       0.09 f
  u_core/u_div/iter_reg[3]/D (DFQD1BWP40P140)             0.00       0.09 f
  data arrival time                                                  0.09

  clock clk (rise edge)                                   0.00       0.00
  clock network delay (ideal)                             0.00       0.00
  clock uncertainty                                       0.05       0.05
  u_core/u_div/iter_reg[3]/CP (DFQD1BWP40P140)            0.00       0.05 r
  library hold time                                       0.01       0.06
  data required time                                                 0.06
  --------------------------------------------------------------------------
  data required time                                                 0.06
  data arrival time                                                 -0.09
  --------------------------------------------------------------------------
  slack (MET)                                                        0.02


  Startpoint: u_core/ex_mem_trigger_hit_r_reg
              (rising edge-triggered flip-flop clocked by clk)
  Endpoint: u_core/ex_wb_trigger_idx_r_reg[1]
            (rising edge-triggered flip-flop clocked by clk)
  Path Group: clk
  Path Type: min

  Des/Clust/Port     Wire Load Model       Library
  ------------------------------------------------
  rfu                ZeroWireload          tcbn28hpcplusbwp40p140ssg0p81v0c
  bp                 ZeroWireload          tcbn28hpcplusbwp40p140ssg0p81v0c
  cpu_m1_top         ZeroWireload          tcbn28hpcplusbwp40p140ssg0p81v0c

  Point                                                   Incr       Path
  --------------------------------------------------------------------------
  clock clk (rise edge)                                   0.00       0.00
  clock network delay (ideal)                             0.00       0.00
  u_core/ex_mem_trigger_hit_r_reg/CP (DFQD1BWP40P140)     0.00 #     0.00 r
  u_core/ex_mem_trigger_hit_r_reg/Q (DFQD1BWP40P140)      0.07       0.07 r
  U8374/ZN (OAI22D0BWP40P140)                             0.02       0.09 f
  u_core/ex_wb_trigger_idx_r_reg[1]/D (DFQD1BWP40P140)
                                                          0.00       0.09 f
  data arrival time                                                  0.09

  clock clk (rise edge)                                   0.00       0.00
  clock network delay (ideal)                             0.00       0.00
  clock uncertainty                                       0.05       0.05
  u_core/ex_wb_trigger_idx_r_reg[1]/CP (DFQD1BWP40P140)
                                                          0.00       0.05 r
  library hold time                                       0.01       0.06
  data required time                                                 0.06
  --------------------------------------------------------------------------
  data required time                                                 0.06
  data arrival time                                                 -0.09
  --------------------------------------------------------------------------
  slack (MET)                                                        0.03


  Startpoint: u_core/debug_step_pending_reg
              (rising edge-triggered flip-flop clocked by clk)
  Endpoint: u_core/u_csr/dcsr_cause_reg_reg[0]
            (rising edge-triggered flip-flop clocked by clk)
  Path Group: clk
  Path Type: min

  Des/Clust/Port     Wire Load Model       Library
  ------------------------------------------------
  rfu                ZeroWireload          tcbn28hpcplusbwp40p140ssg0p81v0c
  bp                 ZeroWireload          tcbn28hpcplusbwp40p140ssg0p81v0c
  cpu_m1_top         ZeroWireload          tcbn28hpcplusbwp40p140ssg0p81v0c

  Point                                                   Incr       Path
  --------------------------------------------------------------------------
  clock clk (rise edge)                                   0.00       0.00
  clock network delay (ideal)                             0.00       0.00
  u_core/debug_step_pending_reg/CP (DFQD1BWP40P140)       0.00 #     0.00 r
  u_core/debug_step_pending_reg/Q (DFQD1BWP40P140)        0.07       0.07 r
  U8282/ZN (OAI22D0BWP40P140)                             0.02       0.09 f
  u_core/u_csr/dcsr_cause_reg_reg[0]/D (DFQD1BWP40P140)
                                                          0.00       0.09 f
  data arrival time                                                  0.09

  clock clk (rise edge)                                   0.00       0.00
  clock network delay (ideal)                             0.00       0.00
  clock uncertainty                                       0.05       0.05
  u_core/u_csr/dcsr_cause_reg_reg[0]/CP (DFQD1BWP40P140)
                                                          0.00       0.05 r
  library hold time                                       0.01       0.06
  data required time                                                 0.06
  --------------------------------------------------------------------------
  data required time                                                 0.06
  data arrival time                                                 -0.09
  --------------------------------------------------------------------------
  slack (MET)                                                        0.03


  Startpoint: u_core/u_div/iter_reg[2]
              (rising edge-triggered flip-flop clocked by clk)
  Endpoint: u_core/u_div/iter_reg[2]
            (rising edge-triggered flip-flop clocked by clk)
  Path Group: clk
  Path Type: min

  Des/Clust/Port     Wire Load Model       Library
  ------------------------------------------------
  rfu                ZeroWireload          tcbn28hpcplusbwp40p140ssg0p81v0c
  bp                 ZeroWireload          tcbn28hpcplusbwp40p140ssg0p81v0c
  cpu_m1_top         ZeroWireload          tcbn28hpcplusbwp40p140ssg0p81v0c

  Point                                                   Incr       Path
  --------------------------------------------------------------------------
  clock clk (rise edge)                                   0.00       0.00
  clock network delay (ideal)                             0.00       0.00
  u_core/u_div/iter_reg[2]/CP (DFQD1BWP40P140)            0.00 #     0.00 r
  u_core/u_div/iter_reg[2]/Q (DFQD1BWP40P140)             0.06       0.06 r
  U10675/ZN (OAI31D0BWP40P140)                            0.03       0.09 f
  u_core/u_div/iter_reg[2]/D (DFQD1BWP40P140)             0.00       0.09 f
  data arrival time                                                  0.09

  clock clk (rise edge)                                   0.00       0.00
  clock network delay (ideal)                             0.00       0.00
  clock uncertainty                                       0.05       0.05
  u_core/u_div/iter_reg[2]/CP (DFQD1BWP40P140)            0.00       0.05 r
  library hold time                                       0.01       0.06
  data required time                                                 0.06
  --------------------------------------------------------------------------
  data required time                                                 0.06
  data arrival time                                                 -0.09
  --------------------------------------------------------------------------
  slack (MET)                                                        0.03


  Startpoint: u_core/u_div/iter_reg[3]
              (rising edge-triggered flip-flop clocked by clk)
  Endpoint: u_core/u_div/iter_reg[3]
            (rising edge-triggered flip-flop clocked by clk)
  Path Group: clk
  Path Type: min

  Des/Clust/Port     Wire Load Model       Library
  ------------------------------------------------
  rfu                ZeroWireload          tcbn28hpcplusbwp40p140ssg0p81v0c
  bp                 ZeroWireload          tcbn28hpcplusbwp40p140ssg0p81v0c
  cpu_m1_top         ZeroWireload          tcbn28hpcplusbwp40p140ssg0p81v0c

  Point                                                   Incr       Path
  --------------------------------------------------------------------------
  clock clk (rise edge)                                   0.00       0.00
  clock network delay (ideal)                             0.00       0.00
  u_core/u_div/iter_reg[3]/CP (DFQD1BWP40P140)            0.00 #     0.00 r
  u_core/u_div/iter_reg[3]/Q (DFQD1BWP40P140)             0.06       0.06 r
  U11337/ZN (OAI32D0BWP40P140)                            0.03       0.09 f
  u_core/u_div/iter_reg[3]/D (DFQD1BWP40P140)             0.00       0.09 f
  data arrival time                                                  0.09

  clock clk (rise edge)                                   0.00       0.00
  clock network delay (ideal)                             0.00       0.00
  clock uncertainty                                       0.05       0.05
  u_core/u_div/iter_reg[3]/CP (DFQD1BWP40P140)            0.00       0.05 r
  library hold time                                       0.01       0.06
  data required time                                                 0.06
  --------------------------------------------------------------------------
  data required time                                                 0.06
  data arrival time                                                 -0.09
  --------------------------------------------------------------------------
  slack (MET)                                                        0.03


  Startpoint: u_core/ex_mem_trigger_hit_r_reg
              (rising edge-triggered flip-flop clocked by clk)
  Endpoint: u_core/ex_wb_trigger_idx_r_reg[1]
            (rising edge-triggered flip-flop clocked by clk)
  Path Group: clk
  Path Type: min

  Des/Clust/Port     Wire Load Model       Library
  ------------------------------------------------
  rfu                ZeroWireload          tcbn28hpcplusbwp40p140ssg0p81v0c
  bp                 ZeroWireload          tcbn28hpcplusbwp40p140ssg0p81v0c
  cpu_m1_top         ZeroWireload          tcbn28hpcplusbwp40p140ssg0p81v0c

  Point                                                   Incr       Path
  --------------------------------------------------------------------------
  clock clk (rise edge)                                   0.00       0.00
  clock network delay (ideal)                             0.00       0.00
  u_core/ex_mem_trigger_hit_r_reg/CP (DFQD1BWP40P140)     0.00 #     0.00 r
  u_core/ex_mem_trigger_hit_r_reg/Q (DFQD1BWP40P140)      0.07       0.07 r
  U8374/ZN (OAI22D0BWP40P140)                             0.03       0.09 f
  u_core/ex_wb_trigger_idx_r_reg[1]/D (DFQD1BWP40P140)
                                                          0.00       0.09 f
  data arrival time                                                  0.09

  clock clk (rise edge)                                   0.00       0.00
  clock network delay (ideal)                             0.00       0.00
  clock uncertainty                                       0.05       0.05
  u_core/ex_wb_trigger_idx_r_reg[1]/CP (DFQD1BWP40P140)
                                                          0.00       0.05 r
  library hold time                                       0.01       0.06
  data required time                                                 0.06
  --------------------------------------------------------------------------
  data required time                                                 0.06
  data arrival time                                                 -0.09
  --------------------------------------------------------------------------
  slack (MET)                                                        0.03


  Startpoint: u_core/u_div/iter_reg[0]
              (rising edge-triggered flip-flop clocked by clk)
  Endpoint: u_core/u_div/iter_reg[0]
            (rising edge-triggered flip-flop clocked by clk)
  Path Group: clk
  Path Type: min

  Des/Clust/Port     Wire Load Model       Library
  ------------------------------------------------
  rfu                ZeroWireload          tcbn28hpcplusbwp40p140ssg0p81v0c
  bp                 ZeroWireload          tcbn28hpcplusbwp40p140ssg0p81v0c
  cpu_m1_top         ZeroWireload          tcbn28hpcplusbwp40p140ssg0p81v0c

  Point                                                   Incr       Path
  --------------------------------------------------------------------------
  clock clk (rise edge)                                   0.00       0.00
  clock network delay (ideal)                             0.00       0.00
  u_core/u_div/iter_reg[0]/CP (DFQD1BWP40P140)            0.00 #     0.00 r
  u_core/u_div/iter_reg[0]/Q (DFQD1BWP40P140)             0.07       0.07 r
  U11384/ZN (MAOI22D0BWP40P140)                           0.02       0.09 f
  u_core/u_div/iter_reg[0]/D (DFQD1BWP40P140)             0.00       0.09 f
  data arrival time                                                  0.09

  clock clk (rise edge)                                   0.00       0.00
  clock network delay (ideal)                             0.00       0.00
  clock uncertainty                                       0.05       0.05
  u_core/u_div/iter_reg[0]/CP (DFQD1BWP40P140)            0.00       0.05 r
  library hold time                                       0.01       0.06
  data required time                                                 0.06
  --------------------------------------------------------------------------
  data required time                                                 0.06
  data arrival time                                                 -0.09
  --------------------------------------------------------------------------
  slack (MET)                                                        0.03


  Startpoint: u_core/u_div/iter_reg[0]
              (rising edge-triggered flip-flop clocked by clk)
  Endpoint: u_core/u_div/iter_reg[0]
            (rising edge-triggered flip-flop clocked by clk)
  Path Group: clk
  Path Type: min

  Des/Clust/Port     Wire Load Model       Library
  ------------------------------------------------
  rfu                ZeroWireload          tcbn28hpcplusbwp40p140ssg0p81v0c
  bp                 ZeroWireload          tcbn28hpcplusbwp40p140ssg0p81v0c
  cpu_m1_top         ZeroWireload          tcbn28hpcplusbwp40p140ssg0p81v0c

  Point                                                   Incr       Path
  --------------------------------------------------------------------------
  clock clk (rise edge)                                   0.00       0.00
  clock network delay (ideal)                             0.00       0.00
  u_core/u_div/iter_reg[0]/CP (DFQD1BWP40P140)            0.00 #     0.00 r
  u_core/u_div/iter_reg[0]/Q (DFQD1BWP40P140)             0.07       0.07 r
  U11384/ZN (MAOI22D0BWP40P140)                           0.02       0.09 f
  u_core/u_div/iter_reg[0]/D (DFQD1BWP40P140)             0.00       0.09 f
  data arrival time                                                  0.09

  clock clk (rise edge)                                   0.00       0.00
  clock network delay (ideal)                             0.00       0.00
  clock uncertainty                                       0.05       0.05
  u_core/u_div/iter_reg[0]/CP (DFQD1BWP40P140)            0.00       0.05 r
  library hold time                                       0.01       0.06
  data required time                                                 0.06
  --------------------------------------------------------------------------
  data required time                                                 0.06
  data arrival time                                                 -0.09
  --------------------------------------------------------------------------
  slack (MET)                                                        0.03


  Startpoint: u_core/u_div/iter_reg[0]
              (rising edge-triggered flip-flop clocked by clk)
  Endpoint: u_core/u_div/iter_reg[0]
            (rising edge-triggered flip-flop clocked by clk)
  Path Group: clk
  Path Type: min

  Des/Clust/Port     Wire Load Model       Library
  ------------------------------------------------
  rfu                ZeroWireload          tcbn28hpcplusbwp40p140ssg0p81v0c
  bp                 ZeroWireload          tcbn28hpcplusbwp40p140ssg0p81v0c
  cpu_m1_top         ZeroWireload          tcbn28hpcplusbwp40p140ssg0p81v0c

  Point                                                   Incr       Path
  --------------------------------------------------------------------------
  clock clk (rise edge)                                   0.00       0.00
  clock network delay (ideal)                             0.00       0.00
  u_core/u_div/iter_reg[0]/CP (DFQD1BWP40P140)            0.00 #     0.00 r
  u_core/u_div/iter_reg[0]/Q (DFQD1BWP40P140)             0.07       0.07 r
  U11384/ZN (MAOI22D0BWP40P140)                           0.02       0.09 f
  u_core/u_div/iter_reg[0]/D (DFQD1BWP40P140)             0.00       0.09 f
  data arrival time                                                  0.09

  clock clk (rise edge)                                   0.00       0.00
  clock network delay (ideal)                             0.00       0.00
  clock uncertainty                                       0.05       0.05
  u_core/u_div/iter_reg[0]/CP (DFQD1BWP40P140)            0.00       0.05 r
  library hold time                                       0.01       0.06
  data required time                                                 0.06
  --------------------------------------------------------------------------
  data required time                                                 0.06
  data arrival time                                                 -0.09
  --------------------------------------------------------------------------
  slack (MET)                                                        0.03


  Startpoint: u_core/debug_step_pending_reg
              (rising edge-triggered flip-flop clocked by clk)
  Endpoint: u_core/u_csr/dcsr_cause_reg_reg[0]
            (rising edge-triggered flip-flop clocked by clk)
  Path Group: clk
  Path Type: min

  Des/Clust/Port     Wire Load Model       Library
  ------------------------------------------------
  rfu                ZeroWireload          tcbn28hpcplusbwp40p140ssg0p81v0c
  bp                 ZeroWireload          tcbn28hpcplusbwp40p140ssg0p81v0c
  cpu_m1_top         ZeroWireload          tcbn28hpcplusbwp40p140ssg0p81v0c

  Point                                                   Incr       Path
  --------------------------------------------------------------------------
  clock clk (rise edge)                                   0.00       0.00
  clock network delay (ideal)                             0.00       0.00
  u_core/debug_step_pending_reg/CP (DFQD1BWP40P140)       0.00 #     0.00 r
  u_core/debug_step_pending_reg/Q (DFQD1BWP40P140)        0.07       0.07 r
  U8282/ZN (OAI22D0BWP40P140)                             0.03       0.09 f
  u_core/u_csr/dcsr_cause_reg_reg[0]/D (DFQD1BWP40P140)
                                                          0.00       0.09 f
  data arrival time                                                  0.09

  clock clk (rise edge)                                   0.00       0.00
  clock network delay (ideal)                             0.00       0.00
  clock uncertainty                                       0.05       0.05
  u_core/u_csr/dcsr_cause_reg_reg[0]/CP (DFQD1BWP40P140)
                                                          0.00       0.05 r
  library hold time                                       0.01       0.06
  data required time                                                 0.06
  --------------------------------------------------------------------------
  data required time                                                 0.06
  data arrival time                                                 -0.09
  --------------------------------------------------------------------------
  slack (MET)                                                        0.03


  Startpoint: u_core/u_csr/instret_cnt_reg[0]
              (rising edge-triggered flip-flop clocked by clk)
  Endpoint: u_core/u_csr/instret_cnt_reg[0]
            (rising edge-triggered flip-flop clocked by clk)
  Path Group: clk
  Path Type: min

  Des/Clust/Port     Wire Load Model       Library
  ------------------------------------------------
  rfu                ZeroWireload          tcbn28hpcplusbwp40p140ssg0p81v0c
  bp                 ZeroWireload          tcbn28hpcplusbwp40p140ssg0p81v0c
  cpu_m1_top         ZeroWireload          tcbn28hpcplusbwp40p140ssg0p81v0c

  Point                                                   Incr       Path
  --------------------------------------------------------------------------
  clock clk (rise edge)                                   0.00       0.00
  clock network delay (ideal)                             0.00       0.00
  u_core/u_csr/instret_cnt_reg[0]/CP (DFQD1BWP40P140)     0.00 #     0.00 r
  u_core/u_csr/instret_cnt_reg[0]/Q (DFQD1BWP40P140)      0.07       0.07 r
  U6887/ZN (MAOI22D0BWP40P140)                            0.02       0.09 f
  u_core/u_csr/instret_cnt_reg[0]/D (DFQD1BWP40P140)      0.00       0.09 f
  data arrival time                                                  0.09

  clock clk (rise edge)                                   0.00       0.00
  clock network delay (ideal)                             0.00       0.00
  clock uncertainty                                       0.05       0.05
  u_core/u_csr/instret_cnt_reg[0]/CP (DFQD1BWP40P140)     0.00       0.05 r
  library hold time                                       0.01       0.06
  data required time                                                 0.06
  --------------------------------------------------------------------------
  data required time                                                 0.06
  data arrival time                                                 -0.09
  --------------------------------------------------------------------------
  slack (MET)                                                        0.03


  Startpoint: u_core/u_csr/instret_cnt_reg[0]
              (rising edge-triggered flip-flop clocked by clk)
  Endpoint: u_core/u_csr/instret_cnt_reg[0]
            (rising edge-triggered flip-flop clocked by clk)
  Path Group: clk
  Path Type: min

  Des/Clust/Port     Wire Load Model       Library
  ------------------------------------------------
  rfu                ZeroWireload          tcbn28hpcplusbwp40p140ssg0p81v0c
  bp                 ZeroWireload          tcbn28hpcplusbwp40p140ssg0p81v0c
  cpu_m1_top         ZeroWireload          tcbn28hpcplusbwp40p140ssg0p81v0c

  Point                                                   Incr       Path
  --------------------------------------------------------------------------
  clock clk (rise edge)                                   0.00       0.00
  clock network delay (ideal)                             0.00       0.00
  u_core/u_csr/instret_cnt_reg[0]/CP (DFQD1BWP40P140)     0.00 #     0.00 r
  u_core/u_csr/instret_cnt_reg[0]/Q (DFQD1BWP40P140)      0.07       0.07 r
  U6887/ZN (MAOI22D0BWP40P140)                            0.02       0.09 f
  u_core/u_csr/instret_cnt_reg[0]/D (DFQD1BWP40P140)      0.00       0.09 f
  data arrival time                                                  0.09

  clock clk (rise edge)                                   0.00       0.00
  clock network delay (ideal)                             0.00       0.00
  clock uncertainty                                       0.05       0.05
  u_core/u_csr/instret_cnt_reg[0]/CP (DFQD1BWP40P140)     0.00       0.05 r
  library hold time                                       0.01       0.06
  data required time                                                 0.06
  --------------------------------------------------------------------------
  data required time                                                 0.06
  data arrival time                                                 -0.09
  --------------------------------------------------------------------------
  slack (MET)                                                        0.03


  Startpoint: u_core/u_csr/instret_cnt_reg[0]
              (rising edge-triggered flip-flop clocked by clk)
  Endpoint: u_core/u_csr/instret_cnt_reg[0]
            (rising edge-triggered flip-flop clocked by clk)
  Path Group: clk
  Path Type: min

  Des/Clust/Port     Wire Load Model       Library
  ------------------------------------------------
  rfu                ZeroWireload          tcbn28hpcplusbwp40p140ssg0p81v0c
  bp                 ZeroWireload          tcbn28hpcplusbwp40p140ssg0p81v0c
  cpu_m1_top         ZeroWireload          tcbn28hpcplusbwp40p140ssg0p81v0c

  Point                                                   Incr       Path
  --------------------------------------------------------------------------
  clock clk (rise edge)                                   0.00       0.00
  clock network delay (ideal)                             0.00       0.00
  u_core/u_csr/instret_cnt_reg[0]/CP (DFQD1BWP40P140)     0.00 #     0.00 r
  u_core/u_csr/instret_cnt_reg[0]/Q (DFQD1BWP40P140)      0.07       0.07 r
  U6887/ZN (MAOI22D0BWP40P140)                            0.02       0.09 f
  u_core/u_csr/instret_cnt_reg[0]/D (DFQD1BWP40P140)      0.00       0.09 f
  data arrival time                                                  0.09

  clock clk (rise edge)                                   0.00       0.00
  clock network delay (ideal)                             0.00       0.00
  clock uncertainty                                       0.05       0.05
  u_core/u_csr/instret_cnt_reg[0]/CP (DFQD1BWP40P140)     0.00       0.05 r
  library hold time                                       0.01       0.06
  data required time                                                 0.06
  --------------------------------------------------------------------------
  data required time                                                 0.06
  data arrival time                                                 -0.09
  --------------------------------------------------------------------------
  slack (MET)                                                        0.03


  Startpoint: u_core/u_div/iter_reg[3]
              (rising edge-triggered flip-flop clocked by clk)
  Endpoint: u_core/u_div/iter_reg[3]
            (rising edge-triggered flip-flop clocked by clk)
  Path Group: clk
  Path Type: min

  Des/Clust/Port     Wire Load Model       Library
  ------------------------------------------------
  rfu                ZeroWireload          tcbn28hpcplusbwp40p140ssg0p81v0c
  bp                 ZeroWireload          tcbn28hpcplusbwp40p140ssg0p81v0c
  cpu_m1_top         ZeroWireload          tcbn28hpcplusbwp40p140ssg0p81v0c

  Point                                                   Incr       Path
  --------------------------------------------------------------------------
  clock clk (rise edge)                                   0.00       0.00
  clock network delay (ideal)                             0.00       0.00
  u_core/u_div/iter_reg[3]/CP (DFQD1BWP40P140)            0.00 #     0.00 r
  u_core/u_div/iter_reg[3]/Q (DFQD1BWP40P140)             0.06       0.06 r
  U11337/ZN (OAI32D0BWP40P140)                            0.03       0.09 f
  u_core/u_div/iter_reg[3]/D (DFQD1BWP40P140)             0.00       0.09 f
  data arrival time                                                  0.09

  clock clk (rise edge)                                   0.00       0.00
  clock network delay (ideal)                             0.00       0.00
  clock uncertainty                                       0.05       0.05
  u_core/u_div/iter_reg[3]/CP (DFQD1BWP40P140)            0.00       0.05 r
  library hold time                                       0.01       0.06
  data required time                                                 0.06
  --------------------------------------------------------------------------
  data required time                                                 0.06
  data arrival time                                                 -0.09
  --------------------------------------------------------------------------
  slack (MET)                                                        0.03


  Startpoint: u_core/debug_step_pending_reg
              (rising edge-triggered flip-flop clocked by clk)
  Endpoint: u_core/u_csr/dcsr_cause_reg_reg[0]
            (rising edge-triggered flip-flop clocked by clk)
  Path Group: clk
  Path Type: min

  Des/Clust/Port     Wire Load Model       Library
  ------------------------------------------------
  rfu                ZeroWireload          tcbn28hpcplusbwp40p140ssg0p81v0c
  bp                 ZeroWireload          tcbn28hpcplusbwp40p140ssg0p81v0c
  cpu_m1_top         ZeroWireload          tcbn28hpcplusbwp40p140ssg0p81v0c

  Point                                                   Incr       Path
  --------------------------------------------------------------------------
  clock clk (rise edge)                                   0.00       0.00
  clock network delay (ideal)                             0.00       0.00
  u_core/debug_step_pending_reg/CP (DFQD1BWP40P140)       0.00 #     0.00 r
  u_core/debug_step_pending_reg/Q (DFQD1BWP40P140)        0.07       0.07 r
  U8282/ZN (OAI22D0BWP40P140)                             0.03       0.10 f
  u_core/u_csr/dcsr_cause_reg_reg[0]/D (DFQD1BWP40P140)
                                                          0.00       0.10 f
  data arrival time                                                  0.10

  clock clk (rise edge)                                   0.00       0.00
  clock network delay (ideal)                             0.00       0.00
  clock uncertainty                                       0.05       0.05
  u_core/u_csr/dcsr_cause_reg_reg[0]/CP (DFQD1BWP40P140)
                                                          0.00       0.05 r
  library hold time                                       0.01       0.06
  data required time                                                 0.06
  --------------------------------------------------------------------------
  data required time                                                 0.06
  data arrival time                                                 -0.10
  --------------------------------------------------------------------------
  slack (MET)                                                        0.03


  Startpoint: u_core/md_result_q_reg[10]
              (rising edge-triggered flip-flop clocked by clk)
  Endpoint: u_core/ex_mem_md_result_r_reg[10]
            (rising edge-triggered flip-flop clocked by clk)
  Path Group: clk
  Path Type: min

  Des/Clust/Port     Wire Load Model       Library
  ------------------------------------------------
  rfu                ZeroWireload          tcbn28hpcplusbwp40p140ssg0p81v0c
  bp                 ZeroWireload          tcbn28hpcplusbwp40p140ssg0p81v0c
  cpu_m1_top         ZeroWireload          tcbn28hpcplusbwp40p140ssg0p81v0c

  Point                                                   Incr       Path
  --------------------------------------------------------------------------
  clock clk (rise edge)                                   0.00       0.00
  clock network delay (ideal)                             0.00       0.00
  u_core/md_result_q_reg[10]/CP (DFQD1BWP40P140)          0.00 #     0.00 r
  u_core/md_result_q_reg[10]/Q (DFQD1BWP40P140)           0.08       0.08 f
  u_core/ex_mem_md_result_r_reg[10]/D (EDFQD2BWP40P140)
                                                          0.00       0.08 f
  data arrival time                                                  0.08

  clock clk (rise edge)                                   0.00       0.00
  clock network delay (ideal)                             0.00       0.00
  clock uncertainty                                       0.05       0.05
  u_core/ex_mem_md_result_r_reg[10]/CP (EDFQD2BWP40P140)
                                                          0.00       0.05 r
  library hold time                                      -0.01       0.04
  data required time                                                 0.04
  --------------------------------------------------------------------------
  data required time                                                 0.04
  data arrival time                                                 -0.08
  --------------------------------------------------------------------------
  slack (MET)                                                        0.04


  Startpoint: u_core/md_result_q_reg[0]
              (rising edge-triggered flip-flop clocked by clk)
  Endpoint: u_core/ex_mem_md_result_r_reg[0]
            (rising edge-triggered flip-flop clocked by clk)
  Path Group: clk
  Path Type: min

  Des/Clust/Port     Wire Load Model       Library
  ------------------------------------------------
  rfu                ZeroWireload          tcbn28hpcplusbwp40p140ssg0p81v0c
  bp                 ZeroWireload          tcbn28hpcplusbwp40p140ssg0p81v0c
  cpu_m1_top         ZeroWireload          tcbn28hpcplusbwp40p140ssg0p81v0c

  Point                                                   Incr       Path
  --------------------------------------------------------------------------
  clock clk (rise edge)                                   0.00       0.00
  clock network delay (ideal)                             0.00       0.00
  u_core/md_result_q_reg[0]/CP (DFQD1BWP40P140)           0.00 #     0.00 r
  u_core/md_result_q_reg[0]/Q (DFQD1BWP40P140)            0.08       0.08 f
  u_core/ex_mem_md_result_r_reg[0]/D (EDFQD2BWP40P140)
                                                          0.00       0.08 f
  data arrival time                                                  0.08

  clock clk (rise edge)                                   0.00       0.00
  clock network delay (ideal)                             0.00       0.00
  clock uncertainty                                       0.05       0.05
  u_core/ex_mem_md_result_r_reg[0]/CP (EDFQD2BWP40P140)
                                                          0.00       0.05 r
  library hold time                                      -0.01       0.04
  data required time                                                 0.04
  --------------------------------------------------------------------------
  data required time                                                 0.04
  data arrival time                                                 -0.08
  --------------------------------------------------------------------------
  slack (MET)                                                        0.04


1
