(2026-06-09 22:54:22),0.000188335,0,start,845.207,13,RegisterApps : 
(2026-06-09 22:54:22),0.00935078,0,start,1263.17,430,LicenseMgr Init : 
(2026-06-09 22:54:22),0.0145084,0,end,1268.43,431,LicenseMgr Init : 
(2026-06-09 22:54:22),0.0146483,0,end,1339.15,432,RegisterApps : 
(2026-06-09 22:54:23),0.0191139,0,start,1389.85,481,VCS Read Task : 
(2026-06-09 22:54:23),0.031603,0,end,1390.1,481,VCS Read Task : 
(2026-06-09 22:54:23),0.0318599,0,start,1390.1,478,Load VCS Message: 
(2026-06-09 22:54:23),0.0318619,0,end,1390.1,478,Load VCS Message: 
(2026-06-09 22:54:23),0.0318623,0,start,1390.1,478,NLDM Creation : 
(2026-06-09 22:54:23),0.0318626,0,start,1390.1,478,LoadCircuitModel : 
(2026-06-09 22:54:23),0.031873,0,start,1390.1,478,VsiLib_Restore : 
(2026-06-09 22:54:23),0.0318735,0,end,1390.1,478,VsiLib_Restore : 
(2026-06-09 22:54:23),0.0318738,0,end,1390.1,478,LoadCircuitModel : 
(2026-06-09 22:54:23),0.0318743,0,start,1390.1,478,BuildNetlist : 
(2026-06-09 22:54:23),0.031875,0,start,1390.1,478,NLDM Build : 
(2026-06-09 22:54:23),0.0319386,0,start,1410.55,500,XMR_Resolution : Total:0 : 
(2026-06-09 22:54:23),0.031939,0,end,1410.55,500,XMR_Resolution : Success:0 : 
(2026-06-09 22:54:23),0.0319399,0,end,1410.55,500,NLDM Build : 
(2026-06-09 22:54:23),0.0319412,1,start,1410.55,500,Cell properties : 
(2026-06-09 22:54:23),0.0319422,1,end,1410.55,500,Cell properties : 
(2026-06-09 22:54:23),0.0319425,0,end,1410.55,500,BuildNetlist : 
(2026-06-09 22:54:23),0.0319431,0,end,1410.55,500,NLDM Creation : 
(2026-06-09 22:54:23),0.0319566,0,start,1410.55,500,PropertyLoad: Formal Property : 
(2026-06-09 22:54:23),0.0319667,0,end,1410.55,500,PropertyLoad: Formal Property : 
(2026-06-09 22:54:23),0.0319671,0,start,1410.55,500,PropertyLoad: Formal Property : 
(2026-06-09 22:54:23),0.0319674,0,end,1410.55,500,PropertyLoad: Formal Property : 
(2026-06-09 22:54:23),0.0319677,0,start,1410.55,500,PropertyLoad: Formal Property : 
(2026-06-09 22:54:23),0.0319679,0,end,1410.55,500,PropertyLoad: Formal Property : 
(2026-06-09 22:54:23),0.0319698,0,start,1410.55,500,StaticCheck: StaticCheckProcess : 
(2026-06-09 22:54:23),0.0319707,0,start,1410.55,500,StaticCheck: NldfgFlatDesign : 
(2026-06-09 22:54:23),0.0319711,0,start,1410.55,500,StaticCheck: createFlatDesign : 
(2026-06-09 22:54:23),0.0320006,0,end,1419.57,509,StaticCheck: createFlatDesign : 
(2026-06-09 22:54:23),0.0320009,0,start,1419.57,509,StaticCheck: legalize : 
(2026-06-09 22:54:23),0.0320019,0,end,1419.57,509,StaticCheck: legalize : 
(2026-06-09 22:54:23),0.0320021,0,start,1419.57,509,StaticCheck: reduceBidirectionals : 
(2026-06-09 22:54:23),0.0320024,0,end,1419.57,509,StaticCheck: reduceBidirectionals : 
(2026-06-09 22:54:23),0.0320026,0,start,1419.57,509,StaticCheck: computeNetEquivalences : 
(2026-06-09 22:54:23),0.032003,0,end,1419.57,509,StaticCheck: computeNetEquivalences : 
(2026-06-09 22:54:23),0.0320032,0,start,1419.57,509,StaticCheck: eliminateBidirectionals : 
(2026-06-09 22:54:23),0.0320034,0,end,1419.57,509,StaticCheck: eliminateBidirectionals : 
(2026-06-09 22:54:23),0.0320038,0,end,1419.57,509,StaticCheck: NldfgFlatDesign : 
(2026-06-09 22:54:23),0.0320041,0,start,1419.57,509,StaticCheck: CombLoopCheck  : 
(2026-06-09 22:54:23),0.0320043,0,start,1419.57,509,CombLoop : Topo Order 
(2026-06-09 22:54:23),0.0320061,0,end,1419.57,509,CombLoop : Topo Order 
(2026-06-09 22:54:23),0.0320063,0,start,1419.57,509,CombLoop : Compute Segments 
(2026-06-09 22:54:23),0.0320065,0,end,1419.57,509,CombLoop : Compute Segments 
(2026-06-09 22:54:23),0.0320068,0,end,1419.57,509,StaticCheck: CombLoopCheck  : 
(2026-06-09 22:54:23),0.0320071,0,start,1419.57,509,StaticCheck: MultiDriverCheck  : 
(2026-06-09 22:54:23),0.0320077,0,end,1419.57,509,StaticCheck: MultiDriverCheck  : 
(2026-06-09 22:54:23),0.0320081,0,end,1419.57,500,StaticCheck: StaticCheckProcess : 
(2026-06-09 22:54:23),0.0320085,0,start,1419.57,500,createWordSplitBaseNetCacheUtil
(2026-06-09 22:54:23),0.032009,0,end,1419.57,500,createWordSplitBaseNetCacheUtil
(2026-06-09 22:54:23),0.0320092,0,start,1419.57,500,populate SSF data: 
(2026-06-09 22:54:23),0.0320094,0,end,1419.57,500,populate SSF data: 
(2026-06-09 22:54:23),0.0320097,0,start,1419.57,500,DumpGateCountStats : 
(2026-06-09 22:54:23),0.0320118,0,end,1419.57,500,DumpGateCountStats : 
(2026-06-09 22:54:23),0.0320121,0,start,1419.57,500,DataModelStats : 
(2026-06-09 22:54:23),0.0320128,0,end,1419.57,500,DataModelStats : 
(2026-06-09 22:54:23),0.0320162,1,start,1419.57,509,ModuleDesignPropagation : 
(2026-06-09 22:54:23),0.0320166,1,end,1419.57,509,ModuleDesignPropagation : 
(2026-06-09 22:54:24),0.0331157,0,start,1428.06,519,XMR_Resolution : Total:1 : 
(2026-06-09 22:54:24),0.0331176,0,end,1428.06,519,XMR_Resolution : Success:1 : 
(2026-06-09 22:54:24),0.0331186,0,start,1428.06,519,sim build substep: 
(2026-06-09 22:54:24),0.0331403,0,end,1428.18,519,sim build substep: 
(2026-06-09 22:54:24),0.0331409,0,start,1428.18,519,sim run substep: 
(2026-06-09 22:54:24),0.0333164,0,end,1435.12,526,sim run substep: 
(2026-06-09 22:54:24),0.0333353,0,start,1435.12,526,sim_save_reset : 
(2026-06-09 22:54:24),0.0336288,0,end,1444.75,512,sim_save_reset : 
(2026-06-09 22:54:24),0.0336341,0,start,1444.75,512,Check: check_fv : 
(2026-06-09 22:54:24),0.0336381,0,start,1444.75,512,Check: BuildFormal : 
(2026-06-09 22:54:24),0.0336387,0,start,1444.75,512,Check: Init : 
(2026-06-09 22:54:24),0.033639,0,end,1444.75,512,Check: Init : 
(2026-06-09 22:54:24),0.0336393,0,start,1444.75,512,Check: ResetSetup : 
(2026-06-09 22:54:24),0.0336396,0,start,1444.75,512,Check: EnvInstrumentation : 
(2026-06-09 22:54:24),0.0336399,0,end,1444.75,512,Check: EnvInstrumentation : 
(2026-06-09 22:54:24),0.033641,0,end,1444.75,512,Check: ResetSetup : 
(2026-06-09 22:54:24),0.0336415,0,start,1444.75,512,Check: BotEotInstr : 
(2026-06-09 22:54:24),0.0336419,0,end,1444.75,512,Check: BotEotInstr : 
(2026-06-09 22:54:24),0.0336422,0,start,1444.75,512,Check: VPSetup : 
(2026-06-09 22:54:24),0.0336452,0,end,1444.75,512,Check: VPSetup : 
(2026-06-09 22:54:24),0.0336455,0,start,1444.75,512,Check: VPReset : 
(2026-06-09 22:54:24),0.0336468,0,end,1444.75,512,Check: VPReset : 
(2026-06-09 22:54:24),0.0336473,0,start,1444.75,512,Check: InitApp : 
(2026-06-09 22:54:24),0.0336578,0,end,1444.75,512,Check: InitApp : 
(2026-06-09 22:54:24),0.0336586,0,start,1444.75,512,Check: FormalModel : 
(2026-06-09 22:54:24),0.0336592,0,start,1444.75,512,DfgBuild: Setup : 
(2026-06-09 22:54:24),0.0336595,0,start,1444.75,512,DfgBuild: ValidateNLDMOperators : 
(2026-06-09 22:54:24),0.0336606,0,end,1444.75,512,DfgBuild: ValidateNLDMOperators : 
(2026-06-09 22:54:24),0.0336608,0,end,1444.75,512,DfgBuild: Setup : 
(2026-06-09 22:54:24),0.0336611,0,start,1444.75,512,DfgBuild: ReuseCheck : 
(2026-06-09 22:54:24),0.0336614,0,end,1444.75,512,DfgBuild: ReuseCheck : 
(2026-06-09 22:54:24),0.0336618,0,start,1444.75,512,DfgBuild: Flatten : 
(2026-06-09 22:54:24),0.0336854,0,end,1452.76,521,DfgBuild: Flatten : 
(2026-06-09 22:54:24),0.033686,0,start,1452.76,521,DfgBuild: ClockSetup : 
(2026-06-09 22:54:24),0.0336866,0,end,1452.76,521,DfgBuild: ClockSetup : 
(2026-06-09 22:54:24),0.0336869,0,start,1452.76,521,DfgBuild: Modeling : 
(2026-06-09 22:54:24),0.0336884,0,end,1452.76,521,DfgBuild: Modeling : 
(2026-06-09 22:54:24),0.033689,0,start,1452.76,521,DfgBuild: FlatRemodel : 
(2026-06-09 22:54:24),0.0336912,0,end,1452.76,521,DfgBuild: FlatRemodel : 
(2026-06-09 22:54:24),0.0336918,0,start,1452.76,521,DfgBuild: NldfgBuild : 
(2026-06-09 22:54:24),0.0336925,0,start,1452.76,522,NldfgBuild : Print statistics 
(2026-06-09 22:54:24),0.0336928,0,end,1452.76,522,NldfgBuild : Print statistics 
(2026-06-09 22:54:24),0.0336931,0,start,1452.76,522,NldfgBuild : Reduce bidirectionals 
(2026-06-09 22:54:24),0.0336933,0,end,1452.76,522,NldfgBuild : Reduce bidirectionals 
(2026-06-09 22:54:24),0.0336936,0,start,1452.76,522,NldfgBuild : Cutpoint Insertion 
(2026-06-09 22:54:24),0.033697,0,end,1452.76,522,NldfgBuild : Cutpoint Insertion 
(2026-06-09 22:54:24),0.0336976,0,start,1452.76,522,NldfgBuild : Compute net equivalences 
(2026-06-09 22:54:24),0.033698,0,end,1452.76,522,NldfgBuild : Compute net equivalences 
(2026-06-09 22:54:24),0.0336983,0,start,1452.76,522,NldfgBuild : Eliminate bidirectionals 
(2026-06-09 22:54:24),0.0336985,0,end,1452.76,522,NldfgBuild : Eliminate bidirectionals 
(2026-06-09 22:54:24),0.0336988,0,start,1452.76,522,NldfgBuild : Remove false combo loops 
(2026-06-09 22:54:24),0.0337012,0,end,1452.76,522,NldfgBuild : Remove false combo loops 
(2026-06-09 22:54:24),0.0337021,0,start,1452.76,522,NldfgBuild : Create dfg 
(2026-06-09 22:54:24),0.0337023,0,start,1452.76,522,NldfgBuild : Create graph function 
(2026-06-09 22:54:24),0.0337093,0,end,1452.76,522,NldfgBuild : Create graph function 
(2026-06-09 22:54:24),0.0337112,0,start,1452.76,522,NldfgBuild : Create scopes 
(2026-06-09 22:54:24),0.0337128,0,end,1452.76,522,NldfgBuild : Create scopes 
(2026-06-09 22:54:24),0.0337134,0,start,1452.76,522,NldfgBuild : Initial setup 
(2026-06-09 22:54:24),0.0337137,0,end,1452.76,522,NldfgBuild : Initial setup 
(2026-06-09 22:54:24),0.033714,0,start,1452.76,522,NldfgBuild : Create graph 
(2026-06-09 22:54:24),0.0337167,0,end,1452.76,522,NldfgBuild : Create graph 
(2026-06-09 22:54:24),0.0337173,0,start,1452.76,522,NldfgBuild : Create terminal sinks and sources 
(2026-06-09 22:54:24),0.0337213,0,end,1452.76,522,NldfgBuild : Create terminal sinks and sources 
(2026-06-09 22:54:24),0.0337219,0,start,1452.76,522,NldfgBuild : Compute dependencies 
(2026-06-09 22:54:24),0.0337227,0,end,1452.76,522,NldfgBuild : Compute dependencies 
(2026-06-09 22:54:24),0.0337233,0,start,1452.76,522,NldfgBuild : Compute combinational SCCs 
(2026-06-09 22:54:24),0.0337242,0,end,1452.76,522,NldfgBuild : Compute combinational SCCs 
(2026-06-09 22:54:24),0.0337248,0,start,1452.76,522,NldfgBuild : Compute templates 
(2026-06-09 22:54:24),0.0337391,0,end,1452.76,522,NldfgBuild : Compute templates 
(2026-06-09 22:54:24),0.0337397,0,start,1452.76,522,NldfgBuild : Eliminate combinational SCCs 
(2026-06-09 22:54:24),0.0337401,0,end,1452.76,522,NldfgBuild : Eliminate combinational SCCs 
(2026-06-09 22:54:24),0.0337403,0,start,1452.76,522,NldfgBuild : Computing sequential SCCs 
(2026-06-09 22:54:24),0.0337407,0,end,1452.76,522,NldfgBuild : Computing sequential SCCs 
(2026-06-09 22:54:24),0.033741,0,start,1452.76,522,NldfgBuild : Create simulator clocks, changeAts and Triggers 
(2026-06-09 22:54:24),0.0337413,0,end,1452.76,522,NldfgBuild : Create simulator clocks, changeAts and Triggers 
(2026-06-09 22:54:24),0.0337415,0,start,1452.76,522,NldfgBuild : SymSimulator Analysis and computation 
(2026-06-09 22:54:24),0.0337532,0,end,1452.76,522,NldfgBuild : SymSimulator Analysis and computation 
(2026-06-09 22:54:24),0.0337538,0,start,1452.76,522,NldfgBuild : Collect Aeps 
(2026-06-09 22:54:24),0.0337543,0,end,1452.76,522,NldfgBuild : Collect Aeps 
(2026-06-09 22:54:24),0.0337545,0,start,1452.76,522,NldfgBuild : Cleanup Simulator 
(2026-06-09 22:54:24),0.0337551,0,end,1452.76,522,NldfgBuild : Cleanup Simulator 
(2026-06-09 22:54:24),0.0337554,0,start,1452.76,522,NldfgBuild : Cleanup Samplers 
(2026-06-09 22:54:24),0.0337573,0,end,1452.76,522,NldfgBuild : Cleanup Samplers 
(2026-06-09 22:54:24),0.0337579,0,end,1452.76,522,NldfgBuild : Create dfg 
(2026-06-09 22:54:24),0.0337584,0,end,1452.76,522,DfgBuild: NldfgBuild : 
(2026-06-09 22:54:24),0.0337587,0,start,1452.76,522,StaticCheck: StaticCheckProcess : 
(2026-06-09 22:54:24),0.0337601,0,start,1452.76,522,StaticCheck: NldfgFlatDesign : 
(2026-06-09 22:54:24),0.0337607,0,end,1452.76,522,StaticCheck: NldfgFlatDesign : 
(2026-06-09 22:54:24),0.033761,0,start,1452.76,522,StaticCheck: CombLoopCheck  : 
(2026-06-09 22:54:24),0.0337612,0,start,1452.76,522,CombLoop : Topo Order 
(2026-06-09 22:54:24),0.0337635,0,end,1452.76,522,CombLoop : Topo Order 
(2026-06-09 22:54:24),0.0337641,0,start,1452.76,522,CombLoop : Compute Segments 
(2026-06-09 22:54:24),0.0337643,0,end,1452.76,522,CombLoop : Compute Segments 
(2026-06-09 22:54:24),0.0337646,0,end,1452.76,522,StaticCheck: CombLoopCheck  : 
(2026-06-09 22:54:24),0.0337648,0,start,1452.76,522,StaticCheck: MultiDriverCheck  : 
(2026-06-09 22:54:24),0.0337659,0,end,1452.76,522,StaticCheck: MultiDriverCheck  : 
(2026-06-09 22:54:24),0.0337666,0,end,1452.76,522,StaticCheck: StaticCheckProcess : 
(2026-06-09 22:54:24),0.0337669,0,start,1452.76,522,DfgBuild: DfgRemodel : 
(2026-06-09 22:54:24),0.033794,0,end,1452.76,522,DfgBuild: DfgRemodel : 
(2026-06-09 22:54:24),0.0337955,0,end,1452.76,513,Check: FormalModel : 
(2026-06-09 22:54:24),0.0337961,0,end,1452.76,513,Check: BuildFormal : 
(2026-06-09 22:54:24),0.0337964,0,start,1452.76,513,Check: GCDB : 
(2026-06-09 22:54:24),0.0338001,0,end,1452.76,513,Check: GCDB : 
(2026-06-09 22:54:24),0.0338131,0,start,1452.76,513,Check: Tanglewood : 
(2026-06-09 22:54:24),0.0339763,0,start,1452.76,513,perf_diagnostics_alerts: report_fv : 
(2026-06-09 22:54:24),0.0340266,0,end,1452.76,515,perf_diagnostics_alerts: report_fv : 
(2026-06-09 22:54:24),0.0340317,0,start,1452.76,515,orc_perf_debug diagnostics: orc_perf_debug -mode lite : 
(2026-06-09 22:54:24),0.0340359,0,end,1452.76,515,orc_perf_debug diagnostics: orc_perf_debug -mode lite : 
(2026-06-09 22:54:24),0.0340388,0,end,1452.76,515,Check: Tanglewood : 
(2026-06-09 22:54:24),0.0340395,0,end,1452.76,515,Check: check_fv : 
(2026-06-09 22:54:25),0.0579443,0,start,1452.76,515,perf_diagnostics_alerts: report_fv : 
(2026-06-09 22:54:25),0.057995,0,end,1452.76,515,perf_diagnostics_alerts: report_fv : 
(2026-06-09 22:54:25),0.0579956,0,start,1452.76,515,orc_perf_debug diagnostics: orc_perf_debug -mode lite : 
(2026-06-09 22:54:25),0.0580148,0,end,1452.76,515,orc_perf_debug diagnostics: orc_perf_debug -mode lite : 
