2026_06_09_22:54:04 : Configuration
FV_RUN_CONFIG_INFO :  Task : FPV, cmd : check_fv
[Info] Configuration Details
[Info] Orchestration/Effort : default
[Info] Run time limit : 12H
[Info] Memory limit : 8GB
[Info] Number of workers requested : 4
[Info] FPV flow ver : v7 
2026_06_09_22:54:04 : Verification Problem Current Stats

  Summary Results
   Property Summary: FPV
   -----------------
   > Assertion
     - # found        : 3
     - # not_run      : 3

2026_06_09_22:54:05 : Verification Problem Current Stats

  Summary Results
   Property Summary: FPV
   -----------------
   > Assertion
     - # found        : 3
     - # proven       : 3

Solver jobs summary for verification task FPV (4 solver jobs)
    #scheduled     :     0 
    #running       :     0 
    #completed     :     4 
        #normal        :     4 
        #timeout       :     0 
        #memout        :     0 
        #orc_killed    :     0 
        #sig_killed    :     0 
        #crash         :     0 
        #start_fail    :     0 
        #misc_error    :     0 
Completed jobs profile for verification problem vp0 (id=0) in verification task FPV

Memory/time profile by engine
----------------------------------------------------------------------------------------------------------------------------------------------------------
 Engine |   MinMem(MB) |   MaxMem(MB) |  NumJobs | NumStoppedJobs |  Time(secs) | NumSolvedGoals | NumSuccessGoals |  NumFailedGoals | NumBestDepthGoals | 
----------------------------------------------------------------------------------------------------------------------------------------------------------
   INIT |           73 |           73 |        1 |              0 |           0 |              0 |               0 |               0 |                 0 | 
     cc |           73 |           73 |        1 |              0 |           0 |              0 |               0 |               0 |                 0 | 
     t0 |           73 |           73 |        1 |              0 |           0 |              0 |               0 |               0 |                 0 | 
     t1 |           82 |           82 |        1 |              0 |           0 |              3 |               3 |               0 |                 0 | 
----------------------------------------------------------------------------------------------------------------------------------------------------------

Memory distribution
---------------------------------
           Range |      NumJobs | 
---------------------------------
       0GB - 8GB |            4 | 
---------------------------------
Avg. Memory among completed jobs : 75 MB 
Max. Memory among completed jobs : 82 MB 


