
                        SpyGlass Predictive Analyzer (R)
                              Synopsys TestMAX(TM)
                            SpyGlass Fault Analysis

               Version X-2025.06-SP1 for linux64 - Sep 02, 2025 

                    Copyright (c) 2001 - 2025 Synopsys, Inc.
   This software and the associated documentation are proprietary to Synopsys,
 Inc. This software may only be used in accordance with the terms and conditions
 of a written license agreement with Synopsys, Inc. All other use, reproduction,
   or distribution of this software is strictly prohibited.  Licensed Products
     communicate with Synopsys servers for the purpose of providing software
    updates, detecting software piracy and verifying that customers are using
    Licensed Products in conformity with the applicable License Key for such
  Licensed Products. Synopsys will use information gathered in connection with
    this process to deliver software updates and pursue software pirates and
                                   infringers.

 Inclusivity & Diversity - Visit SolvNetPlus to read the "Synopsys Statement on
            Inclusivity and Diversity" (Refer to article 000036315 at
                        https://solvnetplus.synopsys.com)



To access quickstart manual, please use `man quickstart'


        ********** LICENSE FAILURE NOTIFICATION **********
        Some of the required license features could not be checked out.

        Feature name: "checker 2025.06 (or > 2025.06)" [Cannot connect to license server system.]
        Feature details: "checker" (license token)
                     - Required to run SpyGlass Lint

        SNPSLMD_LICENSE_FILE = 27000@127.0.0.1
        LM_LICENSE_FILE = 27000@127.0.0.1

        Please check your license setup, or contact your CAD administrator.
        SpyGlass is aborting current run.
        ********** END OF LICENSE FAILURE NOTIFICATION **********

