
                        SpyGlass Predictive Analyzer (R)
                              Synopsys TestMAX(TM)
                            SpyGlass Fault Analysis

               Version X-2025.06-SP1 for linux64 - Sep 02, 2025 

                    Copyright (c) 2001 - 2025 Synopsys, Inc.
   This software and the associated documentation are proprietary to Synopsys,
 Inc. This software may only be used in accordance with the terms and conditions
 of a written license agreement with Synopsys, Inc. All other use, reproduction,
   or distribution of this software is strictly prohibited.  Licensed Products
     communicate with Synopsys servers for the purpose of providing software
    updates, detecting software piracy and verifying that customers are using
    Licensed Products in conformity with the applicable License Key for such
  Licensed Products. Synopsys will use information gathered in connection with
    this process to deliver software updates and pursue software pirates and
                                   infringers.

 Inclusivity & Diversity - Visit SolvNetPlus to read the "Synopsys Statement on
            Inclusivity and Diversity" (Refer to article 000036315 at
                        https://solvnetplus.synopsys.com)


INFO [SPG#1044]: Running in batch mode...

FATAL : SpyGlass Classic flow mode has been detected
        Classic flow mode is no longer supported as of SpyGlass 5.4 release

        Please refer SpyGlass Quick Start Guide:
           % spyglass -quickstart

        For more details, please refer to Atrenta Console User Guide. You can view
        this document after invoking the HTML help by using spyhelpviewer utility,
        which shows all SpyGlass documentation:
           % spyhelpviewer


SpyGlass Exit Code 7 (Rule-checking terminated due to FATAL errors - usage or run error)
