 
****************************************
Report : power
        -analysis_effort low
Design : cpu_m1_top
Version: X-2025.06-SP2
Date   : Fri Jun 12 16:08:22 2026
****************************************


Library(s) Used:

    tcbn28hpcplusbwp40p140tt0p9v25c (File: /home/edauser/project/SOC/Magpie_X3/APR/ref/db/tcbn28hpcplusbwp40p140tt0p9v25c.db)


Operating Conditions: tt0p9v25c   Library: tcbn28hpcplusbwp40p140tt0p9v25c
Wire Load Model Mode: segmented

Design        Wire Load Model            Library
------------------------------------------------
cpu_m1_top             ZeroWireload      tcbn28hpcplusbwp40p140tt0p9v25c
bp                     ZeroWireload      tcbn28hpcplusbwp40p140tt0p9v25c
rfu                    ZeroWireload      tcbn28hpcplusbwp40p140tt0p9v25c
bmu                    ZeroWireload      tcbn28hpcplusbwp40p140tt0p9v25c


Global Operating Voltage = 0.9  
Power-specific unit information :
    Voltage Units = 1V
    Capacitance Units = 1.000000pf
    Time Units = 1ns
    Dynamic Power Units = 1mW    (derived from V,C,T units)
    Leakage Power Units = 1nW


Attributes
----------
i - Including register clock pin internal power


  Cell Internal Power  =  16.4296 mW   (98%)
  Net Switching Power  = 310.4290 uW    (2%)
                         ---------
Total Dynamic Power    =  16.7400 mW  (100%)

Cell Leakage Power     =  20.4341 uW


                 Internal         Switching           Leakage            Total
Power Group      Power            Power               Power              Power   (   %    )  Attrs
--------------------------------------------------------------------------------------------------
io_pad             0.0000            0.0000            0.0000            0.0000  (   0.00%)
memory             0.0000            0.0000            0.0000            0.0000  (   0.00%)
black_box          0.0000            0.0000            0.0000            0.0000  (   0.00%)
clock_network     16.1675            0.0000            0.0000           16.1675  (  96.46%)  i
register       4.5734e-02        1.7917e-02        9.7547e+03        7.3422e-02  (   0.44%)
sequential         0.0000            0.0000            0.0000            0.0000  (   0.00%)
combinational      0.2173            0.2925        1.0679e+04            0.5205  (   3.11%)
--------------------------------------------------------------------------------------------------
Total             16.4305 mW         0.3104 mW     2.0434e+04 nW        16.7614 mW
1
