 
****************************************
Report : power
        -analysis_effort low
Design : cpu_m1_top
Version: X-2025.06-SP2
Date   : Tue Jun  9 23:18:22 2026
****************************************


Library(s) Used:

    tcbn28hpcplusbwp40p140tt0p9v25c (File: /home/edauser/project/SOC/Magpie_X3/APR/ref/db/tcbn28hpcplusbwp40p140tt0p9v25c.db)


Operating Conditions: tt0p9v25c   Library: tcbn28hpcplusbwp40p140tt0p9v25c
Wire Load Model Mode: segmented

Design        Wire Load Model            Library
------------------------------------------------
cpu_m1_top             ZeroWireload      tcbn28hpcplusbwp40p140tt0p9v25c
bp                     ZeroWireload      tcbn28hpcplusbwp40p140tt0p9v25c
rfu                    ZeroWireload      tcbn28hpcplusbwp40p140tt0p9v25c


Global Operating Voltage = 0.9  
Power-specific unit information :
    Voltage Units = 1V
    Capacitance Units = 1.000000pf
    Time Units = 1ns
    Dynamic Power Units = 1mW    (derived from V,C,T units)
    Leakage Power Units = 1nW


Attributes
----------
i - Including register clock pin internal power


  Cell Internal Power  =  15.8008 mW   (98%)
  Net Switching Power  = 283.0015 uW    (2%)
                         ---------
Total Dynamic Power    =  16.0838 mW  (100%)

Cell Leakage Power     =  18.4928 uW


                 Internal         Switching           Leakage            Total
Power Group      Power            Power               Power              Power   (   %    )  Attrs
--------------------------------------------------------------------------------------------------
io_pad             0.0000            0.0000            0.0000            0.0000  (   0.00%)
memory             0.0000            0.0000            0.0000            0.0000  (   0.00%)
black_box          0.0000            0.0000            0.0000            0.0000  (   0.00%)
clock_network     15.5496            0.0000            0.0000           15.5496  (  96.56%)  i
register       4.6963e-02        1.7562e-02        9.4494e+03        7.3994e-02  (   0.46%)
sequential         0.0000            0.0000            0.0000            0.0000  (   0.00%)
combinational      0.2050            0.2654        9.0435e+03            0.4795  (   2.98%)
--------------------------------------------------------------------------------------------------
Total             15.8015 mW         0.2830 mW     1.8493e+04 nW        16.1030 mW
1
