Information: Updating design information... (UID-85)
Warning: Design 'cpu_m1_top' contains 1 high-fanout nets. A fanout number of 1000 will be used for delay calculations involving these nets. (TIM-134)
 
****************************************
Report : qor
Design : cpu_m1_top
Version: X-2025.06-SP2
Date   : Tue Jun  9 23:18:22 2026
****************************************


  Timing Path Group 'clk'
  -----------------------------------
  Levels of Logic:              60.00
  Critical Path Length:          1.28
  Critical Path Slack:           0.00
  Critical Path Clk Period:      1.43
  Total Negative Slack:          0.00
  No. of Violating Paths:        0.00
  Worst Hold Violation:         -0.01
  Total Hold Violation:         -0.01
  No. of Hold Violations:        3.00
  -----------------------------------


  Cell Count
  -----------------------------------
  Hierarchical Cell Count:          2
  Hierarchical Port Count:        247
  Leaf Cell Count:              28263
  Buf/Inv Cell Count:            2221
  Buf Cell Count:                 137
  Inv Cell Count:                2084
  CT Buf/Inv Cell Count:            0
  Combinational Cell Count:     21464
  Sequential Cell Count:         6799
  Macro Count:                      0
  -----------------------------------


  Area
  -----------------------------------
  Combinational Area:    13862.393893
  Noncombinational Area: 12928.355894
  Buf/Inv Area:            586.782008
  Total Buffer Area:            57.58
  Total Inverter Area:         529.20
  Macro/Black Box Area:      0.000000
  Net Area:                  0.000000
  -----------------------------------
  Cell Area:             26790.749787
  Design Area:           26790.749787


  Design Rules
  -----------------------------------
  Total Number of Nets:         28804
  Nets With Violations:             0
  Max Trans Violations:             0
  Max Cap Violations:               0
  -----------------------------------


  Hostname: eda

  Compile CPU Statistics
  -----------------------------------------
  Resource Sharing:                    3.65
  Logic Optimization:                 13.94
  Mapping Optimization:               25.87
  -----------------------------------------
  Overall Compile Time:              111.78
  Overall Compile Wall Clock Time:   112.40

  --------------------------------------------------------------------

  Design  WNS: 0.00  TNS: 0.00  Number of Violating Paths: 0


  Design (Hold)  WNS: 0.01  TNS: 0.01  Number of Violating Paths: 3

  --------------------------------------------------------------------


1
