 
****************************************
Report : timing
        -path full
        -delay min
        -nworst 5
        -max_paths 20
Design : cpu_m1_top
Version: X-2025.06-SP2
Date   : Tue Jun  9 23:18:22 2026
****************************************

 # A fanout number of 1000 was used for high fanout net computations.

Operating Conditions: tt0p9v25c   Library: tcbn28hpcplusbwp40p140tt0p9v25c
Wire Load Model Mode: segmented

  Startpoint: u_core/u_csr/cycle_cnt_reg[0]
              (rising edge-triggered flip-flop clocked by clk)
  Endpoint: u_core/u_csr/cycle_cnt_reg[0]
            (rising edge-triggered flip-flop clocked by clk)
  Path Group: clk
  Path Type: min

  Des/Clust/Port     Wire Load Model       Library
  ------------------------------------------------
  rfu                ZeroWireload          tcbn28hpcplusbwp40p140tt0p9v25c
  bp                 ZeroWireload          tcbn28hpcplusbwp40p140tt0p9v25c
  cpu_m1_top         ZeroWireload          tcbn28hpcplusbwp40p140tt0p9v25c

  Point                                                   Incr       Path
  --------------------------------------------------------------------------
  clock clk (rise edge)                                   0.00       0.00
  clock network delay (ideal)                             0.00       0.00
  u_core/u_csr/cycle_cnt_reg[0]/CP (DFQD2BWP40P140)       0.00 #     0.00 r
  u_core/u_csr/cycle_cnt_reg[0]/Q (DFQD2BWP40P140)        0.05       0.05 r
  U10353/ZN (NR2D1BWP40P140)                              0.01       0.05 f
  u_core/u_csr/cycle_cnt_reg[0]/D (DFQD2BWP40P140)        0.00       0.05 f
  data arrival time                                                  0.05

  clock clk (rise edge)                                   0.00       0.00
  clock network delay (ideal)                             0.00       0.00
  clock uncertainty                                       0.05       0.05
  u_core/u_csr/cycle_cnt_reg[0]/CP (DFQD2BWP40P140)       0.00       0.05 r
  library hold time                                       0.01       0.06
  data required time                                                 0.06
  --------------------------------------------------------------------------
  data required time                                                 0.06
  data arrival time                                                 -0.05
  --------------------------------------------------------------------------
  slack (VIOLATED)                                                  -0.01


  Startpoint: u_core/u_csr/instret_cnt_reg[0]
              (rising edge-triggered flip-flop clocked by clk)
  Endpoint: u_core/u_csr/instret_cnt_reg[0]
            (rising edge-triggered flip-flop clocked by clk)
  Path Group: clk
  Path Type: min

  Des/Clust/Port     Wire Load Model       Library
  ------------------------------------------------
  rfu                ZeroWireload          tcbn28hpcplusbwp40p140tt0p9v25c
  bp                 ZeroWireload          tcbn28hpcplusbwp40p140tt0p9v25c
  cpu_m1_top         ZeroWireload          tcbn28hpcplusbwp40p140tt0p9v25c

  Point                                                   Incr       Path
  --------------------------------------------------------------------------
  clock clk (rise edge)                                   0.00       0.00
  clock network delay (ideal)                             0.00       0.00
  u_core/u_csr/instret_cnt_reg[0]/CP (DFQD2BWP40P140)     0.00 #     0.00 r
  u_core/u_csr/instret_cnt_reg[0]/Q (DFQD2BWP40P140)      0.05       0.05 r
  U9159/ZN (MUX2NUD1BWP40P140)                            0.01       0.06 f
  u_core/u_csr/instret_cnt_reg[0]/D (DFQD2BWP40P140)      0.00       0.06 f
  data arrival time                                                  0.06

  clock clk (rise edge)                                   0.00       0.00
  clock network delay (ideal)                             0.00       0.00
  clock uncertainty                                       0.05       0.05
  u_core/u_csr/instret_cnt_reg[0]/CP (DFQD2BWP40P140)     0.00       0.05 r
  library hold time                                       0.01       0.06
  data required time                                                 0.06
  --------------------------------------------------------------------------
  data required time                                                 0.06
  data arrival time                                                 -0.06
  --------------------------------------------------------------------------
  slack (VIOLATED: increase significant digits)                      0.00


  Startpoint: primed_reg (rising edge-triggered flip-flop clocked by clk)
  Endpoint: primed_reg (rising edge-triggered flip-flop clocked by clk)
  Path Group: clk
  Path Type: min

  Des/Clust/Port     Wire Load Model       Library
  ------------------------------------------------
  rfu                ZeroWireload          tcbn28hpcplusbwp40p140tt0p9v25c
  bp                 ZeroWireload          tcbn28hpcplusbwp40p140tt0p9v25c
  cpu_m1_top         ZeroWireload          tcbn28hpcplusbwp40p140tt0p9v25c

  Point                                    Incr       Path
  -----------------------------------------------------------
  clock clk (rise edge)                    0.00       0.00
  clock network delay (ideal)              0.00       0.00
  primed_reg/CP (DFQD1BWP40P140)           0.00 #     0.00 r
  primed_reg/Q (DFQD1BWP40P140)            0.05       0.05 r
  U9123/ZN (MUX2NUD1BWP40P140)             0.01       0.06 f
  primed_reg/D (DFQD1BWP40P140)            0.00       0.06 f
  data arrival time                                   0.06

  clock clk (rise edge)                    0.00       0.00
  clock network delay (ideal)              0.00       0.00
  clock uncertainty                        0.05       0.05
  primed_reg/CP (DFQD1BWP40P140)           0.00       0.05 r
  library hold time                        0.01       0.06
  data required time                                  0.06
  -----------------------------------------------------------
  data required time                                  0.06
  data arrival time                                  -0.06
  -----------------------------------------------------------
  slack (VIOLATED: increase significant digits)       0.00


  Startpoint: u_core/u_div/iter_reg[0]
              (rising edge-triggered flip-flop clocked by clk)
  Endpoint: u_core/u_div/iter_reg[0]
            (rising edge-triggered flip-flop clocked by clk)
  Path Group: clk
  Path Type: min

  Des/Clust/Port     Wire Load Model       Library
  ------------------------------------------------
  rfu                ZeroWireload          tcbn28hpcplusbwp40p140tt0p9v25c
  bp                 ZeroWireload          tcbn28hpcplusbwp40p140tt0p9v25c
  cpu_m1_top         ZeroWireload          tcbn28hpcplusbwp40p140tt0p9v25c

  Point                                                   Incr       Path
  --------------------------------------------------------------------------
  clock clk (rise edge)                                   0.00       0.00
  clock network delay (ideal)                             0.00       0.00
  u_core/u_div/iter_reg[0]/CP (DFQD1BWP40P140)            0.00 #     0.00 r
  u_core/u_div/iter_reg[0]/Q (DFQD1BWP40P140)             0.05       0.05 r
  U9925/ZN (MAOI22D1BWP40P140)                            0.01       0.07 f
  u_core/u_div/iter_reg[0]/D (DFQD1BWP40P140)             0.00       0.07 f
  data arrival time                                                  0.07

  clock clk (rise edge)                                   0.00       0.00
  clock network delay (ideal)                             0.00       0.00
  clock uncertainty                                       0.05       0.05
  u_core/u_div/iter_reg[0]/CP (DFQD1BWP40P140)            0.00       0.05 r
  library hold time                                       0.01       0.06
  data required time                                                 0.06
  --------------------------------------------------------------------------
  data required time                                                 0.06
  data arrival time                                                 -0.07
  --------------------------------------------------------------------------
  slack (MET)                                                        0.01


  Startpoint: u_core/u_div/iter_reg[0]
              (rising edge-triggered flip-flop clocked by clk)
  Endpoint: u_core/u_div/iter_reg[0]
            (rising edge-triggered flip-flop clocked by clk)
  Path Group: clk
  Path Type: min

  Des/Clust/Port     Wire Load Model       Library
  ------------------------------------------------
  rfu                ZeroWireload          tcbn28hpcplusbwp40p140tt0p9v25c
  bp                 ZeroWireload          tcbn28hpcplusbwp40p140tt0p9v25c
  cpu_m1_top         ZeroWireload          tcbn28hpcplusbwp40p140tt0p9v25c

  Point                                                   Incr       Path
  --------------------------------------------------------------------------
  clock clk (rise edge)                                   0.00       0.00
  clock network delay (ideal)                             0.00       0.00
  u_core/u_div/iter_reg[0]/CP (DFQD1BWP40P140)            0.00 #     0.00 r
  u_core/u_div/iter_reg[0]/Q (DFQD1BWP40P140)             0.05       0.05 r
  U9925/ZN (MAOI22D1BWP40P140)                            0.01       0.07 f
  u_core/u_div/iter_reg[0]/D (DFQD1BWP40P140)             0.00       0.07 f
  data arrival time                                                  0.07

  clock clk (rise edge)                                   0.00       0.00
  clock network delay (ideal)                             0.00       0.00
  clock uncertainty                                       0.05       0.05
  u_core/u_div/iter_reg[0]/CP (DFQD1BWP40P140)            0.00       0.05 r
  library hold time                                       0.01       0.06
  data required time                                                 0.06
  --------------------------------------------------------------------------
  data required time                                                 0.06
  data arrival time                                                 -0.07
  --------------------------------------------------------------------------
  slack (MET)                                                        0.01


  Startpoint: u_core/u_div/iter_reg[0]
              (rising edge-triggered flip-flop clocked by clk)
  Endpoint: u_core/u_div/iter_reg[0]
            (rising edge-triggered flip-flop clocked by clk)
  Path Group: clk
  Path Type: min

  Des/Clust/Port     Wire Load Model       Library
  ------------------------------------------------
  rfu                ZeroWireload          tcbn28hpcplusbwp40p140tt0p9v25c
  bp                 ZeroWireload          tcbn28hpcplusbwp40p140tt0p9v25c
  cpu_m1_top         ZeroWireload          tcbn28hpcplusbwp40p140tt0p9v25c

  Point                                                   Incr       Path
  --------------------------------------------------------------------------
  clock clk (rise edge)                                   0.00       0.00
  clock network delay (ideal)                             0.00       0.00
  u_core/u_div/iter_reg[0]/CP (DFQD1BWP40P140)            0.00 #     0.00 r
  u_core/u_div/iter_reg[0]/Q (DFQD1BWP40P140)             0.05       0.05 r
  U9925/ZN (MAOI22D1BWP40P140)                            0.01       0.07 f
  u_core/u_div/iter_reg[0]/D (DFQD1BWP40P140)             0.00       0.07 f
  data arrival time                                                  0.07

  clock clk (rise edge)                                   0.00       0.00
  clock network delay (ideal)                             0.00       0.00
  clock uncertainty                                       0.05       0.05
  u_core/u_div/iter_reg[0]/CP (DFQD1BWP40P140)            0.00       0.05 r
  library hold time                                       0.01       0.06
  data required time                                                 0.06
  --------------------------------------------------------------------------
  data required time                                                 0.06
  data arrival time                                                 -0.07
  --------------------------------------------------------------------------
  slack (MET)                                                        0.01


  Startpoint: u_core/u_div/iter_reg[4]
              (rising edge-triggered flip-flop clocked by clk)
  Endpoint: u_core/u_div/iter_reg[4]
            (rising edge-triggered flip-flop clocked by clk)
  Path Group: clk
  Path Type: min

  Des/Clust/Port     Wire Load Model       Library
  ------------------------------------------------
  rfu                ZeroWireload          tcbn28hpcplusbwp40p140tt0p9v25c
  bp                 ZeroWireload          tcbn28hpcplusbwp40p140tt0p9v25c
  cpu_m1_top         ZeroWireload          tcbn28hpcplusbwp40p140tt0p9v25c

  Point                                                   Incr       Path
  --------------------------------------------------------------------------
  clock clk (rise edge)                                   0.00       0.00
  clock network delay (ideal)                             0.00       0.00
  u_core/u_div/iter_reg[4]/CP (DFQD1BWP40P140)            0.00 #     0.00 r
  u_core/u_div/iter_reg[4]/Q (DFQD1BWP40P140)             0.05       0.05 r
  U8536/ZN (OAI32D0BWP40P140)                             0.02       0.07 f
  u_core/u_div/iter_reg[4]/D (DFQD1BWP40P140)             0.00       0.07 f
  data arrival time                                                  0.07

  clock clk (rise edge)                                   0.00       0.00
  clock network delay (ideal)                             0.00       0.00
  clock uncertainty                                       0.05       0.05
  u_core/u_div/iter_reg[4]/CP (DFQD1BWP40P140)            0.00       0.05 r
  library hold time                                       0.01       0.06
  data required time                                                 0.06
  --------------------------------------------------------------------------
  data required time                                                 0.06
  data arrival time                                                 -0.07
  --------------------------------------------------------------------------
  slack (MET)                                                        0.01


  Startpoint: u_core/u_ras/ptr_reg[0]
              (rising edge-triggered flip-flop clocked by clk)
  Endpoint: u_core/u_ras/ptr_reg[0]
            (rising edge-triggered flip-flop clocked by clk)
  Path Group: clk
  Path Type: min

  Des/Clust/Port     Wire Load Model       Library
  ------------------------------------------------
  rfu                ZeroWireload          tcbn28hpcplusbwp40p140tt0p9v25c
  bp                 ZeroWireload          tcbn28hpcplusbwp40p140tt0p9v25c
  cpu_m1_top         ZeroWireload          tcbn28hpcplusbwp40p140tt0p9v25c

  Point                                                   Incr       Path
  --------------------------------------------------------------------------
  clock clk (rise edge)                                   0.00       0.00
  clock network delay (ideal)                             0.00       0.00
  u_core/u_ras/ptr_reg[0]/CP (DFQD1BWP40P140)             0.00 #     0.00 r
  u_core/u_ras/ptr_reg[0]/Q (DFQD1BWP40P140)              0.05       0.05 r
  U9889/ZN (AOI221D1BWP40P140)                            0.02       0.07 f
  u_core/u_ras/ptr_reg[0]/D (DFQD1BWP40P140)              0.00       0.07 f
  data arrival time                                                  0.07

  clock clk (rise edge)                                   0.00       0.00
  clock network delay (ideal)                             0.00       0.00
  clock uncertainty                                       0.05       0.05
  u_core/u_ras/ptr_reg[0]/CP (DFQD1BWP40P140)             0.00       0.05 r
  library hold time                                       0.01       0.06
  data required time                                                 0.06
  --------------------------------------------------------------------------
  data required time                                                 0.06
  data arrival time                                                 -0.07
  --------------------------------------------------------------------------
  slack (MET)                                                        0.01


  Startpoint: u_core/u_ras/ptr_reg[0]
              (rising edge-triggered flip-flop clocked by clk)
  Endpoint: u_core/u_ras/ptr_reg[0]
            (rising edge-triggered flip-flop clocked by clk)
  Path Group: clk
  Path Type: min

  Des/Clust/Port     Wire Load Model       Library
  ------------------------------------------------
  rfu                ZeroWireload          tcbn28hpcplusbwp40p140tt0p9v25c
  bp                 ZeroWireload          tcbn28hpcplusbwp40p140tt0p9v25c
  cpu_m1_top         ZeroWireload          tcbn28hpcplusbwp40p140tt0p9v25c

  Point                                                   Incr       Path
  --------------------------------------------------------------------------
  clock clk (rise edge)                                   0.00       0.00
  clock network delay (ideal)                             0.00       0.00
  u_core/u_ras/ptr_reg[0]/CP (DFQD1BWP40P140)             0.00 #     0.00 r
  u_core/u_ras/ptr_reg[0]/Q (DFQD1BWP40P140)              0.05       0.05 r
  U9889/ZN (AOI221D1BWP40P140)                            0.02       0.07 f
  u_core/u_ras/ptr_reg[0]/D (DFQD1BWP40P140)              0.00       0.07 f
  data arrival time                                                  0.07

  clock clk (rise edge)                                   0.00       0.00
  clock network delay (ideal)                             0.00       0.00
  clock uncertainty                                       0.05       0.05
  u_core/u_ras/ptr_reg[0]/CP (DFQD1BWP40P140)             0.00       0.05 r
  library hold time                                       0.01       0.06
  data required time                                                 0.06
  --------------------------------------------------------------------------
  data required time                                                 0.06
  data arrival time                                                 -0.07
  --------------------------------------------------------------------------
  slack (MET)                                                        0.01


  Startpoint: u_core/u_div/iter_reg[2]
              (rising edge-triggered flip-flop clocked by clk)
  Endpoint: u_core/u_div/iter_reg[2]
            (rising edge-triggered flip-flop clocked by clk)
  Path Group: clk
  Path Type: min

  Des/Clust/Port     Wire Load Model       Library
  ------------------------------------------------
  rfu                ZeroWireload          tcbn28hpcplusbwp40p140tt0p9v25c
  bp                 ZeroWireload          tcbn28hpcplusbwp40p140tt0p9v25c
  cpu_m1_top         ZeroWireload          tcbn28hpcplusbwp40p140tt0p9v25c

  Point                                                   Incr       Path
  --------------------------------------------------------------------------
  clock clk (rise edge)                                   0.00       0.00
  clock network delay (ideal)                             0.00       0.00
  u_core/u_div/iter_reg[2]/CP (DFQD1BWP40P140)            0.00 #     0.00 r
  u_core/u_div/iter_reg[2]/Q (DFQD1BWP40P140)             0.05       0.05 r
  U7119/ZN (OAI31D0BWP40P140)                             0.02       0.07 f
  u_core/u_div/iter_reg[2]/D (DFQD1BWP40P140)             0.00       0.07 f
  data arrival time                                                  0.07

  clock clk (rise edge)                                   0.00       0.00
  clock network delay (ideal)                             0.00       0.00
  clock uncertainty                                       0.05       0.05
  u_core/u_div/iter_reg[2]/CP (DFQD1BWP40P140)            0.00       0.05 r
  library hold time                                       0.01       0.06
  data required time                                                 0.06
  --------------------------------------------------------------------------
  data required time                                                 0.06
  data arrival time                                                 -0.07
  --------------------------------------------------------------------------
  slack (MET)                                                        0.01


  Startpoint: u_core/u_ras/ptr_reg[0]
              (rising edge-triggered flip-flop clocked by clk)
  Endpoint: u_core/u_ras/ptr_reg[0]
            (rising edge-triggered flip-flop clocked by clk)
  Path Group: clk
  Path Type: min

  Des/Clust/Port     Wire Load Model       Library
  ------------------------------------------------
  rfu                ZeroWireload          tcbn28hpcplusbwp40p140tt0p9v25c
  bp                 ZeroWireload          tcbn28hpcplusbwp40p140tt0p9v25c
  cpu_m1_top         ZeroWireload          tcbn28hpcplusbwp40p140tt0p9v25c

  Point                                                   Incr       Path
  --------------------------------------------------------------------------
  clock clk (rise edge)                                   0.00       0.00
  clock network delay (ideal)                             0.00       0.00
  u_core/u_ras/ptr_reg[0]/CP (DFQD1BWP40P140)             0.00 #     0.00 r
  u_core/u_ras/ptr_reg[0]/Q (DFQD1BWP40P140)              0.05       0.05 r
  U9889/ZN (AOI221D1BWP40P140)                            0.02       0.07 f
  u_core/u_ras/ptr_reg[0]/D (DFQD1BWP40P140)              0.00       0.07 f
  data arrival time                                                  0.07

  clock clk (rise edge)                                   0.00       0.00
  clock network delay (ideal)                             0.00       0.00
  clock uncertainty                                       0.05       0.05
  u_core/u_ras/ptr_reg[0]/CP (DFQD1BWP40P140)             0.00       0.05 r
  library hold time                                       0.01       0.06
  data required time                                                 0.06
  --------------------------------------------------------------------------
  data required time                                                 0.06
  data arrival time                                                 -0.07
  --------------------------------------------------------------------------
  slack (MET)                                                        0.01


  Startpoint: u_core/u_mul/done_pending_reg
              (rising edge-triggered flip-flop clocked by clk)
  Endpoint: u_core/u_mul/done_reg
            (rising edge-triggered flip-flop clocked by clk)
  Path Group: clk
  Path Type: min

  Des/Clust/Port     Wire Load Model       Library
  ------------------------------------------------
  rfu                ZeroWireload          tcbn28hpcplusbwp40p140tt0p9v25c
  bp                 ZeroWireload          tcbn28hpcplusbwp40p140tt0p9v25c
  cpu_m1_top         ZeroWireload          tcbn28hpcplusbwp40p140tt0p9v25c

  Point                                                   Incr       Path
  --------------------------------------------------------------------------
  clock clk (rise edge)                                   0.00       0.00
  clock network delay (ideal)                             0.00       0.00
  u_core/u_mul/done_pending_reg/CP (DFKCND1BWP40P140)     0.00 #     0.00 r
  u_core/u_mul/done_pending_reg/Q (DFKCND1BWP40P140)      0.06       0.06 f
  u_core/u_mul/done_reg/CN (DFKCND1BWP40P140)             0.00       0.06 f
  data arrival time                                                  0.06

  clock clk (rise edge)                                   0.00       0.00
  clock network delay (ideal)                             0.00       0.00
  clock uncertainty                                       0.05       0.05
  u_core/u_mul/done_reg/CP (DFKCND1BWP40P140)             0.00       0.05 r
  library hold time                                       0.00       0.05
  data required time                                                 0.05
  --------------------------------------------------------------------------
  data required time                                                 0.05
  data arrival time                                                 -0.06
  --------------------------------------------------------------------------
  slack (MET)                                                        0.01


  Startpoint: u_core/u_div/iter_reg[4]
              (rising edge-triggered flip-flop clocked by clk)
  Endpoint: u_core/u_div/iter_reg[4]
            (rising edge-triggered flip-flop clocked by clk)
  Path Group: clk
  Path Type: min

  Des/Clust/Port     Wire Load Model       Library
  ------------------------------------------------
  rfu                ZeroWireload          tcbn28hpcplusbwp40p140tt0p9v25c
  bp                 ZeroWireload          tcbn28hpcplusbwp40p140tt0p9v25c
  cpu_m1_top         ZeroWireload          tcbn28hpcplusbwp40p140tt0p9v25c

  Point                                                   Incr       Path
  --------------------------------------------------------------------------
  clock clk (rise edge)                                   0.00       0.00
  clock network delay (ideal)                             0.00       0.00
  u_core/u_div/iter_reg[4]/CP (DFQD1BWP40P140)            0.00 #     0.00 r
  u_core/u_div/iter_reg[4]/Q (DFQD1BWP40P140)             0.05       0.05 r
  U8536/ZN (OAI32D0BWP40P140)                             0.02       0.07 f
  u_core/u_div/iter_reg[4]/D (DFQD1BWP40P140)             0.00       0.07 f
  data arrival time                                                  0.07

  clock clk (rise edge)                                   0.00       0.00
  clock network delay (ideal)                             0.00       0.00
  clock uncertainty                                       0.05       0.05
  u_core/u_div/iter_reg[4]/CP (DFQD1BWP40P140)            0.00       0.05 r
  library hold time                                       0.01       0.06
  data required time                                                 0.06
  --------------------------------------------------------------------------
  data required time                                                 0.06
  data arrival time                                                 -0.07
  --------------------------------------------------------------------------
  slack (MET)                                                        0.01


  Startpoint: u_core/u_ifu/pc_reg_reg[2]
              (rising edge-triggered flip-flop clocked by clk)
  Endpoint: u_core/if_ex_pc_reg[2]
            (rising edge-triggered flip-flop clocked by clk)
  Path Group: clk
  Path Type: min

  Des/Clust/Port     Wire Load Model       Library
  ------------------------------------------------
  rfu                ZeroWireload          tcbn28hpcplusbwp40p140tt0p9v25c
  bp                 ZeroWireload          tcbn28hpcplusbwp40p140tt0p9v25c
  cpu_m1_top         ZeroWireload          tcbn28hpcplusbwp40p140tt0p9v25c

  Point                                                   Incr       Path
  --------------------------------------------------------------------------
  clock clk (rise edge)                                   0.00       0.00
  clock network delay (ideal)                             0.00       0.00
  u_core/u_ifu/pc_reg_reg[2]/CP (DFQD4BWP40P140)          0.00 #     0.00 r
  u_core/u_ifu/pc_reg_reg[2]/Q (DFQD4BWP40P140)           0.05       0.05 f
  U511/ZN (INVD1BWP40P140)                                0.01       0.06 r
  U7248/ZN (OAI22D0BWP40P140)                             0.01       0.07 f
  u_core/if_ex_pc_reg[2]/D (DFQD1BWP40P140)               0.00       0.07 f
  data arrival time                                                  0.07

  clock clk (rise edge)                                   0.00       0.00
  clock network delay (ideal)                             0.00       0.00
  clock uncertainty                                       0.05       0.05
  u_core/if_ex_pc_reg[2]/CP (DFQD1BWP40P140)              0.00       0.05 r
  library hold time                                       0.01       0.06
  data required time                                                 0.06
  --------------------------------------------------------------------------
  data required time                                                 0.06
  data arrival time                                                 -0.07
  --------------------------------------------------------------------------
  slack (MET)                                                        0.01


  Startpoint: u_core/u_div/iter_reg[4]
              (rising edge-triggered flip-flop clocked by clk)
  Endpoint: u_core/u_div/iter_reg[4]
            (rising edge-triggered flip-flop clocked by clk)
  Path Group: clk
  Path Type: min

  Des/Clust/Port     Wire Load Model       Library
  ------------------------------------------------
  rfu                ZeroWireload          tcbn28hpcplusbwp40p140tt0p9v25c
  bp                 ZeroWireload          tcbn28hpcplusbwp40p140tt0p9v25c
  cpu_m1_top         ZeroWireload          tcbn28hpcplusbwp40p140tt0p9v25c

  Point                                                   Incr       Path
  --------------------------------------------------------------------------
  clock clk (rise edge)                                   0.00       0.00
  clock network delay (ideal)                             0.00       0.00
  u_core/u_div/iter_reg[4]/CP (DFQD1BWP40P140)            0.00 #     0.00 r
  u_core/u_div/iter_reg[4]/Q (DFQD1BWP40P140)             0.05       0.05 r
  U8536/ZN (OAI32D0BWP40P140)                             0.02       0.07 f
  u_core/u_div/iter_reg[4]/D (DFQD1BWP40P140)             0.00       0.07 f
  data arrival time                                                  0.07

  clock clk (rise edge)                                   0.00       0.00
  clock network delay (ideal)                             0.00       0.00
  clock uncertainty                                       0.05       0.05
  u_core/u_div/iter_reg[4]/CP (DFQD1BWP40P140)            0.00       0.05 r
  library hold time                                       0.01       0.06
  data required time                                                 0.06
  --------------------------------------------------------------------------
  data required time                                                 0.06
  data arrival time                                                 -0.07
  --------------------------------------------------------------------------
  slack (MET)                                                        0.01


  Startpoint: u_core/u_div/divisor_reg[0]
              (rising edge-triggered flip-flop clocked by clk)
  Endpoint: u_core/u_div/remainder_reg[0]
            (rising edge-triggered flip-flop clocked by clk)
  Path Group: clk
  Path Type: min

  Des/Clust/Port     Wire Load Model       Library
  ------------------------------------------------
  rfu                ZeroWireload          tcbn28hpcplusbwp40p140tt0p9v25c
  bp                 ZeroWireload          tcbn28hpcplusbwp40p140tt0p9v25c
  cpu_m1_top         ZeroWireload          tcbn28hpcplusbwp40p140tt0p9v25c

  Point                                                   Incr       Path
  --------------------------------------------------------------------------
  clock clk (rise edge)                                   0.00       0.00
  clock network delay (ideal)                             0.00       0.00
  u_core/u_div/divisor_reg[0]/CP (EDFQD2BWP40P140)        0.00 #     0.00 r
  u_core/u_div/divisor_reg[0]/Q (EDFQD2BWP40P140)         0.04       0.04 r
  U9922/ZN (ND2D1BWP40P140)                               0.01       0.05 f
  U9923/ZN (AOI22D1BWP40P140)                             0.01       0.06 r
  U9924/ZN (OAI22D0BWP40P140)                             0.01       0.07 f
  u_core/u_div/remainder_reg[0]/D (DFQD2BWP40P140)        0.00       0.07 f
  data arrival time                                                  0.07

  clock clk (rise edge)                                   0.00       0.00
  clock network delay (ideal)                             0.00       0.00
  clock uncertainty                                       0.05       0.05
  u_core/u_div/remainder_reg[0]/CP (DFQD2BWP40P140)       0.00       0.05 r
  library hold time                                       0.01       0.06
  data required time                                                 0.06
  --------------------------------------------------------------------------
  data required time                                                 0.06
  data arrival time                                                 -0.07
  --------------------------------------------------------------------------
  slack (MET)                                                        0.01


  Startpoint: u_core/u_ifu/pc_reg_reg[2]
              (rising edge-triggered flip-flop clocked by clk)
  Endpoint: u_core/if_ex_pc_reg[2]
            (rising edge-triggered flip-flop clocked by clk)
  Path Group: clk
  Path Type: min

  Des/Clust/Port     Wire Load Model       Library
  ------------------------------------------------
  rfu                ZeroWireload          tcbn28hpcplusbwp40p140tt0p9v25c
  bp                 ZeroWireload          tcbn28hpcplusbwp40p140tt0p9v25c
  cpu_m1_top         ZeroWireload          tcbn28hpcplusbwp40p140tt0p9v25c

  Point                                                   Incr       Path
  --------------------------------------------------------------------------
  clock clk (rise edge)                                   0.00       0.00
  clock network delay (ideal)                             0.00       0.00
  u_core/u_ifu/pc_reg_reg[2]/CP (DFQD4BWP40P140)          0.00 #     0.00 r
  u_core/u_ifu/pc_reg_reg[2]/Q (DFQD4BWP40P140)           0.05       0.05 f
  U511/ZN (INVD1BWP40P140)                                0.01       0.06 r
  U7248/ZN (OAI22D0BWP40P140)                             0.01       0.07 f
  u_core/if_ex_pc_reg[2]/D (DFQD1BWP40P140)               0.00       0.07 f
  data arrival time                                                  0.07

  clock clk (rise edge)                                   0.00       0.00
  clock network delay (ideal)                             0.00       0.00
  clock uncertainty                                       0.05       0.05
  u_core/if_ex_pc_reg[2]/CP (DFQD1BWP40P140)              0.00       0.05 r
  library hold time                                       0.01       0.06
  data required time                                                 0.06
  --------------------------------------------------------------------------
  data required time                                                 0.06
  data arrival time                                                 -0.07
  --------------------------------------------------------------------------
  slack (MET)                                                        0.01


  Startpoint: u_core/u_div/divisor_reg[0]
              (rising edge-triggered flip-flop clocked by clk)
  Endpoint: u_core/u_div/remainder_reg[0]
            (rising edge-triggered flip-flop clocked by clk)
  Path Group: clk
  Path Type: min

  Des/Clust/Port     Wire Load Model       Library
  ------------------------------------------------
  rfu                ZeroWireload          tcbn28hpcplusbwp40p140tt0p9v25c
  bp                 ZeroWireload          tcbn28hpcplusbwp40p140tt0p9v25c
  cpu_m1_top         ZeroWireload          tcbn28hpcplusbwp40p140tt0p9v25c

  Point                                                   Incr       Path
  --------------------------------------------------------------------------
  clock clk (rise edge)                                   0.00       0.00
  clock network delay (ideal)                             0.00       0.00
  u_core/u_div/divisor_reg[0]/CP (EDFQD2BWP40P140)        0.00 #     0.00 r
  u_core/u_div/divisor_reg[0]/Q (EDFQD2BWP40P140)         0.04       0.04 r
  U9922/ZN (ND2D1BWP40P140)                               0.01       0.05 f
  U9923/ZN (AOI22D1BWP40P140)                             0.01       0.06 r
  U9924/ZN (OAI22D0BWP40P140)                             0.01       0.07 f
  u_core/u_div/remainder_reg[0]/D (DFQD2BWP40P140)        0.00       0.07 f
  data arrival time                                                  0.07

  clock clk (rise edge)                                   0.00       0.00
  clock network delay (ideal)                             0.00       0.00
  clock uncertainty                                       0.05       0.05
  u_core/u_div/remainder_reg[0]/CP (DFQD2BWP40P140)       0.00       0.05 r
  library hold time                                       0.01       0.06
  data required time                                                 0.06
  --------------------------------------------------------------------------
  data required time                                                 0.06
  data arrival time                                                 -0.07
  --------------------------------------------------------------------------
  slack (MET)                                                        0.01


  Startpoint: u_core/u_div/divisor_reg[0]
              (rising edge-triggered flip-flop clocked by clk)
  Endpoint: u_core/u_div/remainder_reg[0]
            (rising edge-triggered flip-flop clocked by clk)
  Path Group: clk
  Path Type: min

  Des/Clust/Port     Wire Load Model       Library
  ------------------------------------------------
  rfu                ZeroWireload          tcbn28hpcplusbwp40p140tt0p9v25c
  bp                 ZeroWireload          tcbn28hpcplusbwp40p140tt0p9v25c
  cpu_m1_top         ZeroWireload          tcbn28hpcplusbwp40p140tt0p9v25c

  Point                                                   Incr       Path
  --------------------------------------------------------------------------
  clock clk (rise edge)                                   0.00       0.00
  clock network delay (ideal)                             0.00       0.00
  u_core/u_div/divisor_reg[0]/CP (EDFQD2BWP40P140)        0.00 #     0.00 r
  u_core/u_div/divisor_reg[0]/Q (EDFQD2BWP40P140)         0.04       0.04 r
  U9922/ZN (ND2D1BWP40P140)                               0.01       0.05 f
  U9923/ZN (AOI22D1BWP40P140)                             0.01       0.06 r
  U9924/ZN (OAI22D0BWP40P140)                             0.01       0.07 f
  u_core/u_div/remainder_reg[0]/D (DFQD2BWP40P140)        0.00       0.07 f
  data arrival time                                                  0.07

  clock clk (rise edge)                                   0.00       0.00
  clock network delay (ideal)                             0.00       0.00
  clock uncertainty                                       0.05       0.05
  u_core/u_div/remainder_reg[0]/CP (DFQD2BWP40P140)       0.00       0.05 r
  library hold time                                       0.01       0.06
  data required time                                                 0.06
  --------------------------------------------------------------------------
  data required time                                                 0.06
  data arrival time                                                 -0.07
  --------------------------------------------------------------------------
  slack (MET)                                                        0.01


  Startpoint: u_core/u_div/orig_a_reg[4]
              (rising edge-triggered flip-flop clocked by clk)
  Endpoint: u_core/u_div/result_reg[4]
            (rising edge-triggered flip-flop clocked by clk)
  Path Group: clk
  Path Type: min

  Des/Clust/Port     Wire Load Model       Library
  ------------------------------------------------
  rfu                ZeroWireload          tcbn28hpcplusbwp40p140tt0p9v25c
  bp                 ZeroWireload          tcbn28hpcplusbwp40p140tt0p9v25c
  cpu_m1_top         ZeroWireload          tcbn28hpcplusbwp40p140tt0p9v25c

  Point                                                   Incr       Path
  --------------------------------------------------------------------------
  clock clk (rise edge)                                   0.00       0.00
  clock network delay (ideal)                             0.00       0.00
  u_core/u_div/orig_a_reg[4]/CP (EDFQD2BWP40P140)         0.00 #     0.00 r
  u_core/u_div/orig_a_reg[4]/Q (EDFQD2BWP40P140)          0.05       0.05 f
  U8810/ZN (AOI22D1BWP40P140)                             0.01       0.06 r
  U8813/ZN (ND3D0P7BWP40P140)                             0.02       0.07 f
  u_core/u_div/result_reg[4]/D (DFQD1BWP40P140)           0.00       0.07 f
  data arrival time                                                  0.07

  clock clk (rise edge)                                   0.00       0.00
  clock network delay (ideal)                             0.00       0.00
  clock uncertainty                                       0.05       0.05
  u_core/u_div/result_reg[4]/CP (DFQD1BWP40P140)          0.00       0.05 r
  library hold time                                       0.01       0.06
  data required time                                                 0.06
  --------------------------------------------------------------------------
  data required time                                                 0.06
  data arrival time                                                 -0.07
  --------------------------------------------------------------------------
  slack (MET)                                                        0.02


1
