
                                   VC Static 

               Version X-2025.06-SP1 for linux64 - Sep 02, 2025 

                    Copyright (c) 2010 - 2025 Synopsys, Inc.
   This software and the associated documentation are proprietary to Synopsys,
 Inc. This software may only be used in accordance with the terms and conditions
 of a written license agreement with Synopsys, Inc. All other use, reproduction,
   or distribution of this software is strictly prohibited.  Licensed Products
     communicate with Synopsys servers for the purpose of providing software
    updates, detecting software piracy and verifying that customers are using
    Licensed Products in conformity with the applicable License Key for such
  Licensed Products. Synopsys will use information gathered in connection with
    this process to deliver software updates and pursue software pirates and
                                   infringers.

 Inclusivity & Diversity - Visit SolvNetPlus to read the "Synopsys Statement on
            Inclusivity and Diversity" (Refer to article 000036315 at
                        https://solvnetplus.synopsys.com)
restore_session -level default
help read_file -verbose
 read_file            # Reading design files
   [-top <top_design>]    (Name of the top design)
   [-library <library_name>]
                          (Remaps work library to library_name)
   [-define <list of verilog defines>]
                          (Verilog/SV defines)
   [-work <work_library>] (alias for -library)
   [-netlist]             (Verilog Netlist Reader)
   [-parameters <string containing ordered or named parameters seperated by comma>]
                          (design parameters)
   [-vcs <vcs command line>]
                          (VCS Command line for reading design)
   [-vcs_elab <vcs elaborate command line>]
                          (VCS Command line for elaborating design)
   [-format <file format>]
                          (Verilog/SV defines: 
                           Values: mdb, sverilog, verilog, vhdl)
   [-load_scm]            (Loads scm file)
   [-sva]                 (Process SVA/PSL during compilation using 2009 semantics)
   [-sva2005]             (Process SVA/PSL during compilation using 2005 semantics)
   [-v2kconfig <configuration-name>]
                          (Specifies the v2k configuration)
   [-verbose]             (Display additional status messages)
   [-buildTop <dut name>] (Specifies the DUT down from which synthesis model is generated)
   [-multi_step]          (Load design in multi step mode)
   [-cov <metric_type>]   (Enables coverage instrumentation during compilation)
   [-aep <aep_type>]      (Enables AEP extraction during compilation)
   [-inject_fault <fault_type>]
                          (Injects behavioral faults in the design for formal testbench analyzer flow)
   [-j <number_of_processes>]
                          (Specifies the number of processes to use for parallel compilation: 
                           Value >= 0)
   [-src_list <source_list file>]
                          (file which contains the list of source files)
   [slist]                (List of input files)

exit
=======================================================
Total Time(S)  :1.42
CPU Time(S)    :0.55
Peak Memory(MB):1
=======================================================
