Information: Updating design information... (UID-85)
 
****************************************
Report : qor
Design : npu_dma_DMA_DATA_W128
Version: X-2025.06-SP2
Date   : Wed Jul  8 16:01:23 2026
****************************************


  Timing Path Group 'clk'
  -----------------------------------
  Levels of Logic:              27.00
  Critical Path Length:          1.14
  Critical Path Slack:           0.05
  Critical Path Clk Period:      1.20
  Total Negative Slack:          0.00
  No. of Violating Paths:        0.00
  Worst Hold Violation:          0.00
  Total Hold Violation:          0.00
  No. of Hold Violations:        0.00
  -----------------------------------


  Cell Count
  -----------------------------------
  Hierarchical Cell Count:          0
  Hierarchical Port Count:          0
  Leaf Cell Count:               1215
  Buf/Inv Cell Count:             121
  Buf Cell Count:                   1
  Inv Cell Count:                 120
  CT Buf/Inv Cell Count:            0
  Combinational Cell Count:      1039
  Sequential Cell Count:          176
  Macro Count:                      0
  -----------------------------------


  Area
  -----------------------------------
  Combinational Area:      585.899996
  Noncombinational Area:   333.395997
  Buf/Inv Area:             30.744000
  Total Buffer Area:             0.50
  Total Inverter Area:          30.24
  Macro/Black Box Area:      0.000000
  Net Area:                  0.000000
  -----------------------------------
  Cell Area:               919.295993
  Design Area:             919.295993


  Design Rules
  -----------------------------------
  Total Number of Nets:          1554
  Nets With Violations:             0
  Max Trans Violations:             0
  Max Cap Violations:               0
  -----------------------------------


  Hostname: eda

  Compile CPU Statistics
  -----------------------------------------
  Resource Sharing:                    0.25
  Logic Optimization:                  0.25
  Mapping Optimization:                1.33
  -----------------------------------------
  Overall Compile Time:               11.25
  Overall Compile Wall Clock Time:    11.64

  --------------------------------------------------------------------

  Design  WNS: 0.00  TNS: 0.00  Number of Violating Paths: 0


  Design (Hold)  WNS: 0.00  TNS: 0.00  Number of Violating Paths: 0

  --------------------------------------------------------------------


1
