 
****************************************
Report : timing
        -path full
        -delay max
        -nworst 4
        -max_paths 8
Design : npu_dma_DMA_DATA_W128
Version: X-2025.06-SP2
Date   : Wed Jul  8 16:01:23 2026
****************************************

Operating Conditions: tt0p9v25c   Library: tcbn28hpcplusbwp40p140tt0p9v25c
Wire Load Model Mode: segmented

  Startpoint: narrow_l_reg
              (rising edge-triggered flip-flop clocked by clk)
  Endpoint: cur_addr_reg[31]
            (rising edge-triggered flip-flop clocked by clk)
  Path Group: clk
  Path Type: max

  Des/Clust/Port     Wire Load Model       Library
  ------------------------------------------------
  npu_dma_DMA_DATA_W128
                     ZeroWireload          tcbn28hpcplusbwp40p140tt0p9v25c

  Point                                    Incr       Path
  -----------------------------------------------------------
  clock clk (rise edge)                    0.00       0.00
  clock network delay (ideal)              0.00       0.00
  narrow_l_reg/CP (DFQD2BWP40P140)         0.00       0.00 r
  narrow_l_reg/Q (DFQD2BWP40P140)          0.08       0.08 r
  U926/Z (BUFFD2BWP40P140)                 0.07       0.15 r
  U1006/ZN (INVD1BWP40P140)                0.17       0.32 f
  U1505/ZN (AOI22D1BWP40P140)              0.10       0.42 r
  intadd_0/U8/CO (FA1D1BWP40P140)          0.05       0.47 r
  intadd_0/U7/CO (FA1D1BWP40P140)          0.03       0.50 r
  intadd_0/U6/CO (FA1D1BWP40P140)          0.03       0.53 r
  intadd_0/U5/CO (FA1D1BWP40P140)          0.03       0.56 r
  intadd_0/U4/CO (FA1D1BWP40P140)          0.03       0.60 r
  intadd_0/U3/CO (FA1D1BWP40P140)          0.03       0.63 r
  intadd_0/U2/CO (FA1D1BWP40P140)          0.03       0.66 r
  U1417/ZN (MAOI222D0BWP40P140)            0.03       0.69 f
  U1418/ZN (INVD1BWP40P140)                0.02       0.71 r
  U1419/ZN (MAOI222D1BWP40P140)            0.03       0.74 f
  U1422/ZN (NR3D0P7BWP40P140)              0.03       0.78 r
  U1423/ZN (ND3D0P7BWP40P140)              0.03       0.81 f
  U1426/ZN (NR3D0P7BWP40P140)              0.03       0.84 r
  U1427/ZN (ND3D0P7BWP40P140)              0.03       0.88 f
  U1430/ZN (NR3D0P7BWP40P140)              0.03       0.91 r
  U1444/ZN (ND3D0P7BWP40P140)              0.03       0.95 f
  U1447/ZN (NR3D0P7BWP40P140)              0.03       0.98 r
  U1567/ZN (ND3D0P7BWP40P140)              0.03       1.01 f
  U1571/ZN (INVD1BWP40P140)                0.01       1.02 r
  U1572/ZN (OAI21D0P7BWP40P140)            0.02       1.04 f
  U1573/ZN (AOI21D1BWP40P140)              0.02       1.07 r
  U1574/ZN (OAI21D0P7BWP40P140)            0.02       1.09 f
  U1575/ZN (AOI22D1BWP40P140)              0.02       1.11 r
  U1576/ZN (OAI31D0BWP40P140)              0.03       1.14 f
  cur_addr_reg[31]/D (DFQD1BWP40P140)      0.00       1.14 f
  data arrival time                                   1.14

  clock clk (rise edge)                    1.20       1.20
  clock network delay (ideal)              0.00       1.20
  cur_addr_reg[31]/CP (DFQD1BWP40P140)     0.00       1.20 r
  library setup time                       0.00       1.20
  data required time                                  1.20
  -----------------------------------------------------------
  data required time                                  1.20
  data arrival time                                  -1.14
  -----------------------------------------------------------
  slack (MET)                                         0.05


  Startpoint: narrow_l_reg
              (rising edge-triggered flip-flop clocked by clk)
  Endpoint: cur_addr_reg[31]
            (rising edge-triggered flip-flop clocked by clk)
  Path Group: clk
  Path Type: max

  Des/Clust/Port     Wire Load Model       Library
  ------------------------------------------------
  npu_dma_DMA_DATA_W128
                     ZeroWireload          tcbn28hpcplusbwp40p140tt0p9v25c

  Point                                    Incr       Path
  -----------------------------------------------------------
  clock clk (rise edge)                    0.00       0.00
  clock network delay (ideal)              0.00       0.00
  narrow_l_reg/CP (DFQD2BWP40P140)         0.00       0.00 r
  narrow_l_reg/Q (DFQD2BWP40P140)          0.08       0.08 r
  U926/Z (BUFFD2BWP40P140)                 0.07       0.15 r
  U1006/ZN (INVD1BWP40P140)                0.17       0.32 f
  U1505/ZN (AOI22D1BWP40P140)              0.10       0.42 r
  intadd_0/U8/CO (FA1D1BWP40P140)          0.05       0.47 r
  intadd_0/U7/CO (FA1D1BWP40P140)          0.03       0.50 r
  intadd_0/U6/CO (FA1D1BWP40P140)          0.03       0.53 r
  intadd_0/U5/CO (FA1D1BWP40P140)          0.03       0.56 r
  intadd_0/U4/CO (FA1D1BWP40P140)          0.03       0.60 r
  intadd_0/U3/CO (FA1D1BWP40P140)          0.03       0.63 r
  intadd_0/U2/CO (FA1D1BWP40P140)          0.03       0.66 r
  U1417/ZN (MAOI222D0BWP40P140)            0.03       0.69 f
  U1418/ZN (INVD1BWP40P140)                0.02       0.71 r
  U1419/ZN (MAOI222D1BWP40P140)            0.03       0.74 f
  U1422/ZN (NR3D0P7BWP40P140)              0.03       0.78 r
  U1423/ZN (ND3D0P7BWP40P140)              0.03       0.81 f
  U1426/ZN (NR3D0P7BWP40P140)              0.03       0.84 r
  U1427/ZN (ND3D0P7BWP40P140)              0.03       0.88 f
  U1430/ZN (NR3D0P7BWP40P140)              0.03       0.91 r
  U1444/ZN (ND3D0P7BWP40P140)              0.03       0.95 f
  U1447/ZN (NR3D0P7BWP40P140)              0.03       0.98 r
  U1567/ZN (ND3D0P7BWP40P140)              0.03       1.01 f
  U1571/ZN (INVD1BWP40P140)                0.01       1.02 r
  U1572/ZN (OAI21D0P7BWP40P140)            0.02       1.04 f
  U1573/ZN (AOI21D1BWP40P140)              0.02       1.06 r
  U1574/ZN (OAI21D0P7BWP40P140)            0.02       1.09 f
  U1575/ZN (AOI22D1BWP40P140)              0.02       1.11 r
  U1576/ZN (OAI31D0BWP40P140)              0.03       1.14 f
  cur_addr_reg[31]/D (DFQD1BWP40P140)      0.00       1.14 f
  data arrival time                                   1.14

  clock clk (rise edge)                    1.20       1.20
  clock network delay (ideal)              0.00       1.20
  cur_addr_reg[31]/CP (DFQD1BWP40P140)     0.00       1.20 r
  library setup time                       0.00       1.20
  data required time                                  1.20
  -----------------------------------------------------------
  data required time                                  1.20
  data arrival time                                  -1.14
  -----------------------------------------------------------
  slack (MET)                                         0.05


  Startpoint: narrow_l_reg
              (rising edge-triggered flip-flop clocked by clk)
  Endpoint: cur_addr_reg[31]
            (rising edge-triggered flip-flop clocked by clk)
  Path Group: clk
  Path Type: max

  Des/Clust/Port     Wire Load Model       Library
  ------------------------------------------------
  npu_dma_DMA_DATA_W128
                     ZeroWireload          tcbn28hpcplusbwp40p140tt0p9v25c

  Point                                    Incr       Path
  -----------------------------------------------------------
  clock clk (rise edge)                    0.00       0.00
  clock network delay (ideal)              0.00       0.00
  narrow_l_reg/CP (DFQD2BWP40P140)         0.00       0.00 r
  narrow_l_reg/Q (DFQD2BWP40P140)          0.08       0.08 r
  U926/Z (BUFFD2BWP40P140)                 0.07       0.15 r
  U1006/ZN (INVD1BWP40P140)                0.17       0.32 f
  U1505/ZN (AOI22D1BWP40P140)              0.10       0.42 r
  intadd_0/U8/CO (FA1D1BWP40P140)          0.05       0.47 r
  intadd_0/U7/CO (FA1D1BWP40P140)          0.03       0.50 r
  intadd_0/U6/CO (FA1D1BWP40P140)          0.03       0.53 r
  intadd_0/U5/CO (FA1D1BWP40P140)          0.03       0.56 r
  intadd_0/U4/CO (FA1D1BWP40P140)          0.03       0.60 r
  intadd_0/U3/CO (FA1D1BWP40P140)          0.03       0.63 r
  intadd_0/U2/CO (FA1D1BWP40P140)          0.03       0.66 r
  U1417/ZN (MAOI222D0BWP40P140)            0.03       0.69 f
  U1418/ZN (INVD1BWP40P140)                0.02       0.71 r
  U1419/ZN (MAOI222D1BWP40P140)            0.03       0.74 f
  U1422/ZN (NR3D0P7BWP40P140)              0.03       0.78 r
  U1423/ZN (ND3D0P7BWP40P140)              0.03       0.81 f
  U1426/ZN (NR3D0P7BWP40P140)              0.03       0.84 r
  U1427/ZN (ND3D0P7BWP40P140)              0.03       0.88 f
  U1430/ZN (NR3D0P7BWP40P140)              0.03       0.91 r
  U1444/ZN (ND3D0P7BWP40P140)              0.03       0.95 f
  U1447/ZN (NR3D0P7BWP40P140)              0.03       0.98 r
  U1567/ZN (ND3D0P7BWP40P140)              0.03       1.01 f
  U1571/ZN (INVD1BWP40P140)                0.01       1.02 r
  U1572/ZN (OAI21D0P7BWP40P140)            0.02       1.04 f
  U1573/ZN (AOI21D1BWP40P140)              0.02       1.06 r
  U1574/ZN (OAI21D0P7BWP40P140)            0.02       1.09 f
  U1575/ZN (AOI22D1BWP40P140)              0.02       1.11 r
  U1576/ZN (OAI31D0BWP40P140)              0.03       1.14 f
  cur_addr_reg[31]/D (DFQD1BWP40P140)      0.00       1.14 f
  data arrival time                                   1.14

  clock clk (rise edge)                    1.20       1.20
  clock network delay (ideal)              0.00       1.20
  cur_addr_reg[31]/CP (DFQD1BWP40P140)     0.00       1.20 r
  library setup time                       0.00       1.20
  data required time                                  1.20
  -----------------------------------------------------------
  data required time                                  1.20
  data arrival time                                  -1.14
  -----------------------------------------------------------
  slack (MET)                                         0.05


  Startpoint: narrow_l_reg
              (rising edge-triggered flip-flop clocked by clk)
  Endpoint: cur_addr_reg[31]
            (rising edge-triggered flip-flop clocked by clk)
  Path Group: clk
  Path Type: max

  Des/Clust/Port     Wire Load Model       Library
  ------------------------------------------------
  npu_dma_DMA_DATA_W128
                     ZeroWireload          tcbn28hpcplusbwp40p140tt0p9v25c

  Point                                    Incr       Path
  -----------------------------------------------------------
  clock clk (rise edge)                    0.00       0.00
  clock network delay (ideal)              0.00       0.00
  narrow_l_reg/CP (DFQD2BWP40P140)         0.00       0.00 r
  narrow_l_reg/Q (DFQD2BWP40P140)          0.08       0.08 r
  U926/Z (BUFFD2BWP40P140)                 0.07       0.15 r
  U1006/ZN (INVD1BWP40P140)                0.17       0.32 f
  U1505/ZN (AOI22D1BWP40P140)              0.10       0.42 r
  intadd_0/U8/CO (FA1D1BWP40P140)          0.05       0.47 r
  intadd_0/U7/CO (FA1D1BWP40P140)          0.03       0.50 r
  intadd_0/U6/CO (FA1D1BWP40P140)          0.03       0.53 r
  intadd_0/U5/CO (FA1D1BWP40P140)          0.03       0.56 r
  intadd_0/U4/CO (FA1D1BWP40P140)          0.03       0.60 r
  intadd_0/U3/CO (FA1D1BWP40P140)          0.03       0.63 r
  intadd_0/U2/CO (FA1D1BWP40P140)          0.03       0.66 r
  U1417/ZN (MAOI222D0BWP40P140)            0.03       0.69 f
  U1418/ZN (INVD1BWP40P140)                0.02       0.71 r
  U1419/ZN (MAOI222D1BWP40P140)            0.03       0.74 f
  U1422/ZN (NR3D0P7BWP40P140)              0.03       0.78 r
  U1423/ZN (ND3D0P7BWP40P140)              0.03       0.81 f
  U1426/ZN (NR3D0P7BWP40P140)              0.03       0.84 r
  U1427/ZN (ND3D0P7BWP40P140)              0.03       0.88 f
  U1430/ZN (NR3D0P7BWP40P140)              0.03       0.91 r
  U1444/ZN (ND3D0P7BWP40P140)              0.03       0.95 f
  U1447/ZN (NR3D0P7BWP40P140)              0.03       0.98 r
  U1567/ZN (ND3D0P7BWP40P140)              0.03       1.01 f
  U1571/ZN (INVD1BWP40P140)                0.01       1.02 r
  U1572/ZN (OAI21D0P7BWP40P140)            0.02       1.04 f
  U1573/ZN (AOI21D1BWP40P140)              0.02       1.06 r
  U1574/ZN (OAI21D0P7BWP40P140)            0.02       1.09 f
  U1575/ZN (AOI22D1BWP40P140)              0.02       1.11 r
  U1576/ZN (OAI31D0BWP40P140)              0.03       1.14 f
  cur_addr_reg[31]/D (DFQD1BWP40P140)      0.00       1.14 f
  data arrival time                                   1.14

  clock clk (rise edge)                    1.20       1.20
  clock network delay (ideal)              0.00       1.20
  cur_addr_reg[31]/CP (DFQD1BWP40P140)     0.00       1.20 r
  library setup time                       0.00       1.20
  data required time                                  1.20
  -----------------------------------------------------------
  data required time                                  1.20
  data arrival time                                  -1.14
  -----------------------------------------------------------
  slack (MET)                                         0.05


  Startpoint: narrow_l_reg
              (rising edge-triggered flip-flop clocked by clk)
  Endpoint: cur_addr_reg[30]
            (rising edge-triggered flip-flop clocked by clk)
  Path Group: clk
  Path Type: max

  Des/Clust/Port     Wire Load Model       Library
  ------------------------------------------------
  npu_dma_DMA_DATA_W128
                     ZeroWireload          tcbn28hpcplusbwp40p140tt0p9v25c

  Point                                    Incr       Path
  -----------------------------------------------------------
  clock clk (rise edge)                    0.00       0.00
  clock network delay (ideal)              0.00       0.00
  narrow_l_reg/CP (DFQD2BWP40P140)         0.00       0.00 r
  narrow_l_reg/Q (DFQD2BWP40P140)          0.08       0.08 r
  U926/Z (BUFFD2BWP40P140)                 0.07       0.15 r
  U1006/ZN (INVD1BWP40P140)                0.17       0.32 f
  U1505/ZN (AOI22D1BWP40P140)              0.10       0.42 r
  intadd_0/U8/CO (FA1D1BWP40P140)          0.05       0.47 r
  intadd_0/U7/CO (FA1D1BWP40P140)          0.03       0.50 r
  intadd_0/U6/CO (FA1D1BWP40P140)          0.03       0.53 r
  intadd_0/U5/CO (FA1D1BWP40P140)          0.03       0.56 r
  intadd_0/U4/CO (FA1D1BWP40P140)          0.03       0.60 r
  intadd_0/U3/CO (FA1D1BWP40P140)          0.03       0.63 r
  intadd_0/U2/CO (FA1D1BWP40P140)          0.03       0.66 r
  U1417/ZN (MAOI222D0BWP40P140)            0.03       0.69 f
  U1418/ZN (INVD1BWP40P140)                0.02       0.71 r
  U1419/ZN (MAOI222D1BWP40P140)            0.03       0.74 f
  U1422/ZN (NR3D0P7BWP40P140)              0.03       0.78 r
  U1423/ZN (ND3D0P7BWP40P140)              0.03       0.81 f
  U1426/ZN (NR3D0P7BWP40P140)              0.03       0.84 r
  U1427/ZN (ND3D0P7BWP40P140)              0.03       0.88 f
  U1430/ZN (NR3D0P7BWP40P140)              0.03       0.91 r
  U1444/ZN (ND3D0P7BWP40P140)              0.03       0.95 f
  U1447/ZN (NR3D0P7BWP40P140)              0.03       0.98 r
  U1567/ZN (ND3D0P7BWP40P140)              0.03       1.01 f
  U1568/ZN (NR2D1BWP40P140)                0.02       1.03 r
  U1569/ZN (ND2D1BWP40P140)                0.02       1.05 f
  U1597/ZN (MAOI22D1BWP40P140)             0.02       1.08 f
  U1598/ZN (OAI21D0P7BWP40P140)            0.03       1.10 r
  cur_addr_reg[30]/D (DFQD1BWP40P140)      0.00       1.10 r
  data arrival time                                   1.10

  clock clk (rise edge)                    1.20       1.20
  clock network delay (ideal)              0.00       1.20
  cur_addr_reg[30]/CP (DFQD1BWP40P140)     0.00       1.20 r
  library setup time                      -0.02       1.18
  data required time                                  1.18
  -----------------------------------------------------------
  data required time                                  1.18
  data arrival time                                  -1.10
  -----------------------------------------------------------
  slack (MET)                                         0.08


  Startpoint: narrow_l_reg
              (rising edge-triggered flip-flop clocked by clk)
  Endpoint: cur_addr_reg[30]
            (rising edge-triggered flip-flop clocked by clk)
  Path Group: clk
  Path Type: max

  Des/Clust/Port     Wire Load Model       Library
  ------------------------------------------------
  npu_dma_DMA_DATA_W128
                     ZeroWireload          tcbn28hpcplusbwp40p140tt0p9v25c

  Point                                    Incr       Path
  -----------------------------------------------------------
  clock clk (rise edge)                    0.00       0.00
  clock network delay (ideal)              0.00       0.00
  narrow_l_reg/CP (DFQD2BWP40P140)         0.00       0.00 r
  narrow_l_reg/Q (DFQD2BWP40P140)          0.08       0.08 r
  U926/Z (BUFFD2BWP40P140)                 0.07       0.15 r
  U1006/ZN (INVD1BWP40P140)                0.17       0.32 f
  U1505/ZN (AOI22D1BWP40P140)              0.10       0.42 r
  intadd_0/U8/CO (FA1D1BWP40P140)          0.05       0.47 r
  intadd_0/U7/CO (FA1D1BWP40P140)          0.03       0.50 r
  intadd_0/U6/CO (FA1D1BWP40P140)          0.03       0.53 r
  intadd_0/U5/CO (FA1D1BWP40P140)          0.03       0.56 r
  intadd_0/U4/CO (FA1D1BWP40P140)          0.03       0.60 r
  intadd_0/U3/CO (FA1D1BWP40P140)          0.03       0.63 r
  intadd_0/U2/CO (FA1D1BWP40P140)          0.03       0.66 r
  U1417/ZN (MAOI222D0BWP40P140)            0.03       0.69 f
  U1418/ZN (INVD1BWP40P140)                0.02       0.71 r
  U1419/ZN (MAOI222D1BWP40P140)            0.03       0.74 f
  U1422/ZN (NR3D0P7BWP40P140)              0.03       0.78 r
  U1423/ZN (ND3D0P7BWP40P140)              0.03       0.81 f
  U1426/ZN (NR3D0P7BWP40P140)              0.03       0.84 r
  U1427/ZN (ND3D0P7BWP40P140)              0.03       0.88 f
  U1430/ZN (NR3D0P7BWP40P140)              0.03       0.91 r
  U1444/ZN (ND3D0P7BWP40P140)              0.03       0.95 f
  U1447/ZN (NR3D0P7BWP40P140)              0.03       0.98 r
  U1567/ZN (ND3D0P7BWP40P140)              0.03       1.01 f
  U1568/ZN (NR2D1BWP40P140)                0.02       1.03 r
  U1569/ZN (ND2D1BWP40P140)                0.02       1.05 f
  U1597/ZN (MAOI22D1BWP40P140)             0.02       1.08 f
  U1598/ZN (OAI21D0P7BWP40P140)            0.03       1.10 r
  cur_addr_reg[30]/D (DFQD1BWP40P140)      0.00       1.10 r
  data arrival time                                   1.10

  clock clk (rise edge)                    1.20       1.20
  clock network delay (ideal)              0.00       1.20
  cur_addr_reg[30]/CP (DFQD1BWP40P140)     0.00       1.20 r
  library setup time                      -0.02       1.18
  data required time                                  1.18
  -----------------------------------------------------------
  data required time                                  1.18
  data arrival time                                  -1.10
  -----------------------------------------------------------
  slack (MET)                                         0.08


  Startpoint: narrow_l_reg
              (rising edge-triggered flip-flop clocked by clk)
  Endpoint: cur_addr_reg[30]
            (rising edge-triggered flip-flop clocked by clk)
  Path Group: clk
  Path Type: max

  Des/Clust/Port     Wire Load Model       Library
  ------------------------------------------------
  npu_dma_DMA_DATA_W128
                     ZeroWireload          tcbn28hpcplusbwp40p140tt0p9v25c

  Point                                    Incr       Path
  -----------------------------------------------------------
  clock clk (rise edge)                    0.00       0.00
  clock network delay (ideal)              0.00       0.00
  narrow_l_reg/CP (DFQD2BWP40P140)         0.00       0.00 r
  narrow_l_reg/Q (DFQD2BWP40P140)          0.08       0.08 r
  U926/Z (BUFFD2BWP40P140)                 0.07       0.15 r
  U1006/ZN (INVD1BWP40P140)                0.17       0.32 f
  U1505/ZN (AOI22D1BWP40P140)              0.10       0.42 r
  intadd_0/U8/CO (FA1D1BWP40P140)          0.05       0.47 r
  intadd_0/U7/CO (FA1D1BWP40P140)          0.03       0.50 r
  intadd_0/U6/CO (FA1D1BWP40P140)          0.03       0.53 r
  intadd_0/U5/CO (FA1D1BWP40P140)          0.03       0.56 r
  intadd_0/U4/CO (FA1D1BWP40P140)          0.03       0.60 r
  intadd_0/U3/CO (FA1D1BWP40P140)          0.03       0.63 r
  intadd_0/U2/CO (FA1D1BWP40P140)          0.03       0.66 r
  U1417/ZN (MAOI222D0BWP40P140)            0.03       0.69 f
  U1418/ZN (INVD1BWP40P140)                0.02       0.71 r
  U1419/ZN (MAOI222D1BWP40P140)            0.03       0.74 f
  U1422/ZN (NR3D0P7BWP40P140)              0.03       0.78 r
  U1423/ZN (ND3D0P7BWP40P140)              0.03       0.81 f
  U1426/ZN (NR3D0P7BWP40P140)              0.03       0.84 r
  U1427/ZN (ND3D0P7BWP40P140)              0.03       0.88 f
  U1430/ZN (NR3D0P7BWP40P140)              0.03       0.91 r
  U1444/ZN (ND3D0P7BWP40P140)              0.03       0.95 f
  U1447/ZN (NR3D0P7BWP40P140)              0.03       0.98 r
  U1567/ZN (ND3D0P7BWP40P140)              0.03       1.01 f
  U1568/ZN (NR2D1BWP40P140)                0.02       1.03 r
  U1569/ZN (ND2D1BWP40P140)                0.02       1.05 f
  U1597/ZN (MAOI22D1BWP40P140)             0.02       1.08 f
  U1598/ZN (OAI21D0P7BWP40P140)            0.03       1.10 r
  cur_addr_reg[30]/D (DFQD1BWP40P140)      0.00       1.10 r
  data arrival time                                   1.10

  clock clk (rise edge)                    1.20       1.20
  clock network delay (ideal)              0.00       1.20
  cur_addr_reg[30]/CP (DFQD1BWP40P140)     0.00       1.20 r
  library setup time                      -0.02       1.18
  data required time                                  1.18
  -----------------------------------------------------------
  data required time                                  1.18
  data arrival time                                  -1.10
  -----------------------------------------------------------
  slack (MET)                                         0.08


  Startpoint: narrow_l_reg
              (rising edge-triggered flip-flop clocked by clk)
  Endpoint: cur_addr_reg[30]
            (rising edge-triggered flip-flop clocked by clk)
  Path Group: clk
  Path Type: max

  Des/Clust/Port     Wire Load Model       Library
  ------------------------------------------------
  npu_dma_DMA_DATA_W128
                     ZeroWireload          tcbn28hpcplusbwp40p140tt0p9v25c

  Point                                    Incr       Path
  -----------------------------------------------------------
  clock clk (rise edge)                    0.00       0.00
  clock network delay (ideal)              0.00       0.00
  narrow_l_reg/CP (DFQD2BWP40P140)         0.00       0.00 r
  narrow_l_reg/Q (DFQD2BWP40P140)          0.08       0.08 r
  U926/Z (BUFFD2BWP40P140)                 0.07       0.15 r
  U1006/ZN (INVD1BWP40P140)                0.17       0.32 f
  U1505/ZN (AOI22D1BWP40P140)              0.10       0.42 r
  intadd_0/U8/CO (FA1D1BWP40P140)          0.05       0.47 r
  intadd_0/U7/CO (FA1D1BWP40P140)          0.03       0.50 r
  intadd_0/U6/CO (FA1D1BWP40P140)          0.03       0.53 r
  intadd_0/U5/CO (FA1D1BWP40P140)          0.03       0.56 r
  intadd_0/U4/CO (FA1D1BWP40P140)          0.03       0.60 r
  intadd_0/U3/CO (FA1D1BWP40P140)          0.03       0.63 r
  intadd_0/U2/CO (FA1D1BWP40P140)          0.03       0.66 r
  U1417/ZN (MAOI222D0BWP40P140)            0.03       0.69 f
  U1418/ZN (INVD1BWP40P140)                0.02       0.71 r
  U1419/ZN (MAOI222D1BWP40P140)            0.03       0.74 f
  U1422/ZN (NR3D0P7BWP40P140)              0.03       0.78 r
  U1423/ZN (ND3D0P7BWP40P140)              0.03       0.81 f
  U1426/ZN (NR3D0P7BWP40P140)              0.03       0.84 r
  U1427/ZN (ND3D0P7BWP40P140)              0.03       0.88 f
  U1430/ZN (NR3D0P7BWP40P140)              0.03       0.91 r
  U1444/ZN (ND3D0P7BWP40P140)              0.03       0.95 f
  U1447/ZN (NR3D0P7BWP40P140)              0.03       0.98 r
  U1567/ZN (ND3D0P7BWP40P140)              0.03       1.01 f
  U1568/ZN (NR2D1BWP40P140)                0.02       1.03 r
  U1569/ZN (ND2D1BWP40P140)                0.02       1.05 f
  U1597/ZN (MAOI22D1BWP40P140)             0.02       1.08 f
  U1598/ZN (OAI21D0P7BWP40P140)            0.03       1.10 r
  cur_addr_reg[30]/D (DFQD1BWP40P140)      0.00       1.10 r
  data arrival time                                   1.10

  clock clk (rise edge)                    1.20       1.20
  clock network delay (ideal)              0.00       1.20
  cur_addr_reg[30]/CP (DFQD1BWP40P140)     0.00       1.20 r
  library setup time                      -0.02       1.18
  data required time                                  1.18
  -----------------------------------------------------------
  data required time                                  1.18
  data arrival time                                  -1.10
  -----------------------------------------------------------
  slack (MET)                                         0.08


1
