                         Chronologic VCS (TM)
       Version X-2025.06-SP1_Full64 -- Wed Jun 10 21:21:22 2026

                    Copyright (c) 1991 - 2025 Synopsys, Inc.
   This software and the associated documentation are proprietary to Synopsys,
 Inc. This software may only be used in accordance with the terms and conditions
 of a written license agreement with Synopsys, Inc. All other use, reproduction,
   or distribution of this software is strictly prohibited.  Licensed Products
     communicate with Synopsys servers for the purpose of providing software
    updates, detecting software piracy and verifying that customers are using
    Licensed Products in conformity with the applicable License Key for such
  Licensed Products. Synopsys will use information gathered in connection with
    this process to deliver software updates and pursue software pirates and
                                   infringers.

 Inclusivity & Diversity - Visit SolvNetPlus to read the "Synopsys Statement on
            Inclusivity and Diversity" (Refer to article 000036315 at
                        https://solvnetplus.synopsys.com)

Parsing design file '../../../../IP/cpu_m1/rtl/idu.v'
Parsing included file '../../../../IP/cpu_m1/rtl/def.vh'.
Back to file '../../../../IP/cpu_m1/rtl/idu.v'.
Parsing design file '../../../../IP/cpu_m1/dv/tb/tb_idu_unit.v'
Top Level Modules:
       tb_idu_unit
TimeScale is 1 ns / 1 ps
VCS Coverage Metrics Release X-2025.06-SP1_Full64 Copyright (c) 1991-2025 by Synopsys Inc.
Starting vcs inline pass...
1 module and 0 UDP read.
recompiling module tb_idu_unit
make[1]: Entering directory '/home/edauser/project/SOC/Magpie_M1/flow/v2_pipeline/phase_p09_idu/vcs/csrc'
rm -f _cuarc*.so _csrc*.so pre_vcsobj_*.so share_vcsobj_*.so
if [ -x ../simv ]; then chmod a-x ../simv; fi
g++  -o ../simv      -rdynamic  -Wl,-rpath='$ORIGIN'/simv.daidir -Wl,-rpath=./simv.daidir -Wl,-rpath=/soft/synopsys/vcs/X-2025.06-SP1/linux64/lib -L/soft/synopsys/vcs/X-2025.06-SP1/linux64/lib  -Wl,-rpath-link=./  /usr/lib64/libnuma.so.1   objs/amcQw_d.o  _702163_archive_1.so  SIM_l.o      rmapats_mop.o rmapats.o rmar.o rmar_nd.o  rmar_llvm_0_1.o rmar_llvm_0_0.o            -lvirsim -lerrorinf -lsnpsmalloc -lvfs      -lvcsnew -ldistsimclient -lsimprofile -lreader_common /soft/synopsys/vcs/X-2025.06-SP1/linux64/lib/libBA.a -luclinative /soft/synopsys/vcs/X-2025.06-SP1/linux64/lib/vcs_tls.o   -Wl,-whole-archive  -lvcsucli    -Wl,-no-whole-archive          /soft/synopsys/vcs/X-2025.06-SP1/linux64/lib/vcs_save_restore_new.o -ldl  -lc -lm -lpthread -ldl 
../simv up to date
make[1]: Leaving directory '/home/edauser/project/SOC/Magpie_M1/flow/v2_pipeline/phase_p09_idu/vcs/csrc'
CPU time: .224 seconds to compile + .088 seconds to elab + .121 seconds to link
