core   0: >>>>  $xrv32i2p1_m2p0_c2p0_zicsr2p0_zifencei2p0_zmmul1p0
core   0: 0x80000000 (0x00004137) lui     sp, 0x4
core   0: 3 0x80000000 (0x00004137) x2  0x00004000
core   0: 0x80000004 (0x00010113) mv      sp, sp
core   0: 3 0x80000004 (0x00010113) x2  0x00004000
core   0: 0x80000008 (0x0000440d) c.li    s0, 3
core   0: 3 0x80000008 (0x440d) x8  0x00000003
core   0: 0x8000000a (0x00000411) c.addi  s0, 4
core   0: 3 0x8000000a (0x0411) x8  0x00000007
core   0: 0x8000000c (0x00004489) c.li    s1, 2
core   0: 3 0x8000000c (0x4489) x9  0x00000002
core   0: 0x8000000e (0x000094a2) c.add   s1, s0
core   0: 3 0x8000000e (0x94a2) x9  0x00000009
core   0: 0x80000010 (0x00004281) c.li    t0, 0
core   0: 3 0x80000010 (0x4281) x5  0x00000000
core   0: 0x80000012 (0x0000432d) c.li    t1, 11
core   0: 3 0x80000012 (0x432d) x6  0x0000000b
core   0: 0x80000014 (0x000053ed) c.li    t2, -5
core   0: 3 0x80000014 (0x53ed) x7  0xfffffffb
core   0: 0x80000016 (0x00730933) add     s2, t1, t2
core   0: 3 0x80000016 (0x00730933) x18 0x00000006
core   0: 0x8000001a (0x407309b3) sub     s3, t1, t2
core   0: 3 0x8000001a (0x407309b3) x19 0x00000010
core   0: 0x8000001e (0x01394a33) xor     s4, s2, s3
core   0: 3 0x8000001e (0x01394a33) x20 0x00000016
core   0: 0x80000022 (0x01396ab3) or      s5, s2, s3
core   0: 3 0x80000022 (0x01396ab3) x21 0x00000016
core   0: 0x80000026 (0x015a7b33) and     s6, s4, s5
core   0: 3 0x80000026 (0x015a7b33) x22 0x00000016
core   0: 0x8000002a (0x00291513) slli    a0, s2, 2
core   0: 3 0x8000002a (0x00291513) x10 0x00000018
core   0: 0x8000002e (0x00155593) srli    a1, a0, 1
core   0: 3 0x8000002e (0x00155593) x11 0x0000000c
core   0: 0x80000032 (0x4013d613) srai    a2, t2, 1
core   0: 3 0x80000032 (0x4013d613) x12 0xfffffffd
core   0: 0x80000036 (0x00000697) auipc   a3, 0x0
core   0: 3 0x80000036 (0x00000697) x13 0x80000036
core   0: 0x8000003a (0x05e68693) addi    a3, a3, 94
core   0: 3 0x8000003a (0x05e68693) x13 0x80000094
core   0: 0x8000003e (0x0136a023) sw      s3, 0(a3)
core   0: 3 0x8000003e (0x0136a023) mem 0x80000094 0x00000010
core   0: 0x80000042 (0x00004298) c.lw    a4, 0(a3)
core   0: 3 0x80000042 (0x4298) x14 0x00000010 mem 0x80000094
core   0: 0x80000044 (0x01269223) sh      s2, 4(a3)
core   0: 3 0x80000044 (0x01269223) mem 0x80000098 0x0006
core   0: 0x80000048 (0x00469783) lh      a5, 4(a3)
core   0: 3 0x80000048 (0x00469783) x15 0x00000006 mem 0x80000098
core   0: 0x8000004c (0x01268323) sb      s2, 6(a3)
core   0: 3 0x8000004c (0x01268323) mem 0x8000009a 0x06
core   0: 0x80000050 (0x00668803) lb      a6, 6(a3)
core   0: 3 0x80000050 (0x00668803) x16 0x00000006 mem 0x8000009a
core   0: 0x80000054 (0x0000c680) c.sw    s0, 8(a3)
core   0: 3 0x80000054 (0xc680) mem 0x8000009c 0x00000007
core   0: 0x80000056 (0x00004684) c.lw    s1, 8(a3)
core   0: 3 0x80000056 (0x4684) x9  0x00000007 mem 0x8000009c
core   0: 0x80000058 (0x03371b63) bne     a4, s3, pc + 54
core   0: 3 0x80000058 (0x03371b63)
core   0: 0x8000005c (0x01278363) beq     a5, s2, pc + 6
core   0: 3 0x8000005c (0x01278363)
core   0: 0x80000062 (0x00000289) c.addi  t0, 2
core   0: 3 0x80000062 (0x0289) x5  0x00000002
core   0: 0x80000064 (0x0003c363) bltz    t2, pc + 6
core   0: 3 0x80000064 (0x0003c363)
core   0: 0x8000006a (0x02940e33) mul     t3, s0, s1
core   0: 3 0x8000006a (0x02940e33) x28 0x00000031
core   0: 0x8000006e (0x028e4eb3) div     t4, t3, s0
core   0: 3 0x8000006e (0x028e4eb3) x29 0x00000007
core   0: 0x80000072 (0x028e6f33) rem     t5, t3, s0
core   0: 3 0x80000072 (0x028e6f33) x30 0x00000000
core   0: 0x80000076 (0x01ee8fb3) add     t6, t4, t5
core   0: 3 0x80000076 (0x01ee8fb3) x31 0x00000007
core   0: 0x8000007a (0x00c000ef) jal     pc + 0xc
core   0: 3 0x8000007a (0x00c000ef) x1  0x8000007e
core   0: 0x80000086 (0xffff8b93) addi    s7, t6, -1
core   0: 3 0x80000086 (0xffff8b93) x23 0x00000006
core   0: 0x8000008a (0x00008067) ret
core   0: 3 0x8000008a (0x00008067)
core   0: 0x8000007e (0x00000b85) c.addi  s7, 1
core   0: 3 0x8000007e (0x0b85) x23 0x00000007
core   0: 0x80000080 (0x01fb9763) bne     s7, t6, pc + 14
core   0: 3 0x80000080 (0x01fb9763)
core   0: 0x80000084 (0x00009002) c.ebreak
core   0: exception trap_breakpoint, epc 0x80000084
core   0:           tval 0x80000084
