2026-06-12 16:33:04,124 riscv_instr.py 119 INFO Registering LB
2026-06-12 16:33:04,124 riscv_instr.py 119 INFO Registering LH
2026-06-12 16:33:04,124 riscv_instr.py 119 INFO Registering LW
2026-06-12 16:33:04,124 riscv_instr.py 119 INFO Registering LBU
2026-06-12 16:33:04,124 riscv_instr.py 119 INFO Registering LHU
2026-06-12 16:33:04,124 riscv_instr.py 119 INFO Registering SB
2026-06-12 16:33:04,124 riscv_instr.py 119 INFO Registering SH
2026-06-12 16:33:04,124 riscv_instr.py 119 INFO Registering SW
2026-06-12 16:33:04,124 riscv_instr.py 119 INFO Registering SLL
2026-06-12 16:33:04,124 riscv_instr.py 119 INFO Registering SLLI
2026-06-12 16:33:04,124 riscv_instr.py 119 INFO Registering SRL
2026-06-12 16:33:04,124 riscv_instr.py 119 INFO Registering SRLI
2026-06-12 16:33:04,124 riscv_instr.py 119 INFO Registering SRA
2026-06-12 16:33:04,124 riscv_instr.py 119 INFO Registering SRAI
2026-06-12 16:33:04,124 riscv_instr.py 119 INFO Registering ADD
2026-06-12 16:33:04,124 riscv_instr.py 119 INFO Registering ADDI
2026-06-12 16:33:04,124 riscv_instr.py 119 INFO Registering NOP
2026-06-12 16:33:04,124 riscv_instr.py 119 INFO Registering SUB
2026-06-12 16:33:04,125 riscv_instr.py 119 INFO Registering LUI
2026-06-12 16:33:04,125 riscv_instr.py 119 INFO Registering AUIPC
2026-06-12 16:33:04,125 riscv_instr.py 119 INFO Registering XOR
2026-06-12 16:33:04,125 riscv_instr.py 119 INFO Registering XORI
2026-06-12 16:33:04,125 riscv_instr.py 119 INFO Registering OR
2026-06-12 16:33:04,125 riscv_instr.py 119 INFO Registering ORI
2026-06-12 16:33:04,125 riscv_instr.py 119 INFO Registering AND
2026-06-12 16:33:04,125 riscv_instr.py 119 INFO Registering ANDI
2026-06-12 16:33:04,125 riscv_instr.py 119 INFO Registering SLT
2026-06-12 16:33:04,125 riscv_instr.py 119 INFO Registering SLTI
2026-06-12 16:33:04,125 riscv_instr.py 119 INFO Registering SLTU
2026-06-12 16:33:04,125 riscv_instr.py 119 INFO Registering SLTIU
2026-06-12 16:33:04,125 riscv_instr.py 119 INFO Registering BEQ
2026-06-12 16:33:04,125 riscv_instr.py 119 INFO Registering BNE
2026-06-12 16:33:04,125 riscv_instr.py 119 INFO Registering BLT
2026-06-12 16:33:04,125 riscv_instr.py 119 INFO Registering BGE
2026-06-12 16:33:04,125 riscv_instr.py 119 INFO Registering BLTU
2026-06-12 16:33:04,125 riscv_instr.py 119 INFO Registering BGEU
2026-06-12 16:33:04,125 riscv_instr.py 119 INFO Registering JAL
2026-06-12 16:33:04,125 riscv_instr.py 119 INFO Registering JALR
2026-06-12 16:33:04,125 riscv_instr.py 119 INFO Registering FENCE
2026-06-12 16:33:04,125 riscv_instr.py 119 INFO Registering FENCE_I
2026-06-12 16:33:04,125 riscv_instr.py 119 INFO Registering SFENCE_VMA
2026-06-12 16:33:04,125 riscv_instr.py 119 INFO Registering ECALL
2026-06-12 16:33:04,125 riscv_instr.py 119 INFO Registering EBREAK
2026-06-12 16:33:04,125 riscv_instr.py 119 INFO Registering URET
2026-06-12 16:33:04,125 riscv_instr.py 119 INFO Registering SRET
2026-06-12 16:33:04,125 riscv_instr.py 119 INFO Registering MRET
2026-06-12 16:33:04,125 riscv_instr.py 119 INFO Registering DRET
2026-06-12 16:33:04,125 riscv_instr.py 119 INFO Registering WFI
2026-06-12 16:33:04,125 riscv_instr.py 119 INFO Registering CSRRW
2026-06-12 16:33:04,125 riscv_instr.py 119 INFO Registering CSRRS
2026-06-12 16:33:04,125 riscv_instr.py 119 INFO Registering CSRRC
2026-06-12 16:33:04,125 riscv_instr.py 119 INFO Registering CSRRWI
2026-06-12 16:33:04,125 riscv_instr.py 119 INFO Registering CSRRSI
2026-06-12 16:33:04,125 riscv_instr.py 119 INFO Registering CSRRCI
2026-06-12 16:33:04,125 riscv_instr.py 119 INFO Registering MUL
2026-06-12 16:33:04,125 riscv_instr.py 119 INFO Registering MULH
2026-06-12 16:33:04,125 riscv_instr.py 119 INFO Registering MULHSU
2026-06-12 16:33:04,125 riscv_instr.py 119 INFO Registering MULHU
2026-06-12 16:33:04,125 riscv_instr.py 119 INFO Registering DIV
2026-06-12 16:33:04,125 riscv_instr.py 119 INFO Registering DIVU
2026-06-12 16:33:04,125 riscv_instr.py 119 INFO Registering REM
2026-06-12 16:33:04,125 riscv_instr.py 119 INFO Registering REMU
2026-06-12 16:33:04,125 riscv_instr.py 119 INFO Registering C_LW
2026-06-12 16:33:04,125 riscv_instr.py 119 INFO Registering C_SW
2026-06-12 16:33:04,125 riscv_instr.py 119 INFO Registering C_LWSP
2026-06-12 16:33:04,125 riscv_instr.py 119 INFO Registering C_SWSP
2026-06-12 16:33:04,125 riscv_instr.py 119 INFO Registering C_ADDI4SPN
2026-06-12 16:33:04,125 riscv_instr.py 119 INFO Registering C_ADDI
2026-06-12 16:33:04,125 riscv_instr.py 119 INFO Registering C_ADDI16SP
2026-06-12 16:33:04,125 riscv_instr.py 119 INFO Registering C_LI
2026-06-12 16:33:04,125 riscv_instr.py 119 INFO Registering C_LUI
2026-06-12 16:33:04,125 riscv_instr.py 119 INFO Registering C_SUB
2026-06-12 16:33:04,125 riscv_instr.py 119 INFO Registering C_ADD
2026-06-12 16:33:04,125 riscv_instr.py 119 INFO Registering C_NOP
2026-06-12 16:33:04,125 riscv_instr.py 119 INFO Registering C_MV
2026-06-12 16:33:04,125 riscv_instr.py 119 INFO Registering C_ANDI
2026-06-12 16:33:04,125 riscv_instr.py 119 INFO Registering C_XOR
2026-06-12 16:33:04,125 riscv_instr.py 119 INFO Registering C_OR
2026-06-12 16:33:04,125 riscv_instr.py 119 INFO Registering C_AND
2026-06-12 16:33:04,125 riscv_instr.py 119 INFO Registering C_BEQZ
2026-06-12 16:33:04,125 riscv_instr.py 119 INFO Registering C_BNEZ
2026-06-12 16:33:04,125 riscv_instr.py 119 INFO Registering C_SRLI
2026-06-12 16:33:04,125 riscv_instr.py 119 INFO Registering C_SRAI
2026-06-12 16:33:04,125 riscv_instr.py 119 INFO Registering C_SLLI
2026-06-12 16:33:04,125 riscv_instr.py 119 INFO Registering C_J
2026-06-12 16:33:04,125 riscv_instr.py 119 INFO Registering C_JAL
2026-06-12 16:33:04,125 riscv_instr.py 119 INFO Registering C_JR
2026-06-12 16:33:04,125 riscv_instr.py 119 INFO Registering C_JALR
2026-06-12 16:33:04,125 riscv_instr.py 119 INFO Registering C_EBREAK
2026-06-12 16:33:04,528 riscv_instr_gen_config.py 475 INFO min_stack_len_per_program value = 8
2026-06-12 16:33:04,528 riscv_instr_base_test.py 78 INFO riscv_instr_gen_config is randomized
2026-06-12 16:33:04,532 riscv_utils.py 70 INFO 
+-----+---------------------------------+---------------+--------+---------------------------------------------------------------------------+
|     | Name                            | Type          |   Size | Value                                                                     |
|-----+---------------------------------+---------------+--------+---------------------------------------------------------------------------|
|   0 | tname                           | <class 'str'> |     54 | riscv_instr_gen_config                                                    |
|   1 | main_program_instr_cnt          | <class 'str'> |     71 | 2037                                                                      |
|   2 | sub_program_instr_cnt           | <class 'str'> |     70 | []                                                                        |
|   3 | debug_program_instr_cnt         | <class 'str'> |     72 | 0                                                                         |
|   4 | debug_sub_program_instr_cnt     | <class 'str'> |     76 | []                                                                        |
|   5 | data_page_pattern               | <class 'str'> |     66 | 2                                                                         |
|   6 | vreg_init_method                | <class 'str'> |     65 | 1                                                                         |
|   7 | max_directed_instr_stream_seq   | <class 'str'> |     78 | 20                                                                        |
|   8 | m_mode_exception_delegation     | <class 'str'> |     76 | {}                                                                        |
|   9 | s_mode_exception_delegation     | <class 'str'> |     76 | {}                                                                        |
|  10 | m_mode_interrupt_delegation     | <class 'str'> |     76 | {}                                                                        |
|  11 | s_mode_interrupt_delegation     | <class 'str'> |     76 | {}                                                                        |
|  12 | init_privileged_mode            | <class 'str'> |     69 | 3                                                                         |
|  13 | mstatus                         | <class 'str'> |     56 | 1517314681                                                                |
|  14 | mie                             | <class 'str'> |     52 | 1129763142                                                                |
|  15 | sstatus                         | <class 'str'> |     56 | 1316502496                                                                |
|  16 | sie                             | <class 'str'> |     52 | 2060888695                                                                |
|  17 | ustatus                         | <class 'str'> |     56 | 1967803507                                                                |
|  18 | uie                             | <class 'str'> |     52 | 1333710323                                                                |
|  19 | mstatus_mprv                    | <class 'str'> |     61 | 0                                                                         |
|  20 | mstatus_mxr                     | <class 'str'> |     60 | 0                                                                         |
|  21 | mstatus_sum                     | <class 'str'> |     60 | 0                                                                         |
|  22 | mstatus_tvm                     | <class 'str'> |     60 | 0                                                                         |
|  23 | mstatus_fs                      | <class 'str'> |     59 | 0                                                                         |
|  24 | mstatus_vs                      | <class 'str'> |     59 | 1                                                                         |
|  25 | mtvec_mode                      | <class 'str'> |     59 | 0                                                                         |
|  26 | tvec_alignment                  | <class 'str'> |     63 | 2                                                                         |
|  27 | fcsr_rm                         | <class 'str'> |     56 | 3                                                                         |
|  28 | enable_sfence                   | <class 'str'> |     62 | 0                                                                         |
|  29 | gpr                             | <class 'str'> |     52 | [22, 6, 14, 28]                                                           |
|  30 | scratch_reg                     | <class 'str'> |     60 | 17                                                                        |
|  31 | pmp_reg                         | <class 'str'> |     56 | 31                                                                        |
|  32 | sp                              | <class 'str'> |     51 | 30                                                                        |
|  33 | tp                              | <class 'str'> |     51 | 31                                                                        |
|  34 | ra                              | <class 'str'> |     51 | 6                                                                         |
|  35 | check_misa_init_val             | <class 'str'> |     68 | 0                                                                         |
|  36 | check_xstatus                   | <class 'str'> |     62 | 1                                                                         |
|  37 | virtual_addr_translation_on     | <class 'str'> |     76 | 0                                                                         |
|  38 | stack_len                       | <class 'str'> |     58 | 5000                                                                      |
|  39 | kernel_stack_len                | <class 'str'> |     65 | 4000                                                                      |
|  40 | kernel_program_instr_cnt        | <class 'str'> |     73 | 400                                                                       |
|  41 | invalid_priv_mode_csrs          | <class 'str'> |     71 | []                                                                        |
|  42 | num_of_sub_program              | <class 'str'> |     67 | 0                                                                         |
|  43 | instr_cnt                       | <class 'str'> |     58 | 8000                                                                      |
|  44 | num_of_tests                    | <class 'str'> |     61 | 1                                                                         |
|  45 | no_data_page                    | <class 'str'> |     61 | 0                                                                         |
|  46 | no_branch_jump                  | <class 'str'> |     63 | 0                                                                         |
|  47 | no_load_store                   | <class 'str'> |     62 | 0                                                                         |
|  48 | no_csr_instr                    | <class 'str'> |     61 | 0                                                                         |
|  49 | no_ebreak                       | <class 'str'> |     58 | 1                                                                         |
|  50 | no_dret                         | <class 'str'> |     56 | 1                                                                         |
|  51 | no_fence                        | <class 'str'> |     57 | 0                                                                         |
|  52 | no_wfi                          | <class 'str'> |     55 | 1                                                                         |
|  53 | enable_unaligned_load_store     | <class 'str'> |     76 | 1                                                                         |
|  54 | illegal_instr_ratio             | <class 'str'> |     68 | 0                                                                         |
|  55 | hint_instr_ratio                | <class 'str'> |     65 | 0                                                                         |
|  56 | num_of_harts                    | <class 'str'> |     61 | 1                                                                         |
|  57 | fix_sp                          | <class 'str'> |     55 | 0                                                                         |
|  58 | use_push_data_section           | <class 'str'> |     70 | 0                                                                         |
|  59 | boot_mode_opts                  | <class 'str'> |     63 | m                                                                         |
|  60 | enable_page_table_exception     | <class 'str'> |     76 | 0                                                                         |
|  61 | no_directed_instr               | <class 'str'> |     66 | 0                                                                         |
|  62 | asm_test_suffix                 | <class 'str'> |     64 |                                                                           |
|  63 | enable_interrupt                | <class 'str'> |     65 | 0                                                                         |
|  64 | enable_nested_interrupt         | <class 'str'> |     72 | 0                                                                         |
|  65 | enable_timer_irq                | <class 'str'> |     65 | 0                                                                         |
|  66 | bare_program_mode               | <class 'str'> |     66 | 0                                                                         |
|  67 | enable_illegal_csr_instruction  | <class 'str'> |     79 | 0                                                                         |
|  68 | enable_access_invalid_csr_level | <class 'str'> |     80 | 0                                                                         |
|  69 | enable_misaligned_instr         | <class 'str'> |     72 | 0                                                                         |
|  70 | enable_dummy_csr_write          | <class 'str'> |     71 | 0                                                                         |
|  71 | randomize_csr                   | <class 'str'> |     62 | 0                                                                         |
|  72 | allow_sfence_exception          | <class 'str'> |     71 | 0                                                                         |
|  73 | no_delegation                   | <class 'str'> |     62 | 1                                                                         |
|  74 | force_m_delegation              | <class 'str'> |     67 | 0                                                                         |
|  75 | force_s_delegation              | <class 'str'> |     67 | 0                                                                         |
|  76 | support_supervisor_mode         | <class 'str'> |     72 | 0                                                                         |
|  77 | disable_compressed_instr        | <class 'str'> |     73 | 0                                                                         |
|  78 | require_signature_addr          | <class 'str'> |     71 | 0                                                                         |
|  79 | signature_addr                  | <class 'str'> |     63 | 3735928559                                                                |
|  80 | gen_debug_section               | <class 'str'> |     66 | 0                                                                         |
|  81 | enable_ebreak_in_debug_rom      | <class 'str'> |     75 | 0                                                                         |
|  82 | set_dcsr_ebreak                 | <class 'str'> |     64 | 0                                                                         |
|  83 | num_debug_sub_program           | <class 'str'> |     70 | 0                                                                         |
|  84 | enable_debug_single_step        | <class 'str'> |     73 | 0                                                                         |
|  85 | single_step_iterations          | <class 'str'> |     71 | 1718847678                                                                |
|  86 | set_mstatus_tw                  | <class 'str'> |     63 | 0                                                                         |
|  87 | set_mstatus_mprv                | <class 'str'> |     65 | 0                                                                         |
|  88 | min_stack_len_per_program       | <class 'str'> |     74 | 8                                                                         |
|  89 | max_stack_len_per_program       | <class 'str'> |     74 | 64                                                                        |
|  90 | max_branch_step                 | <class 'str'> |     64 | 20                                                                        |
|  91 | reserved_regs                   | <class 'str'> |     62 | [31, 30, 17]                                                              |
|  92 | enable_floating_point           | <class 'str'> |     70 | 0                                                                         |
|  93 | enable_vector_extension         | <class 'str'> |     72 | 0                                                                         |
|  94 | vector_instr_only               | <class 'str'> |     66 | 0                                                                         |
|  95 | enable_b_extension              | <class 'str'> |     67 | 0                                                                         |
|  96 | enable_bitmanip_groups          | <class 'str'> |     71 | ['ZBB', 'ZBS', 'ZBP', 'ZBE', 'ZBF', 'ZBC', 'ZBR', 'ZBM', 'ZBT', 'ZB_TMP'] |
|  97 | dist_control_mode               | <class 'str'> |     66 | 0                                                                         |
|  98 | category_dist                   | <class 'str'> |     62 | {}                                                                        |
|  99 | march_isa                       | <class 'str'> |     58 | []                                                                        |
| 100 | supported_interrupt_mode        | <class 'str'> |     73 | [0]                                                                       |
| 101 | XLEN                            | <class 'str'> |     53 | 32                                                                        |
| 102 | SATP_MODE                       | <class 'str'> |     58 | 0                                                                         |
| 103 | init_privil_mode                | <class 'str'> |     65 | 3                                                                         |
| 104 | tvec_ceil                       | <class 'str'> |     58 | 4                                                                         |
+-----+---------------------------------+---------------+--------+---------------------------------------------------------------------------+
2026-06-12 16:33:04,650 riscv_instr_base_test.py 70 INFO All directed instruction is applied
2026-06-12 16:33:04,650 riscv_asm_program_gen.py 611 INFO Generating privileged mode routing for MACHINE_MODE
2026-06-12 16:33:04,663 riscv_privileged_common_seq.py 139 INFO self.mstatus_val: 0x1a00
2026-06-12 16:33:04,745 riscv_instr_sequence.py 75 INFO Start generating 2037 instruction
2026-06-12 16:33:23,532 riscv_instr_sequence.py 85 INFO Finishing instruction generation
2026-06-12 16:33:23,532 riscv_asm_program_gen.py 248 INFO Randomizing call stack..done
2026-06-12 16:33:23,537 riscv_instr_sequence.py 188 INFO Processing branch instruction[4]:c.beqz      a3, -2 # 4 -> 6
2026-06-12 16:33:23,538 riscv_instr_sequence.py 188 INFO Processing branch instruction[11]:bne         s0, a7, -755 # 11 -> 29
2026-06-12 16:33:23,538 riscv_instr_sequence.py 188 INFO Processing branch instruction[16]:bge         ra, s6, -37 # 16 -> 27
2026-06-12 16:33:23,538 riscv_instr_sequence.py 188 INFO Processing branch instruction[17]:c.bnez      a3, -2 # 17 -> 26
2026-06-12 16:33:23,538 riscv_instr_sequence.py 188 INFO Processing branch instruction[18]:blt         a5, s9, 774 # 18 -> 25
2026-06-12 16:33:23,538 riscv_instr_sequence.py 188 INFO Processing branch instruction[44]:beq         s3, t6, -393 # 44 -> 46
2026-06-12 16:33:23,538 riscv_instr_sequence.py 188 INFO Processing branch instruction[50]:bge         s9, s5, 335 # 50 -> 67
2026-06-12 16:33:23,538 riscv_instr_sequence.py 188 INFO Processing branch instruction[52]:bgeu        a0, t4, 120 # 52 -> 61
2026-06-12 16:33:23,538 riscv_instr_sequence.py 188 INFO Processing branch instruction[54]:bltu        s8, t6, -340 # 54 -> 72
2026-06-12 16:33:23,538 riscv_instr_sequence.py 188 INFO Processing branch instruction[59]:bne         t6, a2, 1355 # 59 -> 76
2026-06-12 16:33:23,538 riscv_instr_sequence.py 188 INFO Processing branch instruction[63]:c.beqz      a3, -2 # 63 -> 68
2026-06-12 16:33:23,538 riscv_instr_sequence.py 188 INFO Processing branch instruction[68]:bltu        s3, ra, 920 # 68 -> 72
2026-06-12 16:33:23,538 riscv_instr_sequence.py 188 INFO Processing branch instruction[75]:bne         t1, t3, -683 # 75 -> 80
2026-06-12 16:33:23,539 riscv_instr_sequence.py 188 INFO Processing branch instruction[105]:c.beqz      a3, -2 # 105 -> 108
2026-06-12 16:33:23,539 riscv_instr_sequence.py 188 INFO Processing branch instruction[106]:blt         s1, sp, -10 # 106 -> 122
2026-06-12 16:33:23,539 riscv_instr_sequence.py 188 INFO Processing branch instruction[109]:c.bnez      a3, 116 # 109 -> 117
2026-06-12 16:33:23,539 riscv_instr_sequence.py 188 INFO Processing branch instruction[116]:bne         s3, s3, 684 # 116 -> 130
2026-06-12 16:33:23,539 riscv_instr_sequence.py 188 INFO Processing branch instruction[121]:beq         t5, s3, -49 # 121 -> 126
2026-06-12 16:33:23,539 riscv_instr_sequence.py 188 INFO Processing branch instruction[123]:bne         a4, s3, -39 # 123 -> 124
2026-06-12 16:33:23,539 riscv_instr_sequence.py 188 INFO Processing branch instruction[139]:bltu        s1, t5, 1984 # 139 -> 154
2026-06-12 16:33:23,539 riscv_instr_sequence.py 188 INFO Processing branch instruction[149]:bge         t6, s2, 841 # 149 -> 156
2026-06-12 16:33:23,539 riscv_instr_sequence.py 188 INFO Processing branch instruction[163]:c.beqz      a3, 2 # 163 -> 177
2026-06-12 16:33:23,540 riscv_instr_sequence.py 188 INFO Processing branch instruction[173]:bne         ra, s4, -1876 # 173 -> 186
2026-06-12 16:33:23,540 riscv_instr_sequence.py 188 INFO Processing branch instruction[176]:c.beqz      a3, -2 # 176 -> 178
2026-06-12 16:33:23,540 riscv_instr_sequence.py 188 INFO Processing branch instruction[195]:blt         s10, s6, -1507 # 195 -> 203
2026-06-12 16:33:23,540 riscv_instr_sequence.py 188 INFO Processing branch instruction[201]:bne         a4, s9, -1748 # 201 -> 209
2026-06-12 16:33:23,540 riscv_instr_sequence.py 188 INFO Processing branch instruction[203]:blt         t2, sp, 1803 # 203 -> 213
2026-06-12 16:33:23,540 riscv_instr_sequence.py 188 INFO Processing branch instruction[209]:blt         t2, s8, -1744 # 209 -> 221
2026-06-12 16:33:23,540 riscv_instr_sequence.py 188 INFO Processing branch instruction[210]:bge         s11, s2, -1847 # 210 -> 218
2026-06-12 16:33:23,540 riscv_instr_sequence.py 188 INFO Processing branch instruction[215]:bgeu        s1, t2, -11 # 215 -> 224
2026-06-12 16:33:23,540 riscv_instr_sequence.py 188 INFO Processing branch instruction[242]:bge         tp, s3, 1281 # 242 -> 244
2026-06-12 16:33:23,540 riscv_instr_sequence.py 188 INFO Processing branch instruction[248]:c.bnez      s0, -2 # 248 -> 266
2026-06-12 16:33:23,540 riscv_instr_sequence.py 188 INFO Processing branch instruction[249]:bge         s9, zero, -2027 # 249 -> 260
2026-06-12 16:33:23,540 riscv_instr_sequence.py 188 INFO Processing branch instruction[251]:bge         t4, t5, 840 # 251 -> 266
2026-06-12 16:33:23,541 riscv_instr_sequence.py 188 INFO Processing branch instruction[262]:blt         a0, tp, 333 # 262 -> 274
2026-06-12 16:33:23,541 riscv_instr_sequence.py 188 INFO Processing branch instruction[265]:blt         ra, t6, -1402 # 265 -> 273
2026-06-12 16:33:23,541 riscv_instr_sequence.py 188 INFO Processing branch instruction[271]:bge         s4, t0, -1767 # 271 -> 279
2026-06-12 16:33:23,541 riscv_instr_sequence.py 188 INFO Processing branch instruction[282]:bge         s8, s7, 1048 # 282 -> 287
2026-06-12 16:33:23,541 riscv_instr_sequence.py 188 INFO Processing branch instruction[289]:beq         ra, s9, -297 # 289 -> 298
2026-06-12 16:33:23,541 riscv_instr_sequence.py 188 INFO Processing branch instruction[299]:bne         t2, a7, 886 # 299 -> 307
2026-06-12 16:33:23,541 riscv_instr_sequence.py 188 INFO Processing branch instruction[301]:bne         a1, t0, -648 # 301 -> 314
2026-06-12 16:33:23,541 riscv_instr_sequence.py 188 INFO Processing branch instruction[310]:bltu        t6, sp, -862 # 310 -> 314
2026-06-12 16:33:23,541 riscv_instr_sequence.py 188 INFO Processing branch instruction[317]:c.bnez      a3, -2 # 317 -> 319
2026-06-12 16:33:23,541 riscv_instr_sequence.py 188 INFO Processing branch instruction[332]:bgeu        t1, a6, 715 # 332 -> 341
2026-06-12 16:33:23,541 riscv_instr_sequence.py 188 INFO Processing branch instruction[333]:beq         s11, tp, -693 # 333 -> 334
2026-06-12 16:33:23,541 riscv_instr_sequence.py 188 INFO Processing branch instruction[337]:bne         a1, zero, 354 # 337 -> 345
2026-06-12 16:33:23,541 riscv_instr_sequence.py 188 INFO Processing branch instruction[344]:c.beqz      a3, -2 # 344 -> 349
2026-06-12 16:33:23,542 riscv_instr_sequence.py 188 INFO Processing branch instruction[353]:c.beqz      a3, 46 # 353 -> 367
2026-06-12 16:33:23,542 riscv_instr_sequence.py 188 INFO Processing branch instruction[358]:bge         s2, s6, 112 # 358 -> 361
2026-06-12 16:33:23,542 riscv_instr_sequence.py 188 INFO Processing branch instruction[372]:bge         s11, t5, 1230 # 372 -> 388
2026-06-12 16:33:23,542 riscv_instr_sequence.py 188 INFO Processing branch instruction[378]:c.beqz      a3, -2 # 378 -> 380
2026-06-12 16:33:23,542 riscv_instr_sequence.py 188 INFO Processing branch instruction[391]:c.beqz      a3, -2 # 391 -> 405
2026-06-12 16:33:23,542 riscv_instr_sequence.py 188 INFO Processing branch instruction[395]:c.beqz      a5, -2 # 395 -> 400
2026-06-12 16:33:23,542 riscv_instr_sequence.py 188 INFO Processing branch instruction[396]:blt         gp, t3, 703 # 396 -> 403
2026-06-12 16:33:23,542 riscv_instr_sequence.py 188 INFO Processing branch instruction[398]:blt         s4, t1, 1852 # 398 -> 415
2026-06-12 16:33:23,542 riscv_instr_sequence.py 188 INFO Processing branch instruction[403]:c.bnez      a3, -2 # 403 -> 421
2026-06-12 16:33:23,542 riscv_instr_sequence.py 188 INFO Processing branch instruction[416]:c.bnez      a3, 20 # 416 -> 426
2026-06-12 16:33:23,542 riscv_instr_sequence.py 188 INFO Processing branch instruction[432]:blt         s10, s0, 770 # 432 -> 449
2026-06-12 16:33:23,542 riscv_instr_sequence.py 188 INFO Processing branch instruction[440]:bltu        s1, a2, 608 # 440 -> 449
2026-06-12 16:33:23,542 riscv_instr_sequence.py 188 INFO Processing branch instruction[441]:bltu        s0, tp, 1714 # 441 -> 448
2026-06-12 16:33:23,542 riscv_instr_sequence.py 188 INFO Processing branch instruction[447]:beq         a5, a6, -476 # 447 -> 455
2026-06-12 16:33:23,543 riscv_instr_sequence.py 188 INFO Processing branch instruction[448]:bgeu        s1, a5, -1234 # 448 -> 449
2026-06-12 16:33:23,543 riscv_instr_sequence.py 188 INFO Processing branch instruction[453]:c.bnez      a3, 52 # 453 -> 455
2026-06-12 16:33:23,543 riscv_instr_sequence.py 188 INFO Processing branch instruction[456]:blt         a7, a4, 578 # 456 -> 472
2026-06-12 16:33:23,543 riscv_instr_sequence.py 188 INFO Processing branch instruction[457]:c.bnez      a3, -2 # 457 -> 461
2026-06-12 16:33:23,543 riscv_instr_sequence.py 188 INFO Processing branch instruction[465]:blt         a1, s11, 1336 # 465 -> 473
2026-06-12 16:33:23,543 riscv_instr_sequence.py 188 INFO Processing branch instruction[474]:bgeu        s8, a0, -1312 # 474 -> 491
2026-06-12 16:33:23,543 riscv_instr_sequence.py 188 INFO Processing branch instruction[476]:bne         s8, t1, 758 # 476 -> 481
2026-06-12 16:33:23,543 riscv_instr_sequence.py 188 INFO Processing branch instruction[477]:bltu        a3, s0, 924 # 477 -> 486
2026-06-12 16:33:23,543 riscv_instr_sequence.py 188 INFO Processing branch instruction[482]:bne         a0, t6, -264 # 482 -> 497
2026-06-12 16:33:23,543 riscv_instr_sequence.py 188 INFO Processing branch instruction[488]:c.beqz      a3, -2 # 488 -> 490
2026-06-12 16:33:23,543 riscv_instr_sequence.py 188 INFO Processing branch instruction[502]:bne         s3, s8, -438 # 502 -> 511
2026-06-12 16:33:23,543 riscv_instr_sequence.py 188 INFO Processing branch instruction[503]:beq         s4, t3, -118 # 503 -> 512
2026-06-12 16:33:23,543 riscv_instr_sequence.py 188 INFO Processing branch instruction[509]:beq         a1, s3, 118 # 509 -> 527
2026-06-12 16:33:23,543 riscv_instr_sequence.py 188 INFO Processing branch instruction[514]:bltu        s4, s2, 2039 # 514 -> 521
2026-06-12 16:33:23,543 riscv_instr_sequence.py 188 INFO Processing branch instruction[520]:c.bnez      a3, 98 # 520 -> 523
2026-06-12 16:33:23,544 riscv_instr_sequence.py 188 INFO Processing branch instruction[531]:beq         s0, s10, -1197 # 531 -> 541
2026-06-12 16:33:23,544 riscv_instr_sequence.py 188 INFO Processing branch instruction[543]:beq         ra, ra, 1870 # 543 -> 554
2026-06-12 16:33:23,544 riscv_instr_sequence.py 188 INFO Processing branch instruction[544]:bgeu        gp, gp, 160 # 544 -> 549
2026-06-12 16:33:23,544 riscv_instr_sequence.py 188 INFO Processing branch instruction[548]:beq         s11, s8, 1864 # 548 -> 553
2026-06-12 16:33:23,544 riscv_instr_sequence.py 188 INFO Processing branch instruction[550]:c.beqz      a3, 96 # 550 -> 568
2026-06-12 16:33:23,544 riscv_instr_sequence.py 188 INFO Processing branch instruction[560]:bge         t1, a5, -2003 # 560 -> 567
2026-06-12 16:33:23,544 riscv_instr_sequence.py 188 INFO Processing branch instruction[576]:bge         a4, s8, -377 # 576 -> 584
2026-06-12 16:33:23,544 riscv_instr_sequence.py 188 INFO Processing branch instruction[590]:blt         s1, s3, -508 # 590 -> 598
2026-06-12 16:33:23,544 riscv_instr_sequence.py 188 INFO Processing branch instruction[591]:bltu        t2, s3, 2010 # 591 -> 604
2026-06-12 16:33:23,544 riscv_instr_sequence.py 188 INFO Processing branch instruction[599]:c.beqz      a1, 46 # 599 -> 613
2026-06-12 16:33:23,545 riscv_instr_sequence.py 188 INFO Processing branch instruction[619]:bne         s1, t6, 1824 # 619 -> 633
2026-06-12 16:33:23,545 riscv_instr_sequence.py 188 INFO Processing branch instruction[621]:beq         a3, s10, -1189 # 621 -> 638
2026-06-12 16:33:23,545 riscv_instr_sequence.py 188 INFO Processing branch instruction[627]:bne         tp, zero, -1002 # 627 -> 639
2026-06-12 16:33:23,545 riscv_instr_sequence.py 188 INFO Processing branch instruction[630]:bne         s11, s3, -376 # 630 -> 632
2026-06-12 16:33:23,545 riscv_instr_sequence.py 188 INFO Processing branch instruction[633]:beq         s4, t0, 904 # 633 -> 638
2026-06-12 16:33:23,545 riscv_instr_sequence.py 188 INFO Processing branch instruction[654]:c.beqz      a3, 32 # 654 -> 658
2026-06-12 16:33:23,545 riscv_instr_sequence.py 188 INFO Processing branch instruction[664]:c.beqz      a3, -2 # 664 -> 682
2026-06-12 16:33:23,545 riscv_instr_sequence.py 188 INFO Processing branch instruction[669]:beq         a3, s5, -1173 # 669 -> 680
2026-06-12 16:33:23,545 riscv_instr_sequence.py 188 INFO Processing branch instruction[678]:beq         a6, t1, -725 # 678 -> 695
2026-06-12 16:33:23,545 riscv_instr_sequence.py 188 INFO Processing branch instruction[679]:beq         s8, a6, -406 # 679 -> 694
2026-06-12 16:33:23,545 riscv_instr_sequence.py 188 INFO Processing branch instruction[682]:c.bnez      a3, 122 # 682 -> 684
2026-06-12 16:33:23,545 riscv_instr_sequence.py 188 INFO Processing branch instruction[683]:bne         a4, a4, 160 # 683 -> 701
2026-06-12 16:33:23,545 riscv_instr_sequence.py 188 INFO Processing branch instruction[687]:blt         s0, t6, -1736 # 687 -> 695
2026-06-12 16:33:23,546 riscv_instr_sequence.py 188 INFO Processing branch instruction[697]:blt         t5, s10, 572 # 697 -> 710
2026-06-12 16:33:23,546 riscv_instr_sequence.py 188 INFO Processing branch instruction[713]:beq         a5, s3, -150 # 713 -> 721
2026-06-12 16:33:23,546 riscv_instr_sequence.py 188 INFO Processing branch instruction[714]:beq         t1, t0, 1923 # 714 -> 719
2026-06-12 16:33:23,546 riscv_instr_sequence.py 188 INFO Processing branch instruction[717]:beq         s10, t4, -2026 # 717 -> 734
2026-06-12 16:33:23,546 riscv_instr_sequence.py 188 INFO Processing branch instruction[718]:c.bnez      a3, 84 # 718 -> 719
2026-06-12 16:33:23,546 riscv_instr_sequence.py 188 INFO Processing branch instruction[728]:c.bnez      a3, 100 # 728 -> 735
2026-06-12 16:33:23,546 riscv_instr_sequence.py 188 INFO Processing branch instruction[738]:c.beqz      a3, 124 # 738 -> 740
2026-06-12 16:33:23,546 riscv_instr_sequence.py 188 INFO Processing branch instruction[747]:bgeu        s9, tp, 390 # 747 -> 755
2026-06-12 16:33:23,546 riscv_instr_sequence.py 188 INFO Processing branch instruction[752]:bne         ra, s11, 0 # 752 -> 759
2026-06-12 16:33:23,546 riscv_instr_sequence.py 188 INFO Processing branch instruction[756]:c.beqz      a3, 4 # 756 -> 768
2026-06-12 16:33:23,546 riscv_instr_sequence.py 188 INFO Processing branch instruction[764]:c.bnez      a3, 112 # 764 -> 780
2026-06-12 16:33:23,546 riscv_instr_sequence.py 188 INFO Processing branch instruction[768]:blt         a0, a5, -1159 # 768 -> 777
2026-06-12 16:33:23,546 riscv_instr_sequence.py 188 INFO Processing branch instruction[775]:c.beqz      a1, -2 # 775 -> 784
2026-06-12 16:33:23,546 riscv_instr_sequence.py 188 INFO Processing branch instruction[777]:blt         s8, gp, 1833 # 777 -> 787
2026-06-12 16:33:23,546 riscv_instr_sequence.py 188 INFO Processing branch instruction[779]:bgeu        t3, s1, -822 # 779 -> 793
2026-06-12 16:33:23,547 riscv_instr_sequence.py 188 INFO Processing branch instruction[782]:bne         s0, s10, 672 # 782 -> 787
2026-06-12 16:33:23,547 riscv_instr_sequence.py 188 INFO Processing branch instruction[786]:c.bnez      a3, 10 # 786 -> 794
2026-06-12 16:33:23,547 riscv_instr_sequence.py 188 INFO Processing branch instruction[791]:bgeu        t1, s6, -568 # 791 -> 800
2026-06-12 16:33:23,547 riscv_instr_sequence.py 188 INFO Processing branch instruction[792]:blt         t1, s3, -131 # 792 -> 806
2026-06-12 16:33:23,547 riscv_instr_sequence.py 188 INFO Processing branch instruction[795]:c.beqz      a3, -2 # 795 -> 798
2026-06-12 16:33:23,547 riscv_instr_sequence.py 188 INFO Processing branch instruction[797]:c.bnez      a3, 30 # 797 -> 799
2026-06-12 16:33:23,547 riscv_instr_sequence.py 188 INFO Processing branch instruction[803]:bgeu        s9, s10, -1094 # 803 -> 811
2026-06-12 16:33:23,547 riscv_instr_sequence.py 188 INFO Processing branch instruction[804]:blt         sp, s3, -181 # 804 -> 813
2026-06-12 16:33:23,547 riscv_instr_sequence.py 188 INFO Processing branch instruction[812]:bltu        s10, ra, 1596 # 812 -> 814
2026-06-12 16:33:23,547 riscv_instr_sequence.py 188 INFO Processing branch instruction[834]:bgeu        s1, s10, 1055 # 834 -> 843
2026-06-12 16:33:23,547 riscv_instr_sequence.py 188 INFO Processing branch instruction[835]:bgeu        s8, a5, 1437 # 835 -> 852
2026-06-12 16:33:23,547 riscv_instr_sequence.py 188 INFO Processing branch instruction[837]:bne         t3, s0, -896 # 837 -> 855
2026-06-12 16:33:23,547 riscv_instr_sequence.py 188 INFO Processing branch instruction[838]:bgeu        a7, s4, 1517 # 838 -> 853
2026-06-12 16:33:23,547 riscv_instr_sequence.py 188 INFO Processing branch instruction[860]:c.beqz      a3, -2 # 860 -> 876
2026-06-12 16:33:23,547 riscv_instr_sequence.py 188 INFO Processing branch instruction[862]:bltu        a3, a6, -1644 # 862 -> 879
2026-06-12 16:33:23,547 riscv_instr_sequence.py 188 INFO Processing branch instruction[863]:beq         t5, zero, 1483 # 863 -> 881
2026-06-12 16:33:23,548 riscv_instr_sequence.py 188 INFO Processing branch instruction[871]:c.beqz      a3, -2 # 871 -> 881
2026-06-12 16:33:23,548 riscv_instr_sequence.py 188 INFO Processing branch instruction[874]:bne         s3, s2, -1690 # 874 -> 876
2026-06-12 16:33:23,548 riscv_instr_sequence.py 188 INFO Processing branch instruction[876]:blt         s11, s4, 449 # 876 -> 884
2026-06-12 16:33:23,548 riscv_instr_sequence.py 188 INFO Processing branch instruction[882]:bne         a6, s6, -1362 # 882 -> 889
2026-06-12 16:33:23,548 riscv_instr_sequence.py 188 INFO Processing branch instruction[883]:beq         gp, s2, -1665 # 883 -> 885
2026-06-12 16:33:23,548 riscv_instr_sequence.py 188 INFO Processing branch instruction[885]:c.bnez      a3, -2 # 885 -> 886
2026-06-12 16:33:23,548 riscv_instr_sequence.py 188 INFO Processing branch instruction[887]:bltu        a3, a3, 1740 # 887 -> 898
2026-06-12 16:33:23,548 riscv_instr_sequence.py 188 INFO Processing branch instruction[888]:beq         a7, s5, -318 # 888 -> 892
2026-06-12 16:33:23,548 riscv_instr_sequence.py 188 INFO Processing branch instruction[905]:bne         s0, a5, 573 # 905 -> 913
2026-06-12 16:33:23,548 riscv_instr_sequence.py 188 INFO Processing branch instruction[906]:bne         s8, a3, 1772 # 906 -> 909
2026-06-12 16:33:23,548 riscv_instr_sequence.py 188 INFO Processing branch instruction[917]:blt         a2, s1, 169 # 917 -> 929
2026-06-12 16:33:23,548 riscv_instr_sequence.py 188 INFO Processing branch instruction[932]:blt         sp, a6, -322 # 932 -> 939
2026-06-12 16:33:23,548 riscv_instr_sequence.py 188 INFO Processing branch instruction[934]:c.beqz      a5, 44 # 934 -> 939
2026-06-12 16:33:23,549 riscv_instr_sequence.py 188 INFO Processing branch instruction[949]:bgeu        s8, t3, 1239 # 949 -> 954
2026-06-12 16:33:23,549 riscv_instr_sequence.py 188 INFO Processing branch instruction[953]:c.beqz      a3, 24 # 953 -> 962
2026-06-12 16:33:23,549 riscv_instr_sequence.py 188 INFO Processing branch instruction[961]:bge         a3, s9, 229 # 961 -> 975
2026-06-12 16:33:23,549 riscv_instr_sequence.py 188 INFO Processing branch instruction[963]:bgeu        t3, a5, 183 # 963 -> 971
2026-06-12 16:33:23,549 riscv_instr_sequence.py 188 INFO Processing branch instruction[977]:bltu        t6, sp, -1321 # 977 -> 991
2026-06-12 16:33:23,549 riscv_instr_sequence.py 188 INFO Processing branch instruction[989]:c.bnez      a3, -2 # 989 -> 994
2026-06-12 16:33:23,549 riscv_instr_sequence.py 188 INFO Processing branch instruction[992]:bgeu        a3, t6, -1458 # 992 -> 1005
2026-06-12 16:33:23,549 riscv_instr_sequence.py 188 INFO Processing branch instruction[994]:c.bnez      a3, 88 # 994 -> 1008
2026-06-12 16:33:23,549 riscv_instr_sequence.py 188 INFO Processing branch instruction[995]:bltu        a2, t1, -1997 # 995 -> 1010
2026-06-12 16:33:23,549 riscv_instr_sequence.py 188 INFO Processing branch instruction[1004]:beq         zero, s7, -1807 # 1004 -> 1006
2026-06-12 16:33:23,549 riscv_instr_sequence.py 188 INFO Processing branch instruction[1005]:bge         t2, ra, 600 # 1005 -> 1015
2026-06-12 16:33:23,549 riscv_instr_sequence.py 188 INFO Processing branch instruction[1017]:bltu        sp, t1, -20 # 1017 -> 1022
2026-06-12 16:33:23,549 riscv_instr_sequence.py 188 INFO Processing branch instruction[1025]:c.beqz      a3, 14 # 1025 -> 1032
2026-06-12 16:33:23,549 riscv_instr_sequence.py 188 INFO Processing branch instruction[1026]:beq         tp, s5, -1877 # 1026 -> 1028
2026-06-12 16:33:23,549 riscv_instr_sequence.py 188 INFO Processing branch instruction[1032]:bgeu        s2, s8, 704 # 1032 -> 1045
2026-06-12 16:33:23,550 riscv_instr_sequence.py 188 INFO Processing branch instruction[1037]:bltu        s1, a0, 784 # 1037 -> 1054
2026-06-12 16:33:23,550 riscv_instr_sequence.py 188 INFO Processing branch instruction[1038]:bgeu        zero, t3, 67 # 1038 -> 1041
2026-06-12 16:33:23,550 riscv_instr_sequence.py 188 INFO Processing branch instruction[1063]:c.bnez      s1, -2 # 1063 -> 1072
2026-06-12 16:33:23,550 riscv_instr_sequence.py 188 INFO Processing branch instruction[1066]:bge         s8, sp, -1390 # 1066 -> 1080
2026-06-12 16:33:23,550 riscv_instr_sequence.py 188 INFO Processing branch instruction[1077]:c.beqz      a3, 6 # 1077 -> 1095
2026-06-12 16:33:23,550 riscv_instr_sequence.py 188 INFO Processing branch instruction[1079]:c.bnez      a3, 52 # 1079 -> 1084
2026-06-12 16:33:23,550 riscv_instr_sequence.py 188 INFO Processing branch instruction[1086]:c.bnez      s0, 92 # 1086 -> 1094
2026-06-12 16:33:23,550 riscv_instr_sequence.py 188 INFO Processing branch instruction[1094]:c.bnez      a3, -2 # 1094 -> 1111
2026-06-12 16:33:23,551 riscv_instr_sequence.py 188 INFO Processing branch instruction[1112]:bne         a5, s8, -1509 # 1112 -> 1123
2026-06-12 16:33:23,551 riscv_instr_sequence.py 188 INFO Processing branch instruction[1117]:blt         a1, s6, 1548 # 1117 -> 1129
2026-06-12 16:33:23,551 riscv_instr_sequence.py 188 INFO Processing branch instruction[1122]:bltu        t1, s8, -398 # 1122 -> 1130
2026-06-12 16:33:23,551 riscv_instr_sequence.py 188 INFO Processing branch instruction[1132]:bge         s0, s1, 42 # 1132 -> 1141
2026-06-12 16:33:23,551 riscv_instr_sequence.py 188 INFO Processing branch instruction[1138]:beq         t1, s3, -1235 # 1138 -> 1154
2026-06-12 16:33:23,551 riscv_instr_sequence.py 188 INFO Processing branch instruction[1139]:bne         s10, s8, -263 # 1139 -> 1143
2026-06-12 16:33:23,551 riscv_instr_sequence.py 188 INFO Processing branch instruction[1141]:c.beqz      a3, -2 # 1141 -> 1149
2026-06-12 16:33:23,551 riscv_instr_sequence.py 188 INFO Processing branch instruction[1144]:c.beqz      a3, 8 # 1144 -> 1146
2026-06-12 16:33:23,551 riscv_instr_sequence.py 188 INFO Processing branch instruction[1152]:bgeu        zero, s10, -593 # 1152 -> 1160
2026-06-12 16:33:23,551 riscv_instr_sequence.py 188 INFO Processing branch instruction[1158]:bltu        a3, a0, 470 # 1158 -> 1176
2026-06-12 16:33:23,552 riscv_instr_sequence.py 188 INFO Processing branch instruction[1161]:beq         a3, s0, 1904 # 1161 -> 1170
2026-06-12 16:33:23,552 riscv_instr_sequence.py 188 INFO Processing branch instruction[1167]:bne         a2, s6, -1346 # 1167 -> 1172
2026-06-12 16:33:23,552 riscv_instr_sequence.py 188 INFO Processing branch instruction[1170]:c.bnez      a3, 42 # 1170 -> 1171
2026-06-12 16:33:23,552 riscv_instr_sequence.py 188 INFO Processing branch instruction[1171]:c.beqz      a5, 116 # 1171 -> 1178
2026-06-12 16:33:23,552 riscv_instr_sequence.py 188 INFO Processing branch instruction[1172]:c.beqz      a3, -2 # 1172 -> 1180
2026-06-12 16:33:23,552 riscv_instr_sequence.py 188 INFO Processing branch instruction[1173]:c.beqz      a0, 52 # 1173 -> 1191
2026-06-12 16:33:23,552 riscv_instr_sequence.py 188 INFO Processing branch instruction[1176]:bne         s2, a6, 178 # 1176 -> 1185
2026-06-12 16:33:23,552 riscv_instr_sequence.py 188 INFO Processing branch instruction[1182]:c.beqz      a3, 38 # 1182 -> 1186
2026-06-12 16:33:23,552 riscv_instr_sequence.py 188 INFO Processing branch instruction[1189]:bgeu        t1, t1, 1896 # 1189 -> 1191
2026-06-12 16:33:23,552 riscv_instr_sequence.py 188 INFO Processing branch instruction[1191]:bgeu        t5, t5, 1401 # 1191 -> 1198
2026-06-12 16:33:23,552 riscv_instr_sequence.py 188 INFO Processing branch instruction[1193]:bge         t4, t1, 776 # 1193 -> 1207
2026-06-12 16:33:23,552 riscv_instr_sequence.py 188 INFO Processing branch instruction[1202]:c.beqz      a1, 34 # 1202 -> 1207
2026-06-12 16:33:23,552 riscv_instr_sequence.py 188 INFO Processing branch instruction[1204]:c.bnez      s1, -2 # 1204 -> 1213
2026-06-12 16:33:23,552 riscv_instr_sequence.py 188 INFO Processing branch instruction[1220]:bge         a2, s10, -2035 # 1220 -> 1235
2026-06-12 16:33:23,553 riscv_instr_sequence.py 188 INFO Processing branch instruction[1237]:blt         t5, s4, -1912 # 1237 -> 1246
2026-06-12 16:33:23,553 riscv_instr_sequence.py 188 INFO Processing branch instruction[1243]:bne         zero, s1, 1921 # 1243 -> 1260
2026-06-12 16:33:23,553 riscv_instr_sequence.py 188 INFO Processing branch instruction[1244]:bge         s6, t1, 602 # 1244 -> 1255
2026-06-12 16:33:23,553 riscv_instr_sequence.py 188 INFO Processing branch instruction[1246]:bgeu        t6, s5, -523 # 1246 -> 1262
2026-06-12 16:33:23,553 riscv_instr_sequence.py 188 INFO Processing branch instruction[1247]:beq         s5, t2, 1373 # 1247 -> 1255
2026-06-12 16:33:23,553 riscv_instr_sequence.py 188 INFO Processing branch instruction[1248]:bge         tp, t3, 1571 # 1248 -> 1250
2026-06-12 16:33:23,553 riscv_instr_sequence.py 188 INFO Processing branch instruction[1251]:bge         s10, a7, 788 # 1251 -> 1259
2026-06-12 16:33:23,553 riscv_instr_sequence.py 188 INFO Processing branch instruction[1253]:bltu        sp, t0, 1448 # 1253 -> 1265
2026-06-12 16:33:23,553 riscv_instr_sequence.py 188 INFO Processing branch instruction[1262]:bltu        a4, a4, -1057 # 1262 -> 1264
2026-06-12 16:33:23,553 riscv_instr_sequence.py 188 INFO Processing branch instruction[1268]:c.beqz      a3, 80 # 1268 -> 1282
2026-06-12 16:33:23,553 riscv_instr_sequence.py 188 INFO Processing branch instruction[1278]:c.bnez      a1, 124 # 1278 -> 1283
2026-06-12 16:33:23,553 riscv_instr_sequence.py 188 INFO Processing branch instruction[1287]:beq         t1, a0, 257 # 1287 -> 1290
2026-06-12 16:33:23,553 riscv_instr_sequence.py 188 INFO Processing branch instruction[1289]:bge         s5, s6, -1746 # 1289 -> 1302
2026-06-12 16:33:23,553 riscv_instr_sequence.py 188 INFO Processing branch instruction[1294]:c.bnez      a3, -2 # 1294 -> 1295
2026-06-12 16:33:23,553 riscv_instr_sequence.py 188 INFO Processing branch instruction[1297]:bne         a5, s2, -920 # 1297 -> 1314
2026-06-12 16:33:23,553 riscv_instr_sequence.py 188 INFO Processing branch instruction[1312]:beq         a3, s1, -165 # 1312 -> 1317
2026-06-12 16:33:23,554 riscv_instr_sequence.py 188 INFO Processing branch instruction[1319]:bltu        t6, s6, -876 # 1319 -> 1329
2026-06-12 16:33:23,554 riscv_instr_sequence.py 188 INFO Processing branch instruction[1327]:bne         t5, s5, -927 # 1327 -> 1335
2026-06-12 16:33:23,554 riscv_instr_sequence.py 188 INFO Processing branch instruction[1330]:c.bnez      a3, -2 # 1330 -> 1337
2026-06-12 16:33:23,554 riscv_instr_sequence.py 188 INFO Processing branch instruction[1337]:blt         t4, t3, 22 # 1337 -> 1355
2026-06-12 16:33:23,554 riscv_instr_sequence.py 188 INFO Processing branch instruction[1339]:c.bnez      a3, 62 # 1339 -> 1357
2026-06-12 16:33:23,554 riscv_instr_sequence.py 188 INFO Processing branch instruction[1344]:beq         a2, t0, -1393 # 1344 -> 1358
2026-06-12 16:33:23,554 riscv_instr_sequence.py 188 INFO Processing branch instruction[1356]:c.bnez      a3, -2 # 1356 -> 1358
2026-06-12 16:33:23,554 riscv_instr_sequence.py 188 INFO Processing branch instruction[1362]:bgeu        a2, s1, -1742 # 1362 -> 1363
2026-06-12 16:33:23,554 riscv_instr_sequence.py 188 INFO Processing branch instruction[1373]:c.beqz      a1, -2 # 1373 -> 1383
2026-06-12 16:33:23,554 riscv_instr_sequence.py 188 INFO Processing branch instruction[1376]:c.beqz      a3, 64 # 1376 -> 1385
2026-06-12 16:33:23,554 riscv_instr_sequence.py 188 INFO Processing branch instruction[1380]:c.beqz      a3, 86 # 1380 -> 1393
2026-06-12 16:33:23,554 riscv_instr_sequence.py 188 INFO Processing branch instruction[1384]:bgeu        sp, s5, 1832 # 1384 -> 1389
2026-06-12 16:33:23,554 riscv_instr_sequence.py 188 INFO Processing branch instruction[1389]:bltu        s4, tp, -1262 # 1389 -> 1400
2026-06-12 16:33:23,555 riscv_instr_sequence.py 188 INFO Processing branch instruction[1404]:beq         tp, sp, -844 # 1404 -> 1412
2026-06-12 16:33:23,555 riscv_instr_sequence.py 188 INFO Processing branch instruction[1408]:blt         t3, s1, -629 # 1408 -> 1425
2026-06-12 16:33:23,555 riscv_instr_sequence.py 188 INFO Processing branch instruction[1409]:beq         a0, a6, 1092 # 1409 -> 1411
2026-06-12 16:33:23,555 riscv_instr_sequence.py 188 INFO Processing branch instruction[1411]:c.beqz      a3, 106 # 1411 -> 1427
2026-06-12 16:33:23,555 riscv_instr_sequence.py 188 INFO Processing branch instruction[1424]:bne         ra, t2, -1171 # 1424 -> 1432
2026-06-12 16:33:23,555 riscv_instr_sequence.py 188 INFO Processing branch instruction[1440]:bge         tp, s3, -1278 # 1440 -> 1452
2026-06-12 16:33:23,555 riscv_instr_sequence.py 188 INFO Processing branch instruction[1441]:c.beqz      a3, 70 # 1441 -> 1446
2026-06-12 16:33:23,555 riscv_instr_sequence.py 188 INFO Processing branch instruction[1443]:c.beqz      a3, -2 # 1443 -> 1457
2026-06-12 16:33:23,555 riscv_instr_sequence.py 188 INFO Processing branch instruction[1461]:bge         t1, t1, -1322 # 1461 -> 1464
2026-06-12 16:33:23,555 riscv_instr_sequence.py 188 INFO Processing branch instruction[1469]:bne         a2, ra, 1058 # 1469 -> 1486
2026-06-12 16:33:23,555 riscv_instr_sequence.py 188 INFO Processing branch instruction[1476]:c.beqz      a3, -2 # 1476 -> 1478
2026-06-12 16:33:23,555 riscv_instr_sequence.py 188 INFO Processing branch instruction[1482]:blt         t3, s10, 630 # 1482 -> 1491
2026-06-12 16:33:23,556 riscv_instr_sequence.py 188 INFO Processing branch instruction[1508]:blt         s11, s8, 599 # 1508 -> 1516
2026-06-12 16:33:23,556 riscv_instr_sequence.py 188 INFO Processing branch instruction[1511]:bne         a7, ra, 1912 # 1511 -> 1515
2026-06-12 16:33:23,556 riscv_instr_sequence.py 188 INFO Processing branch instruction[1518]:bgeu        s3, t6, -185 # 1518 -> 1525
2026-06-12 16:33:23,556 riscv_instr_sequence.py 188 INFO Processing branch instruction[1525]:bge         a3, t5, -1066 # 1525 -> 1533
2026-06-12 16:33:23,556 riscv_instr_sequence.py 188 INFO Processing branch instruction[1528]:bltu        a6, s6, 85 # 1528 -> 1537
2026-06-12 16:33:23,556 riscv_instr_sequence.py 188 INFO Processing branch instruction[1536]:bne         tp, t5, -526 # 1536 -> 1541
2026-06-12 16:33:23,556 riscv_instr_sequence.py 188 INFO Processing branch instruction[1537]:bltu        s10, s11, -325 # 1537 -> 1544
2026-06-12 16:33:23,556 riscv_instr_sequence.py 188 INFO Processing branch instruction[1543]:c.bnez      a3, 114 # 1543 -> 1558
2026-06-12 16:33:23,556 riscv_instr_sequence.py 188 INFO Processing branch instruction[1549]:beq         s8, ra, 1190 # 1549 -> 1567
2026-06-12 16:33:23,556 riscv_instr_sequence.py 188 INFO Processing branch instruction[1559]:blt         a6, a3, -181 # 1559 -> 1567
2026-06-12 16:33:23,556 riscv_instr_sequence.py 188 INFO Processing branch instruction[1576]:bltu        t0, a3, -1541 # 1576 -> 1578
2026-06-12 16:33:23,556 riscv_instr_sequence.py 188 INFO Processing branch instruction[1579]:blt         t2, t0, -1502 # 1579 -> 1593
2026-06-12 16:33:23,557 riscv_instr_sequence.py 188 INFO Processing branch instruction[1583]:bgeu        t6, s7, -1541 # 1583 -> 1598
2026-06-12 16:33:23,557 riscv_instr_sequence.py 188 INFO Processing branch instruction[1591]:bge         t0, t6, 1919 # 1591 -> 1603
2026-06-12 16:33:23,557 riscv_instr_sequence.py 188 INFO Processing branch instruction[1593]:bge         s1, s9, 810 # 1593 -> 1600
2026-06-12 16:33:23,557 riscv_instr_sequence.py 188 INFO Processing branch instruction[1597]:bge         a2, t0, -1688 # 1597 -> 1606
2026-06-12 16:33:23,557 riscv_instr_sequence.py 188 INFO Processing branch instruction[1605]:bgeu        a3, ra, -1150 # 1605 -> 1606
2026-06-12 16:33:23,557 riscv_instr_sequence.py 188 INFO Processing branch instruction[1615]:bge         t4, a3, -1580 # 1615 -> 1624
2026-06-12 16:33:23,557 riscv_instr_sequence.py 188 INFO Processing branch instruction[1619]:blt         s6, s6, 1689 # 1619 -> 1623
2026-06-12 16:33:23,557 riscv_instr_sequence.py 188 INFO Processing branch instruction[1621]:c.beqz      a3, -2 # 1621 -> 1638
2026-06-12 16:33:23,557 riscv_instr_sequence.py 188 INFO Processing branch instruction[1624]:bltu        gp, s5, -1492 # 1624 -> 1635
2026-06-12 16:33:23,557 riscv_instr_sequence.py 188 INFO Processing branch instruction[1629]:bge         s1, t4, 1878 # 1629 -> 1647
2026-06-12 16:33:23,557 riscv_instr_sequence.py 188 INFO Processing branch instruction[1630]:blt         s9, t0, 340 # 1630 -> 1635
2026-06-12 16:33:23,557 riscv_instr_sequence.py 188 INFO Processing branch instruction[1661]:bne         t6, s6, 881 # 1661 -> 1669
2026-06-12 16:33:23,557 riscv_instr_sequence.py 188 INFO Processing branch instruction[1662]:blt         s5, s3, 1 # 1662 -> 1676
2026-06-12 16:33:23,558 riscv_instr_sequence.py 188 INFO Processing branch instruction[1667]:bgeu        s11, ra, 1232 # 1667 -> 1684
2026-06-12 16:33:23,558 riscv_instr_sequence.py 188 INFO Processing branch instruction[1672]:beq         t6, s1, 1840 # 1672 -> 1677
2026-06-12 16:33:23,558 riscv_instr_sequence.py 188 INFO Processing branch instruction[1685]:bltu        ra, gp, 811 # 1685 -> 1692
2026-06-12 16:33:23,558 riscv_instr_sequence.py 188 INFO Processing branch instruction[1686]:c.beqz      a3, -2 # 1686 -> 1702
2026-06-12 16:33:23,558 riscv_instr_sequence.py 188 INFO Processing branch instruction[1692]:bgeu        s8, s10, 1725 # 1692 -> 1697
2026-06-12 16:33:23,558 riscv_instr_sequence.py 188 INFO Processing branch instruction[1693]:bne         a1, a3, 1188 # 1693 -> 1702
2026-06-12 16:33:23,558 riscv_instr_sequence.py 188 INFO Processing branch instruction[1697]:c.beqz      a3, 24 # 1697 -> 1707
2026-06-12 16:33:23,558 riscv_instr_sequence.py 188 INFO Processing branch instruction[1734]:bltu        tp, t4, 1854 # 1734 -> 1742
2026-06-12 16:33:23,558 riscv_instr_sequence.py 188 INFO Processing branch instruction[1740]:blt         a7, s1, -462 # 1740 -> 1742
2026-06-12 16:33:23,558 riscv_instr_sequence.py 188 INFO Processing branch instruction[1742]:beq         s7, a0, -924 # 1742 -> 1760
2026-06-12 16:33:23,558 riscv_instr_sequence.py 188 INFO Processing branch instruction[1750]:blt         a6, gp, 1493 # 1750 -> 1758
2026-06-12 16:33:23,558 riscv_instr_sequence.py 188 INFO Processing branch instruction[1757]:bltu        tp, s4, 205 # 1757 -> 1759
2026-06-12 16:33:23,559 riscv_instr_sequence.py 188 INFO Processing branch instruction[1770]:beq         t0, s5, -1916 # 1770 -> 1773
2026-06-12 16:33:23,559 riscv_instr_sequence.py 188 INFO Processing branch instruction[1781]:blt         t1, a0, 1765 # 1781 -> 1794
2026-06-12 16:33:23,559 riscv_instr_sequence.py 188 INFO Processing branch instruction[1804]:bne         s3, a3, 233 # 1804 -> 1813
2026-06-12 16:33:23,559 riscv_instr_sequence.py 188 INFO Processing branch instruction[1805]:c.bnez      s1, -2 # 1805 -> 1820
2026-06-12 16:33:23,559 riscv_instr_sequence.py 188 INFO Processing branch instruction[1811]:blt         s0, s3, 554 # 1811 -> 1813
2026-06-12 16:33:23,559 riscv_instr_sequence.py 188 INFO Processing branch instruction[1818]:bge         t5, s2, 632 # 1818 -> 1821
2026-06-12 16:33:23,559 riscv_instr_sequence.py 188 INFO Processing branch instruction[1839]:bge         s1, t1, 1308 # 1839 -> 1847
2026-06-12 16:33:23,559 riscv_instr_sequence.py 188 INFO Processing branch instruction[1843]:bgeu        s8, t6, 883 # 1843 -> 1852
2026-06-12 16:33:23,559 riscv_instr_sequence.py 188 INFO Processing branch instruction[1858]:c.beqz      a3, -2 # 1858 -> 1863
2026-06-12 16:33:23,559 riscv_instr_sequence.py 188 INFO Processing branch instruction[1867]:bgeu        s7, tp, -1196 # 1867 -> 1874
2026-06-12 16:33:23,560 riscv_instr_sequence.py 188 INFO Processing branch instruction[1869]:bge         t4, s4, -1658 # 1869 -> 1871
2026-06-12 16:33:23,560 riscv_instr_sequence.py 188 INFO Processing branch instruction[1874]:bltu        s5, t0, 103 # 1874 -> 1881
2026-06-12 16:33:23,560 riscv_instr_sequence.py 188 INFO Processing branch instruction[1886]:c.beqz      a3, 62 # 1886 -> 1903
2026-06-12 16:33:23,560 riscv_instr_sequence.py 188 INFO Processing branch instruction[1887]:c.bnez      a3, 20 # 1887 -> 1895
2026-06-12 16:33:23,560 riscv_instr_sequence.py 188 INFO Processing branch instruction[1889]:blt         a3, s2, -1794 # 1889 -> 1902
2026-06-12 16:33:23,560 riscv_instr_sequence.py 188 INFO Processing branch instruction[1892]:c.beqz      a4, 80 # 1892 -> 1904
2026-06-12 16:33:23,560 riscv_instr_sequence.py 188 INFO Processing branch instruction[1911]:bne         s5, s2, -2006 # 1911 -> 1916
2026-06-12 16:33:23,560 riscv_instr_sequence.py 188 INFO Processing branch instruction[1928]:bge         s5, a5, -2035 # 1928 -> 1929
2026-06-12 16:33:23,560 riscv_instr_sequence.py 188 INFO Processing branch instruction[1932]:c.beqz      s0, 86 # 1932 -> 1940
2026-06-12 16:33:23,560 riscv_instr_sequence.py 188 INFO Processing branch instruction[1939]:c.beqz      a3, 66 # 1939 -> 1953
2026-06-12 16:33:23,560 riscv_instr_sequence.py 188 INFO Processing branch instruction[1957]:bgeu        a1, a0, -859 # 1957 -> 1968
2026-06-12 16:33:23,560 riscv_instr_sequence.py 188 INFO Processing branch instruction[1958]:bge         s10, t1, -1327 # 1958 -> 1963
2026-06-12 16:33:23,561 riscv_instr_sequence.py 188 INFO Processing branch instruction[1961]:beq         a6, zero, -217 # 1961 -> 1975
2026-06-12 16:33:23,561 riscv_instr_sequence.py 188 INFO Processing branch instruction[1971]:beq         s5, t4, -186 # 1971 -> 1989
2026-06-12 16:33:23,561 riscv_instr_sequence.py 188 INFO Processing branch instruction[1976]:bgeu        a0, s4, -1173 # 1976 -> 1978
2026-06-12 16:33:23,561 riscv_instr_sequence.py 188 INFO Processing branch instruction[1978]:bgeu        s10, t0, -1038 # 1978 -> 1987
2026-06-12 16:33:23,561 riscv_instr_sequence.py 188 INFO Processing branch instruction[1981]:blt         a5, a2, 1941 # 1981 -> 1997
2026-06-12 16:33:23,561 riscv_instr_sequence.py 188 INFO Processing branch instruction[1997]:bltu        a5, t2, -755 # 1997 -> 2005
2026-06-12 16:33:23,561 riscv_instr_sequence.py 188 INFO Processing branch instruction[2002]:bltu        s4, a1, -1069 # 2002 -> 2012
2026-06-12 16:33:23,561 riscv_instr_sequence.py 188 INFO Processing branch instruction[2003]:bgeu        a4, t0, 1965 # 2003 -> 2021
2026-06-12 16:33:23,561 riscv_instr_sequence.py 188 INFO Processing branch instruction[2010]:bge         zero, s0, 1283 # 2010 -> 2027
2026-06-12 16:33:23,561 riscv_instr_sequence.py 188 INFO Processing branch instruction[2014]:blt         s11, s4, 1510 # 2014 -> 2018
2026-06-12 16:33:23,561 riscv_instr_sequence.py 188 INFO Processing branch instruction[2020]:blt         a5, s6, 1983 # 2020 -> 2028
2026-06-12 16:33:23,561 riscv_instr_sequence.py 188 INFO Processing branch instruction[2031]:blt         t2, t0, -1938 # 2031 -> 2036
2026-06-12 16:33:23,561 riscv_instr_sequence.py 201 INFO Finished post-processing instructions
2026-06-12 16:33:23,561 riscv_asm_program_gen.py 117 INFO Post-processing main program...done
2026-06-12 16:33:23,618 riscv_instr_sequence.py 291 INFO Injecting 0 illegal instructions, ratio 0/100
2026-06-12 16:33:23,618 riscv_instr_sequence.py 303 INFO Injecting 0 HINT instructions, ratio 0/100
2026-06-12 16:33:23,618 riscv_asm_program_gen.py 119 INFO Generating main program instruction stream...done
2026-06-12 16:33:23,618 riscv_asm_program_gen.py 134 INFO Main/sub program generation...done
2026-06-12 16:33:23,619 riscv_data_page_gen.py 57 INFO Generate data section: region_0 size:0x4096 xwr:0x8
2026-06-12 16:33:23,620 riscv_data_page_gen.py 57 INFO Generate data section: region_1 size:0x4096 xwr:0x8
2026-06-12 16:33:23,621 riscv_data_page_gen.py 57 INFO Generate data section: s_region_0 size:0x4096 xwr:0x8
2026-06-12 16:33:23,622 riscv_data_page_gen.py 57 INFO Generate data section: s_region_1 size:0x4096 xwr:0x8
2026-06-12 16:33:23,623 riscv_asm_program_gen.py 1063 INFO /home/edauser/project/SOC/Magpie_M1A/flow/v2_pipeline/phase_03_09_riscvdv_lockstep/zb/seed_2026075303/riscv_dv_out/asm_test/m1_rv32imc_arith_0.S is generated
2026-06-12 16:33:23,623 riscv_instr_base_test.py 73 INFO TEST GENERATED USING SEED VALUE = 2026075303
2026-06-12 16:33:23,623 riscv_instr_base_test.py 74 INFO TEST GENERATION DONE
2026-06-12 16:33:23,636 riscv_instr_base_test.py 90 INFO Total execution time: 19s
